******************************************************************************
                  TI ARM Linker PC v20.2.5                     
******************************************************************************
>> Linked Sun Aug  7 20:20:25 2022

OUTPUT FILE NAME:   <FinalProject.out>
ENTRY POINT SYMBOL: "_c_int00_noargs"  address: 00004d59


MEMORY CONFIGURATION

         name            origin    length      used     unused   attr    fill
----------------------  --------  ---------  --------  --------  ----  --------
  FLASH                 00000000   00040000  0000548e  0003ab72  R  X
  SRAM                  20000000   00008000  000007c4  0000783c  RW X


SEGMENT ALLOCATION MAP

run origin  load origin   length   init length attrs members
----------  ----------- ---------- ----------- ----- -------
00000000    00000000    00005490   00005490    r-x
  00000000    00000000    0000026c   0000026c    r-- .intvecs
  0000026c    0000026c    00004df2   00004df2    r-x .text
  00005060    00005060    000003c8   000003c8    r-- .const
  00005428    00005428    00000068   00000068    r-- .cinit
20000000    20000000    000007c8   00000000    rw-
  20000000    20000000    0000026c   00000000    rw- .vtable
  20000270    20000270    00000400   00000000    rw- .stack
  20000670    20000670    00000118   00000000    rw- .bss
  20000788    20000788    00000040   00000000    rw- .data


SECTION ALLOCATION MAP

 output                                  attributes/
section   page    origin      length       input sections
--------  ----  ----------  ----------   ----------------
.intvecs   0    00000000    0000026c     
                  00000000    0000026c     tm4c123gh6pm_startup_ccs.obj (.intvecs)

.text      0    0000026c    00004df2     
                  0000026c    00000cec     main.obj (.text)
                  00000f58    00000a4e     rtsv7M4_T_le_v4SPD16_eabi.lib : _printfi.c.obj (.text:__TI_printfi)
                  000019a6    00000002     driverlib.lib : interrupt.obj (.text:_IntDefaultHandler)
                  000019a8    00000738     rtsv7M4_T_le_v4SPD16_eabi.lib : k_rem_pio2.c.obj (.text:__kernel_rem_pio2)
                  000020e0    000005e0                                   : s_sin.c.obj (.text:sin)
                  000026c0    000003d0     Util.lib : launchpad.obj (.text)
                  00002a90    00000270     rtsv7M4_T_le_v4SPD16_eabi.lib : _printfi.c.obj (.text:_pconv_a)
                  00002d00    000001fc     seg7.obj (.text)
                  00002efc    000001d0     rtsv7M4_T_le_v4SPD16_eabi.lib : _printfi.c.obj (.text:_pconv_g)
                  000030cc    000001b6                                   : fd_add_t2.asm.obj (.text)
                  00003282    00000002                                   : div0.asm.obj (.text)
                  00003284    00000174                                   : k_sin.c.obj (.text:__kernel_sin)
                  000033f8    00000170                                   : k_cos.c.obj (.text:__kernel_cos)
                  00003568    0000013c                                   : _printfi.c.obj (.text:_pconv_e)
                  000036a4    00000136                                   : fd_div_t2.asm.obj (.text)
                  000037da    00000132     driverlib.lib : gpio.obj (.text:GPIOPadConfigSet)
                  0000390c    00000124     rtsv7M4_T_le_v4SPD16_eabi.lib : _printfi.c.obj (.text:fcvt)
                  00003a30    00000110     driverlib.lib : sysctl.obj (.text:SysCtlClockGet)
                  00003b40    00000110     rtsv7M4_T_le_v4SPD16_eabi.lib : s_scalbn.c.obj (.text:scalbn)
                  00003c50    000000fc                                   : fd_mul_t2.asm.obj (.text)
                  00003d4c    000000f8                                   : s_floor.c.obj (.text:floor)
                  00003e44    000000f4     driverlib.lib : sysctl.obj (.text:SysCtlClockSet)
                  00003f38    000000c4     Util.lib : uart.obj (.text)
                  00003ffc    000000b1     rtsv7M4_T_le_v4SPD16_eabi.lib : _printfi.c.obj (.text:_ltostr)
                  000040ad    00000003     --HOLE-- [fill = 0]
                  000040b0    0000009c     Util.lib : led.obj (.text)
                  0000414c    0000009c     rtsv7M4_T_le_v4SPD16_eabi.lib : memcpy_t2.asm.obj (.text)
                  000041e8    00000096                                   : ull_div_t2.asm.obj (.text)
                  0000427e    00000002     --HOLE-- [fill = 0]
                  00004280    00000090     pwmled.obj (.text)
                  00004310    0000008c     Util.lib : pushbutton.obj (.text)
                  0000439c    00000086     rtsv7M4_T_le_v4SPD16_eabi.lib : fd_cmp_t2.asm.obj (.text:__aeabi_cdcmple)
                  00004422    00000086                                   : fd_cmp_t2.asm.obj (.text:__aeabi_cdrcmple)
                  000044a8    0000007a                                   : memset_t2.asm.obj (.text)
                  00004522    00000002     --HOLE-- [fill = 0]
                  00004524    00000072     pwmled_asm.obj (.text)
                  00004596    0000006e     rtsv7M4_T_le_v4SPD16_eabi.lib : _printfi.c.obj (.text:_mcpy)
                  00004604    0000006c     pwmbuzzer.obj (.text)
                  00004670    00000068     driverlib.lib : interrupt.obj (.text:IntDisable)
                  000046d8    00000068                   : interrupt.obj (.text:IntEnable)
                  00004740    00000068     rtsv7M4_T_le_v4SPD16_eabi.lib : copy_decompress_lzss.c.obj (.text:decompress:lzss:__TI_decompress_lzss)
                  000047a8    00000064                                   : s_frexp.c.obj (.text:frexp)
                  0000480c    00000060     driverlib.lib : timer.obj (.text:TimerConfigure)
                  0000486c    00000056     rtsv7M4_T_le_v4SPD16_eabi.lib : _printfi.c.obj (.text:_pconv_f)
                  000048c2    00000054                                   : _ltoa.c.obj (.text:__TI_ltoa)
                  00004916    00000002     --HOLE-- [fill = 0]
                  00004918    00000054     sig7digit.obj (.text)
                  0000496c    00000052     rtsv7M4_T_le_v4SPD16_eabi.lib : _printfi.c.obj (.text:_ecpy)
                  000049be    00000002     --HOLE-- [fill = 0]
                  000049c0    0000004c                                   : atoi.c.obj (.text:atoi)
                  00004a0c    0000004a     sw-increment.obj (.text)
                  00004a56    00000002     --HOLE-- [fill = 0]
                  00004a58    00000048     driverlib.lib : gpio.obj (.text:GPIOPinConfigure)
                  00004aa0    00000048     ras.obj (.text)
                  00004ae8    00000048     rtsv7M4_T_le_v4SPD16_eabi.lib : fd_toi_t2.asm.obj (.text)
                  00004b30    00000046     driverlib.lib : uart.obj (.text:UARTConfigSetExpClk)
                  00004b76    00000002     --HOLE-- [fill = 0]
                  00004b78    00000044     rtsv7M4_T_le_v4SPD16_eabi.lib : autoinit.c.obj (.text:__TI_auto_init_nobinit_nopinit:__TI_auto_init_nobinit_nopinit)
                  00004bbc    00000042     ras_asm.obj (.text)
                  00004bfe    00000002     --HOLE-- [fill = 0]
                  00004c00    00000040     rtsv7M4_T_le_v4SPD16_eabi.lib : vsnprintf.c.obj (.text:vsnprintf)
                  00004c40    0000003e                                   : _printfi.c.obj (.text:_fcpy)
                  00004c7e    00000002     --HOLE-- [fill = 0]
                  00004c80    00000038     driverlib.lib : sysctl.obj (.text:SysCtlPeripheralReady)
                  00004cb8    00000036     pwmbuzzer_asm.obj (.text)
                  00004cee    00000002     --HOLE-- [fill = 0]
                  00004cf0    00000034     driverlib.lib : interrupt.obj (.text:IntRegister)
                  00004d24    00000034                   : sysctl.obj (.text:SysCtlPeripheralEnable)
                  00004d58    00000034     rtsv7M4_T_le_v4SPD16_eabi.lib : boot_cortex_m.c.obj (.text:_c_int00_noargs:_c_int00_noargs)
                  00004d8c    00000030                                   : vsnprintf.c.obj (.text:_outs)
                  00004dbc    0000002e                                   : i_tofd_t2.asm.obj (.text)
                  00004dea    0000002a     driverlib.lib : gpio.obj (.text:GPIODirModeSet)
                  00004e14    00000020                   : uart.obj (.text:UARTDisable)
                  00004e34    00000020     rtsv7M4_T_le_v4SPD16_eabi.lib : u_tofd_t2.asm.obj (.text)
                  00004e54    0000001c     driverlib.lib : systick.obj (.text:SysTickIntRegister)
                  00004e70    0000001c     rtsv7M4_T_le_v4SPD16_eabi.lib : copy_zero_init.c.obj (.text:decompress:ZI:__TI_zero_init_nomemset:__TI_zero_init_nomemset)
                  00004e8c    0000001c                                   : memccpy.c.obj (.text:memccpy)
                  00004ea8    0000001a                                   : s_copysign.c.obj (.text:copysign)
                  00004ec2    00000018     driverlib.lib : gpio.obj (.text:GPIOPinTypeGPIOOutput)
                  00004eda    00000018                   : timer.obj (.text:TimerControlLevel)
                  00004ef2    00000018     rtsv7M4_T_le_v4SPD16_eabi.lib : vsnprintf.c.obj (.text:_outc)
                  00004f0a    00000016                                   : strchr.c.obj (.text:strchr)
                  00004f20    00000014     driverlib.lib : interrupt.obj (.text:IntUnregister)
                  00004f34    00000014                   : systick.obj (.text:SysTickEnable)
                  00004f48    00000014                   : systick.obj (.text:SysTickIntEnable)
                  00004f5c    00000014                   : uart.obj (.text:UARTEnable)
                  00004f70    00000014     rtsv7M4_T_le_v4SPD16_eabi.lib : strlen.c.obj (.text:strlen)
                  00004f84    00000012     driverlib.lib : gpio.obj (.text:GPIOPinTypeGPIOInput)
                  00004f96    00000012                   : gpio.obj (.text:GPIOPinTypeTimer)
                  00004fa8    00000012                   : gpio.obj (.text:GPIOPinTypeUART)
                  00004fba    00000012                   : timer.obj (.text:TimerLoadSet)
                  00004fcc    00000012                   : timer.obj (.text:TimerMatchSet)
                  00004fde    00000012     rtsv7M4_T_le_v4SPD16_eabi.lib : wcslen.c.obj (.text:wcslen)
                  00004ff0    00000010     driverlib.lib : systick.obj (.text:SysTickPeriodSet)
                  00005000    0000000e                   : timer.obj (.text:TimerEnable)
                  0000500e    0000000e     rtsv7M4_T_le_v4SPD16_eabi.lib : copy_decompress_none.c.obj (.text:decompress:none:__TI_decompress_none)
                  0000501c    0000000c     tm4c123gh6pm_startup_ccs.obj (.text)
                  00005028    0000000a     driverlib.lib : uart.obj (.text:UARTCharGet)
                  00005032    0000000a                   : uart.obj (.text:UARTCharPut)
                  0000503c    00000008     rtsv7M4_T_le_v4SPD16_eabi.lib : errno.c.obj (.text:__aeabi_errno_addr)
                  00005044    00000006     driverlib.lib : gpio.obj (.text:GPIOPinRead)
                  0000504a    00000006                   : gpio.obj (.text:GPIOPinWrite)
                  00005050    00000006                   : sysctl.obj (.text:SysCtlDelay)
                  00005056    00000004     rtsv7M4_T_le_v4SPD16_eabi.lib : pre_init.c.obj (.text:_system_pre_init)
                  0000505a    00000004                                   : exit.c.obj (.text:abort:abort)

.const     0    00005060    000003c8     
                  00005060    00000158     rtsv7M4_T_le_v4SPD16_eabi.lib : k_rem_pio2.c.obj (.const:$O1$$)
                  000051b8    00000101                                   : ctype.c.obj (.const:.string:_ctypes_)
                  000052b9    00000003     --HOLE-- [fill = 0]
                  000052bc    00000090     driverlib.lib : gpio.obj (.const:g_pui32GPIOBaseAddrs)
                  0000534c    00000070                   : interrupt.obj (.const)
                  000053bc    0000006c                   : sysctl.obj (.const:g_pui32Xtals)

.cinit     0    00005428    00000068     
                  00005428    00000031     (.cinit..data.load) [load image, compression = lzss]
                  00005459    00000003     --HOLE-- [fill = 0]
                  0000545c    0000000c     (__TI_handler_table)
                  00005468    00000008     (.cinit..bss.load) [load image, compression = zero_init]
                  00005470    00000008     (.cinit..vtable.load) [load image, compression = zero_init]
                  00005478    00000018     (__TI_cinit_table)

.init_array 
*          0    00000000    00000000     UNINITIALIZED

.vtable    0    20000000    0000026c     UNINITIALIZED
                  20000000    0000026c     driverlib.lib : interrupt.obj (.vtable)

.bss       0    20000670    00000118     UNINITIALIZED
                  20000670    00000100     Util.lib : launchpad.obj (.bss:callbackHeap)
                  20000770    00000008     main.obj (.bss:count)
                  20000778    00000008     main.obj (.bss:g_pui8OversampleFactor)
                  20000780    00000004     Util.lib : launchpad.obj (.bss)
                  20000784    00000004     sig7digit.obj (.bss)

.data      0    20000788    00000040     UNINITIALIZED
                  20000788    0000001a     main.obj (.data)
                  200007a2    0000000a     sig7digit.obj (.data)
                  200007ac    00000008     Util.lib : launchpad.obj (.data)
                  200007b4    00000008     main.obj (.data:led)
                  200007bc    00000005     main.obj (.data:seg7Display)
                  200007c1    00000001     Util.lib : led.obj (.data)
                  200007c2    00000001              : pushbutton.obj (.data)
                  200007c3    00000001     --HOLE--
                  200007c4    00000004     rtsv7M4_T_le_v4SPD16_eabi.lib : errno.c.obj (.data)

.stack     0    20000270    00000400     UNINITIALIZED
                  20000270    00000004     rtsv7M4_T_le_v4SPD16_eabi.lib : boot_cortex_m.c.obj (.stack)
                  20000274    000003fc     --HOLE--

__llvm_prf_cnts 
*          0    20000000    00000000     UNINITIALIZED

MODULE SUMMARY

       Module                         code    ro data   rw data
       ------                         ----    -------   -------
    .\
       main.obj                       3308    0         55     
       tm4c123gh6pm_startup_ccs.obj   12      620       0      
       seg7.obj                       508     0         0      
       pwmled.obj                     144     0         0      
       pwmled_asm.obj                 114     0         0      
       pwmbuzzer.obj                  108     0         0      
       sig7digit.obj                  84      0         14     
       sw-increment.obj               74      0         0      
       ras.obj                        72      0         0      
       ras_asm.obj                    66      0         0      
       pwmbuzzer_asm.obj              54      0         0      
    +--+------------------------------+-------+---------+---------+
       Total:                         4544    620       69     
                                                               
    C:/Users/vubui/Desktop/ECE266_Workspaces/._GitHub/LabGroup3/Util/Debug/Util.lib
       launchpad.obj                  976     0         268    
       uart.obj                       196     0         0      
       led.obj                        156     0         1      
       pushbutton.obj                 140     0         1      
    +--+------------------------------+-------+---------+---------+
       Total:                         1468    0         270    
                                                               
    C:/ti/TivaWare_C_Series-2.1.4.178/driverlib/ccs/Debug/driverlib.lib
       interrupt.obj                  282     112       620    
       sysctl.obj                     630     108       0      
       gpio.obj                       510     144       0      
       timer.obj                      170     0         0      
       uart.obj                       142     0         0      
       systick.obj                    84      0         0      
    +--+------------------------------+-------+---------+---------+
       Total:                         1818    364       620    
                                                               
    C:\ti\ccs1120\ccs\tools\compiler\ti-cgt-arm_20.2.5.LTS\lib\rtsv7M4_T_le_v4SPD16_eabi.lib
       _printfi.c.obj                 4851    0         0      
       k_rem_pio2.c.obj               1848    344       0      
       s_sin.c.obj                    1504    0         0      
       fd_add_t2.asm.obj              438     0         0      
       k_sin.c.obj                    372     0         0      
       k_cos.c.obj                    368     0         0      
       fd_div_t2.asm.obj              310     0         0      
       s_scalbn.c.obj                 272     0         0      
       fd_cmp_t2.asm.obj              268     0         0      
       ctype.c.obj                    0       257       0      
       fd_mul_t2.asm.obj              252     0         0      
       s_floor.c.obj                  248     0         0      
       memcpy_t2.asm.obj              156     0         0      
       ull_div_t2.asm.obj             150     0         0      
       vsnprintf.c.obj                136     0         0      
       memset_t2.asm.obj              122     0         0      
       copy_decompress_lzss.c.obj     104     0         0      
       s_frexp.c.obj                  100     0         0      
       _ltoa.c.obj                    84      0         0      
       atoi.c.obj                     76      0         0      
       fd_toi_t2.asm.obj              72      0         0      
       autoinit.c.obj                 68      0         0      
       boot_cortex_m.c.obj            52      0         0      
       i_tofd_t2.asm.obj              46      0         0      
       u_tofd_t2.asm.obj              32      0         0      
       copy_zero_init.c.obj           28      0         0      
       memccpy.c.obj                  28      0         0      
       s_copysign.c.obj               26      0         0      
       strchr.c.obj                   22      0         0      
       strlen.c.obj                   20      0         0      
       wcslen.c.obj                   18      0         0      
       copy_decompress_none.c.obj     14      0         0      
       errno.c.obj                    8       0         4      
       exit.c.obj                     4       0         0      
       pre_init.c.obj                 4       0         0      
       div0.asm.obj                   2       0         0      
    +--+------------------------------+-------+---------+---------+
       Total:                         12103   601       4      
                                                               
       Stack:                         0       0         1024   
       Linker Generated:              0       101       0      
    +--+------------------------------+-------+---------+---------+
       Grand Total:                   19933   1686      1987   


LINKER GENERATED COPY TABLES

__TI_cinit_table @ 00005478 records: 3, size/record: 8, table size: 24
	.data: load addr=00005428, load size=00000031 bytes, run addr=20000788, run size=00000040 bytes, compression=lzss
	.bss: load addr=00005468, load size=00000008 bytes, run addr=20000670, run size=00000118 bytes, compression=zero_init
	.vtable: load addr=00005470, load size=00000008 bytes, run addr=20000000, run size=0000026c bytes, compression=zero_init


LINKER GENERATED HANDLER TABLE

__TI_handler_table @ 0000545c records: 3, size/record: 4, table size: 12
	index: 0, handler: __TI_zero_init
	index: 1, handler: __TI_decompress_lzss
	index: 2, handler: __TI_decompress_none


GLOBAL SYMBOLS: SORTED ALPHABETICALLY BY Name 

address   name                              
-------   ----                              
00000a7d  ADCBusy                           
00000ac5  ADCClockConfigGet                 
00000a9b  ADCClockConfigSet                 
00000897  ADCComparatorConfigure            
00000971  ADCComparatorIntClear             
0000091d  ADCComparatorIntDisable           
0000093b  ADCComparatorIntEnable            
0000095d  ADCComparatorIntStatus            
000008b3  ADCComparatorRegionSet            
000008d7  ADCComparatorReset                
00000865  ADCHardwareOversampleConfigure    
00004aa1  ADCInit                           
000003f5  ADCIntClear                       
000009e5  ADCIntClearEx                     
0000035b  ADCIntDisable                     
00000983  ADCIntDisableEx                   
00000377  ADCIntEnable                      
0000099b  ADCIntEnableEx                    
00000315  ADCIntRegister                    
0000039d  ADCIntStatus                      
000009b3  ADCIntStatusEx                    
0000033d  ADCIntUnregister                  
00000a37  ADCPhaseDelayGet                  
00000a25  ADCPhaseDelaySet                  
00000679  ADCProcessorTrigger               
00004bbc  ADCRead                           
00000a13  ADCReferenceGet                   
000009f7  ADCReferenceSet                   
0000043f  ADCSequenceConfigure              
00000a61  ADCSequenceDMADisable             
00000a45  ADCSequenceDMAEnable              
00000637  ADCSequenceDataGet                
00000425  ADCSequenceDisable                
0000040b  ADCSequenceEnable                 
000005db  ADCSequenceOverflow               
000005f3  ADCSequenceOverflowClear          
000004ed  ADCSequenceStepConfigure          
00000609  ADCSequenceUnderflow              
00000621  ADCSequenceUnderflowClear         
0000069d  ADCSoftwareOversampleConfigure    
000007d1  ADCSoftwareOversampleDataGet      
000006ef  ADCSoftwareOversampleStepConfigure
0000505b  C$$EXIT                           
00004deb  GPIODirModeSet                    
000037db  GPIOPadConfigSet                  
00004a59  GPIOPinConfigure                  
00005045  GPIOPinRead                       
00004f85  GPIOPinTypeGPIOInput              
00004ec3  GPIOPinTypeGPIOOutput             
00004f97  GPIOPinTypeTimer                  
00004fa9  GPIOPinTypeUART                   
0000504b  GPIOPinWrite                      
00004671  IntDisable                        
000046d9  IntEnable                         
00004cf1  IntRegister                       
00004f21  IntUnregister                     
20000798  Max_period                        
2000079c  Min_period                        
0000501d  ResetISR                          
00003a31  SysCtlClockGet                    
00003e45  SysCtlClockSet                    
00005051  SysCtlDelay                       
00004d25  SysCtlPeripheralEnable            
00004c81  SysCtlPeripheralReady             
00004f35  SysTickEnable                     
00004f49  SysTickIntEnable                  
00004e55  SysTickIntRegister                
00004ff1  SysTickPeriodSet                  
0000480d  TimerConfigure                    
00004edb  TimerControlLevel                 
00005001  TimerEnable                       
00004fbb  TimerLoadSet                      
00004fcd  TimerMatchSet                     
00005029  UARTCharGet                       
00005033  UARTCharPut                       
00004b31  UARTConfigSetExpClk               
00004e15  UARTDisable                       
00004f5d  UARTEnable                        
20000670  __STACK_END                       
00000400  __STACK_SIZE                      
20000470  __STACK_TOP                       
00005478  __TI_CINIT_Base                   
00005490  __TI_CINIT_Limit                  
0000545c  __TI_Handler_Table_Base           
00005468  __TI_Handler_Table_Limit          
00004b79  __TI_auto_init_nobinit_nopinit    
00004741  __TI_decompress_lzss              
0000500f  __TI_decompress_none              
000048c3  __TI_ltoa                         
ffffffff  __TI_pprof_out_hndl               
00000f59  __TI_printfi                      
ffffffff  __TI_prof_data_size               
ffffffff  __TI_prof_data_start              
00000000  __TI_static_base__                
00004e71  __TI_zero_init_nomemset           
0000439d  __aeabi_cdcmpeq                   
0000439d  __aeabi_cdcmple                   
00004423  __aeabi_cdrcmple                  
00004ae9  __aeabi_d2iz                      
000030d7  __aeabi_dadd                      
000036a5  __aeabi_ddiv                      
00003c51  __aeabi_dmul                      
000030cd  __aeabi_dsub                      
0000503d  __aeabi_errno_addr                
00004dbd  __aeabi_i2d                       
00003283  __aeabi_idiv0                     
00003283  __aeabi_ldiv0                     
000044a9  __aeabi_memclr                    
000044a9  __aeabi_memclr4                   
000044a9  __aeabi_memclr8                   
0000414d  __aeabi_memcpy                    
0000414d  __aeabi_memcpy4                   
0000414d  __aeabi_memcpy8                   
000044ab  __aeabi_memset                    
000044ab  __aeabi_memset4                   
000044ab  __aeabi_memset8                   
00004e35  __aeabi_ui2d                      
000041e9  __aeabi_uldivmod                  
ffffffff  __binit__                         
ffffffff  __c_args__                        
000033f9  __kernel_cos                      
000019a9  __kernel_rem_pio2                 
00003285  __kernel_sin                      
UNDEFED   __mpu_init                        
20000270  __stack                           
20000000  __start___llvm_prf_cnts           
20000000  __stop___llvm_prf_cnts            
00004d59  _c_int00_noargs                   
000051b8  _ctypes_                          
UNDEFED   _system_post_cinit                
00005057  _system_pre_init                  
0000505b  abort                             
000049c1  atoi                              
ffffffff  binit                             
00004605  buzzerPWMInit                     
00004ccd  buzzerPWMOn                       
00000d4d  buzzing                           
00000c05  callbackLedPlay                   
00000b51  callbackSeg7Display               
00000cf1  checkPushButton                   
00004ea9  copysign                          
00004ea9  copysignl                         
200007c4  errno                             
00003d4d  floor                             
00003d4d  floorl                            
000047a9  frexp                             
000047a9  frexpl                            
20000000  g_pfnRAMVectors                   
00000000  g_pfnVectors                      
00003b41  ldexp                             
00003b41  ldexpl                            
000040d3  ledInit                           
000040b1  ledInitForced                     
00004281  ledPwmInit                        
0000453d  ledPwmSet                         
000040e7  ledTurnOnOff                      
000029cb  lpInit                            
00000e9d  main                              
00004e8d  memccpy                           
0000414d  memcpy                            
000044b1  memset                            
00004345  pbInit                            
00004311  pbInitForced                      
00004359  pbRead                            
00003b41  scalbn                            
00003b41  scalbnl                           
000027ef  schdCallback                      
00002869  schdExecute                       
00004921  seg7DigitUpdate                   
200007bc  seg7Display                       
00002d01  seg7Init                          
00002e8d  seg7Update                        
000020e1  sin                               
000020e1  sinl                              
00004a0d  stopWatchIncrement                
00000b07  stopWatchUpdate                   
00004f0b  strchr                            
00004f71  strlen                            
20000788  sysState                          
00002753  sysTimeGet                        
00002759  sysTimeReached                    
0000277f  sysTimeWait                       
000027a3  sysTimeWaitAbsolute               
00003f85  uartGetChar                       
00003f39  uartInit                          
00003f73  uartPutChar                       
00003f97  uartPutString                     
00003fc3  uprintf                           
00004c01  vsnprintf                         
0000296d  waitMs                            
0000299d  waitUs                            
00004fdf  wcslen                            


GLOBAL SYMBOLS: SORTED BY Symbol Address 

address   name                              
-------   ----                              
00000000  __TI_static_base__                
00000000  g_pfnVectors                      
00000315  ADCIntRegister                    
0000033d  ADCIntUnregister                  
0000035b  ADCIntDisable                     
00000377  ADCIntEnable                      
0000039d  ADCIntStatus                      
000003f5  ADCIntClear                       
00000400  __STACK_SIZE                      
0000040b  ADCSequenceEnable                 
00000425  ADCSequenceDisable                
0000043f  ADCSequenceConfigure              
000004ed  ADCSequenceStepConfigure          
000005db  ADCSequenceOverflow               
000005f3  ADCSequenceOverflowClear          
00000609  ADCSequenceUnderflow              
00000621  ADCSequenceUnderflowClear         
00000637  ADCSequenceDataGet                
00000679  ADCProcessorTrigger               
0000069d  ADCSoftwareOversampleConfigure    
000006ef  ADCSoftwareOversampleStepConfigure
000007d1  ADCSoftwareOversampleDataGet      
00000865  ADCHardwareOversampleConfigure    
00000897  ADCComparatorConfigure            
000008b3  ADCComparatorRegionSet            
000008d7  ADCComparatorReset                
0000091d  ADCComparatorIntDisable           
0000093b  ADCComparatorIntEnable            
0000095d  ADCComparatorIntStatus            
00000971  ADCComparatorIntClear             
00000983  ADCIntDisableEx                   
0000099b  ADCIntEnableEx                    
000009b3  ADCIntStatusEx                    
000009e5  ADCIntClearEx                     
000009f7  ADCReferenceSet                   
00000a13  ADCReferenceGet                   
00000a25  ADCPhaseDelaySet                  
00000a37  ADCPhaseDelayGet                  
00000a45  ADCSequenceDMAEnable              
00000a61  ADCSequenceDMADisable             
00000a7d  ADCBusy                           
00000a9b  ADCClockConfigSet                 
00000ac5  ADCClockConfigGet                 
00000b07  stopWatchUpdate                   
00000b51  callbackSeg7Display               
00000c05  callbackLedPlay                   
00000cf1  checkPushButton                   
00000d4d  buzzing                           
00000e9d  main                              
00000f59  __TI_printfi                      
000019a9  __kernel_rem_pio2                 
000020e1  sin                               
000020e1  sinl                              
00002753  sysTimeGet                        
00002759  sysTimeReached                    
0000277f  sysTimeWait                       
000027a3  sysTimeWaitAbsolute               
000027ef  schdCallback                      
00002869  schdExecute                       
0000296d  waitMs                            
0000299d  waitUs                            
000029cb  lpInit                            
00002d01  seg7Init                          
00002e8d  seg7Update                        
000030cd  __aeabi_dsub                      
000030d7  __aeabi_dadd                      
00003283  __aeabi_idiv0                     
00003283  __aeabi_ldiv0                     
00003285  __kernel_sin                      
000033f9  __kernel_cos                      
000036a5  __aeabi_ddiv                      
000037db  GPIOPadConfigSet                  
00003a31  SysCtlClockGet                    
00003b41  ldexp                             
00003b41  ldexpl                            
00003b41  scalbn                            
00003b41  scalbnl                           
00003c51  __aeabi_dmul                      
00003d4d  floor                             
00003d4d  floorl                            
00003e45  SysCtlClockSet                    
00003f39  uartInit                          
00003f73  uartPutChar                       
00003f85  uartGetChar                       
00003f97  uartPutString                     
00003fc3  uprintf                           
000040b1  ledInitForced                     
000040d3  ledInit                           
000040e7  ledTurnOnOff                      
0000414d  __aeabi_memcpy                    
0000414d  __aeabi_memcpy4                   
0000414d  __aeabi_memcpy8                   
0000414d  memcpy                            
000041e9  __aeabi_uldivmod                  
00004281  ledPwmInit                        
00004311  pbInitForced                      
00004345  pbInit                            
00004359  pbRead                            
0000439d  __aeabi_cdcmpeq                   
0000439d  __aeabi_cdcmple                   
00004423  __aeabi_cdrcmple                  
000044a9  __aeabi_memclr                    
000044a9  __aeabi_memclr4                   
000044a9  __aeabi_memclr8                   
000044ab  __aeabi_memset                    
000044ab  __aeabi_memset4                   
000044ab  __aeabi_memset8                   
000044b1  memset                            
0000453d  ledPwmSet                         
00004605  buzzerPWMInit                     
00004671  IntDisable                        
000046d9  IntEnable                         
00004741  __TI_decompress_lzss              
000047a9  frexp                             
000047a9  frexpl                            
0000480d  TimerConfigure                    
000048c3  __TI_ltoa                         
00004921  seg7DigitUpdate                   
000049c1  atoi                              
00004a0d  stopWatchIncrement                
00004a59  GPIOPinConfigure                  
00004aa1  ADCInit                           
00004ae9  __aeabi_d2iz                      
00004b31  UARTConfigSetExpClk               
00004b79  __TI_auto_init_nobinit_nopinit    
00004bbc  ADCRead                           
00004c01  vsnprintf                         
00004c81  SysCtlPeripheralReady             
00004ccd  buzzerPWMOn                       
00004cf1  IntRegister                       
00004d25  SysCtlPeripheralEnable            
00004d59  _c_int00_noargs                   
00004dbd  __aeabi_i2d                       
00004deb  GPIODirModeSet                    
00004e15  UARTDisable                       
00004e35  __aeabi_ui2d                      
00004e55  SysTickIntRegister                
00004e71  __TI_zero_init_nomemset           
00004e8d  memccpy                           
00004ea9  copysign                          
00004ea9  copysignl                         
00004ec3  GPIOPinTypeGPIOOutput             
00004edb  TimerControlLevel                 
00004f0b  strchr                            
00004f21  IntUnregister                     
00004f35  SysTickEnable                     
00004f49  SysTickIntEnable                  
00004f5d  UARTEnable                        
00004f71  strlen                            
00004f85  GPIOPinTypeGPIOInput              
00004f97  GPIOPinTypeTimer                  
00004fa9  GPIOPinTypeUART                   
00004fbb  TimerLoadSet                      
00004fcd  TimerMatchSet                     
00004fdf  wcslen                            
00004ff1  SysTickPeriodSet                  
00005001  TimerEnable                       
0000500f  __TI_decompress_none              
0000501d  ResetISR                          
00005029  UARTCharGet                       
00005033  UARTCharPut                       
0000503d  __aeabi_errno_addr                
00005045  GPIOPinRead                       
0000504b  GPIOPinWrite                      
00005051  SysCtlDelay                       
00005057  _system_pre_init                  
0000505b  C$$EXIT                           
0000505b  abort                             
000051b8  _ctypes_                          
0000545c  __TI_Handler_Table_Base           
00005468  __TI_Handler_Table_Limit          
00005478  __TI_CINIT_Base                   
00005490  __TI_CINIT_Limit                  
20000000  __start___llvm_prf_cnts           
20000000  __stop___llvm_prf_cnts            
20000000  g_pfnRAMVectors                   
20000270  __stack                           
20000470  __STACK_TOP                       
20000670  __STACK_END                       
20000788  sysState                          
20000798  Max_period                        
2000079c  Min_period                        
200007bc  seg7Display                       
200007c4  errno                             
ffffffff  __TI_pprof_out_hndl               
ffffffff  __TI_prof_data_size               
ffffffff  __TI_prof_data_start              
ffffffff  __binit__                         
ffffffff  __c_args__                        
ffffffff  binit                             
UNDEFED   __mpu_init                        
UNDEFED   _system_post_cinit                

[192 symbols]
