<?xml version="1.0" encoding="ISO-8859-1" ?>
<link_info>
   <banner>TI ARM Linker PC v20.2.5.LTS</banner>
   <copyright>Copyright (c) 1996-2018 Texas Instruments Incorporated</copyright>
   <link_time>0x62df6caa</link_time>
   <link_errors>0x0</link_errors>
   <output_file>Lab5.out</output_file>
   <entry_point>
      <name>_c_int00_noargs</name>
      <address>0x36c9</address>
   </entry_point>
   <input_file_list>
      <input_file id="fl-2">
         <path>.\</path>
         <kind>object</kind>
         <file>buzzer.obj</file>
         <name>buzzer.obj</name>
      </input_file>
      <input_file id="fl-3">
         <path>.\</path>
         <kind>object</kind>
         <file>buzzer_asm.obj</file>
         <name>buzzer_asm.obj</name>
      </input_file>
      <input_file id="fl-4">
         <path>.\</path>
         <kind>object</kind>
         <file>main.obj</file>
         <name>main.obj</name>
      </input_file>
      <input_file id="fl-5">
         <path>.\</path>
         <kind>object</kind>
         <file>motion.obj</file>
         <name>motion.obj</name>
      </input_file>
      <input_file id="fl-6">
         <path>.\</path>
         <kind>object</kind>
         <file>motion_asm.obj</file>
         <name>motion_asm.obj</name>
      </input_file>
      <input_file id="fl-7">
         <path>.\</path>
         <kind>object</kind>
         <file>tm4c123gh6pm_startup_ccs.obj</file>
         <name>tm4c123gh6pm_startup_ccs.obj</name>
      </input_file>
      <input_file id="fl-d">
         <kind>object</kind>
         <file>&lt;internal&gt;</file>
         <name>&lt;internal&gt;</name>
      </input_file>
      <input_file id="fl-c3">
         <path>C:\ti\ccs1120\ccs\tools\compiler\ti-cgt-arm_20.2.5.LTS\lib\</path>
         <kind>archive</kind>
         <file>rtsv7M4_T_le_v4SPD16_eabi.lib</file>
         <name>copy_zero_init.c.obj</name>
      </input_file>
      <input_file id="fl-c4">
         <path>C:\ti\ccs1120\ccs\tools\compiler\ti-cgt-arm_20.2.5.LTS\lib\</path>
         <kind>archive</kind>
         <file>rtsv7M4_T_le_v4SPD16_eabi.lib</file>
         <name>copy_decompress_none.c.obj</name>
      </input_file>
      <input_file id="fl-c5">
         <path>C:\ti\ccs1120\ccs\tools\compiler\ti-cgt-arm_20.2.5.LTS\lib\</path>
         <kind>archive</kind>
         <file>rtsv7M4_T_le_v4SPD16_eabi.lib</file>
         <name>copy_decompress_lzss.c.obj</name>
      </input_file>
      <input_file id="fl-c6">
         <path>C:\ti\ccs1120\ccs\tools\compiler\ti-cgt-arm_20.2.5.LTS\lib\</path>
         <kind>archive</kind>
         <file>rtsv7M4_T_le_v4SPD16_eabi.lib</file>
         <name>assert.c.obj</name>
      </input_file>
      <input_file id="fl-c7">
         <path>C:\ti\ccs1120\ccs\tools\compiler\ti-cgt-arm_20.2.5.LTS\lib\</path>
         <kind>archive</kind>
         <file>rtsv7M4_T_le_v4SPD16_eabi.lib</file>
         <name>defs.c.obj</name>
      </input_file>
      <input_file id="fl-c8">
         <path>C:\ti\ccs1120\ccs\tools\compiler\ti-cgt-arm_20.2.5.LTS\lib\</path>
         <kind>archive</kind>
         <file>rtsv7M4_T_le_v4SPD16_eabi.lib</file>
         <name>boot_cortex_m.c.obj</name>
      </input_file>
      <input_file id="fl-c9">
         <path>C:\ti\ccs1120\ccs\tools\compiler\ti-cgt-arm_20.2.5.LTS\lib\</path>
         <kind>archive</kind>
         <file>rtsv7M4_T_le_v4SPD16_eabi.lib</file>
         <name>fflush.c.obj</name>
      </input_file>
      <input_file id="fl-ca">
         <path>C:\ti\ccs1120\ccs\tools\compiler\ti-cgt-arm_20.2.5.LTS\lib\</path>
         <kind>archive</kind>
         <file>rtsv7M4_T_le_v4SPD16_eabi.lib</file>
         <name>fputs.c.obj</name>
      </input_file>
      <input_file id="fl-cb">
         <path>C:\ti\ccs1120\ccs\tools\compiler\ti-cgt-arm_20.2.5.LTS\lib\</path>
         <kind>archive</kind>
         <file>rtsv7M4_T_le_v4SPD16_eabi.lib</file>
         <name>_io_perm.c.obj</name>
      </input_file>
      <input_file id="fl-cc">
         <path>C:\ti\ccs1120\ccs\tools\compiler\ti-cgt-arm_20.2.5.LTS\lib\</path>
         <kind>archive</kind>
         <file>rtsv7M4_T_le_v4SPD16_eabi.lib</file>
         <name>setvbuf.c.obj</name>
      </input_file>
      <input_file id="fl-cd">
         <path>C:\ti\ccs1120\ccs\tools\compiler\ti-cgt-arm_20.2.5.LTS\lib\</path>
         <kind>archive</kind>
         <file>rtsv7M4_T_le_v4SPD16_eabi.lib</file>
         <name>memcpy_t2.asm.obj</name>
      </input_file>
      <input_file id="fl-ce">
         <path>C:\ti\ccs1120\ccs\tools\compiler\ti-cgt-arm_20.2.5.LTS\lib\</path>
         <kind>archive</kind>
         <file>rtsv7M4_T_le_v4SPD16_eabi.lib</file>
         <name>memset_t2.asm.obj</name>
      </input_file>
      <input_file id="fl-cf">
         <path>C:\ti\ccs1120\ccs\tools\compiler\ti-cgt-arm_20.2.5.LTS\lib\</path>
         <kind>archive</kind>
         <file>rtsv7M4_T_le_v4SPD16_eabi.lib</file>
         <name>autoinit.c.obj</name>
      </input_file>
      <input_file id="fl-d0">
         <path>C:\ti\ccs1120\ccs\tools\compiler\ti-cgt-arm_20.2.5.LTS\lib\</path>
         <kind>archive</kind>
         <file>rtsv7M4_T_le_v4SPD16_eabi.lib</file>
         <name>pre_init.c.obj</name>
      </input_file>
      <input_file id="fl-d1">
         <path>C:\ti\ccs1120\ccs\tools\compiler\ti-cgt-arm_20.2.5.LTS\lib\</path>
         <kind>archive</kind>
         <file>rtsv7M4_T_le_v4SPD16_eabi.lib</file>
         <name>cpy_tbl.c.obj</name>
      </input_file>
      <input_file id="fl-d2">
         <path>C:\ti\ccs1120\ccs\tools\compiler\ti-cgt-arm_20.2.5.LTS\lib\</path>
         <kind>archive</kind>
         <file>rtsv7M4_T_le_v4SPD16_eabi.lib</file>
         <name>exit.c.obj</name>
      </input_file>
      <input_file id="fl-d3">
         <path>C:\ti\ccs1120\ccs\tools\compiler\ti-cgt-arm_20.2.5.LTS\lib\</path>
         <kind>archive</kind>
         <file>rtsv7M4_T_le_v4SPD16_eabi.lib</file>
         <name>_lock.c.obj</name>
      </input_file>
      <input_file id="fl-d4">
         <path>C:\ti\ccs1120\ccs\tools\compiler\ti-cgt-arm_20.2.5.LTS\lib\</path>
         <kind>archive</kind>
         <file>rtsv7M4_T_le_v4SPD16_eabi.lib</file>
         <name>args_main.c.obj</name>
      </input_file>
      <input_file id="fl-d5">
         <path>C:\ti\ccs1120\ccs\tools\compiler\ti-cgt-arm_20.2.5.LTS\lib\</path>
         <kind>archive</kind>
         <file>rtsv7M4_T_le_v4SPD16_eabi.lib</file>
         <name>memchr.c.obj</name>
      </input_file>
      <input_file id="fl-d6">
         <path>C:\ti\ccs1120\ccs\tools\compiler\ti-cgt-arm_20.2.5.LTS\lib\</path>
         <kind>archive</kind>
         <file>rtsv7M4_T_le_v4SPD16_eabi.lib</file>
         <name>memory.c.obj</name>
      </input_file>
      <input_file id="fl-d7">
         <path>C:\ti\ccs1120\ccs\tools\compiler\ti-cgt-arm_20.2.5.LTS\lib\</path>
         <kind>archive</kind>
         <file>rtsv7M4_T_le_v4SPD16_eabi.lib</file>
         <name>strlen.c.obj</name>
      </input_file>
      <input_file id="fl-d8">
         <path>C:\ti\ccs1120\ccs\tools\compiler\ti-cgt-arm_20.2.5.LTS\lib\</path>
         <kind>archive</kind>
         <file>rtsv7M4_T_le_v4SPD16_eabi.lib</file>
         <name>write.c.obj</name>
      </input_file>
      <input_file id="fl-d9">
         <path>C:\ti\ccs1120\ccs\tools\compiler\ti-cgt-arm_20.2.5.LTS\lib\</path>
         <kind>archive</kind>
         <file>rtsv7M4_T_le_v4SPD16_eabi.lib</file>
         <name>host_device.c.obj</name>
      </input_file>
      <input_file id="fl-da">
         <path>C:\ti\ccs1120\ccs\tools\compiler\ti-cgt-arm_20.2.5.LTS\lib\</path>
         <kind>archive</kind>
         <file>rtsv7M4_T_le_v4SPD16_eabi.lib</file>
         <name>fopen.c.obj</name>
      </input_file>
      <input_file id="fl-db">
         <path>C:\ti\ccs1120\ccs\tools\compiler\ti-cgt-arm_20.2.5.LTS\lib\</path>
         <kind>archive</kind>
         <file>rtsv7M4_T_le_v4SPD16_eabi.lib</file>
         <name>fseek.c.obj</name>
      </input_file>
      <input_file id="fl-dc">
         <path>C:\ti\ccs1120\ccs\tools\compiler\ti-cgt-arm_20.2.5.LTS\lib\</path>
         <kind>archive</kind>
         <file>rtsv7M4_T_le_v4SPD16_eabi.lib</file>
         <name>hostclose.c.obj</name>
      </input_file>
      <input_file id="fl-dd">
         <path>C:\ti\ccs1120\ccs\tools\compiler\ti-cgt-arm_20.2.5.LTS\lib\</path>
         <kind>archive</kind>
         <file>rtsv7M4_T_le_v4SPD16_eabi.lib</file>
         <name>hostlseek.c.obj</name>
      </input_file>
      <input_file id="fl-de">
         <path>C:\ti\ccs1120\ccs\tools\compiler\ti-cgt-arm_20.2.5.LTS\lib\</path>
         <kind>archive</kind>
         <file>rtsv7M4_T_le_v4SPD16_eabi.lib</file>
         <name>hostopen.c.obj</name>
      </input_file>
      <input_file id="fl-df">
         <path>C:\ti\ccs1120\ccs\tools\compiler\ti-cgt-arm_20.2.5.LTS\lib\</path>
         <kind>archive</kind>
         <file>rtsv7M4_T_le_v4SPD16_eabi.lib</file>
         <name>hostread.c.obj</name>
      </input_file>
      <input_file id="fl-e0">
         <path>C:\ti\ccs1120\ccs\tools\compiler\ti-cgt-arm_20.2.5.LTS\lib\</path>
         <kind>archive</kind>
         <file>rtsv7M4_T_le_v4SPD16_eabi.lib</file>
         <name>hostrename.c.obj</name>
      </input_file>
      <input_file id="fl-e1">
         <path>C:\ti\ccs1120\ccs\tools\compiler\ti-cgt-arm_20.2.5.LTS\lib\</path>
         <kind>archive</kind>
         <file>rtsv7M4_T_le_v4SPD16_eabi.lib</file>
         <name>hostunlink.c.obj</name>
      </input_file>
      <input_file id="fl-e2">
         <path>C:\ti\ccs1120\ccs\tools\compiler\ti-cgt-arm_20.2.5.LTS\lib\</path>
         <kind>archive</kind>
         <file>rtsv7M4_T_le_v4SPD16_eabi.lib</file>
         <name>hostwrite.c.obj</name>
      </input_file>
      <input_file id="fl-e3">
         <path>C:\ti\ccs1120\ccs\tools\compiler\ti-cgt-arm_20.2.5.LTS\lib\</path>
         <kind>archive</kind>
         <file>rtsv7M4_T_le_v4SPD16_eabi.lib</file>
         <name>trgmsg.c.obj</name>
      </input_file>
      <input_file id="fl-e4">
         <path>C:\ti\ccs1120\ccs\tools\compiler\ti-cgt-arm_20.2.5.LTS\lib\</path>
         <kind>archive</kind>
         <file>rtsv7M4_T_le_v4SPD16_eabi.lib</file>
         <name>open.c.obj</name>
      </input_file>
      <input_file id="fl-e5">
         <path>C:\ti\ccs1120\ccs\tools\compiler\ti-cgt-arm_20.2.5.LTS\lib\</path>
         <kind>archive</kind>
         <file>rtsv7M4_T_le_v4SPD16_eabi.lib</file>
         <name>lseek.c.obj</name>
      </input_file>
      <input_file id="fl-e6">
         <path>C:\ti\ccs1120\ccs\tools\compiler\ti-cgt-arm_20.2.5.LTS\lib\</path>
         <kind>archive</kind>
         <file>rtsv7M4_T_le_v4SPD16_eabi.lib</file>
         <name>fclose.c.obj</name>
      </input_file>
      <input_file id="fl-e7">
         <path>C:\ti\ccs1120\ccs\tools\compiler\ti-cgt-arm_20.2.5.LTS\lib\</path>
         <kind>archive</kind>
         <file>rtsv7M4_T_le_v4SPD16_eabi.lib</file>
         <name>getdevice.c.obj</name>
      </input_file>
      <input_file id="fl-e8">
         <path>C:\ti\ccs1120\ccs\tools\compiler\ti-cgt-arm_20.2.5.LTS\lib\</path>
         <kind>archive</kind>
         <file>rtsv7M4_T_le_v4SPD16_eabi.lib</file>
         <name>strchr.c.obj</name>
      </input_file>
      <input_file id="fl-e9">
         <path>C:\ti\ccs1120\ccs\tools\compiler\ti-cgt-arm_20.2.5.LTS\lib\</path>
         <kind>archive</kind>
         <file>rtsv7M4_T_le_v4SPD16_eabi.lib</file>
         <name>strcmp.c.obj</name>
      </input_file>
      <input_file id="fl-ea">
         <path>C:\ti\ccs1120\ccs\tools\compiler\ti-cgt-arm_20.2.5.LTS\lib\</path>
         <kind>archive</kind>
         <file>rtsv7M4_T_le_v4SPD16_eabi.lib</file>
         <name>strcpy.c.obj</name>
      </input_file>
      <input_file id="fl-eb">
         <path>C:\ti\ccs1120\ccs\tools\compiler\ti-cgt-arm_20.2.5.LTS\lib\</path>
         <kind>archive</kind>
         <file>rtsv7M4_T_le_v4SPD16_eabi.lib</file>
         <name>strncpy.c.obj</name>
      </input_file>
      <input_file id="fl-ec">
         <path>C:\ti\ccs1120\ccs\tools\compiler\ti-cgt-arm_20.2.5.LTS\lib\</path>
         <kind>archive</kind>
         <file>rtsv7M4_T_le_v4SPD16_eabi.lib</file>
         <name>remove.c.obj</name>
      </input_file>
      <input_file id="fl-ed">
         <path>C:\ti\ccs1120\ccs\tools\compiler\ti-cgt-arm_20.2.5.LTS\lib\</path>
         <kind>archive</kind>
         <file>rtsv7M4_T_le_v4SPD16_eabi.lib</file>
         <name>close.c.obj</name>
      </input_file>
      <input_file id="fl-ee">
         <path>C:\ti\ccs1120\ccs\tools\compiler\ti-cgt-arm_20.2.5.LTS\lib\</path>
         <kind>archive</kind>
         <file>rtsv7M4_T_le_v4SPD16_eabi.lib</file>
         <name>unlink.c.obj</name>
      </input_file>
      <input_file id="fl-ef">
         <path>C:\ti\TivaWare_C_Series-2.1.4.178\driverlib\ccs\Debug\</path>
         <kind>archive</kind>
         <file>driverlib.lib</file>
         <name>gpio.obj</name>
      </input_file>
      <input_file id="fl-f0">
         <path>C:\ti\TivaWare_C_Series-2.1.4.178\driverlib\ccs\Debug\</path>
         <kind>archive</kind>
         <file>driverlib.lib</file>
         <name>interrupt.obj</name>
      </input_file>
      <input_file id="fl-f1">
         <path>C:\ti\TivaWare_C_Series-2.1.4.178\driverlib\ccs\Debug\</path>
         <kind>archive</kind>
         <file>driverlib.lib</file>
         <name>sysctl.obj</name>
      </input_file>
      <input_file id="fl-f2">
         <path>C:\ti\TivaWare_C_Series-2.1.4.178\driverlib\ccs\Debug\</path>
         <kind>archive</kind>
         <file>driverlib.lib</file>
         <name>cpu.obj</name>
      </input_file>
      <input_file id="fl-f3">
         <path>C:\Users\vubui\Desktop\ECE266_Workspaces\._GitHub\LabGroup3\Util\Debug\</path>
         <kind>archive</kind>
         <file>Util.lib</file>
         <name>launchpad.obj</name>
      </input_file>
      <input_file id="fl-f4">
         <path>C:\Users\vubui\Desktop\ECE266_Workspaces\._GitHub\LabGroup3\Util\Debug\</path>
         <kind>archive</kind>
         <file>Util.lib</file>
         <name>led.obj</name>
      </input_file>
      <input_file id="fl-f5">
         <path>C:\Users\vubui\Desktop\ECE266_Workspaces\._GitHub\LabGroup3\Util\Debug\</path>
         <kind>archive</kind>
         <file>Util.lib</file>
         <name>pushbutton.obj</name>
      </input_file>
      <input_file id="fl-f6">
         <path>C:\Users\vubui\Desktop\ECE266_Workspaces\._GitHub\LabGroup3\Util\Debug\</path>
         <kind>archive</kind>
         <file>Util.lib</file>
         <name>uart.obj</name>
      </input_file>
      <input_file id="fl-f7">
         <path>C:\ti\ccs1120\ccs\tools\compiler\ti-cgt-arm_20.2.5.LTS\lib\</path>
         <kind>archive</kind>
         <file>rtsv7M4_T_le_v4SPD16_eabi.lib</file>
         <name>vsnprintf.c.obj</name>
      </input_file>
      <input_file id="fl-f8">
         <path>C:\ti\ccs1120\ccs\tools\compiler\ti-cgt-arm_20.2.5.LTS\lib\</path>
         <kind>archive</kind>
         <file>rtsv7M4_T_le_v4SPD16_eabi.lib</file>
         <name>ull_div_t2.asm.obj</name>
      </input_file>
      <input_file id="fl-f9">
         <path>C:\ti\ccs1120\ccs\tools\compiler\ti-cgt-arm_20.2.5.LTS\lib\</path>
         <kind>archive</kind>
         <file>rtsv7M4_T_le_v4SPD16_eabi.lib</file>
         <name>_printfi.c.obj</name>
      </input_file>
      <input_file id="fl-fa">
         <path>C:\ti\ccs1120\ccs\tools\compiler\ti-cgt-arm_20.2.5.LTS\lib\</path>
         <kind>archive</kind>
         <file>rtsv7M4_T_le_v4SPD16_eabi.lib</file>
         <name>s_frexp.c.obj</name>
      </input_file>
      <input_file id="fl-fb">
         <path>C:\ti\ccs1120\ccs\tools\compiler\ti-cgt-arm_20.2.5.LTS\lib\</path>
         <kind>archive</kind>
         <file>rtsv7M4_T_le_v4SPD16_eabi.lib</file>
         <name>s_scalbn.c.obj</name>
      </input_file>
      <input_file id="fl-fc">
         <path>C:\ti\ccs1120\ccs\tools\compiler\ti-cgt-arm_20.2.5.LTS\lib\</path>
         <kind>archive</kind>
         <file>rtsv7M4_T_le_v4SPD16_eabi.lib</file>
         <name>wcslen.c.obj</name>
      </input_file>
      <input_file id="fl-fd">
         <path>C:\ti\ccs1120\ccs\tools\compiler\ti-cgt-arm_20.2.5.LTS\lib\</path>
         <kind>archive</kind>
         <file>rtsv7M4_T_le_v4SPD16_eabi.lib</file>
         <name>div0.asm.obj</name>
      </input_file>
      <input_file id="fl-fe">
         <path>C:\ti\ccs1120\ccs\tools\compiler\ti-cgt-arm_20.2.5.LTS\lib\</path>
         <kind>archive</kind>
         <file>rtsv7M4_T_le_v4SPD16_eabi.lib</file>
         <name>fd_add_t2.asm.obj</name>
      </input_file>
      <input_file id="fl-ff">
         <path>C:\ti\ccs1120\ccs\tools\compiler\ti-cgt-arm_20.2.5.LTS\lib\</path>
         <kind>archive</kind>
         <file>rtsv7M4_T_le_v4SPD16_eabi.lib</file>
         <name>fd_cmp_t2.asm.obj</name>
      </input_file>
      <input_file id="fl-100">
         <path>C:\ti\ccs1120\ccs\tools\compiler\ti-cgt-arm_20.2.5.LTS\lib\</path>
         <kind>archive</kind>
         <file>rtsv7M4_T_le_v4SPD16_eabi.lib</file>
         <name>fd_div_t2.asm.obj</name>
      </input_file>
      <input_file id="fl-101">
         <path>C:\ti\ccs1120\ccs\tools\compiler\ti-cgt-arm_20.2.5.LTS\lib\</path>
         <kind>archive</kind>
         <file>rtsv7M4_T_le_v4SPD16_eabi.lib</file>
         <name>fd_mul_t2.asm.obj</name>
      </input_file>
      <input_file id="fl-102">
         <path>C:\ti\ccs1120\ccs\tools\compiler\ti-cgt-arm_20.2.5.LTS\lib\</path>
         <kind>archive</kind>
         <file>rtsv7M4_T_le_v4SPD16_eabi.lib</file>
         <name>fd_toi_t2.asm.obj</name>
      </input_file>
      <input_file id="fl-103">
         <path>C:\ti\ccs1120\ccs\tools\compiler\ti-cgt-arm_20.2.5.LTS\lib\</path>
         <kind>archive</kind>
         <file>rtsv7M4_T_le_v4SPD16_eabi.lib</file>
         <name>i_tofd_t2.asm.obj</name>
      </input_file>
      <input_file id="fl-104">
         <path>C:\ti\ccs1120\ccs\tools\compiler\ti-cgt-arm_20.2.5.LTS\lib\</path>
         <kind>archive</kind>
         <file>rtsv7M4_T_le_v4SPD16_eabi.lib</file>
         <name>_ltoa.c.obj</name>
      </input_file>
      <input_file id="fl-105">
         <path>C:\ti\ccs1120\ccs\tools\compiler\ti-cgt-arm_20.2.5.LTS\lib\</path>
         <kind>archive</kind>
         <file>rtsv7M4_T_le_v4SPD16_eabi.lib</file>
         <name>atoi.c.obj</name>
      </input_file>
      <input_file id="fl-106">
         <path>C:\ti\ccs1120\ccs\tools\compiler\ti-cgt-arm_20.2.5.LTS\lib\</path>
         <kind>archive</kind>
         <file>rtsv7M4_T_le_v4SPD16_eabi.lib</file>
         <name>ctype.c.obj</name>
      </input_file>
      <input_file id="fl-107">
         <path>C:\ti\ccs1120\ccs\tools\compiler\ti-cgt-arm_20.2.5.LTS\lib\</path>
         <kind>archive</kind>
         <file>rtsv7M4_T_le_v4SPD16_eabi.lib</file>
         <name>memccpy.c.obj</name>
      </input_file>
      <input_file id="fl-108">
         <path>C:\ti\ccs1120\ccs\tools\compiler\ti-cgt-arm_20.2.5.LTS\lib\</path>
         <kind>archive</kind>
         <file>rtsv7M4_T_le_v4SPD16_eabi.lib</file>
         <name>errno.c.obj</name>
      </input_file>
      <input_file id="fl-109">
         <path>C:\ti\ccs1120\ccs\tools\compiler\ti-cgt-arm_20.2.5.LTS\lib\</path>
         <kind>archive</kind>
         <file>rtsv7M4_T_le_v4SPD16_eabi.lib</file>
         <name>s_copysign.c.obj</name>
      </input_file>
      <input_file id="fl-10a">
         <path>C:\ti\TivaWare_C_Series-2.1.4.178\driverlib\ccs\Debug\</path>
         <kind>archive</kind>
         <file>driverlib.lib</file>
         <name>systick.obj</name>
      </input_file>
      <input_file id="fl-10b">
         <path>C:\ti\TivaWare_C_Series-2.1.4.178\driverlib\ccs\Debug\</path>
         <kind>archive</kind>
         <file>driverlib.lib</file>
         <name>uart.obj</name>
      </input_file>
   </input_file_list>
   <object_component_list>
      <object_component id="oc-12">
         <name>.intvecs</name>
         <load_address>0x0</load_address>
         <run_address>0x0</run_address>
         <size>0x26c</size>
         <input_file_ref idref="fl-7"/>
      </object_component>
      <object_component id="oc-2dd">
         <name>.text:__TI_printfi</name>
         <load_address>0x26c</load_address>
         <run_address>0x26c</run_address>
         <size>0xa4e</size>
         <input_file_ref idref="fl-f9"/>
      </object_component>
      <object_component id="oc-30b">
         <name>.text:_nop</name>
         <load_address>0xcba</load_address>
         <run_address>0xcba</run_address>
         <size>0x2</size>
         <input_file_ref idref="fl-d3"/>
      </object_component>
      <object_component id="oc-e1">
         <name>.text</name>
         <load_address>0xcbc</load_address>
         <run_address>0xcbc</run_address>
         <size>0x3d0</size>
         <input_file_ref idref="fl-f3"/>
      </object_component>
      <object_component id="oc-388">
         <name>.text:_pconv_a</name>
         <load_address>0x108c</load_address>
         <run_address>0x108c</run_address>
         <size>0x270</size>
         <input_file_ref idref="fl-f9"/>
      </object_component>
      <object_component id="oc-a2">
         <name>.text</name>
         <load_address>0x12fc</load_address>
         <run_address>0x12fc</run_address>
         <size>0x210</size>
         <input_file_ref idref="fl-4"/>
      </object_component>
      <object_component id="oc-376">
         <name>.text:_pconv_g</name>
         <load_address>0x150c</load_address>
         <run_address>0x150c</run_address>
         <size>0x1d0</size>
         <input_file_ref idref="fl-f9"/>
      </object_component>
      <object_component id="oc-41e">
         <name>.text</name>
         <load_address>0x16dc</load_address>
         <run_address>0x16dc</run_address>
         <size>0x1b6</size>
         <input_file_ref idref="fl-fe"/>
      </object_component>
      <object_component id="oc-28b">
         <name>.text</name>
         <load_address>0x1892</load_address>
         <run_address>0x1892</run_address>
         <size>0x2</size>
         <input_file_ref idref="fl-fd"/>
      </object_component>
      <object_component id="oc-382">
         <name>.text:_pconv_e</name>
         <load_address>0x1894</load_address>
         <run_address>0x1894</run_address>
         <size>0x13c</size>
         <input_file_ref idref="fl-f9"/>
      </object_component>
      <object_component id="oc-404">
         <name>.text</name>
         <load_address>0x19d0</load_address>
         <run_address>0x19d0</run_address>
         <size>0x136</size>
         <input_file_ref idref="fl-100"/>
      </object_component>
      <object_component id="oc-1d1">
         <name>.text:GPIOPadConfigSet</name>
         <load_address>0x1b06</load_address>
         <run_address>0x1b06</run_address>
         <size>0x132</size>
         <input_file_ref idref="fl-ef"/>
      </object_component>
      <object_component id="oc-430">
         <name>.text:fcvt</name>
         <load_address>0x1c38</load_address>
         <run_address>0x1c38</run_address>
         <size>0x124</size>
         <input_file_ref idref="fl-f9"/>
      </object_component>
      <object_component id="oc-171">
         <name>.text:fputs</name>
         <load_address>0x1d5c</load_address>
         <run_address>0x1d5c</run_address>
         <size>0x114</size>
         <input_file_ref idref="fl-ca"/>
      </object_component>
      <object_component id="oc-19b">
         <name>.text:SysCtlClockGet</name>
         <load_address>0x1e70</load_address>
         <run_address>0x1e70</run_address>
         <size>0x110</size>
         <input_file_ref idref="fl-f1"/>
      </object_component>
      <object_component id="oc-444">
         <name>.text:scalbn</name>
         <load_address>0x1f80</load_address>
         <run_address>0x1f80</run_address>
         <size>0x110</size>
         <input_file_ref idref="fl-fb"/>
      </object_component>
      <object_component id="oc-47c">
         <name>.text:aligned_alloc</name>
         <load_address>0x2090</load_address>
         <run_address>0x2090</run_address>
         <size>0x100</size>
         <input_file_ref idref="fl-d6"/>
      </object_component>
      <object_component id="oc-3ff">
         <name>.text</name>
         <load_address>0x2190</load_address>
         <run_address>0x2190</run_address>
         <size>0xfc</size>
         <input_file_ref idref="fl-101"/>
      </object_component>
      <object_component id="oc-195">
         <name>.text:SysCtlClockSet</name>
         <load_address>0x228c</load_address>
         <run_address>0x228c</run_address>
         <size>0xf4</size>
         <input_file_ref idref="fl-f1"/>
      </object_component>
      <object_component id="oc-3c7">
         <name>.text:free</name>
         <load_address>0x2380</load_address>
         <run_address>0x2380</run_address>
         <size>0xe4</size>
         <input_file_ref idref="fl-d6"/>
      </object_component>
      <object_component id="oc-330">
         <name>.text:setvbuf</name>
         <load_address>0x2464</load_address>
         <run_address>0x2464</run_address>
         <size>0xdc</size>
         <input_file_ref idref="fl-cc"/>
      </object_component>
      <object_component id="oc-122">
         <name>.text</name>
         <load_address>0x2540</load_address>
         <run_address>0x2540</run_address>
         <size>0xc4</size>
         <input_file_ref idref="fl-f6"/>
      </object_component>
      <object_component id="oc-36b">
         <name>.text:_ltostr</name>
         <load_address>0x2604</load_address>
         <run_address>0x2604</run_address>
         <size>0xb1</size>
         <input_file_ref idref="fl-f9"/>
      </object_component>
      <object_component id="oc-f3">
         <name>.text</name>
         <load_address>0x26b8</load_address>
         <run_address>0x26b8</run_address>
         <size>0x9c</size>
         <input_file_ref idref="fl-f4"/>
      </object_component>
      <object_component id="oc-3e">
         <name>.text</name>
         <load_address>0x2754</load_address>
         <run_address>0x2754</run_address>
         <size>0x9c</size>
         <input_file_ref idref="fl-cd"/>
      </object_component>
      <object_component id="oc-18f">
         <name>.text</name>
         <load_address>0x27f0</load_address>
         <run_address>0x27f0</run_address>
         <size>0x96</size>
         <input_file_ref idref="fl-f8"/>
      </object_component>
      <object_component id="oc-ed">
         <name>.text</name>
         <load_address>0x2888</load_address>
         <run_address>0x2888</run_address>
         <size>0x8c</size>
         <input_file_ref idref="fl-f5"/>
      </object_component>
      <object_component id="oc-371">
         <name>.text:__aeabi_cdcmple</name>
         <load_address>0x2914</load_address>
         <run_address>0x2914</run_address>
         <size>0x86</size>
         <input_file_ref idref="fl-ff"/>
      </object_component>
      <object_component id="oc-409">
         <name>.text:__aeabi_cdrcmple</name>
         <load_address>0x299a</load_address>
         <run_address>0x299a</run_address>
         <size>0x86</size>
         <input_file_ref idref="fl-ff"/>
      </object_component>
      <object_component id="oc-177">
         <name>.text:fflush</name>
         <load_address>0x2a20</load_address>
         <run_address>0x2a20</run_address>
         <size>0x7c</size>
         <input_file_ref idref="fl-c9"/>
      </object_component>
      <object_component id="oc-96">
         <name>.text</name>
         <load_address>0x2a9c</load_address>
         <run_address>0x2a9c</run_address>
         <size>0x7a</size>
         <input_file_ref idref="fl-ce"/>
      </object_component>
      <object_component id="oc-483">
         <name>.text:__TI_closefile</name>
         <load_address>0x2b18</load_address>
         <run_address>0x2b18</run_address>
         <size>0x74</size>
         <input_file_ref idref="fl-e6"/>
      </object_component>
      <object_component id="oc-4f5">
         <name>.text:split</name>
         <load_address>0x2b8c</load_address>
         <run_address>0x2b8c</run_address>
         <size>0x70</size>
         <input_file_ref idref="fl-d6"/>
      </object_component>
      <object_component id="oc-429">
         <name>.text:_mcpy</name>
         <load_address>0x2bfc</load_address>
         <run_address>0x2bfc</run_address>
         <size>0x6e</size>
         <input_file_ref idref="fl-f9"/>
      </object_component>
      <object_component id="oc-4b0">
         <name>.text:HOSTrename</name>
         <load_address>0x2c6c</load_address>
         <run_address>0x2c6c</run_address>
         <size>0x6c</size>
         <input_file_ref idref="fl-e0"/>
      </object_component>
      <object_component id="oc-4a4">
         <name>.text:HOSTlseek</name>
         <load_address>0x2cd8</load_address>
         <run_address>0x2cd8</run_address>
         <size>0x68</size>
         <input_file_ref idref="fl-dd"/>
      </object_component>
      <object_component id="oc-1f8">
         <name>.text:IntEnable</name>
         <load_address>0x2d40</load_address>
         <run_address>0x2d40</run_address>
         <size>0x68</size>
         <input_file_ref idref="fl-f0"/>
      </object_component>
      <object_component id="oc-15">
         <name>.text:decompress:lzss:__TI_decompress_lzss</name>
         <load_address>0x2da8</load_address>
         <run_address>0x2da8</run_address>
         <size>0x68</size>
         <input_file_ref idref="fl-c5"/>
      </object_component>
      <object_component id="oc-43e">
         <name>.text:frexp</name>
         <load_address>0x2e10</load_address>
         <run_address>0x2e10</run_address>
         <size>0x64</size>
         <input_file_ref idref="fl-fa"/>
      </object_component>
      <object_component id="oc-32a">
         <name>.text:fseek</name>
         <load_address>0x2e74</load_address>
         <run_address>0x2e74</run_address>
         <size>0x64</size>
         <input_file_ref idref="fl-db"/>
      </object_component>
      <object_component id="oc-256">
         <name>.text:__TI_wrt_ok</name>
         <load_address>0x2ed8</load_address>
         <run_address>0x2ed8</run_address>
         <size>0x62</size>
         <input_file_ref idref="fl-cb"/>
      </object_component>
      <object_component id="oc-48c">
         <name>.text:HOSTopen</name>
         <load_address>0x2f3c</load_address>
         <run_address>0x2f3c</run_address>
         <size>0x60</size>
         <input_file_ref idref="fl-de"/>
      </object_component>
      <object_component id="oc-4fc">
         <name>.text:close</name>
         <load_address>0x2f9c</load_address>
         <run_address>0x2f9c</run_address>
         <size>0x5c</size>
         <input_file_ref idref="fl-ed"/>
      </object_component>
      <object_component id="oc-498">
         <name>.text:HOSTread</name>
         <load_address>0x2ff8</load_address>
         <run_address>0x2ff8</run_address>
         <size>0x58</size>
         <input_file_ref idref="fl-df"/>
      </object_component>
      <object_component id="oc-49e">
         <name>.text:HOSTwrite</name>
         <load_address>0x3050</load_address>
         <run_address>0x3050</run_address>
         <size>0x58</size>
         <input_file_ref idref="fl-e2"/>
      </object_component>
      <object_component id="oc-105">
         <name>.text:GPIOIntTypeSet</name>
         <load_address>0x30a8</load_address>
         <run_address>0x30a8</run_address>
         <size>0x56</size>
         <input_file_ref idref="fl-ef"/>
      </object_component>
      <object_component id="oc-37c">
         <name>.text:_pconv_f</name>
         <load_address>0x30fe</load_address>
         <run_address>0x30fe</run_address>
         <size>0x56</size>
         <input_file_ref idref="fl-f9"/>
      </object_component>
      <object_component id="oc-413">
         <name>.text:__TI_ltoa</name>
         <load_address>0x3154</load_address>
         <run_address>0x3154</run_address>
         <size>0x54</size>
         <input_file_ref idref="fl-104"/>
      </object_component>
      <object_component id="oc-423">
         <name>.text:_ecpy</name>
         <load_address>0x31a8</load_address>
         <run_address>0x31a8</run_address>
         <size>0x52</size>
         <input_file_ref idref="fl-f9"/>
      </object_component>
      <object_component id="oc-268">
         <name>.text:__TI_doflush</name>
         <load_address>0x31fa</load_address>
         <run_address>0x31fa</run_address>
         <size>0x4c</size>
         <input_file_ref idref="fl-c9"/>
      </object_component>
      <object_component id="oc-365">
         <name>.text:atoi</name>
         <load_address>0x3248</load_address>
         <run_address>0x3248</run_address>
         <size>0x4c</size>
         <input_file_ref idref="fl-105"/>
      </object_component>
      <object_component id="oc-208">
         <name>.text:GPIOPinConfigure</name>
         <load_address>0x3294</load_address>
         <run_address>0x3294</run_address>
         <size>0x48</size>
         <input_file_ref idref="fl-ef"/>
      </object_component>
      <object_component id="oc-137">
         <name>.text:exit</name>
         <load_address>0x32dc</load_address>
         <run_address>0x32dc</run_address>
         <size>0x48</size>
         <input_file_ref idref="fl-d2"/>
      </object_component>
      <object_component id="oc-40e">
         <name>.text</name>
         <load_address>0x3324</load_address>
         <run_address>0x3324</run_address>
         <size>0x48</size>
         <input_file_ref idref="fl-102"/>
      </object_component>
      <object_component id="oc-214">
         <name>.text:UARTConfigSetExpClk</name>
         <load_address>0x336c</load_address>
         <run_address>0x336c</run_address>
         <size>0x46</size>
         <input_file_ref idref="fl-10b"/>
      </object_component>
      <object_component id="oc-492">
         <name>.text:HOSTclose</name>
         <load_address>0x33b4</load_address>
         <run_address>0x33b4</run_address>
         <size>0x44</size>
         <input_file_ref idref="fl-dc"/>
      </object_component>
      <object_component id="oc-4aa">
         <name>.text:HOSTunlink</name>
         <load_address>0x33f8</load_address>
         <run_address>0x33f8</run_address>
         <size>0x44</size>
         <input_file_ref idref="fl-e1"/>
      </object_component>
      <object_component id="oc-1ec">
         <name>.text:_GPIOIntNumberGet</name>
         <load_address>0x343c</load_address>
         <run_address>0x343c</run_address>
         <size>0x44</size>
         <input_file_ref idref="fl-ef"/>
      </object_component>
      <object_component id="oc-13d">
         <name>.text:__TI_auto_init_nobinit_nopinit:__TI_auto_init_nobinit_nopinit</name>
         <load_address>0x3480</load_address>
         <run_address>0x3480</run_address>
         <size>0x44</size>
         <input_file_ref idref="fl-cf"/>
      </object_component>
      <object_component id="oc-542">
         <name>.text:getdevice</name>
         <load_address>0x34c4</load_address>
         <run_address>0x34c4</run_address>
         <size>0x44</size>
         <input_file_ref idref="fl-e7"/>
      </object_component>
      <object_component id="oc-226">
         <name>.text:vsnprintf</name>
         <load_address>0x3508</load_address>
         <run_address>0x3508</run_address>
         <size>0x40</size>
         <input_file_ref idref="fl-f7"/>
      </object_component>
      <object_component id="oc-436">
         <name>.text:_fcpy</name>
         <load_address>0x3548</load_address>
         <run_address>0x3548</run_address>
         <size>0x3e</size>
         <input_file_ref idref="fl-f9"/>
      </object_component>
      <object_component id="oc-50b">
         <name>.text:__TI_writemsg</name>
         <load_address>0x3588</load_address>
         <run_address>0x3588</run_address>
         <size>0x38</size>
         <input_file_ref idref="fl-e3"/>
      </object_component>
      <object_component id="oc-564">
         <name>.text:strncpy</name>
         <load_address>0x35c0</load_address>
         <run_address>0x35c0</run_address>
         <size>0x36</size>
         <input_file_ref idref="fl-eb"/>
      </object_component>
      <object_component id="oc-1f2">
         <name>.text:IntRegister</name>
         <load_address>0x35f8</load_address>
         <run_address>0x35f8</run_address>
         <size>0x34</size>
         <input_file_ref idref="fl-f0"/>
      </object_component>
      <object_component id="oc-1c5">
         <name>.text:SysCtlPeripheralEnable</name>
         <load_address>0x362c</load_address>
         <run_address>0x362c</run_address>
         <size>0x34</size>
         <input_file_ref idref="fl-f1"/>
      </object_component>
      <object_component id="oc-3d3">
         <name>.text:__TI_cleanup</name>
         <load_address>0x3660</load_address>
         <run_address>0x3660</run_address>
         <size>0x34</size>
         <input_file_ref idref="fl-da"/>
      </object_component>
      <object_component id="oc-511">
         <name>.text:__TI_readmsg</name>
         <load_address>0x3694</load_address>
         <run_address>0x3694</run_address>
         <size>0x34</size>
         <input_file_ref idref="fl-e3"/>
      </object_component>
      <object_component id="oc-5c">
         <name>.text:_c_int00_noargs:_c_int00_noargs</name>
         <load_address>0x36c8</load_address>
         <run_address>0x36c8</run_address>
         <size>0x34</size>
         <input_file_ref idref="fl-c8"/>
      </object_component>
      <object_component id="oc-2e3">
         <name>.text:_outs</name>
         <load_address>0x36fc</load_address>
         <run_address>0x36fc</run_address>
         <size>0x30</size>
         <input_file_ref idref="fl-f7"/>
      </object_component>
      <object_component id="oc-56a">
         <name>.text:finddevice</name>
         <load_address>0x372c</load_address>
         <run_address>0x372c</run_address>
         <size>0x30</size>
         <input_file_ref idref="fl-e7"/>
      </object_component>
      <object_component id="oc-419">
         <name>.text</name>
         <load_address>0x375c</load_address>
         <run_address>0x375c</run_address>
         <size>0x2e</size>
         <input_file_ref idref="fl-103"/>
      </object_component>
      <object_component id="oc-dc">
         <name>.text</name>
         <load_address>0x378c</load_address>
         <run_address>0x378c</run_address>
         <size>0x2c</size>
         <input_file_ref idref="fl-3"/>
      </object_component>
      <object_component id="oc-502">
         <name>.text:unlink</name>
         <load_address>0x37b8</load_address>
         <run_address>0x37b8</run_address>
         <size>0x2c</size>
         <input_file_ref idref="fl-ee"/>
      </object_component>
      <object_component id="oc-2a7">
         <name>.text:GPIODirModeSet</name>
         <load_address>0x37e4</load_address>
         <run_address>0x37e4</run_address>
         <size>0x2a</size>
         <input_file_ref idref="fl-ef"/>
      </object_component>
      <object_component id="oc-475">
         <name>.text:free_list_insert</name>
         <load_address>0x3810</load_address>
         <run_address>0x3810</run_address>
         <size>0x28</size>
         <input_file_ref idref="fl-d6"/>
      </object_component>
      <object_component id="oc-3bf">
         <name>.text:lseek</name>
         <load_address>0x3838</load_address>
         <run_address>0x3838</run_address>
         <size>0x28</size>
         <input_file_ref idref="fl-e5"/>
      </object_component>
      <object_component id="oc-26e">
         <name>.text:write</name>
         <load_address>0x3860</load_address>
         <run_address>0x3860</run_address>
         <size>0x28</size>
         <input_file_ref idref="fl-d8"/>
      </object_component>
      <object_component id="oc-10b">
         <name>.text:IntPrioritySet</name>
         <load_address>0x3888</load_address>
         <run_address>0x3888</run_address>
         <size>0x24</size>
         <input_file_ref idref="fl-f0"/>
      </object_component>
      <object_component id="oc-2cd">
         <name>.text:UARTDisable</name>
         <load_address>0x38ac</load_address>
         <run_address>0x38ac</run_address>
         <size>0x20</size>
         <input_file_ref idref="fl-10b"/>
      </object_component>
      <object_component id="oc-262">
         <name>.text:memchr</name>
         <load_address>0x38cc</load_address>
         <run_address>0x38cc</run_address>
         <size>0x20</size>
         <input_file_ref idref="fl-d5"/>
      </object_component>
      <object_component id="oc-11d">
         <name>.text</name>
         <load_address>0x38ec</load_address>
         <run_address>0x38ec</run_address>
         <size>0x20</size>
         <input_file_ref idref="fl-6"/>
      </object_component>
      <object_component id="oc-1a7">
         <name>.text:SysTickIntRegister</name>
         <load_address>0x390c</load_address>
         <run_address>0x390c</run_address>
         <size>0x1c</size>
         <input_file_ref idref="fl-10a"/>
      </object_component>
      <object_component id="oc-d6">
         <name>.text:_abort_msg</name>
         <load_address>0x3928</load_address>
         <run_address>0x3928</run_address>
         <size>0x1c</size>
         <input_file_ref idref="fl-c6"/>
      </object_component>
      <object_component id="oc-117">
         <name>.text</name>
         <load_address>0x3944</load_address>
         <run_address>0x3944</run_address>
         <size>0x1c</size>
         <input_file_ref idref="fl-2"/>
      </object_component>
      <object_component id="oc-46f">
         <name>.text:free_list_remove</name>
         <load_address>0x3960</load_address>
         <run_address>0x3960</run_address>
         <size>0x1c</size>
         <input_file_ref idref="fl-d6"/>
      </object_component>
      <object_component id="oc-38e">
         <name>.text:memccpy</name>
         <load_address>0x397c</load_address>
         <run_address>0x397c</run_address>
         <size>0x1c</size>
         <input_file_ref idref="fl-107"/>
      </object_component>
      <object_component id="oc-4d2">
         <name>.text:copysign</name>
         <load_address>0x3998</load_address>
         <run_address>0x3998</run_address>
         <size>0x1a</size>
         <input_file_ref idref="fl-109"/>
      </object_component>
      <object_component id="oc-ff">
         <name>.text:GPIOIntRegister</name>
         <load_address>0x39b2</load_address>
         <run_address>0x39b2</run_address>
         <size>0x18</size>
         <input_file_ref idref="fl-ef"/>
      </object_component>
      <object_component id="oc-1e1">
         <name>.text:GPIOPinTypeGPIOOutput</name>
         <load_address>0x39ca</load_address>
         <run_address>0x39ca</run_address>
         <size>0x18</size>
         <input_file_ref idref="fl-ef"/>
      </object_component>
      <object_component id="oc-2e9">
         <name>.text:_outc</name>
         <load_address>0x39e2</load_address>
         <run_address>0x39e2</run_address>
         <size>0x18</size>
         <input_file_ref idref="fl-f7"/>
      </object_component>
      <object_component id="oc-f9">
         <name>.text</name>
         <load_address>0x39fc</load_address>
         <run_address>0x39fc</run_address>
         <size>0x18</size>
         <input_file_ref idref="fl-5"/>
      </object_component>
      <object_component id="oc-581">
         <name>.text:strcmp</name>
         <load_address>0x3a14</load_address>
         <run_address>0x3a14</run_address>
         <size>0x18</size>
         <input_file_ref idref="fl-e9"/>
      </object_component>
      <object_component id="oc-44a">
         <name>.text:strchr</name>
         <load_address>0x3a2c</load_address>
         <run_address>0x3a2c</run_address>
         <size>0x16</size>
         <input_file_ref idref="fl-e8"/>
      </object_component>
      <object_component id="oc-1b3">
         <name>.text:SysTickEnable</name>
         <load_address>0x3a44</load_address>
         <run_address>0x3a44</run_address>
         <size>0x14</size>
         <input_file_ref idref="fl-10a"/>
      </object_component>
      <object_component id="oc-1ad">
         <name>.text:SysTickIntEnable</name>
         <load_address>0x3a58</load_address>
         <run_address>0x3a58</run_address>
         <size>0x14</size>
         <input_file_ref idref="fl-10a"/>
      </object_component>
      <object_component id="oc-2d3">
         <name>.text:UARTEnable</name>
         <load_address>0x3a6c</load_address>
         <run_address>0x3a6c</run_address>
         <size>0x14</size>
         <input_file_ref idref="fl-10b"/>
      </object_component>
      <object_component id="oc-525">
         <name>.text:strcpy</name>
         <load_address>0x3a80</load_address>
         <run_address>0x3a80</run_address>
         <size>0x14</size>
         <input_file_ref idref="fl-ea"/>
      </object_component>
      <object_component id="oc-25c">
         <name>.text:strlen</name>
         <load_address>0x3a94</load_address>
         <run_address>0x3a94</run_address>
         <size>0x14</size>
         <input_file_ref idref="fl-d7"/>
      </object_component>
      <object_component id="oc-1cb">
         <name>.text:GPIOPinTypeGPIOInput</name>
         <load_address>0x3aa8</load_address>
         <run_address>0x3aa8</run_address>
         <size>0x12</size>
         <input_file_ref idref="fl-ef"/>
      </object_component>
      <object_component id="oc-20e">
         <name>.text:GPIOPinTypeUART</name>
         <load_address>0x3aba</load_address>
         <run_address>0x3aba</run_address>
         <size>0x12</size>
         <input_file_ref idref="fl-ef"/>
      </object_component>
      <object_component id="oc-394">
         <name>.text:wcslen</name>
         <load_address>0x3acc</load_address>
         <run_address>0x3acc</run_address>
         <size>0x12</size>
         <input_file_ref idref="fl-fc"/>
      </object_component>
      <object_component id="oc-1a1">
         <name>.text:SysTickPeriodSet</name>
         <load_address>0x3ae0</load_address>
         <run_address>0x3ae0</run_address>
         <size>0x10</size>
         <input_file_ref idref="fl-10a"/>
      </object_component>
      <object_component id="oc-1b">
         <name>.text:decompress:none:__TI_decompress_none</name>
         <load_address>0x3af0</load_address>
         <run_address>0x3af0</run_address>
         <size>0xe</size>
         <input_file_ref idref="fl-c4"/>
      </object_component>
      <object_component id="oc-111">
         <name>.text:GPIOIntEnable</name>
         <load_address>0x3afe</load_address>
         <run_address>0x3afe</run_address>
         <size>0xc</size>
         <input_file_ref idref="fl-ef"/>
      </object_component>
      <object_component id="oc-50">
         <name>.text:decompress:ZI:__TI_zero_init</name>
         <load_address>0x3b0a</load_address>
         <run_address>0x3b0a</run_address>
         <size>0xc</size>
         <input_file_ref idref="fl-c3"/>
      </object_component>
      <object_component id="oc-2a">
         <name>.text</name>
         <load_address>0x3b16</load_address>
         <run_address>0x3b16</run_address>
         <size>0xc</size>
         <input_file_ref idref="fl-7"/>
      </object_component>
      <object_component id="oc-220">
         <name>.text:UARTCharGet</name>
         <load_address>0x3b22</load_address>
         <run_address>0x3b22</run_address>
         <size>0xa</size>
         <input_file_ref idref="fl-10b"/>
      </object_component>
      <object_component id="oc-21a">
         <name>.text:UARTCharPut</name>
         <load_address>0x3b2c</load_address>
         <run_address>0x3b2c</run_address>
         <size>0xa</size>
         <input_file_ref idref="fl-10b"/>
      </object_component>
      <object_component id="oc-39a">
         <name>.text:__aeabi_errno_addr</name>
         <load_address>0x3b38</load_address>
         <run_address>0x3b38</run_address>
         <size>0x8</size>
         <input_file_ref idref="fl-108"/>
      </object_component>
      <object_component id="oc-3cd">
         <name>.text:malloc</name>
         <load_address>0x3b40</load_address>
         <run_address>0x3b40</run_address>
         <size>0x8</size>
         <input_file_ref idref="fl-d6"/>
      </object_component>
      <object_component id="oc-e7">
         <name>.text:GPIOIntClear</name>
         <load_address>0x3b48</load_address>
         <run_address>0x3b48</run_address>
         <size>0x6</size>
         <input_file_ref idref="fl-ef"/>
      </object_component>
      <object_component id="oc-1d7">
         <name>.text:GPIOPinRead</name>
         <load_address>0x3b4e</load_address>
         <run_address>0x3b4e</run_address>
         <size>0x6</size>
         <input_file_ref idref="fl-ef"/>
      </object_component>
      <object_component id="oc-182">
         <name>.text:GPIOPinWrite</name>
         <load_address>0x3b54</load_address>
         <run_address>0x3b54</run_address>
         <size>0x6</size>
         <input_file_ref idref="fl-ef"/>
      </object_component>
      <object_component id="oc-194">
         <name>.text:SysCtlDelay</name>
         <load_address>0x3b5a</load_address>
         <run_address>0x3b5a</run_address>
         <size>0x6</size>
         <input_file_ref idref="fl-f1"/>
      </object_component>
      <object_component id="oc-9c">
         <name>.text:_system_pre_init</name>
         <load_address>0x3b60</load_address>
         <run_address>0x3b60</run_address>
         <size>0x4</size>
         <input_file_ref idref="fl-d0"/>
      </object_component>
      <object_component id="oc-131">
         <name>.text:abort:abort</name>
         <load_address>0x3b64</load_address>
         <run_address>0x3b64</run_address>
         <size>0x4</size>
         <input_file_ref idref="fl-d2"/>
      </object_component>
      <object_component id="oc-3f8">
         <name>.const:.string:_ctypes_</name>
         <load_address>0x3b68</load_address>
         <run_address>0x3b68</run_address>
         <size>0x101</size>
         <input_file_ref idref="fl-106"/>
      </object_component>
      <object_component id="oc-2b8">
         <name>.const:g_ppui32GPIOIntMapSnowflake</name>
         <load_address>0x3c6c</load_address>
         <run_address>0x3c6c</run_address>
         <size>0xd8</size>
         <input_file_ref idref="fl-ef"/>
      </object_component>
      <object_component id="oc-2b5">
         <name>.const:g_ppui32GPIOIntMapBlizzard</name>
         <load_address>0x3d44</load_address>
         <run_address>0x3d44</run_address>
         <size>0xc0</size>
         <input_file_ref idref="fl-ef"/>
      </object_component>
      <object_component id="oc-200">
         <name>.const:g_pui32Regs</name>
         <load_address>0x3e04</load_address>
         <run_address>0x3e04</run_address>
         <size>0x9c</size>
         <input_file_ref idref="fl-f0"/>
      </object_component>
      <object_component id="oc-2c8">
         <name>.const:g_pui32GPIOBaseAddrs</name>
         <load_address>0x3ea0</load_address>
         <run_address>0x3ea0</run_address>
         <size>0x90</size>
         <input_file_ref idref="fl-ef"/>
      </object_component>
      <object_component id="oc-2c0">
         <name>.const</name>
         <load_address>0x3f30</load_address>
         <run_address>0x3f30</run_address>
         <size>0x70</size>
         <input_file_ref idref="fl-f0"/>
      </object_component>
      <object_component id="oc-293">
         <name>.const:g_pui32Xtals</name>
         <load_address>0x3fa0</load_address>
         <run_address>0x3fa0</run_address>
         <size>0x6c</size>
         <input_file_ref idref="fl-f1"/>
      </object_component>
      <object_component id="oc-5bc">
         <name>.cinit..data.load</name>
         <load_address>0x4010</load_address>
         <run_address>0x4010</run_address>
         <size>0x71</size>
      </object_component>
      <object_component id="oc-5b9">
         <name>__TI_handler_table</name>
         <load_address>0x4084</load_address>
         <run_address>0x4084</run_address>
         <size>0xc</size>
      </object_component>
      <object_component id="oc-5bd">
         <name>.cinit..bss.load</name>
         <load_address>0x4090</load_address>
         <run_address>0x4090</run_address>
         <size>0x8</size>
      </object_component>
      <object_component id="oc-5bb">
         <name>.cinit..vtable.load</name>
         <load_address>0x4098</load_address>
         <run_address>0x4098</run_address>
         <size>0x8</size>
      </object_component>
      <object_component id="oc-5ba">
         <name>__TI_cinit_table</name>
         <load_address>0x40a0</load_address>
         <run_address>0x40a0</run_address>
         <size>0x18</size>
      </object_component>
      <object_component id="oc-2bc">
         <name>.vtable</name>
         <uninitialized>true</uninitialized>
         <run_address>0x20000000</run_address>
         <size>0x26c</size>
         <input_file_ref idref="fl-f0"/>
      </object_component>
      <object_component id="oc-128">
         <name>.data</name>
         <load_address>0x20001310</load_address>
         <run_address>0x20001310</run_address>
         <size>0xc</size>
         <input_file_ref idref="fl-4"/>
      </object_component>
      <object_component id="oc-17d">
         <name>.data:_ftable</name>
         <load_address>0x2000113c</load_address>
         <run_address>0x2000113c</run_address>
         <size>0xf0</size>
         <input_file_ref idref="fl-c7"/>
      </object_component>
      <object_component id="oc-276">
         <name>.data</name>
         <load_address>0x200012f4</load_address>
         <run_address>0x200012f4</run_address>
         <size>0x10</size>
         <input_file_ref idref="fl-c7"/>
      </object_component>
      <object_component id="oc-237">
         <name>.data:$O1$$</name>
         <load_address>0x20001304</load_address>
         <run_address>0x20001304</run_address>
         <size>0xc</size>
         <input_file_ref idref="fl-d2"/>
      </object_component>
      <object_component id="oc-23a">
         <name>.data:$O1$$</name>
         <load_address>0x2000131c</load_address>
         <run_address>0x2000131c</run_address>
         <size>0x8</size>
         <input_file_ref idref="fl-d3"/>
      </object_component>
      <object_component id="oc-4f0">
         <name>.data:$O1$$</name>
         <load_address>0x20001324</load_address>
         <run_address>0x20001324</run_address>
         <size>0x8</size>
         <input_file_ref idref="fl-d6"/>
      </object_component>
      <object_component id="oc-3e6">
         <name>.data:_device</name>
         <load_address>0x2000122c</load_address>
         <run_address>0x2000122c</run_address>
         <size>0x78</size>
         <input_file_ref idref="fl-d9"/>
      </object_component>
      <object_component id="oc-33d">
         <name>.data:_stream</name>
         <load_address>0x200012a4</load_address>
         <run_address>0x200012a4</run_address>
         <size>0x50</size>
         <input_file_ref idref="fl-d9"/>
      </object_component>
      <object_component id="oc-189">
         <name>.data</name>
         <load_address>0x2000132c</load_address>
         <run_address>0x2000132c</run_address>
         <size>0x8</size>
         <input_file_ref idref="fl-f3"/>
      </object_component>
      <object_component id="oc-1e7">
         <name>.data</name>
         <load_address>0x20001338</load_address>
         <run_address>0x20001338</run_address>
         <size>0x1</size>
         <input_file_ref idref="fl-f4"/>
      </object_component>
      <object_component id="oc-1dd">
         <name>.data</name>
         <load_address>0x20001339</load_address>
         <run_address>0x20001339</run_address>
         <size>0x1</size>
         <input_file_ref idref="fl-f5"/>
      </object_component>
      <object_component id="oc-45a">
         <name>.data</name>
         <load_address>0x20001334</load_address>
         <run_address>0x20001334</run_address>
         <size>0x4</size>
         <input_file_ref idref="fl-108"/>
      </object_component>
      <object_component id="oc-54c">
         <name>.bss:_CIOBUF_</name>
         <uninitialized>true</uninitialized>
         <run_address>0x20000e70</run_address>
         <size>0x120</size>
         <input_file_ref idref="fl-e3"/>
      </object_component>
      <object_component id="oc-1b9">
         <name>.bss</name>
         <uninitialized>true</uninitialized>
         <run_address>0x20001138</run_address>
         <size>0x4</size>
         <input_file_ref idref="fl-f3"/>
      </object_component>
      <object_component id="oc-18c">
         <name>.bss:callbackHeap</name>
         <uninitialized>true</uninitialized>
         <run_address>0x20000f90</run_address>
         <size>0x100</size>
         <input_file_ref idref="fl-f3"/>
      </object_component>
      <object_component id="oc-508">
         <name>.common:__TI_tmpnams</name>
         <uninitialized>true</uninitialized>
         <run_address>0x20001090</run_address>
         <size>0xa0</size>
      </object_component>
      <object_component id="oc-517">
         <name>.common:parmbuf</name>
         <uninitialized>true</uninitialized>
         <run_address>0x20001130</run_address>
         <size>0x8</size>
      </object_component>
      <object_component id="oc-27">
         <name>.sysmem</name>
         <uninitialized>true</uninitialized>
         <run_address>0x20000270</run_address>
         <size>0x10</size>
         <input_file_ref idref="fl-d6"/>
      </object_component>
      <object_component id="oc-5c0">
         <name>.sysmem</name>
         <uninitialized>true</uninitialized>
         <run_address>0x20000270</run_address>
         <size>0x0</size>
      </object_component>
      <object_component id="oc-24">
         <name>.stack</name>
         <uninitialized>true</uninitialized>
         <run_address>0x20000a70</run_address>
         <size>0x4</size>
         <input_file_ref idref="fl-c8"/>
      </object_component>
      <object_component id="oc-5bf">
         <name>.stack</name>
         <uninitialized>true</uninitialized>
         <run_address>0x20000a70</run_address>
         <size>0x0</size>
      </object_component>
      <object_component id="oc-c5">
         <name>.debug_info</name>
         <load_address>0x0</load_address>
         <run_address>0x0</run_address>
         <size>0x2f3</size>
         <input_file_ref idref="fl-2"/>
      </object_component>
      <object_component id="oc-11b">
         <name>.debug_info</name>
         <load_address>0x2f3</load_address>
         <run_address>0x2f3</run_address>
         <size>0x153</size>
         <input_file_ref idref="fl-2"/>
      </object_component>
      <object_component id="oc-77">
         <name>.debug_info</name>
         <load_address>0x446</load_address>
         <run_address>0x446</run_address>
         <size>0x26b</size>
         <input_file_ref idref="fl-2"/>
      </object_component>
      <object_component id="oc-39">
         <name>.debug_info</name>
         <load_address>0x6b1</load_address>
         <run_address>0x6b1</run_address>
         <size>0x84</size>
         <input_file_ref idref="fl-2"/>
      </object_component>
      <object_component id="oc-c0">
         <name>.debug_info</name>
         <load_address>0x735</load_address>
         <run_address>0x735</run_address>
         <size>0x2a4</size>
         <input_file_ref idref="fl-2"/>
      </object_component>
      <object_component id="oc-7c">
         <name>.debug_info</name>
         <load_address>0x9d9</load_address>
         <run_address>0x9d9</run_address>
         <size>0xbb</size>
         <input_file_ref idref="fl-2"/>
      </object_component>
      <object_component id="oc-de">
         <name>.debug_info</name>
         <load_address>0xa94</load_address>
         <run_address>0xa94</run_address>
         <size>0x124</size>
         <input_file_ref idref="fl-3"/>
      </object_component>
      <object_component id="oc-235">
         <name>.debug_info</name>
         <load_address>0xbb8</load_address>
         <run_address>0xbb8</run_address>
         <size>0x51a</size>
         <input_file_ref idref="fl-4"/>
      </object_component>
      <object_component id="oc-129">
         <name>.debug_info</name>
         <load_address>0x10d2</load_address>
         <run_address>0x10d2</run_address>
         <size>0x12f</size>
         <input_file_ref idref="fl-4"/>
      </object_component>
      <object_component id="oc-a4">
         <name>.debug_info</name>
         <load_address>0x1201</load_address>
         <run_address>0x1201</run_address>
         <size>0x4f3</size>
         <input_file_ref idref="fl-4"/>
      </object_component>
      <object_component id="oc-304">
         <name>.debug_info</name>
         <load_address>0x16f4</load_address>
         <run_address>0x16f4</run_address>
         <size>0x48</size>
         <input_file_ref idref="fl-4"/>
      </object_component>
      <object_component id="oc-12c">
         <name>.debug_info</name>
         <load_address>0x173c</load_address>
         <run_address>0x173c</run_address>
         <size>0x8b</size>
         <input_file_ref idref="fl-4"/>
      </object_component>
      <object_component id="oc-fc">
         <name>.debug_info</name>
         <load_address>0x17c7</load_address>
         <run_address>0x17c7</run_address>
         <size>0x134</size>
         <input_file_ref idref="fl-5"/>
      </object_component>
      <object_component id="oc-11e">
         <name>.debug_info</name>
         <load_address>0x18fb</load_address>
         <run_address>0x18fb</run_address>
         <size>0x130</size>
         <input_file_ref idref="fl-6"/>
      </object_component>
      <object_component id="oc-32">
         <name>.debug_info</name>
         <load_address>0x1a2b</load_address>
         <run_address>0x1a2b</run_address>
         <size>0x2c3</size>
         <input_file_ref idref="fl-7"/>
      </object_component>
      <object_component id="oc-13">
         <name>.debug_info</name>
         <load_address>0x1cee</load_address>
         <run_address>0x1cee</run_address>
         <size>0x102</size>
         <input_file_ref idref="fl-7"/>
      </object_component>
      <object_component id="oc-2d">
         <name>.debug_info</name>
         <load_address>0x1df0</load_address>
         <run_address>0x1df0</run_address>
         <size>0x27e</size>
         <input_file_ref idref="fl-7"/>
      </object_component>
      <object_component id="oc-95">
         <name>.debug_info</name>
         <load_address>0x206e</load_address>
         <run_address>0x206e</run_address>
         <size>0x2d4</size>
         <input_file_ref idref="fl-c3"/>
      </object_component>
      <object_component id="oc-53">
         <name>.debug_info</name>
         <load_address>0x2342</load_address>
         <run_address>0x2342</run_address>
         <size>0x1b5</size>
         <input_file_ref idref="fl-c3"/>
      </object_component>
      <object_component id="oc-90">
         <name>.debug_info</name>
         <load_address>0x24f7</load_address>
         <run_address>0x24f7</run_address>
         <size>0x46</size>
         <input_file_ref idref="fl-c3"/>
      </object_component>
      <object_component id="oc-cd">
         <name>.debug_info</name>
         <load_address>0x253d</load_address>
         <run_address>0x253d</run_address>
         <size>0x2c</size>
         <input_file_ref idref="fl-c3"/>
      </object_component>
      <object_component id="oc-49">
         <name>.debug_info</name>
         <load_address>0x2569</load_address>
         <run_address>0x2569</run_address>
         <size>0x2a8</size>
         <input_file_ref idref="fl-c4"/>
      </object_component>
      <object_component id="oc-1d">
         <name>.debug_info</name>
         <load_address>0x2811</load_address>
         <run_address>0x2811</run_address>
         <size>0x1ea</size>
         <input_file_ref idref="fl-c4"/>
      </object_component>
      <object_component id="oc-44">
         <name>.debug_info</name>
         <load_address>0x29fb</load_address>
         <run_address>0x29fb</run_address>
         <size>0x46</size>
         <input_file_ref idref="fl-c4"/>
      </object_component>
      <object_component id="oc-88">
         <name>.debug_info</name>
         <load_address>0x2a41</load_address>
         <run_address>0x2a41</run_address>
         <size>0x2c</size>
         <input_file_ref idref="fl-c4"/>
      </object_component>
      <object_component id="oc-86">
         <name>.debug_info</name>
         <load_address>0x2a6d</load_address>
         <run_address>0x2a6d</run_address>
         <size>0x29e</size>
         <input_file_ref idref="fl-c5"/>
      </object_component>
      <object_component id="oc-18">
         <name>.debug_info</name>
         <load_address>0x2d0b</load_address>
         <run_address>0x2d0b</run_address>
         <size>0x250</size>
         <input_file_ref idref="fl-c5"/>
      </object_component>
      <object_component id="oc-34">
         <name>.debug_info</name>
         <load_address>0x2f5b</load_address>
         <run_address>0x2f5b</run_address>
         <size>0x60</size>
         <input_file_ref idref="fl-c5"/>
      </object_component>
      <object_component id="oc-c6">
         <name>.debug_info</name>
         <load_address>0x2fbb</load_address>
         <run_address>0x2fbb</run_address>
         <size>0x46</size>
         <input_file_ref idref="fl-c5"/>
      </object_component>
      <object_component id="oc-81">
         <name>.debug_info</name>
         <load_address>0x3001</load_address>
         <run_address>0x3001</run_address>
         <size>0x39</size>
         <input_file_ref idref="fl-c5"/>
      </object_component>
      <object_component id="oc-181">
         <name>.debug_info</name>
         <load_address>0x303a</load_address>
         <run_address>0x303a</run_address>
         <size>0x322</size>
         <input_file_ref idref="fl-c6"/>
      </object_component>
      <object_component id="oc-d9">
         <name>.debug_info</name>
         <load_address>0x335c</load_address>
         <run_address>0x335c</run_address>
         <size>0x177</size>
         <input_file_ref idref="fl-c6"/>
      </object_component>
      <object_component id="oc-281">
         <name>.debug_info</name>
         <load_address>0x34d3</load_address>
         <run_address>0x34d3</run_address>
         <size>0xb2</size>
         <input_file_ref idref="fl-c6"/>
      </object_component>
      <object_component id="oc-27d">
         <name>.debug_info</name>
         <load_address>0x3585</load_address>
         <run_address>0x3585</run_address>
         <size>0x144</size>
         <input_file_ref idref="fl-c7"/>
      </object_component>
      <object_component id="oc-17e">
         <name>.debug_info</name>
         <load_address>0x36c9</load_address>
         <run_address>0x36c9</run_address>
         <size>0x102</size>
         <input_file_ref idref="fl-c7"/>
      </object_component>
      <object_component id="oc-277">
         <name>.debug_info</name>
         <load_address>0x37cb</load_address>
         <run_address>0x37cb</run_address>
         <size>0x18f</size>
         <input_file_ref idref="fl-c7"/>
      </object_component>
      <object_component id="oc-25">
         <name>.debug_info</name>
         <load_address>0x395a</load_address>
         <run_address>0x395a</run_address>
         <size>0x10b</size>
         <input_file_ref idref="fl-c8"/>
      </object_component>
      <object_component id="oc-5e">
         <name>.debug_info</name>
         <load_address>0x3a65</load_address>
         <run_address>0x3a65</run_address>
         <size>0x1a9</size>
         <input_file_ref idref="fl-c8"/>
      </object_component>
      <object_component id="oc-27a">
         <name>.debug_info</name>
         <load_address>0x3c0e</load_address>
         <run_address>0x3c0e</run_address>
         <size>0x347</size>
         <input_file_ref idref="fl-c9"/>
      </object_component>
      <object_component id="oc-26b">
         <name>.debug_info</name>
         <load_address>0x3f55</load_address>
         <run_address>0x3f55</run_address>
         <size>0x18a</size>
         <input_file_ref idref="fl-c9"/>
      </object_component>
      <object_component id="oc-179">
         <name>.debug_info</name>
         <load_address>0x40df</load_address>
         <run_address>0x40df</run_address>
         <size>0x1c8</size>
         <input_file_ref idref="fl-c9"/>
      </object_component>
      <object_component id="oc-275">
         <name>.debug_info</name>
         <load_address>0x42a7</load_address>
         <run_address>0x42a7</run_address>
         <size>0x3fc</size>
         <input_file_ref idref="fl-ca"/>
      </object_component>
      <object_component id="oc-174">
         <name>.debug_info</name>
         <load_address>0x46a3</load_address>
         <run_address>0x46a3</run_address>
         <size>0x2e2</size>
         <input_file_ref idref="fl-ca"/>
      </object_component>
      <object_component id="oc-337">
         <name>.debug_info</name>
         <load_address>0x4985</load_address>
         <run_address>0x4985</run_address>
         <size>0x300</size>
         <input_file_ref idref="fl-cb"/>
      </object_component>
      <object_component id="oc-258">
         <name>.debug_info</name>
         <load_address>0x4c85</load_address>
         <run_address>0x4c85</run_address>
         <size>0x19c</size>
         <input_file_ref idref="fl-cb"/>
      </object_component>
      <object_component id="oc-3db">
         <name>.debug_info</name>
         <load_address>0x4e21</load_address>
         <run_address>0x4e21</run_address>
         <size>0xbf</size>
         <input_file_ref idref="fl-cb"/>
      </object_component>
      <object_component id="oc-3da">
         <name>.debug_info</name>
         <load_address>0x4ee0</load_address>
         <run_address>0x4ee0</run_address>
         <size>0x374</size>
         <input_file_ref idref="fl-cc"/>
      </object_component>
      <object_component id="oc-333">
         <name>.debug_info</name>
         <load_address>0x5254</load_address>
         <run_address>0x5254</run_address>
         <size>0x20b</size>
         <input_file_ref idref="fl-cc"/>
      </object_component>
      <object_component id="oc-3f">
         <name>.debug_info</name>
         <load_address>0x545f</load_address>
         <run_address>0x545f</run_address>
         <size>0x119</size>
         <input_file_ref idref="fl-cd"/>
      </object_component>
      <object_component id="oc-97">
         <name>.debug_info</name>
         <load_address>0x5578</load_address>
         <run_address>0x5578</run_address>
         <size>0x147</size>
         <input_file_ref idref="fl-ce"/>
      </object_component>
      <object_component id="oc-241">
         <name>.debug_info</name>
         <load_address>0x56bf</load_address>
         <run_address>0x56bf</run_address>
         <size>0x4b3</size>
         <input_file_ref idref="fl-cf"/>
      </object_component>
      <object_component id="oc-13e">
         <name>.debug_info</name>
         <load_address>0x5b72</load_address>
         <run_address>0x5b72</run_address>
         <size>0x1a6</size>
         <input_file_ref idref="fl-cf"/>
      </object_component>
      <object_component id="oc-319">
         <name>.debug_info</name>
         <load_address>0x5d18</load_address>
         <run_address>0x5d18</run_address>
         <size>0x39</size>
         <input_file_ref idref="fl-cf"/>
      </object_component>
      <object_component id="oc-3b3">
         <name>.debug_info</name>
         <load_address>0x5d51</load_address>
         <run_address>0x5d51</run_address>
         <size>0x39</size>
         <input_file_ref idref="fl-cf"/>
      </object_component>
      <object_component id="oc-31e">
         <name>.debug_info</name>
         <load_address>0x5d8a</load_address>
         <run_address>0x5d8a</run_address>
         <size>0x39</size>
         <input_file_ref idref="fl-cf"/>
      </object_component>
      <object_component id="oc-323">
         <name>.debug_info</name>
         <load_address>0x5dc3</load_address>
         <run_address>0x5dc3</run_address>
         <size>0xcd</size>
         <input_file_ref idref="fl-cf"/>
      </object_component>
      <object_component id="oc-a0">
         <name>.debug_info</name>
         <load_address>0x5e90</load_address>
         <run_address>0x5e90</run_address>
         <size>0x153</size>
         <input_file_ref idref="fl-d0"/>
      </object_component>
      <object_component id="oc-23e">
         <name>.debug_info</name>
         <load_address>0x5fe3</load_address>
         <run_address>0x5fe3</run_address>
         <size>0x3ad</size>
         <input_file_ref idref="fl-d2"/>
      </object_component>
      <object_component id="oc-238">
         <name>.debug_info</name>
         <load_address>0x6390</load_address>
         <run_address>0x6390</run_address>
         <size>0x190</size>
         <input_file_ref idref="fl-d2"/>
      </object_component>
      <object_component id="oc-135">
         <name>.debug_info</name>
         <load_address>0x6520</load_address>
         <run_address>0x6520</run_address>
         <size>0x122</size>
         <input_file_ref idref="fl-d2"/>
      </object_component>
      <object_component id="oc-138">
         <name>.debug_info</name>
         <load_address>0x6642</load_address>
         <run_address>0x6642</run_address>
         <size>0x184</size>
         <input_file_ref idref="fl-d2"/>
      </object_component>
      <object_component id="oc-313">
         <name>.debug_info</name>
         <load_address>0x67c6</load_address>
         <run_address>0x67c6</run_address>
         <size>0x2c9</size>
         <input_file_ref idref="fl-d3"/>
      </object_component>
      <object_component id="oc-23b">
         <name>.debug_info</name>
         <load_address>0x6a8f</load_address>
         <run_address>0x6a8f</run_address>
         <size>0x11e</size>
         <input_file_ref idref="fl-d3"/>
      </object_component>
      <object_component id="oc-30c">
         <name>.debug_info</name>
         <load_address>0x6bad</load_address>
         <run_address>0x6bad</run_address>
         <size>0x12e</size>
         <input_file_ref idref="fl-d3"/>
      </object_component>
      <object_component id="oc-33b">
         <name>.debug_info</name>
         <load_address>0x6cdb</load_address>
         <run_address>0x6cdb</run_address>
         <size>0x2a5</size>
         <input_file_ref idref="fl-d5"/>
      </object_component>
      <object_component id="oc-265">
         <name>.debug_info</name>
         <load_address>0x6f80</load_address>
         <run_address>0x6f80</run_address>
         <size>0x25d</size>
         <input_file_ref idref="fl-d5"/>
      </object_component>
      <object_component id="oc-72">
         <name>.debug_info</name>
         <load_address>0x71dd</load_address>
         <run_address>0x71dd</run_address>
         <size>0x3b2</size>
         <input_file_ref idref="fl-d6"/>
      </object_component>
      <object_component id="oc-28">
         <name>.debug_info</name>
         <load_address>0x758f</load_address>
         <run_address>0x758f</run_address>
         <size>0x10c</size>
         <input_file_ref idref="fl-d6"/>
      </object_component>
      <object_component id="oc-4f1">
         <name>.debug_info</name>
         <load_address>0x769b</load_address>
         <run_address>0x769b</run_address>
         <size>0x13f</size>
         <input_file_ref idref="fl-d6"/>
      </object_component>
      <object_component id="oc-3ce">
         <name>.debug_info</name>
         <load_address>0x77da</load_address>
         <run_address>0x77da</run_address>
         <size>0x168</size>
         <input_file_ref idref="fl-d6"/>
      </object_component>
      <object_component id="oc-470">
         <name>.debug_info</name>
         <load_address>0x7942</load_address>
         <run_address>0x7942</run_address>
         <size>0x18e</size>
         <input_file_ref idref="fl-d6"/>
      </object_component>
      <object_component id="oc-476">
         <name>.debug_info</name>
         <load_address>0x7ad0</load_address>
         <run_address>0x7ad0</run_address>
         <size>0x19f</size>
         <input_file_ref idref="fl-d6"/>
      </object_component>
      <object_component id="oc-3c9">
         <name>.debug_info</name>
         <load_address>0x7c6f</load_address>
         <run_address>0x7c6f</run_address>
         <size>0x203</size>
         <input_file_ref idref="fl-d6"/>
      </object_component>
      <object_component id="oc-4f6">
         <name>.debug_info</name>
         <load_address>0x7e72</load_address>
         <run_address>0x7e72</run_address>
         <size>0x1db</size>
         <input_file_ref idref="fl-d6"/>
      </object_component>
      <object_component id="oc-47e">
         <name>.debug_info</name>
         <load_address>0x804d</load_address>
         <run_address>0x804d</run_address>
         <size>0x299</size>
         <input_file_ref idref="fl-d6"/>
      </object_component>
      <object_component id="oc-bb">
         <name>.debug_info</name>
         <load_address>0x82e6</load_address>
         <run_address>0x82e6</run_address>
         <size>0xb2</size>
         <input_file_ref idref="fl-d6"/>
      </object_component>
      <object_component id="oc-b6">
         <name>.debug_info</name>
         <load_address>0x8398</load_address>
         <run_address>0x8398</run_address>
         <size>0x2c</size>
         <input_file_ref idref="fl-d6"/>
      </object_component>
      <object_component id="oc-339">
         <name>.debug_info</name>
         <load_address>0x83c4</load_address>
         <run_address>0x83c4</run_address>
         <size>0x28f</size>
         <input_file_ref idref="fl-d7"/>
      </object_component>
      <object_component id="oc-25f">
         <name>.debug_info</name>
         <load_address>0x8653</load_address>
         <run_address>0x8653</run_address>
         <size>0x245</size>
         <input_file_ref idref="fl-d7"/>
      </object_component>
      <object_component id="oc-341">
         <name>.debug_info</name>
         <load_address>0x8898</load_address>
         <run_address>0x8898</run_address>
         <size>0x397</size>
         <input_file_ref idref="fl-d8"/>
      </object_component>
      <object_component id="oc-270">
         <name>.debug_info</name>
         <load_address>0x8c2f</load_address>
         <run_address>0x8c2f</run_address>
         <size>0x18f</size>
         <input_file_ref idref="fl-d8"/>
      </object_component>
      <object_component id="oc-3ee">
         <name>.debug_info</name>
         <load_address>0x8dbe</load_address>
         <run_address>0x8dbe</run_address>
         <size>0x120</size>
         <input_file_ref idref="fl-d8"/>
      </object_component>
      <object_component id="oc-3f3">
         <name>.debug_info</name>
         <load_address>0x8ede</load_address>
         <run_address>0x8ede</run_address>
         <size>0x2c</size>
         <input_file_ref idref="fl-d8"/>
      </object_component>
      <object_component id="oc-3eb">
         <name>.debug_info</name>
         <load_address>0x8f0a</load_address>
         <run_address>0x8f0a</run_address>
         <size>0x337</size>
         <input_file_ref idref="fl-d9"/>
      </object_component>
      <object_component id="oc-3e7">
         <name>.debug_info</name>
         <load_address>0x9241</load_address>
         <run_address>0x9241</run_address>
         <size>0x109</size>
         <input_file_ref idref="fl-d9"/>
      </object_component>
      <object_component id="oc-33e">
         <name>.debug_info</name>
         <load_address>0x934a</load_address>
[...]
      </symbol>
      <symbol id="sm-211">
         <name>__aeabi_memclr4</name>
         <value>0x2a9d</value>
         <object_component_ref idref="oc-96"/>
      </symbol>
      <symbol id="sm-212">
         <name>__aeabi_memclr</name>
         <value>0x2a9d</value>
         <object_component_ref idref="oc-96"/>
      </symbol>
      <symbol id="sm-23a">
         <name>__TI_auto_init_nobinit_nopinit</name>
         <value>0x3481</value>
         <object_component_ref idref="oc-13d"/>
      </symbol>
      <symbol id="sm-244">
         <name>_system_pre_init</name>
         <value>0x3b61</value>
         <object_component_ref idref="oc-9c"/>
      </symbol>
      <symbol id="sm-26b">
         <name>C$$EXIT</name>
         <value>0x3b65</value>
         <object_component_ref idref="oc-131"/>
      </symbol>
      <symbol id="sm-26c">
         <name>abort</name>
         <value>0x3b65</value>
         <object_component_ref idref="oc-131"/>
      </symbol>
      <symbol id="sm-26d">
         <name>__TI_dtors_ptr</name>
         <value>0x20001308</value>
         <object_component_ref idref="oc-237"/>
      </symbol>
      <symbol id="sm-26e">
         <name>__TI_cleanup_ptr</name>
         <value>0x20001304</value>
         <object_component_ref idref="oc-237"/>
      </symbol>
      <symbol id="sm-26f">
         <name>__TI_enable_exit_profile_output</name>
         <value>0x2000130c</value>
         <object_component_ref idref="oc-237"/>
      </symbol>
      <symbol id="sm-270">
         <name>exit</name>
         <value>0x32dd</value>
         <object_component_ref idref="oc-137"/>
      </symbol>
      <symbol id="sm-285">
         <name>_nop</name>
         <value>0xcbb</value>
         <object_component_ref idref="oc-30b"/>
      </symbol>
      <symbol id="sm-286">
         <name>_lock</name>
         <value>0x2000131c</value>
         <object_component_ref idref="oc-23a"/>
      </symbol>
      <symbol id="sm-287">
         <name>_unlock</name>
         <value>0x20001320</value>
         <object_component_ref idref="oc-23a"/>
      </symbol>
      <symbol id="sm-298">
         <name>memchr</name>
         <value>0x38cd</value>
         <object_component_ref idref="oc-262"/>
      </symbol>
      <symbol id="sm-321">
         <name>_sys_memory</name>
         <value>0x20000270</value>
         <object_component_ref idref="oc-27"/>
      </symbol>
      <symbol id="sm-322">
         <name>free</name>
         <value>0x2381</value>
         <object_component_ref idref="oc-3c7"/>
      </symbol>
      <symbol id="sm-323">
         <name>memalign</name>
         <value>0x2091</value>
         <object_component_ref idref="oc-47c"/>
      </symbol>
      <symbol id="sm-324">
         <name>malloc</name>
         <value>0x3b41</value>
         <object_component_ref idref="oc-3cd"/>
      </symbol>
      <symbol id="sm-325">
         <name>aligned_alloc</name>
         <value>0x2091</value>
         <object_component_ref idref="oc-47c"/>
      </symbol>
      <symbol id="sm-333">
         <name>strlen</name>
         <value>0x3a95</value>
         <object_component_ref idref="oc-25c"/>
      </symbol>
      <symbol id="sm-34d">
         <name>write</name>
         <value>0x3861</value>
         <object_component_ref idref="oc-26e"/>
      </symbol>
      <symbol id="sm-35e">
         <name>_stream</name>
         <value>0x200012a4</value>
         <object_component_ref idref="oc-33d"/>
      </symbol>
      <symbol id="sm-35f">
         <name>_device</name>
         <value>0x2000122c</value>
         <object_component_ref idref="oc-3e6"/>
      </symbol>
      <symbol id="sm-36f">
         <name>__TI_cleanup</name>
         <value>0x3661</value>
         <object_component_ref idref="oc-3d3"/>
      </symbol>
      <symbol id="sm-381">
         <name>fseek</name>
         <value>0x2e75</value>
         <object_component_ref idref="oc-32a"/>
      </symbol>
      <symbol id="sm-392">
         <name>HOSTclose</name>
         <value>0x33b5</value>
         <object_component_ref idref="oc-492"/>
      </symbol>
      <symbol id="sm-3a3">
         <name>HOSTlseek</name>
         <value>0x2cd9</value>
         <object_component_ref idref="oc-4a4"/>
      </symbol>
      <symbol id="sm-3b5">
         <name>parmbuf</name>
         <value>0x20001130</value>
      </symbol>
      <symbol id="sm-3b6">
         <name>HOSTopen</name>
         <value>0x2f3d</value>
         <object_component_ref idref="oc-48c"/>
      </symbol>
      <symbol id="sm-3c7">
         <name>HOSTread</name>
         <value>0x2ff9</value>
         <object_component_ref idref="oc-498"/>
      </symbol>
      <symbol id="sm-3d8">
         <name>HOSTrename</name>
         <value>0x2c6d</value>
         <object_component_ref idref="oc-4b0"/>
      </symbol>
      <symbol id="sm-3e9">
         <name>HOSTunlink</name>
         <value>0x33f9</value>
         <object_component_ref idref="oc-4aa"/>
      </symbol>
      <symbol id="sm-3fa">
         <name>HOSTwrite</name>
         <value>0x3051</value>
         <object_component_ref idref="oc-49e"/>
      </symbol>
      <symbol id="sm-41e">
         <name>__TI_readmsg</name>
         <value>0x3695</value>
         <object_component_ref idref="oc-511"/>
      </symbol>
      <symbol id="sm-41f">
         <name>C$$IO$$</name>
         <value>0x35b7</value>
         <object_component_ref idref="oc-50b"/>
      </symbol>
      <symbol id="sm-420">
         <name>__CIOBUF_</name>
         <value>0x20000e70</value>
         <object_component_ref idref="oc-54c"/>
      </symbol>
      <symbol id="sm-421">
         <name>__TI_writemsg</name>
         <value>0x3589</value>
         <object_component_ref idref="oc-50b"/>
      </symbol>
      <symbol id="sm-432">
         <name>lseek</name>
         <value>0x3839</value>
         <object_component_ref idref="oc-3bf"/>
      </symbol>
      <symbol id="sm-447">
         <name>__TI_closefile</name>
         <value>0x2b19</value>
         <object_component_ref idref="oc-483"/>
      </symbol>
      <symbol id="sm-46f">
         <name>finddevice</name>
         <value>0x372d</value>
         <object_component_ref idref="oc-56a"/>
      </symbol>
      <symbol id="sm-470">
         <name>getdevice</name>
         <value>0x34c5</value>
         <object_component_ref idref="oc-542"/>
      </symbol>
      <symbol id="sm-480">
         <name>strchr</name>
         <value>0x3a2d</value>
         <object_component_ref idref="oc-44a"/>
      </symbol>
      <symbol id="sm-48f">
         <name>strcmp</name>
         <value>0x3a15</value>
         <object_component_ref idref="oc-581"/>
      </symbol>
      <symbol id="sm-49d">
         <name>strcpy</name>
         <value>0x3a81</value>
         <object_component_ref idref="oc-525"/>
      </symbol>
      <symbol id="sm-4ad">
         <name>strncpy</name>
         <value>0x35c1</value>
         <object_component_ref idref="oc-564"/>
      </symbol>
      <symbol id="sm-4c2">
         <name>close</name>
         <value>0x2f9d</value>
         <object_component_ref idref="oc-4fc"/>
      </symbol>
      <symbol id="sm-4d2">
         <name>unlink</name>
         <value>0x37b9</value>
         <object_component_ref idref="oc-502"/>
      </symbol>
      <symbol id="sm-568">
         <name>GPIOIntRegister</name>
         <value>0x39b3</value>
         <object_component_ref idref="oc-ff"/>
      </symbol>
      <symbol id="sm-569">
         <name>GPIOPinConfigure</name>
         <value>0x3295</value>
         <object_component_ref idref="oc-208"/>
      </symbol>
      <symbol id="sm-56a">
         <name>GPIOIntEnable</name>
         <value>0x3aff</value>
         <object_component_ref idref="oc-111"/>
      </symbol>
      <symbol id="sm-56b">
         <name>GPIOIntTypeSet</name>
         <value>0x30a9</value>
         <object_component_ref idref="oc-105"/>
      </symbol>
      <symbol id="sm-56c">
         <name>GPIOPinTypeGPIOInput</name>
         <value>0x3aa9</value>
         <object_component_ref idref="oc-1cb"/>
      </symbol>
      <symbol id="sm-56d">
         <name>GPIOIntClear</name>
         <value>0x3b49</value>
         <object_component_ref idref="oc-e7"/>
      </symbol>
      <symbol id="sm-56e">
         <name>GPIOPinTypeUART</name>
         <value>0x3abb</value>
         <object_component_ref idref="oc-20e"/>
      </symbol>
      <symbol id="sm-56f">
         <name>GPIOPinTypeGPIOOutput</name>
         <value>0x39cb</value>
         <object_component_ref idref="oc-1e1"/>
      </symbol>
      <symbol id="sm-570">
         <name>GPIOPinRead</name>
         <value>0x3b4f</value>
         <object_component_ref idref="oc-1d7"/>
      </symbol>
      <symbol id="sm-571">
         <name>GPIODirModeSet</name>
         <value>0x37e5</value>
         <object_component_ref idref="oc-2a7"/>
      </symbol>
      <symbol id="sm-572">
         <name>GPIOPinWrite</name>
         <value>0x3b55</value>
         <object_component_ref idref="oc-182"/>
      </symbol>
      <symbol id="sm-573">
         <name>GPIOPadConfigSet</name>
         <value>0x1b07</value>
         <object_component_ref idref="oc-1d1"/>
      </symbol>
      <symbol id="sm-5bd">
         <name>IntPrioritySet</name>
         <value>0x3889</value>
         <object_component_ref idref="oc-10b"/>
      </symbol>
      <symbol id="sm-5be">
         <name>IntEnable</name>
         <value>0x2d41</value>
         <object_component_ref idref="oc-1f8"/>
      </symbol>
      <symbol id="sm-5bf">
         <name>IntRegister</name>
         <value>0x35f9</value>
         <object_component_ref idref="oc-1f2"/>
      </symbol>
      <symbol id="sm-5c0">
         <name>g_pfnRAMVectors</name>
         <value>0x20000000</value>
         <object_component_ref idref="oc-2bc"/>
      </symbol>
      <symbol id="sm-612">
         <name>SysCtlClockSet</name>
         <value>0x228d</value>
         <object_component_ref idref="oc-195"/>
      </symbol>
      <symbol id="sm-613">
         <name>SysCtlDelay</name>
         <value>0x3b5b</value>
         <object_component_ref idref="oc-194"/>
      </symbol>
      <symbol id="sm-614">
         <name>SysCtlPeripheralEnable</name>
         <value>0x362d</value>
         <object_component_ref idref="oc-1c5"/>
      </symbol>
      <symbol id="sm-615">
         <name>SysCtlClockGet</name>
         <value>0x1e71</value>
         <object_component_ref idref="oc-19b"/>
      </symbol>
      <symbol id="sm-67d">
         <name>schdExecute</name>
         <value>0xe65</value>
         <object_component_ref idref="oc-e1"/>
      </symbol>
      <symbol id="sm-67e">
         <name>sysTimeWaitAbsolute</name>
         <value>0xd9f</value>
         <object_component_ref idref="oc-e1"/>
      </symbol>
      <symbol id="sm-67f">
         <name>lpInit</name>
         <value>0xfc7</value>
         <object_component_ref idref="oc-e1"/>
      </symbol>
      <symbol id="sm-680">
         <name>sysTimeGet</name>
         <value>0xd4f</value>
         <object_component_ref idref="oc-e1"/>
      </symbol>
      <symbol id="sm-681">
         <name>sysTimeReached</name>
         <value>0xd55</value>
         <object_component_ref idref="oc-e1"/>
      </symbol>
      <symbol id="sm-682">
         <name>waitUs</name>
         <value>0xf99</value>
         <object_component_ref idref="oc-e1"/>
      </symbol>
      <symbol id="sm-683">
         <name>sysTimeWait</name>
         <value>0xd7b</value>
         <object_component_ref idref="oc-e1"/>
      </symbol>
      <symbol id="sm-684">
         <name>schdCallback</name>
         <value>0xdeb</value>
         <object_component_ref idref="oc-e1"/>
      </symbol>
      <symbol id="sm-685">
         <name>waitMs</name>
         <value>0xf69</value>
         <object_component_ref idref="oc-e1"/>
      </symbol>
      <symbol id="sm-6a0">
         <name>ledInit</name>
         <value>0x26db</value>
         <object_component_ref idref="oc-f3"/>
      </symbol>
      <symbol id="sm-6a1">
         <name>ledInitForced</name>
         <value>0x26b9</value>
         <object_component_ref idref="oc-f3"/>
      </symbol>
      <symbol id="sm-6a2">
         <name>ledTurnOnOff</name>
         <value>0x26ef</value>
         <object_component_ref idref="oc-f3"/>
      </symbol>
      <symbol id="sm-6c0">
         <name>pbInitForced</name>
         <value>0x2889</value>
         <object_component_ref idref="oc-ed"/>
      </symbol>
      <symbol id="sm-6c1">
         <name>pbInit</name>
         <value>0x28bd</value>
         <object_component_ref idref="oc-ed"/>
      </symbol>
      <symbol id="sm-6c2">
         <name>pbRead</name>
         <value>0x28d1</value>
         <object_component_ref idref="oc-ed"/>
      </symbol>
      <symbol id="sm-6d9">
         <name>uartPutString</name>
         <value>0x259f</value>
         <object_component_ref idref="oc-122"/>
      </symbol>
      <symbol id="sm-6da">
         <name>uprintf</name>
         <value>0x25cb</value>
         <object_component_ref idref="oc-122"/>
      </symbol>
      <symbol id="sm-6db">
         <name>uartInit</name>
         <value>0x2541</value>
         <object_component_ref idref="oc-122"/>
      </symbol>
      <symbol id="sm-6dc">
         <name>uartPutChar</name>
         <value>0x257b</value>
         <object_component_ref idref="oc-122"/>
      </symbol>
      <symbol id="sm-6dd">
         <name>uartGetChar</name>
         <value>0x258d</value>
         <object_component_ref idref="oc-122"/>
      </symbol>
      <symbol id="sm-707">
         <name>vsnprintf</name>
         <value>0x3509</value>
         <object_component_ref idref="oc-226"/>
      </symbol>
      <symbol id="sm-714">
         <name>__aeabi_uldivmod</name>
         <value>0x27f1</value>
         <object_component_ref idref="oc-18f"/>
      </symbol>
      <symbol id="sm-879">
         <name>__TI_printfi</name>
         <value>0x26d</value>
         <object_component_ref idref="oc-2dd"/>
      </symbol>
      <symbol id="sm-899">
         <name>frexpl</name>
         <value>0x2e11</value>
         <object_component_ref idref="oc-43e"/>
      </symbol>
      <symbol id="sm-89a">
         <name>frexp</name>
         <value>0x2e11</value>
         <object_component_ref idref="oc-43e"/>
      </symbol>
      <symbol id="sm-8b7">
         <name>scalbn</name>
         <value>0x1f81</value>
         <object_component_ref idref="oc-444"/>
      </symbol>
      <symbol id="sm-8b8">
         <name>scalbnl</name>
         <value>0x1f81</value>
         <object_component_ref idref="oc-444"/>
      </symbol>
      <symbol id="sm-8b9">
         <name>ldexpl</name>
         <value>0x1f81</value>
         <object_component_ref idref="oc-444"/>
      </symbol>
      <symbol id="sm-8ba">
         <name>ldexp</name>
         <value>0x1f81</value>
         <object_component_ref idref="oc-444"/>
      </symbol>
      <symbol id="sm-8d3">
         <name>wcslen</name>
         <value>0x3acd</value>
         <object_component_ref idref="oc-394"/>
      </symbol>
      <symbol id="sm-8dd">
         <name>__aeabi_idiv0</name>
         <value>0x1893</value>
         <object_component_ref idref="oc-28b"/>
      </symbol>
      <symbol id="sm-8de">
         <name>__aeabi_ldiv0</name>
         <value>0x1893</value>
         <object_component_ref idref="oc-28b"/>
      </symbol>
      <symbol id="sm-8f5">
         <name>__aeabi_dsub</name>
         <value>0x16dd</value>
         <object_component_ref idref="oc-41e"/>
      </symbol>
      <symbol id="sm-8f6">
         <name>__aeabi_dadd</name>
         <value>0x16e7</value>
         <object_component_ref idref="oc-41e"/>
      </symbol>
      <symbol id="sm-918">
         <name>__aeabi_cdcmpeq</name>
         <value>0x2915</value>
         <object_component_ref idref="oc-371"/>
      </symbol>
      <symbol id="sm-919">
         <name>__aeabi_cdcmple</name>
         <value>0x2915</value>
         <object_component_ref idref="oc-371"/>
      </symbol>
      <symbol id="sm-91a">
         <name>__aeabi_cdrcmple</name>
         <value>0x299b</value>
         <object_component_ref idref="oc-409"/>
      </symbol>
      <symbol id="sm-92e">
         <name>__aeabi_ddiv</name>
         <value>0x19d1</value>
         <object_component_ref idref="oc-404"/>
      </symbol>
      <symbol id="sm-939">
         <name>__aeabi_dmul</name>
         <value>0x2191</value>
         <object_component_ref idref="oc-3ff"/>
      </symbol>
      <symbol id="sm-943">
         <name>__aeabi_d2iz</name>
         <value>0x3325</value>
         <object_component_ref idref="oc-40e"/>
      </symbol>
      <symbol id="sm-94d">
         <name>__aeabi_i2d</name>
         <value>0x375d</value>
         <object_component_ref idref="oc-419"/>
      </symbol>
      <symbol id="sm-95c">
         <name>__TI_ltoa</name>
         <value>0x3155</value>
         <object_component_ref idref="oc-413"/>
      </symbol>
      <symbol id="sm-972">
         <name>atoi</name>
         <value>0x3249</value>
         <object_component_ref idref="oc-365"/>
      </symbol>
      <symbol id="sm-97d">
         <name>_ctypes_</name>
         <value>0x3b68</value>
         <object_component_ref idref="oc-3f8"/>
      </symbol>
      <symbol id="sm-98d">
         <name>memccpy</name>
         <value>0x397d</value>
         <object_component_ref idref="oc-38e"/>
      </symbol>
      <symbol id="sm-9a3">
         <name>__aeabi_errno_addr</name>
         <value>0x3b39</value>
         <object_component_ref idref="oc-39a"/>
      </symbol>
      <symbol id="sm-9a4">
         <name>errno</name>
         <value>0x20001334</value>
         <object_component_ref idref="oc-45a"/>
      </symbol>
      <symbol id="sm-9ae">
         <name>copysign</name>
         <value>0x3999</value>
         <object_component_ref idref="oc-4d2"/>
      </symbol>
      <symbol id="sm-9af">
         <name>copysignl</name>
         <value>0x3999</value>
         <object_component_ref idref="oc-4d2"/>
      </symbol>
      <symbol id="sm-9dc">
         <name>SysTickEnable</name>
         <value>0x3a45</value>
         <object_component_ref idref="oc-1b3"/>
      </symbol>
      <symbol id="sm-9dd">
         <name>SysTickIntRegister</name>
         <value>0x390d</value>
         <object_component_ref idref="oc-1a7"/>
      </symbol>
      <symbol id="sm-9de">
         <name>SysTickIntEnable</name>
         <value>0x3a59</value>
         <object_component_ref idref="oc-1ad"/>
      </symbol>
      <symbol id="sm-9df">
         <name>SysTickPeriodSet</name>
         <value>0x3ae1</value>
         <object_component_ref idref="oc-1a1"/>
      </symbol>
      <symbol id="sm-a12">
         <name>UARTConfigSetExpClk</name>
         <value>0x336d</value>
         <object_component_ref idref="oc-214"/>
      </symbol>
      <symbol id="sm-a13">
         <name>UARTDisable</name>
         <value>0x38ad</value>
         <object_component_ref idref="oc-2cd"/>
      </symbol>
      <symbol id="sm-a14">
         <name>UARTCharPut</name>
         <value>0x3b2d</value>
         <object_component_ref idref="oc-21a"/>
      </symbol>
      <symbol id="sm-a15">
         <name>UARTEnable</name>
         <value>0x3a6d</value>
         <object_component_ref idref="oc-2d3"/>
      </symbol>
      <symbol id="sm-a16">
         <name>UARTCharGet</name>
         <value>0x3b23</value>
         <object_component_ref idref="oc-220"/>
      </symbol>
      <symbol id="sm-a17">
         <name>__TI_static_base__</name>
         <value>0x0</value>
      </symbol>
      <symbol id="sm-a1a">
         <name>__mpu_init</name>
         <value>0x0</value>
      </symbol>
      <symbol id="sm-a1b">
         <name>_system_post_cinit</name>
         <value>0x0</value>
      </symbol>
      <symbol id="sm-a1c">
         <name>remove</name>
         <value>0x37b9</value>
      </symbol>
   </symbol_table>
   <title>Link successful</title>
</link_info>
