******************************************************************************
                  TI ARM Linker PC v20.2.5                     
******************************************************************************
>> Linked Mon Jul 25 23:25:14 2022

OUTPUT FILE NAME:   <Lab5.out>
ENTRY POINT SYMBOL: "_c_int00_noargs"  address: 000036c9


MEMORY CONFIGURATION

         name            origin    length      used     unused   attr    fill
----------------------  --------  ---------  --------  --------  ----  --------
  FLASH                 00000000   00040000  000040b4  0003bf4c  R  X
  SRAM                  20000000   00008000  00001336  00006cca  RW X


SEGMENT ALLOCATION MAP

run origin  load origin   length   init length attrs members
----------  ----------- ---------- ----------- ----- -------
00000000    00000000    000040b8   000040b8    r-x
  00000000    00000000    0000026c   0000026c    r-- .intvecs
  0000026c    0000026c    000038fc   000038fc    r-x .text
  00003b68    00003b68    000004a4   000004a4    r-- .const
  00004010    00004010    000000a8   000000a8    r-- .cinit
20000000    20000000    0000133a   00000000    rw-
  20000000    20000000    0000026c   00000000    rw- .vtable
  20000270    20000270    00000800   00000000    rw- .sysmem
  20000a70    20000a70    00000400   00000000    rw- .stack
  20000e70    20000e70    000002cc   00000000    rw- .bss
  2000113c    2000113c    000001fe   00000000    rw- .data


SECTION ALLOCATION MAP

 output                                  attributes/
section   page    origin      length       input sections
--------  ----  ----------  ----------   ----------------
.intvecs   0    00000000    0000026c     
                  00000000    0000026c     tm4c123gh6pm_startup_ccs.obj (.intvecs)

.text      0    0000026c    000038fc     
                  0000026c    00000a4e     rtsv7M4_T_le_v4SPD16_eabi.lib : _printfi.c.obj (.text:__TI_printfi)
                  00000cba    00000002                                   : _lock.c.obj (.text:_nop)
                  00000cbc    000003d0     Util.lib : launchpad.obj (.text)
                  0000108c    00000270     rtsv7M4_T_le_v4SPD16_eabi.lib : _printfi.c.obj (.text:_pconv_a)
                  000012fc    00000210     main.obj (.text)
                  0000150c    000001d0     rtsv7M4_T_le_v4SPD16_eabi.lib : _printfi.c.obj (.text:_pconv_g)
                  000016dc    000001b6                                   : fd_add_t2.asm.obj (.text)
                  00001892    00000002                                   : div0.asm.obj (.text)
                  00001894    0000013c                                   : _printfi.c.obj (.text:_pconv_e)
                  000019d0    00000136                                   : fd_div_t2.asm.obj (.text)
                  00001b06    00000132     driverlib.lib : gpio.obj (.text:GPIOPadConfigSet)
                  00001c38    00000124     rtsv7M4_T_le_v4SPD16_eabi.lib : _printfi.c.obj (.text:fcvt)
                  00001d5c    00000114                                   : fputs.c.obj (.text:fputs)
                  00001e70    00000110     driverlib.lib : sysctl.obj (.text:SysCtlClockGet)
                  00001f80    00000110     rtsv7M4_T_le_v4SPD16_eabi.lib : s_scalbn.c.obj (.text:scalbn)
                  00002090    00000100                                   : memory.c.obj (.text:aligned_alloc)
                  00002190    000000fc                                   : fd_mul_t2.asm.obj (.text)
                  0000228c    000000f4     driverlib.lib : sysctl.obj (.text:SysCtlClockSet)
                  00002380    000000e4     rtsv7M4_T_le_v4SPD16_eabi.lib : memory.c.obj (.text:free)
                  00002464    000000dc                                   : setvbuf.c.obj (.text:setvbuf)
                  00002540    000000c4     Util.lib : uart.obj (.text)
                  00002604    000000b1     rtsv7M4_T_le_v4SPD16_eabi.lib : _printfi.c.obj (.text:_ltostr)
                  000026b5    00000003     --HOLE-- [fill = 0]
                  000026b8    0000009c     Util.lib : led.obj (.text)
                  00002754    0000009c     rtsv7M4_T_le_v4SPD16_eabi.lib : memcpy_t2.asm.obj (.text)
                  000027f0    00000096                                   : ull_div_t2.asm.obj (.text)
                  00002886    00000002     --HOLE-- [fill = 0]
                  00002888    0000008c     Util.lib : pushbutton.obj (.text)
                  00002914    00000086     rtsv7M4_T_le_v4SPD16_eabi.lib : fd_cmp_t2.asm.obj (.text:__aeabi_cdcmple)
                  0000299a    00000086                                   : fd_cmp_t2.asm.obj (.text:__aeabi_cdrcmple)
                  00002a20    0000007c                                   : fflush.c.obj (.text:fflush)
                  00002a9c    0000007a                                   : memset_t2.asm.obj (.text)
                  00002b16    00000002     --HOLE-- [fill = 0]
                  00002b18    00000074                                   : fclose.c.obj (.text:__TI_closefile)
                  00002b8c    00000070                                   : memory.c.obj (.text:split)
                  00002bfc    0000006e                                   : _printfi.c.obj (.text:_mcpy)
                  00002c6a    00000002     --HOLE-- [fill = 0]
                  00002c6c    0000006c                                   : hostrename.c.obj (.text:HOSTrename)
                  00002cd8    00000068                                   : hostlseek.c.obj (.text:HOSTlseek)
                  00002d40    00000068     driverlib.lib : interrupt.obj (.text:IntEnable)
                  00002da8    00000068     rtsv7M4_T_le_v4SPD16_eabi.lib : copy_decompress_lzss.c.obj (.text:decompress:lzss:__TI_decompress_lzss)
                  00002e10    00000064                                   : s_frexp.c.obj (.text:frexp)
                  00002e74    00000064                                   : fseek.c.obj (.text:fseek)
                  00002ed8    00000062                                   : _io_perm.c.obj (.text:__TI_wrt_ok)
                  00002f3a    00000002     --HOLE-- [fill = 0]
                  00002f3c    00000060                                   : hostopen.c.obj (.text:HOSTopen)
                  00002f9c    0000005c                                   : close.c.obj (.text:close)
                  00002ff8    00000058                                   : hostread.c.obj (.text:HOSTread)
                  00003050    00000058                                   : hostwrite.c.obj (.text:HOSTwrite)
                  000030a8    00000056     driverlib.lib : gpio.obj (.text:GPIOIntTypeSet)
                  000030fe    00000056     rtsv7M4_T_le_v4SPD16_eabi.lib : _printfi.c.obj (.text:_pconv_f)
                  00003154    00000054                                   : _ltoa.c.obj (.text:__TI_ltoa)
                  000031a8    00000052                                   : _printfi.c.obj (.text:_ecpy)
                  000031fa    0000004c                                   : fflush.c.obj (.text:__TI_doflush)
                  00003246    00000002     --HOLE-- [fill = 0]
                  00003248    0000004c                                   : atoi.c.obj (.text:atoi)
                  00003294    00000048     driverlib.lib : gpio.obj (.text:GPIOPinConfigure)
                  000032dc    00000048     rtsv7M4_T_le_v4SPD16_eabi.lib : exit.c.obj (.text:exit)
                  00003324    00000048                                   : fd_toi_t2.asm.obj (.text)
                  0000336c    00000046     driverlib.lib : uart.obj (.text:UARTConfigSetExpClk)
                  000033b2    00000002     --HOLE-- [fill = 0]
                  000033b4    00000044     rtsv7M4_T_le_v4SPD16_eabi.lib : hostclose.c.obj (.text:HOSTclose)
                  000033f8    00000044                                   : hostunlink.c.obj (.text:HOSTunlink)
                  0000343c    00000044     driverlib.lib : gpio.obj (.text:_GPIOIntNumberGet)
                  00003480    00000044     rtsv7M4_T_le_v4SPD16_eabi.lib : autoinit.c.obj (.text:__TI_auto_init_nobinit_nopinit:__TI_auto_init_nobinit_nopinit)
                  000034c4    00000044                                   : getdevice.c.obj (.text:getdevice)
                  00003508    00000040                                   : vsnprintf.c.obj (.text:vsnprintf)
                  00003548    0000003e                                   : _printfi.c.obj (.text:_fcpy)
                  00003586    00000002     --HOLE-- [fill = 0]
                  00003588    00000038                                   : trgmsg.c.obj (.text:__TI_writemsg)
                  000035c0    00000036                                   : strncpy.c.obj (.text:strncpy)
                  000035f6    00000002     --HOLE-- [fill = 0]
                  000035f8    00000034     driverlib.lib : interrupt.obj (.text:IntRegister)
                  0000362c    00000034                   : sysctl.obj (.text:SysCtlPeripheralEnable)
                  00003660    00000034     rtsv7M4_T_le_v4SPD16_eabi.lib : fopen.c.obj (.text:__TI_cleanup)
                  00003694    00000034                                   : trgmsg.c.obj (.text:__TI_readmsg)
                  000036c8    00000034                                   : boot_cortex_m.c.obj (.text:_c_int00_noargs:_c_int00_noargs)
                  000036fc    00000030                                   : vsnprintf.c.obj (.text:_outs)
                  0000372c    00000030                                   : getdevice.c.obj (.text:finddevice)
                  0000375c    0000002e                                   : i_tofd_t2.asm.obj (.text)
                  0000378a    00000002     --HOLE-- [fill = 0]
                  0000378c    0000002c     buzzer_asm.obj (.text)
                  000037b8    0000002c     rtsv7M4_T_le_v4SPD16_eabi.lib : unlink.c.obj (.text:unlink)
                  000037e4    0000002a     driverlib.lib : gpio.obj (.text:GPIODirModeSet)
                  0000380e    00000002     --HOLE-- [fill = 0]
                  00003810    00000028     rtsv7M4_T_le_v4SPD16_eabi.lib : memory.c.obj (.text:free_list_insert)
                  00003838    00000028                                   : lseek.c.obj (.text:lseek)
                  00003860    00000028                                   : write.c.obj (.text:write)
                  00003888    00000024     driverlib.lib : interrupt.obj (.text:IntPrioritySet)
                  000038ac    00000020                   : uart.obj (.text:UARTDisable)
                  000038cc    00000020     rtsv7M4_T_le_v4SPD16_eabi.lib : memchr.c.obj (.text:memchr)
                  000038ec    00000020     motion_asm.obj (.text)
                  0000390c    0000001c     driverlib.lib : systick.obj (.text:SysTickIntRegister)
                  00003928    0000001c     rtsv7M4_T_le_v4SPD16_eabi.lib : assert.c.obj (.text:_abort_msg)
                  00003944    0000001c     buzzer.obj (.text)
                  00003960    0000001c     rtsv7M4_T_le_v4SPD16_eabi.lib : memory.c.obj (.text:free_list_remove)
                  0000397c    0000001c                                   : memccpy.c.obj (.text:memccpy)
                  00003998    0000001a                                   : s_copysign.c.obj (.text:copysign)
                  000039b2    00000018     driverlib.lib : gpio.obj (.text:GPIOIntRegister)
                  000039ca    00000018                   : gpio.obj (.text:GPIOPinTypeGPIOOutput)
                  000039e2    00000018     rtsv7M4_T_le_v4SPD16_eabi.lib : vsnprintf.c.obj (.text:_outc)
                  000039fa    00000002     --HOLE-- [fill = 0]
                  000039fc    00000018     motion.obj (.text)
                  00003a14    00000018     rtsv7M4_T_le_v4SPD16_eabi.lib : strcmp.c.obj (.text:strcmp)
                  00003a2c    00000016                                   : strchr.c.obj (.text:strchr)
                  00003a42    00000002     --HOLE-- [fill = 0]
                  00003a44    00000014     driverlib.lib : systick.obj (.text:SysTickEnable)
                  00003a58    00000014                   : systick.obj (.text:SysTickIntEnable)
                  00003a6c    00000014                   : uart.obj (.text:UARTEnable)
                  00003a80    00000014     rtsv7M4_T_le_v4SPD16_eabi.lib : strcpy.c.obj (.text:strcpy)
                  00003a94    00000014                                   : strlen.c.obj (.text:strlen)
                  00003aa8    00000012     driverlib.lib : gpio.obj (.text:GPIOPinTypeGPIOInput)
                  00003aba    00000012                   : gpio.obj (.text:GPIOPinTypeUART)
                  00003acc    00000012     rtsv7M4_T_le_v4SPD16_eabi.lib : wcslen.c.obj (.text:wcslen)
                  00003ade    00000002     --HOLE-- [fill = 0]
                  00003ae0    00000010     driverlib.lib : systick.obj (.text:SysTickPeriodSet)
                  00003af0    0000000e     rtsv7M4_T_le_v4SPD16_eabi.lib : copy_decompress_none.c.obj (.text:decompress:none:__TI_decompress_none)
                  00003afe    0000000c     driverlib.lib : gpio.obj (.text:GPIOIntEnable)
                  00003b0a    0000000c     rtsv7M4_T_le_v4SPD16_eabi.lib : copy_zero_init.c.obj (.text:decompress:ZI:__TI_zero_init)
                  00003b16    0000000c     tm4c123gh6pm_startup_ccs.obj (.text)
                  00003b22    0000000a     driverlib.lib : uart.obj (.text:UARTCharGet)
                  00003b2c    0000000a                   : uart.obj (.text:UARTCharPut)
                  00003b36    00000002     --HOLE-- [fill = 0]
                  00003b38    00000008     rtsv7M4_T_le_v4SPD16_eabi.lib : errno.c.obj (.text:__aeabi_errno_addr)
                  00003b40    00000008                                   : memory.c.obj (.text:malloc)
                  00003b48    00000006     driverlib.lib : gpio.obj (.text:GPIOIntClear)
                  00003b4e    00000006                   : gpio.obj (.text:GPIOPinRead)
                  00003b54    00000006                   : gpio.obj (.text:GPIOPinWrite)
                  00003b5a    00000006                   : sysctl.obj (.text:SysCtlDelay)
                  00003b60    00000004     rtsv7M4_T_le_v4SPD16_eabi.lib : pre_init.c.obj (.text:_system_pre_init)
                  00003b64    00000004                                   : exit.c.obj (.text:abort:abort)

.const     0    00003b68    000004a4     
                  00003b68    00000101     rtsv7M4_T_le_v4SPD16_eabi.lib : ctype.c.obj (.const:.string:_ctypes_)
                  00003c69    00000003     --HOLE-- [fill = 0]
                  00003c6c    000000d8     driverlib.lib : gpio.obj (.const:g_ppui32GPIOIntMapSnowflake)
                  00003d44    000000c0                   : gpio.obj (.const:g_ppui32GPIOIntMapBlizzard)
                  00003e04    0000009c                   : interrupt.obj (.const:g_pui32Regs)
                  00003ea0    00000090                   : gpio.obj (.const:g_pui32GPIOBaseAddrs)
                  00003f30    00000070                   : interrupt.obj (.const)
                  00003fa0    0000006c                   : sysctl.obj (.const:g_pui32Xtals)

.cinit     0    00004010    000000a8     
                  00004010    00000071     (.cinit..data.load) [load image, compression = lzss]
                  00004081    00000003     --HOLE-- [fill = 0]
                  00004084    0000000c     (__TI_handler_table)
                  00004090    00000008     (.cinit..bss.load) [load image, compression = zero_init]
                  00004098    00000008     (.cinit..vtable.load) [load image, compression = zero_init]
                  000040a0    00000018     (__TI_cinit_table)

.init_array 
*          0    00000000    00000000     UNINITIALIZED

.vtable    0    20000000    0000026c     UNINITIALIZED
                  20000000    0000026c     driverlib.lib : interrupt.obj (.vtable)

.sysmem    0    20000270    00000800     UNINITIALIZED
                  20000270    00000010     rtsv7M4_T_le_v4SPD16_eabi.lib : memory.c.obj (.sysmem)
                  20000280    000007f0     --HOLE--

.stack     0    20000a70    00000400     UNINITIALIZED
                  20000a70    00000004     rtsv7M4_T_le_v4SPD16_eabi.lib : boot_cortex_m.c.obj (.stack)
                  20000a74    000003fc     --HOLE--

.bss       0    20000e70    000002cc     UNINITIALIZED
                  20000e70    00000120     rtsv7M4_T_le_v4SPD16_eabi.lib : trgmsg.c.obj (.bss:_CIOBUF_)
                  20000f90    00000100     Util.lib : launchpad.obj (.bss:callbackHeap)
                  20001090    000000a0     (.common:__TI_tmpnams)
                  20001130    00000008     (.common:parmbuf)
                  20001138    00000004              : launchpad.obj (.bss)

.data      0    2000113c    000001fe     UNINITIALIZED
                  2000113c    000000f0     rtsv7M4_T_le_v4SPD16_eabi.lib : defs.c.obj (.data:_ftable)
                  2000122c    00000078                                   : host_device.c.obj (.data:_device)
                  200012a4    00000050                                   : host_device.c.obj (.data:_stream)
                  200012f4    00000010                                   : defs.c.obj (.data)
                  20001304    0000000c                                   : exit.c.obj (.data:$O1$$)
                  20001310    0000000c     main.obj (.data)
                  2000131c    00000008     rtsv7M4_T_le_v4SPD16_eabi.lib : _lock.c.obj (.data:$O1$$)
                  20001324    00000008                                   : memory.c.obj (.data:$O1$$)
                  2000132c    00000008     Util.lib : launchpad.obj (.data)
                  20001334    00000004     rtsv7M4_T_le_v4SPD16_eabi.lib : errno.c.obj (.data)
                  20001338    00000001     Util.lib : led.obj (.data)
                  20001339    00000001              : pushbutton.obj (.data)

__llvm_prf_cnts 
*          0    20000000    00000000     UNINITIALIZED

MODULE SUMMARY

       Module                         code    ro data   rw data
       ------                         ----    -------   -------
    .\
       tm4c123gh6pm_startup_ccs.obj   12      620       0      
       main.obj                       528     0         12     
       buzzer_asm.obj                 44      0         0      
       motion_asm.obj                 32      0         0      
       buzzer.obj                     28      0         0      
       motion.obj                     24      0         0      
    +--+------------------------------+-------+---------+---------+
       Total:                         668     620       12     
                                                               
    C:/Users/vubui/Desktop/ECE266_Workspaces/._GitHub/LabGroup3/Util/Debug/Util.lib
       launchpad.obj                  976     0         268    
       uart.obj                       196     0         0      
       led.obj                        156     0         1      
       pushbutton.obj                 140     0         1      
    +--+------------------------------+-------+---------+---------+
       Total:                         1468    0         270    
                                                               
    C:/ti/TivaWare_C_Series-2.1.4.178/driverlib/ccs/Debug/driverlib.lib
       gpio.obj                       688     552       0      
       interrupt.obj                  192     268       620    
       sysctl.obj                     574     108       0      
       uart.obj                       142     0         0      
       systick.obj                    84      0         0      
    +--+------------------------------+-------+---------+---------+
       Total:                         1680    928       620    
                                                               
    C:\ti\ccs1120\ccs\tools\compiler\ti-cgt-arm_20.2.5.LTS\lib\rtsv7M4_T_le_v4SPD16_eabi.lib
       _printfi.c.obj                 4851    0         0      
       memory.c.obj                   672     0         8      
       fd_add_t2.asm.obj              438     0         0      
       defs.c.obj                     0       0         416    
       trgmsg.c.obj                   108     0         288    
       fd_div_t2.asm.obj              310     0         0      
       fputs.c.obj                    276     0         0      
       s_scalbn.c.obj                 272     0         0      
       fd_cmp_t2.asm.obj              268     0         0      
       ctype.c.obj                    0       257       0      
       fd_mul_t2.asm.obj              252     0         0      
       setvbuf.c.obj                  220     0         0      
       fflush.c.obj                   200     0         0      
       host_device.c.obj              0       0         200    
       memcpy_t2.asm.obj              156     0         0      
       ull_div_t2.asm.obj             150     0         0      
       vsnprintf.c.obj                136     0         0      
       memset_t2.asm.obj              122     0         0      
       fclose.c.obj                   116     0         0      
       getdevice.c.obj                116     0         0      
       hostrename.c.obj               108     0         0      
       copy_decompress_lzss.c.obj     104     0         0      
       hostlseek.c.obj                104     0         0      
       hostopen.c.obj                 96      0         8      
       fseek.c.obj                    100     0         0      
       s_frexp.c.obj                  100     0         0      
       _io_perm.c.obj                 98      0         0      
       close.c.obj                    92      0         0      
       exit.c.obj                     76      0         12     
       hostread.c.obj                 88      0         0      
       hostwrite.c.obj                88      0         0      
       _ltoa.c.obj                    84      0         0      
       atoi.c.obj                     76      0         0      
       fd_toi_t2.asm.obj              72      0         0      
       autoinit.c.obj                 68      0         0      
       hostclose.c.obj                68      0         0      
       hostunlink.c.obj               68      0         0      
       strncpy.c.obj                  54      0         0      
       boot_cortex_m.c.obj            52      0         0      
       fopen.c.obj                    52      0         0      
       i_tofd_t2.asm.obj              46      0         0      
       unlink.c.obj                   44      0         0      
       lseek.c.obj                    40      0         0      
       write.c.obj                    40      0         0      
       memchr.c.obj                   32      0         0      
       assert.c.obj                   28      0         0      
       memccpy.c.obj                  28      0         0      
       s_copysign.c.obj               26      0         0      
       strcmp.c.obj                   24      0         0      
       strchr.c.obj                   22      0         0      
       strcpy.c.obj                   20      0         0      
       strlen.c.obj                   20      0         0      
       wcslen.c.obj                   18      0         0      
       copy_decompress_none.c.obj     14      0         0      
       copy_zero_init.c.obj           12      0         0      
       errno.c.obj                    8       0         4      
       _lock.c.obj                    2       0         8      
       pre_init.c.obj                 4       0         0      
       div0.asm.obj                   2       0         0      
    +--+------------------------------+-------+---------+---------+
       Total:                         10741   257       944    
                                                               
       Heap:                          0       0         2048   
       Stack:                         0       0         1024   
       Linker Generated:              0       165       0      
    +--+------------------------------+-------+---------+---------+
       Grand Total:                   14557   1970      4918   


LINKER GENERATED COPY TABLES

__TI_cinit_table @ 000040a0 records: 3, size/record: 8, table size: 24
	.data: load addr=00004010, load size=00000071 bytes, run addr=2000113c, run size=000001fe bytes, compression=lzss
	.bss: load addr=00004090, load size=00000008 bytes, run addr=20000e70, run size=000002cc bytes, compression=zero_init
	.vtable: load addr=00004098, load size=00000008 bytes, run addr=20000000, run size=0000026c bytes, compression=zero_init


LINKER GENERATED HANDLER TABLE

__TI_handler_table @ 00004084 records: 3, size/record: 4, table size: 12
	index: 0, handler: __TI_zero_init
	index: 1, handler: __TI_decompress_lzss
	index: 2, handler: __TI_decompress_none


GLOBAL SYMBOLS: SORTED ALPHABETICALLY BY Name 

address   name                           
-------   ----                           
00003b65  C$$EXIT                        
000035b7  C$$IO$$                        
000037e5  GPIODirModeSet                 
00003b49  GPIOIntClear                   
00003aff  GPIOIntEnable                  
000039b3  GPIOIntRegister                
000030a9  GPIOIntTypeSet                 
00001b07  GPIOPadConfigSet               
00003295  GPIOPinConfigure               
00003b4f  GPIOPinRead                    
00003aa9  GPIOPinTypeGPIOInput           
000039cb  GPIOPinTypeGPIOOutput          
00003abb  GPIOPinTypeUART                
00003b55  GPIOPinWrite                   
000033b5  HOSTclose                      
00002cd9  HOSTlseek                      
00002f3d  HOSTopen                       
00002ff9  HOSTread                       
00002c6d  HOSTrename                     
000033f9  HOSTunlink                     
00003051  HOSTwrite                      
00002d41  IntEnable                      
00003889  IntPrioritySet                 
000035f9  IntRegister                    
00003b17  ResetISR                       
00001e71  SysCtlClockGet                 
0000228d  SysCtlClockSet                 
00003b5b  SysCtlDelay                    
0000362d  SysCtlPeripheralEnable         
00003a45  SysTickEnable                  
00003a59  SysTickIntEnable               
0000390d  SysTickIntRegister             
00003ae1  SysTickPeriodSet               
00003b23  UARTCharGet                    
00003b2d  UARTCharPut                    
0000336d  UARTConfigSetExpClk            
000038ad  UARTDisable                    
00003a6d  UARTEnable                     
20000e70  __CIOBUF_                      
20000e70  __STACK_END                    
00000400  __STACK_SIZE                   
20000c70  __STACK_TOP                    
00000800  __SYSMEM_SIZE                  
000040a0  __TI_CINIT_Base                
000040b8  __TI_CINIT_Limit               
00004084  __TI_Handler_Table_Base        
00004090  __TI_Handler_Table_Limit       
00003481  __TI_auto_init_nobinit_nopinit 
00003661  __TI_cleanup                   
20001304  __TI_cleanup_ptr               
00002b19  __TI_closefile                 
00002da9  __TI_decompress_lzss           
00003af1  __TI_decompress_none           
000031fb  __TI_doflush                   
20001308  __TI_dtors_ptr                 
2000130c  __TI_enable_exit_profile_output
200012f4  __TI_ft_end                    
00003155  __TI_ltoa                      
ffffffff  __TI_pprof_out_hndl            
0000026d  __TI_printfi                   
ffffffff  __TI_prof_data_size            
ffffffff  __TI_prof_data_start           
00003695  __TI_readmsg                   
00000000  __TI_static_base__             
20001090  __TI_tmpnams                   
00003589  __TI_writemsg                  
00002ed9  __TI_wrt_ok                    
00003b0b  __TI_zero_init                 
00002915  __aeabi_cdcmpeq                
00002915  __aeabi_cdcmple                
0000299b  __aeabi_cdrcmple               
00003325  __aeabi_d2iz                   
000016e7  __aeabi_dadd                   
000019d1  __aeabi_ddiv                   
00002191  __aeabi_dmul                   
000016dd  __aeabi_dsub                   
00003b39  __aeabi_errno_addr             
0000375d  __aeabi_i2d                    
00001893  __aeabi_idiv0                  
00001893  __aeabi_ldiv0                  
00002a9d  __aeabi_memclr                 
00002a9d  __aeabi_memclr4                
00002a9d  __aeabi_memclr8                
00002755  __aeabi_memcpy                 
00002755  __aeabi_memcpy4                
00002755  __aeabi_memcpy8                
00002a9f  __aeabi_memset                 
00002a9f  __aeabi_memset4                
00002a9f  __aeabi_memset8                
20001300  __aeabi_stderr                 
200012f8  __aeabi_stdin                  
200012fc  __aeabi_stdout                 
000027f1  __aeabi_uldivmod               
ffffffff  __binit__                      
ffffffff  __c_args__                     
UNDEFED   __mpu_init                     
20000a70  __stack                        
20000000  __start___llvm_prf_cnts        
20000000  __stop___llvm_prf_cnts         
00003929  _abort_msg                     
000036c9  _c_int00_noargs                
00003b68  _ctypes_                       
2000122c  _device                        
2000113c  _ftable                        
2000131c  _lock                          
00000cbb  _nop                           
200012a4  _stream                        
20000270  _sys_memory                    
UNDEFED   _system_post_cinit             
00003b61  _system_pre_init               
20001320  _unlock                        
00003b65  abort                          
00002091  aligned_alloc                  
00003249  atoi                           
ffffffff  binit                          
00003945  buzzerInit                     
000037a5  buzzerOff                      
00003791  buzzerOn                       
000012fd  callbackBuzzerPlay             
00002f9d  close                          
00003999  copysign                       
00003999  copysignl                      
20001334  errno                          
000032dd  exit                           
00002a21  fflush                         
0000372d  finddevice                     
00001d5d  fputs                          
00002381  free                           
00002e11  frexp                          
00002e11  frexpl                         
00002e75  fseek                          
20000000  g_pfnRAMVectors                
00000000  g_pfnVectors                   
000034c5  getdevice                      
00001417  intrInit                       
00001f81  ldexp                          
00001f81  ldexpl                         
000026db  ledInit                        
000026b9  ledInitForced                  
000026ef  ledTurnOnOff                   
00000fc7  lpInit                         
00003839  lseek                          
0000145f  main                           
00003b41  malloc                         
00002091  memalign                       
0000397d  memccpy                        
000038cd  memchr                         
00002755  memcpy                         
00002aa5  memset                         
000039fd  motionDetect                   
000013c5  motionEnable                   
000038f5  motionInit                     
20001130  parmbuf                        
0000135b  pbISR                          
000028bd  pbInit                         
00002889  pbInitForced                   
000028d1  pbRead                         
000037b9  remove                         
00001f81  scalbn                         
00001f81  scalbnl                        
00000deb  schdCallback                   
00000e65  schdExecute                    
00002465  setvbuf                        
00003a2d  strchr                         
00003a15  strcmp                         
00003a81  strcpy                         
00003a95  strlen                         
000035c1  strncpy                        
00000d4f  sysTimeGet                     
00000d55  sysTimeReached                 
00000d7b  sysTimeWait                    
00000d9f  sysTimeWaitAbsolute            
0000258d  uartGetChar                    
00002541  uartInit                       
0000257b  uartPutChar                    
0000259f  uartPutString                  
000037b9  unlink                         
000025cb  uprintf                        
00003509  vsnprintf                      
00000f69  waitMs                         
00000f99  waitUs                         
00003acd  wcslen                         
00003861  write                          


GLOBAL SYMBOLS: SORTED BY Symbol Address 

address   name                           
-------   ----                           
00000000  __TI_static_base__             
00000000  g_pfnVectors                   
0000026d  __TI_printfi                   
00000400  __STACK_SIZE                   
00000800  __SYSMEM_SIZE                  
00000cbb  _nop                           
00000d4f  sysTimeGet                     
00000d55  sysTimeReached                 
00000d7b  sysTimeWait                    
00000d9f  sysTimeWaitAbsolute            
00000deb  schdCallback                   
00000e65  schdExecute                    
00000f69  waitMs                         
00000f99  waitUs                         
00000fc7  lpInit                         
000012fd  callbackBuzzerPlay             
0000135b  pbISR                          
000013c5  motionEnable                   
00001417  intrInit                       
0000145f  main                           
000016dd  __aeabi_dsub                   
000016e7  __aeabi_dadd                   
00001893  __aeabi_idiv0                  
00001893  __aeabi_ldiv0                  
000019d1  __aeabi_ddiv                   
00001b07  GPIOPadConfigSet               
00001d5d  fputs                          
00001e71  SysCtlClockGet                 
00001f81  ldexp                          
00001f81  ldexpl                         
00001f81  scalbn                         
00001f81  scalbnl                        
00002091  aligned_alloc                  
00002091  memalign                       
00002191  __aeabi_dmul                   
0000228d  SysCtlClockSet                 
00002381  free                           
00002465  setvbuf                        
00002541  uartInit                       
0000257b  uartPutChar                    
0000258d  uartGetChar                    
0000259f  uartPutString                  
000025cb  uprintf                        
000026b9  ledInitForced                  
000026db  ledInit                        
000026ef  ledTurnOnOff                   
00002755  __aeabi_memcpy                 
00002755  __aeabi_memcpy4                
00002755  __aeabi_memcpy8                
00002755  memcpy                         
000027f1  __aeabi_uldivmod               
00002889  pbInitForced                   
000028bd  pbInit                         
000028d1  pbRead                         
00002915  __aeabi_cdcmpeq                
00002915  __aeabi_cdcmple                
0000299b  __aeabi_cdrcmple               
00002a21  fflush                         
00002a9d  __aeabi_memclr                 
00002a9d  __aeabi_memclr4                
00002a9d  __aeabi_memclr8                
00002a9f  __aeabi_memset                 
00002a9f  __aeabi_memset4                
00002a9f  __aeabi_memset8                
00002aa5  memset                         
00002b19  __TI_closefile                 
00002c6d  HOSTrename                     
00002cd9  HOSTlseek                      
00002d41  IntEnable                      
00002da9  __TI_decompress_lzss           
00002e11  frexp                          
00002e11  frexpl                         
00002e75  fseek                          
00002ed9  __TI_wrt_ok                    
00002f3d  HOSTopen                       
00002f9d  close                          
00002ff9  HOSTread                       
00003051  HOSTwrite                      
000030a9  GPIOIntTypeSet                 
00003155  __TI_ltoa                      
000031fb  __TI_doflush                   
00003249  atoi                           
00003295  GPIOPinConfigure               
000032dd  exit                           
00003325  __aeabi_d2iz                   
0000336d  UARTConfigSetExpClk            
000033b5  HOSTclose                      
000033f9  HOSTunlink                     
00003481  __TI_auto_init_nobinit_nopinit 
000034c5  getdevice                      
00003509  vsnprintf                      
00003589  __TI_writemsg                  
000035b7  C$$IO$$                        
000035c1  strncpy                        
000035f9  IntRegister                    
0000362d  SysCtlPeripheralEnable         
00003661  __TI_cleanup                   
00003695  __TI_readmsg                   
000036c9  _c_int00_noargs                
0000372d  finddevice                     
0000375d  __aeabi_i2d                    
00003791  buzzerOn                       
000037a5  buzzerOff                      
000037b9  remove                         
000037b9  unlink                         
000037e5  GPIODirModeSet                 
00003839  lseek                          
00003861  write                          
00003889  IntPrioritySet                 
000038ad  UARTDisable                    
000038cd  memchr                         
000038f5  motionInit                     
0000390d  SysTickIntRegister             
00003929  _abort_msg                     
00003945  buzzerInit                     
0000397d  memccpy                        
00003999  copysign                       
00003999  copysignl                      
000039b3  GPIOIntRegister                
000039cb  GPIOPinTypeGPIOOutput          
000039fd  motionDetect                   
00003a15  strcmp                         
00003a2d  strchr                         
00003a45  SysTickEnable                  
00003a59  SysTickIntEnable               
00003a6d  UARTEnable                     
00003a81  strcpy                         
00003a95  strlen                         
00003aa9  GPIOPinTypeGPIOInput           
00003abb  GPIOPinTypeUART                
00003acd  wcslen                         
00003ae1  SysTickPeriodSet               
00003af1  __TI_decompress_none           
00003aff  GPIOIntEnable                  
00003b0b  __TI_zero_init                 
00003b17  ResetISR                       
00003b23  UARTCharGet                    
00003b2d  UARTCharPut                    
00003b39  __aeabi_errno_addr             
00003b41  malloc                         
00003b49  GPIOIntClear                   
00003b4f  GPIOPinRead                    
00003b55  GPIOPinWrite                   
00003b5b  SysCtlDelay                    
00003b61  _system_pre_init               
00003b65  C$$EXIT                        
00003b65  abort                          
00003b68  _ctypes_                       
00004084  __TI_Handler_Table_Base        
00004090  __TI_Handler_Table_Limit       
000040a0  __TI_CINIT_Base                
000040b8  __TI_CINIT_Limit               
20000000  __start___llvm_prf_cnts        
20000000  __stop___llvm_prf_cnts         
20000000  g_pfnRAMVectors                
20000270  _sys_memory                    
20000a70  __stack                        
20000c70  __STACK_TOP                    
20000e70  __CIOBUF_                      
20000e70  __STACK_END                    
20001090  __TI_tmpnams                   
20001130  parmbuf                        
2000113c  _ftable                        
2000122c  _device                        
200012a4  _stream                        
200012f4  __TI_ft_end                    
200012f8  __aeabi_stdin                  
200012fc  __aeabi_stdout                 
20001300  __aeabi_stderr                 
20001304  __TI_cleanup_ptr               
20001308  __TI_dtors_ptr                 
2000130c  __TI_enable_exit_profile_output
2000131c  _lock                          
20001320  _unlock                        
20001334  errno                          
ffffffff  __TI_pprof_out_hndl            
ffffffff  __TI_prof_data_size            
ffffffff  __TI_prof_data_start           
ffffffff  __binit__                      
ffffffff  __c_args__                     
ffffffff  binit                          
UNDEFED   __mpu_init                     
UNDEFED   _system_post_cinit             

[183 symbols]
