******************************************************************************
                  TI ARM Linker PC v20.2.5                     
******************************************************************************
>> Linked Fri Jul 15 22:21:41 2022

OUTPUT FILE NAME:   <Lab3.out>
ENTRY POINT SYMBOL: "_c_int00_noargs"  address: 00002cd9


MEMORY CONFIGURATION

         name            origin    length      used     unused   attr    fill
----------------------  --------  ---------  --------  --------  ----  --------
  FLASH                 00000000   00040000  000031a2  0003ce5e  R  X
  SRAM                  20000000   00008000  00000594  00007a6c  RW X


SEGMENT ALLOCATION MAP

run origin  load origin   length   init length attrs members
----------  ----------- ---------- ----------- ----- -------
00000000    00000000    000031a8   000031a8    r-x
  00000000    00000000    0000026c   0000026c    r-- .intvecs
  0000026c    0000026c    00002ce6   00002ce6    r-x .text
  00002f54    00002f54    00000200   00000200    r-- .const
  00003158    00003158    00000050   00000050    r-- .cinit
20000000    20000000    00000598   00000000    rw-
  20000000    20000000    0000026c   00000000    rw- .vtable
  20000270    20000270    00000200   00000000    rw- .stack
  20000470    20000470    00000108   00000000    rw- .bss
  20000578    20000578    00000020   00000000    rw- .data


SECTION ALLOCATION MAP

 output                                  attributes/
section   page    origin      length       input sections
--------  ----  ----------  ----------   ----------------
.intvecs   0    00000000    0000026c     
                  00000000    0000026c     tm4c123gh6pm_startup_ccs.obj (.intvecs)

.text      0    0000026c    00002ce6     
                  0000026c    00000a4e     rtsv7M4_T_le_v4SPD16_eabi.lib : _printfi.c.obj (.text:__TI_printfi)
                  00000cba    00000002                                   : div0.asm.obj (.text)
                  00000cbc    000003d0     Util.lib : launchpad.obj (.text)
                  0000108c    00000270     rtsv7M4_T_le_v4SPD16_eabi.lib : _printfi.c.obj (.text:_pconv_a)
                  000012fc    000001fc     seg7.obj (.text)
                  000014f8    000001d0     rtsv7M4_T_le_v4SPD16_eabi.lib : _printfi.c.obj (.text:_pconv_g)
                  000016c8    000001b6                                   : fd_add_t2.asm.obj (.text)
                  0000187e    00000002     --HOLE-- [fill = 0]
                  00001880    0000013c                                   : _printfi.c.obj (.text:_pconv_e)
                  000019bc    00000136                                   : fd_div_t2.asm.obj (.text)
                  00001af2    00000132     driverlib.lib : gpio.obj (.text:GPIOPadConfigSet)
                  00001c24    00000124     rtsv7M4_T_le_v4SPD16_eabi.lib : _printfi.c.obj (.text:fcvt)
                  00001d48    00000110     driverlib.lib : sysctl.obj (.text:SysCtlClockGet)
                  00001e58    00000110     rtsv7M4_T_le_v4SPD16_eabi.lib : s_scalbn.c.obj (.text:scalbn)
                  00001f68    000000fc     main.obj (.text)
                  00002064    000000fc     rtsv7M4_T_le_v4SPD16_eabi.lib : fd_mul_t2.asm.obj (.text)
                  00002160    000000f4     driverlib.lib : sysctl.obj (.text:SysCtlClockSet)
                  00002254    000000c4     Util.lib : uart.obj (.text)
                  00002318    000000b1     rtsv7M4_T_le_v4SPD16_eabi.lib : _printfi.c.obj (.text:_ltostr)
                  000023c9    00000003     --HOLE-- [fill = 0]
                  000023cc    0000009c     Util.lib : led.obj (.text)
                  00002468    0000009c     rtsv7M4_T_le_v4SPD16_eabi.lib : memcpy_t2.asm.obj (.text)
                  00002504    00000096                                   : ull_div_t2.asm.obj (.text)
                  0000259a    00000002     --HOLE-- [fill = 0]
                  0000259c    0000008c     Util.lib : pushbutton.obj (.text)
                  00002628    00000086     rtsv7M4_T_le_v4SPD16_eabi.lib : fd_cmp_t2.asm.obj (.text:__aeabi_cdcmple)
                  000026ae    00000086                                   : fd_cmp_t2.asm.obj (.text:__aeabi_cdrcmple)
                  00002734    0000007a                                   : memset_t2.asm.obj (.text)
                  000027ae    0000006e                                   : _printfi.c.obj (.text:_mcpy)
                  0000281c    00000068                                   : copy_decompress_lzss.c.obj (.text:decompress:lzss:__TI_decompress_lzss)
                  00002884    00000064                                   : s_frexp.c.obj (.text:frexp)
                  000028e8    00000056                                   : _printfi.c.obj (.text:_pconv_f)
                  0000293e    00000054                                   : _ltoa.c.obj (.text:__TI_ltoa)
                  00002992    00000002     --HOLE-- [fill = 0]
                  00002994    00000054     sig7digit.obj (.text)
                  000029e8    00000052     rtsv7M4_T_le_v4SPD16_eabi.lib : _printfi.c.obj (.text:_ecpy)
                  00002a3a    00000002     --HOLE-- [fill = 0]
                  00002a3c    0000004c                                   : atoi.c.obj (.text:atoi)
                  00002a88    0000004a     sw-increment.obj (.text)
                  00002ad2    00000002     --HOLE-- [fill = 0]
                  00002ad4    00000048     driverlib.lib : gpio.obj (.text:GPIOPinConfigure)
                  00002b1c    00000048     rtsv7M4_T_le_v4SPD16_eabi.lib : fd_toi_t2.asm.obj (.text)
                  00002b64    00000046     driverlib.lib : uart.obj (.text:UARTConfigSetExpClk)
                  00002baa    00000002     --HOLE-- [fill = 0]
                  00002bac    00000044     rtsv7M4_T_le_v4SPD16_eabi.lib : autoinit.c.obj (.text:__TI_auto_init_nobinit_nopinit:__TI_auto_init_nobinit_nopinit)
                  00002bf0    00000040                                   : vsnprintf.c.obj (.text:vsnprintf)
                  00002c30    0000003e                                   : _printfi.c.obj (.text:_fcpy)
                  00002c6e    00000002     --HOLE-- [fill = 0]
                  00002c70    00000034     driverlib.lib : interrupt.obj (.text:IntRegister)
                  00002ca4    00000034                   : sysctl.obj (.text:SysCtlPeripheralEnable)
                  00002cd8    00000034     rtsv7M4_T_le_v4SPD16_eabi.lib : boot_cortex_m.c.obj (.text:_c_int00_noargs:_c_int00_noargs)
                  00002d0c    00000030                                   : vsnprintf.c.obj (.text:_outs)
                  00002d3c    0000002e                                   : i_tofd_t2.asm.obj (.text)
                  00002d6a    0000002a     driverlib.lib : gpio.obj (.text:GPIODirModeSet)
                  00002d94    00000020                   : uart.obj (.text:UARTDisable)
                  00002db4    0000001c                   : systick.obj (.text:SysTickIntRegister)
                  00002dd0    0000001c     rtsv7M4_T_le_v4SPD16_eabi.lib : copy_zero_init.c.obj (.text:decompress:ZI:__TI_zero_init_nomemset:__TI_zero_init_nomemset)
                  00002dec    0000001c                                   : memccpy.c.obj (.text:memccpy)
                  00002e08    0000001a                                   : s_copysign.c.obj (.text:copysign)
                  00002e22    00000018     driverlib.lib : gpio.obj (.text:GPIOPinTypeGPIOOutput)
                  00002e3a    00000018     rtsv7M4_T_le_v4SPD16_eabi.lib : vsnprintf.c.obj (.text:_outc)
                  00002e52    00000016                                   : strchr.c.obj (.text:strchr)
                  00002e68    00000014     driverlib.lib : systick.obj (.text:SysTickEnable)
                  00002e7c    00000014                   : systick.obj (.text:SysTickIntEnable)
                  00002e90    00000014                   : uart.obj (.text:UARTEnable)
                  00002ea4    00000014     rtsv7M4_T_le_v4SPD16_eabi.lib : strlen.c.obj (.text:strlen)
                  00002eb8    00000012     driverlib.lib : gpio.obj (.text:GPIOPinTypeGPIOInput)
                  00002eca    00000012                   : gpio.obj (.text:GPIOPinTypeUART)
                  00002edc    00000012     rtsv7M4_T_le_v4SPD16_eabi.lib : wcslen.c.obj (.text:wcslen)
                  00002eee    00000002     --HOLE-- [fill = 0]
                  00002ef0    00000010     driverlib.lib : systick.obj (.text:SysTickPeriodSet)
                  00002f00    0000000e     rtsv7M4_T_le_v4SPD16_eabi.lib : copy_decompress_none.c.obj (.text:decompress:none:__TI_decompress_none)
                  00002f0e    0000000c     tm4c123gh6pm_startup_ccs.obj (.text)
                  00002f1a    0000000a     driverlib.lib : uart.obj (.text:UARTCharGet)
                  00002f24    0000000a                   : uart.obj (.text:UARTCharPut)
                  00002f2e    00000002     --HOLE-- [fill = 0]
                  00002f30    00000008     rtsv7M4_T_le_v4SPD16_eabi.lib : errno.c.obj (.text:__aeabi_errno_addr)
                  00002f38    00000006     driverlib.lib : gpio.obj (.text:GPIOPinRead)
                  00002f3e    00000006                   : gpio.obj (.text:GPIOPinWrite)
                  00002f44    00000006                   : sysctl.obj (.text:SysCtlDelay)
                  00002f4a    00000004     rtsv7M4_T_le_v4SPD16_eabi.lib : pre_init.c.obj (.text:_system_pre_init)
                  00002f4e    00000004                                   : exit.c.obj (.text:abort:abort)

.const     0    00002f54    00000200     
                  00002f54    00000101     rtsv7M4_T_le_v4SPD16_eabi.lib : ctype.c.obj (.const:.string:_ctypes_)
                  00003055    00000003     --HOLE-- [fill = 0]
                  00003058    00000090     driverlib.lib : gpio.obj (.const:g_pui32GPIOBaseAddrs)
                  000030e8    0000006c                   : sysctl.obj (.const:g_pui32Xtals)

.cinit     0    00003158    00000050     
                  00003158    00000016     (.cinit..data.load) [load image, compression = lzss]
                  0000316e    00000002     --HOLE-- [fill = 0]
                  00003170    0000000c     (__TI_handler_table)
                  0000317c    00000004     --HOLE-- [fill = 0]
                  00003180    00000008     (.cinit..bss.load) [load image, compression = zero_init]
                  00003188    00000008     (.cinit..vtable.load) [load image, compression = zero_init]
                  00003190    00000018     (__TI_cinit_table)

.init_array 
*          0    00000000    00000000     UNINITIALIZED

.vtable    0    20000000    0000026c     UNINITIALIZED
                  20000000    0000026c     driverlib.lib : interrupt.obj (.vtable)

.bss       0    20000470    00000108     UNINITIALIZED
                  20000470    00000100     Util.lib : launchpad.obj (.bss:callbackHeap)
                  20000570    00000004              : launchpad.obj (.bss)
                  20000574    00000004     sig7digit.obj (.bss)

.data      0    20000578    00000020     UNINITIALIZED
                  20000578    0000000a     sig7digit.obj (.data)
                  20000582    00000001     Util.lib : led.obj (.data)
                  20000583    00000001              : pushbutton.obj (.data)
                  20000584    00000008              : launchpad.obj (.data)
                  2000058c    00000005     main.obj (.data:seg7Display)
                  20000591    00000001     main.obj (.data)
                  20000592    00000002     --HOLE--
                  20000594    00000004     rtsv7M4_T_le_v4SPD16_eabi.lib : errno.c.obj (.data)

.stack     0    20000270    00000200     UNINITIALIZED
                  20000270    00000004     rtsv7M4_T_le_v4SPD16_eabi.lib : boot_cortex_m.c.obj (.stack)
                  20000274    000001fc     --HOLE--

__llvm_prf_cnts 
*          0    20000000    00000000     UNINITIALIZED

MODULE SUMMARY

       Module                         code    ro data   rw data
       ------                         ----    -------   -------
    .\
       tm4c123gh6pm_startup_ccs.obj   12      620       0      
       seg7.obj                       508     0         0      
       main.obj                       252     0         6      
       sig7digit.obj                  84      0         14     
       sw-increment.obj               74      0         0      
    +--+------------------------------+-------+---------+---------+
       Total:                         930     620       20     
                                                               
    C:/Users/vubui/Desktop/ECE266_Workspaces/._GitHub/LabGroup3/Util/Debug/Util.lib
       launchpad.obj                  976     0         268    
       uart.obj                       196     0         0      
       led.obj                        156     0         1      
       pushbutton.obj                 140     0         1      
    +--+------------------------------+-------+---------+---------+
       Total:                         1468    0         270    
                                                               
    C:/ti/TivaWare_C_Series-2.1.4.178/driverlib/ccs/Debug/driverlib.lib
       sysctl.obj                     574     108       0      
       interrupt.obj                  52      0         620    
       gpio.obj                       492     144       0      
       uart.obj                       142     0         0      
       systick.obj                    84      0         0      
    +--+------------------------------+-------+---------+---------+
       Total:                         1344    252       620    
                                                               
    C:\ti\ccs1120\ccs\tools\compiler\ti-cgt-arm_20.2.5.LTS\lib\rtsv7M4_T_le_v4SPD16_eabi.lib
       _printfi.c.obj                 4851    0         0      
       fd_add_t2.asm.obj              438     0         0      
       fd_div_t2.asm.obj              310     0         0      
       s_scalbn.c.obj                 272     0         0      
       fd_cmp_t2.asm.obj              268     0         0      
       ctype.c.obj                    0       257       0      
       fd_mul_t2.asm.obj              252     0         0      
       memcpy_t2.asm.obj              156     0         0      
       ull_div_t2.asm.obj             150     0         0      
       vsnprintf.c.obj                136     0         0      
       memset_t2.asm.obj              122     0         0      
       copy_decompress_lzss.c.obj     104     0         0      
       s_frexp.c.obj                  100     0         0      
       _ltoa.c.obj                    84      0         0      
       atoi.c.obj                     76      0         0      
       fd_toi_t2.asm.obj              72      0         0      
       autoinit.c.obj                 68      0         0      
       boot_cortex_m.c.obj            52      0         0      
       i_tofd_t2.asm.obj              46      0         0      
       copy_zero_init.c.obj           28      0         0      
       memccpy.c.obj                  28      0         0      
       s_copysign.c.obj               26      0         0      
       strchr.c.obj                   22      0         0      
       strlen.c.obj                   20      0         0      
       wcslen.c.obj                   18      0         0      
       copy_decompress_none.c.obj     14      0         0      
       errno.c.obj                    8       0         4      
       exit.c.obj                     4       0         0      
       pre_init.c.obj                 4       0         0      
       div0.asm.obj                   2       0         0      
    +--+------------------------------+-------+---------+---------+
       Total:                         7731    257       4      
                                                               
       Stack:                         0       0         512    
       Linker Generated:              0       74        0      
    +--+------------------------------+-------+---------+---------+
       Grand Total:                   11473   1203      1426   


LINKER GENERATED COPY TABLES

__TI_cinit_table @ 00003190 records: 3, size/record: 8, table size: 24
	.data: load addr=00003158, load size=00000016 bytes, run addr=20000578, run size=00000020 bytes, compression=lzss
	.bss: load addr=00003180, load size=00000008 bytes, run addr=20000470, run size=00000108 bytes, compression=zero_init
	.vtable: load addr=00003188, load size=00000008 bytes, run addr=20000000, run size=0000026c bytes, compression=zero_init


LINKER GENERATED HANDLER TABLE

__TI_handler_table @ 00003170 records: 3, size/record: 4, table size: 12
	index: 0, handler: __TI_zero_init
	index: 1, handler: __TI_decompress_lzss
	index: 2, handler: __TI_decompress_none


GLOBAL SYMBOLS: SORTED ALPHABETICALLY BY Name 

address   name                          
-------   ----                          
00002f4f  C$$EXIT                       
00002d6b  GPIODirModeSet                
00001af3  GPIOPadConfigSet              
00002ad5  GPIOPinConfigure              
00002f39  GPIOPinRead                   
00002eb9  GPIOPinTypeGPIOInput          
00002e23  GPIOPinTypeGPIOOutput         
00002ecb  GPIOPinTypeUART               
00002f3f  GPIOPinWrite                  
00002c71  IntRegister                   
00002f0f  ResetISR                      
00001d49  SysCtlClockGet                
00002161  SysCtlClockSet                
00002f45  SysCtlDelay                   
00002ca5  SysCtlPeripheralEnable        
00002e69  SysTickEnable                 
00002e7d  SysTickIntEnable              
00002db5  SysTickIntRegister            
00002ef1  SysTickPeriodSet              
00002f1b  UARTCharGet                   
00002f25  UARTCharPut                   
00002b65  UARTConfigSetExpClk           
00002d95  UARTDisable                   
00002e91  UARTEnable                    
20000470  __STACK_END                   
00000200  __STACK_SIZE                  
20000470  __STACK_TOP                   
00003190  __TI_CINIT_Base               
000031a8  __TI_CINIT_Limit              
00003170  __TI_Handler_Table_Base       
0000317c  __TI_Handler_Table_Limit      
00002bad  __TI_auto_init_nobinit_nopinit
0000281d  __TI_decompress_lzss          
00002f01  __TI_decompress_none          
0000293f  __TI_ltoa                     
ffffffff  __TI_pprof_out_hndl           
0000026d  __TI_printfi                  
ffffffff  __TI_prof_data_size           
ffffffff  __TI_prof_data_start          
00000000  __TI_static_base__            
00002dd1  __TI_zero_init_nomemset       
00002629  __aeabi_cdcmpeq               
00002629  __aeabi_cdcmple               
000026af  __aeabi_cdrcmple              
00002b1d  __aeabi_d2iz                  
000016d3  __aeabi_dadd                  
000019bd  __aeabi_ddiv                  
00002065  __aeabi_dmul                  
000016c9  __aeabi_dsub                  
00002f31  __aeabi_errno_addr            
00002d3d  __aeabi_i2d                   
00000cbb  __aeabi_idiv0                 
00000cbb  __aeabi_ldiv0                 
00002735  __aeabi_memclr                
00002735  __aeabi_memclr4               
00002735  __aeabi_memclr8               
00002469  __aeabi_memcpy                
00002469  __aeabi_memcpy4               
00002469  __aeabi_memcpy8               
00002737  __aeabi_memset                
00002737  __aeabi_memset4               
00002737  __aeabi_memset8               
00002505  __aeabi_uldivmod              
ffffffff  __binit__                     
ffffffff  __c_args__                    
UNDEFED   __mpu_init                    
20000270  __stack                       
20000000  __start___llvm_prf_cnts       
20000000  __stop___llvm_prf_cnts        
00002cd9  _c_int00_noargs               
00002f54  _ctypes_                      
UNDEFED   _system_post_cinit            
00002f4b  _system_pre_init              
00002f4f  abort                         
00002a3d  atoi                          
ffffffff  binit                         
00001f8d  checkPushButton               
00002e09  copysign                      
00002e09  copysignl                     
20000594  errno                         
00002885  frexp                         
00002885  frexpl                        
20000000  g_pfnRAMVectors               
00000000  g_pfnVectors                  
00001e59  ldexp                         
00001e59  ldexpl                        
000023ef  ledInit                       
000023cd  ledInitForced                 
00002403  ledTurnOnOff                  
00000fc7  lpInit                        
00001ff9  main                          
00002ded  memccpy                       
00002469  memcpy                        
0000273d  memset                        
000025d1  pbInit                        
0000259d  pbInitForced                  
000025e5  pbRead                        
00001e59  scalbn                        
00001e59  scalbnl                       
00000deb  schdCallback                  
00000e65  schdExecute                   
0000299d  seg7DigitUpdate               
2000058c  seg7Display                   
000012fd  seg7Init                      
00001489  seg7Update                    
00002a89  stopWatchIncrement            
00001f69  stopWatchUpdate               
00002e53  strchr                        
00002ea5  strlen                        
20000591  sysState                      
00000d4f  sysTimeGet                    
00000d55  sysTimeReached                
00000d7b  sysTimeWait                   
00000d9f  sysTimeWaitAbsolute           
000022a1  uartGetChar                   
00002255  uartInit                      
0000228f  uartPutChar                   
000022b3  uartPutString                 
000022df  uprintf                       
00002bf1  vsnprintf                     
00000f69  waitMs                        
00000f99  waitUs                        
00002edd  wcslen                        


GLOBAL SYMBOLS: SORTED BY Symbol Address 

address   name                          
-------   ----                          
00000000  __TI_static_base__            
00000000  g_pfnVectors                  
00000200  __STACK_SIZE                  
0000026d  __TI_printfi                  
00000cbb  __aeabi_idiv0                 
00000cbb  __aeabi_ldiv0                 
00000d4f  sysTimeGet                    
00000d55  sysTimeReached                
00000d7b  sysTimeWait                   
00000d9f  sysTimeWaitAbsolute           
00000deb  schdCallback                  
00000e65  schdExecute                   
00000f69  waitMs                        
00000f99  waitUs                        
00000fc7  lpInit                        
000012fd  seg7Init                      
00001489  seg7Update                    
000016c9  __aeabi_dsub                  
000016d3  __aeabi_dadd                  
000019bd  __aeabi_ddiv                  
00001af3  GPIOPadConfigSet              
00001d49  SysCtlClockGet                
00001e59  ldexp                         
00001e59  ldexpl                        
00001e59  scalbn                        
00001e59  scalbnl                       
00001f69  stopWatchUpdate               
00001f8d  checkPushButton               
00001ff9  main                          
00002065  __aeabi_dmul                  
00002161  SysCtlClockSet                
00002255  uartInit                      
0000228f  uartPutChar                   
000022a1  uartGetChar                   
000022b3  uartPutString                 
000022df  uprintf                       
000023cd  ledInitForced                 
000023ef  ledInit                       
00002403  ledTurnOnOff                  
00002469  __aeabi_memcpy                
00002469  __aeabi_memcpy4               
00002469  __aeabi_memcpy8               
00002469  memcpy                        
00002505  __aeabi_uldivmod              
0000259d  pbInitForced                  
000025d1  pbInit                        
000025e5  pbRead                        
00002629  __aeabi_cdcmpeq               
00002629  __aeabi_cdcmple               
000026af  __aeabi_cdrcmple              
00002735  __aeabi_memclr                
00002735  __aeabi_memclr4               
00002735  __aeabi_memclr8               
00002737  __aeabi_memset                
00002737  __aeabi_memset4               
00002737  __aeabi_memset8               
0000273d  memset                        
0000281d  __TI_decompress_lzss          
00002885  frexp                         
00002885  frexpl                        
0000293f  __TI_ltoa                     
0000299d  seg7DigitUpdate               
00002a3d  atoi                          
00002a89  stopWatchIncrement            
00002ad5  GPIOPinConfigure              
00002b1d  __aeabi_d2iz                  
00002b65  UARTConfigSetExpClk           
00002bad  __TI_auto_init_nobinit_nopinit
00002bf1  vsnprintf                     
00002c71  IntRegister                   
00002ca5  SysCtlPeripheralEnable        
00002cd9  _c_int00_noargs               
00002d3d  __aeabi_i2d                   
00002d6b  GPIODirModeSet                
00002d95  UARTDisable                   
00002db5  SysTickIntRegister            
00002dd1  __TI_zero_init_nomemset       
00002ded  memccpy                       
00002e09  copysign                      
00002e09  copysignl                     
00002e23  GPIOPinTypeGPIOOutput         
00002e53  strchr                        
00002e69  SysTickEnable                 
00002e7d  SysTickIntEnable              
00002e91  UARTEnable                    
00002ea5  strlen                        
00002eb9  GPIOPinTypeGPIOInput          
00002ecb  GPIOPinTypeUART               
00002edd  wcslen                        
00002ef1  SysTickPeriodSet              
00002f01  __TI_decompress_none          
00002f0f  ResetISR                      
00002f1b  UARTCharGet                   
00002f25  UARTCharPut                   
00002f31  __aeabi_errno_addr            
00002f39  GPIOPinRead                   
00002f3f  GPIOPinWrite                  
00002f45  SysCtlDelay                   
00002f4b  _system_pre_init              
00002f4f  C$$EXIT                       
00002f4f  abort                         
00002f54  _ctypes_                      
00003170  __TI_Handler_Table_Base       
0000317c  __TI_Handler_Table_Limit      
00003190  __TI_CINIT_Base               
000031a8  __TI_CINIT_Limit              
20000000  __start___llvm_prf_cnts       
20000000  __stop___llvm_prf_cnts        
20000000  g_pfnRAMVectors               
20000270  __stack                       
20000470  __STACK_END                   
20000470  __STACK_TOP                   
2000058c  seg7Display                   
20000591  sysState                      
20000594  errno                         
ffffffff  __TI_pprof_out_hndl           
ffffffff  __TI_prof_data_size           
ffffffff  __TI_prof_data_start          
ffffffff  __binit__                     
ffffffff  __c_args__                    
ffffffff  binit                         
UNDEFED   __mpu_init                    
UNDEFED   _system_post_cinit            

[123 symbols]
