******************************************************************************
                  TI ARM Linker PC v20.2.5                     
******************************************************************************
>> Linked Thu Jun 30 10:41:04 2022

OUTPUT FILE NAME:   <Lab2.out>
ENTRY POINT SYMBOL: "_c_int00_noargs"  address: 00002cc5


MEMORY CONFIGURATION

         name            origin    length      used     unused   attr    fill
----------------------  --------  ---------  --------  --------  ----  --------
  FLASH                 00000000   00040000  0000318e  0003ce72  R  X
  SRAM                  20000000   00008000  0000059c  00007a64  RW X


SEGMENT ALLOCATION MAP

run origin  load origin   length   init length attrs members
----------  ----------- ---------- ----------- ----- -------
00000000    00000000    00003190   00003190    r-x
  00000000    00000000    0000026c   0000026c    r-- .intvecs
  0000026c    0000026c    00002cd2   00002cd2    r-x .text
  00002f40    00002f40    00000200   00000200    r-- .const
  00003140    00003140    00000050   00000050    r-- .cinit
20000000    20000000    000005a0   00000000    rw-
  20000000    20000000    0000026c   00000000    rw- .vtable
  20000270    20000270    00000200   00000000    rw- .stack
  20000470    20000470    00000104   00000000    rw- .bss
  20000574    20000574    0000002c   00000000    rw- .data


SECTION ALLOCATION MAP

 output                                  attributes/
section   page    origin      length       input sections
--------  ----  ----------  ----------   ----------------
.intvecs   0    00000000    0000026c     
                  00000000    0000026c     tm4c123gh6pm_startup_ccs.obj (.intvecs)

.text      0    0000026c    00002cd2     
                  0000026c    00000a4e     rtsv7M4_T_le_v4SPD16_eabi.lib : _printfi.c.obj (.text:__TI_printfi)
                  00000cba    00000002                                   : div0.asm.obj (.text)
                  00000cbc    000003d0     Util.lib : launchpad.obj (.text)
                  0000108c    00000270     rtsv7M4_T_le_v4SPD16_eabi.lib : _printfi.c.obj (.text:_pconv_a)
                  000012fc    000001fc     seg7.obj (.text)
                  000014f8    000001d0     rtsv7M4_T_le_v4SPD16_eabi.lib : _printfi.c.obj (.text:_pconv_g)
                  000016c8    000001b6                                   : fd_add_t2.asm.obj (.text)
                  0000187e    00000002     --HOLE-- [fill = 0]
                  00001880    0000018c     main.obj (.text)
                  00001a0c    0000013c     rtsv7M4_T_le_v4SPD16_eabi.lib : _printfi.c.obj (.text:_pconv_e)
                  00001b48    00000136                                   : fd_div_t2.asm.obj (.text)
                  00001c7e    00000132     driverlib.lib : gpio.obj (.text:GPIOPadConfigSet)
                  00001db0    00000124     rtsv7M4_T_le_v4SPD16_eabi.lib : _printfi.c.obj (.text:fcvt)
                  00001ed4    00000110     driverlib.lib : sysctl.obj (.text:SysCtlClockGet)
                  00001fe4    00000110     rtsv7M4_T_le_v4SPD16_eabi.lib : s_scalbn.c.obj (.text:scalbn)
                  000020f4    000000fc                                   : fd_mul_t2.asm.obj (.text)
                  000021f0    000000f4     driverlib.lib : sysctl.obj (.text:SysCtlClockSet)
                  000022e4    000000c4     Util.lib : uart.obj (.text)
                  000023a8    000000b1     rtsv7M4_T_le_v4SPD16_eabi.lib : _printfi.c.obj (.text:_ltostr)
                  00002459    00000003     --HOLE-- [fill = 0]
                  0000245c    0000009c     Util.lib : led.obj (.text)
                  000024f8    0000009c     rtsv7M4_T_le_v4SPD16_eabi.lib : memcpy_t2.asm.obj (.text)
                  00002594    00000096                                   : ull_div_t2.asm.obj (.text)
                  0000262a    00000002     --HOLE-- [fill = 0]
                  0000262c    0000008c     Util.lib : pushbutton.obj (.text)
                  000026b8    00000086     rtsv7M4_T_le_v4SPD16_eabi.lib : fd_cmp_t2.asm.obj (.text:__aeabi_cdcmple)
                  0000273e    00000086                                   : fd_cmp_t2.asm.obj (.text:__aeabi_cdrcmple)
                  000027c4    0000007a                                   : memset_t2.asm.obj (.text)
                  0000283e    0000006e                                   : _printfi.c.obj (.text:_mcpy)
                  000028ac    00000068                                   : copy_decompress_lzss.c.obj (.text:decompress:lzss:__TI_decompress_lzss)
                  00002914    00000064                                   : s_frexp.c.obj (.text:frexp)
                  00002978    00000056                                   : _printfi.c.obj (.text:_pconv_f)
                  000029ce    00000054                                   : _ltoa.c.obj (.text:__TI_ltoa)
                  00002a22    00000052                                   : _printfi.c.obj (.text:_ecpy)
                  00002a74    0000004c                                   : atoi.c.obj (.text:atoi)
                  00002ac0    00000048     driverlib.lib : gpio.obj (.text:GPIOPinConfigure)
                  00002b08    00000048     rtsv7M4_T_le_v4SPD16_eabi.lib : fd_toi_t2.asm.obj (.text)
                  00002b50    00000046     driverlib.lib : uart.obj (.text:UARTConfigSetExpClk)
                  00002b96    00000002     --HOLE-- [fill = 0]
                  00002b98    00000044     rtsv7M4_T_le_v4SPD16_eabi.lib : autoinit.c.obj (.text:__TI_auto_init_nobinit_nopinit:__TI_auto_init_nobinit_nopinit)
                  00002bdc    00000040                                   : vsnprintf.c.obj (.text:vsnprintf)
                  00002c1c    0000003e                                   : _printfi.c.obj (.text:_fcpy)
                  00002c5a    00000002     --HOLE-- [fill = 0]
                  00002c5c    00000034     driverlib.lib : interrupt.obj (.text:IntRegister)
                  00002c90    00000034                   : sysctl.obj (.text:SysCtlPeripheralEnable)
                  00002cc4    00000034     rtsv7M4_T_le_v4SPD16_eabi.lib : boot_cortex_m.c.obj (.text:_c_int00_noargs:_c_int00_noargs)
                  00002cf8    00000030                                   : vsnprintf.c.obj (.text:_outs)
                  00002d28    0000002e                                   : i_tofd_t2.asm.obj (.text)
                  00002d56    0000002a     driverlib.lib : gpio.obj (.text:GPIODirModeSet)
                  00002d80    00000020                   : uart.obj (.text:UARTDisable)
                  00002da0    0000001c                   : systick.obj (.text:SysTickIntRegister)
                  00002dbc    0000001c     rtsv7M4_T_le_v4SPD16_eabi.lib : copy_zero_init.c.obj (.text:decompress:ZI:__TI_zero_init_nomemset:__TI_zero_init_nomemset)
                  00002dd8    0000001c                                   : memccpy.c.obj (.text:memccpy)
                  00002df4    0000001a                                   : s_copysign.c.obj (.text:copysign)
                  00002e0e    00000018     driverlib.lib : gpio.obj (.text:GPIOPinTypeGPIOOutput)
                  00002e26    00000018     rtsv7M4_T_le_v4SPD16_eabi.lib : vsnprintf.c.obj (.text:_outc)
                  00002e3e    00000016                                   : strchr.c.obj (.text:strchr)
                  00002e54    00000014     driverlib.lib : systick.obj (.text:SysTickEnable)
                  00002e68    00000014                   : systick.obj (.text:SysTickIntEnable)
                  00002e7c    00000014                   : uart.obj (.text:UARTEnable)
                  00002e90    00000014     rtsv7M4_T_le_v4SPD16_eabi.lib : strlen.c.obj (.text:strlen)
                  00002ea4    00000012     driverlib.lib : gpio.obj (.text:GPIOPinTypeGPIOInput)
                  00002eb6    00000012                   : gpio.obj (.text:GPIOPinTypeUART)
                  00002ec8    00000012     rtsv7M4_T_le_v4SPD16_eabi.lib : wcslen.c.obj (.text:wcslen)
                  00002eda    00000002     --HOLE-- [fill = 0]
                  00002edc    00000010     driverlib.lib : systick.obj (.text:SysTickPeriodSet)
                  00002eec    0000000e     rtsv7M4_T_le_v4SPD16_eabi.lib : copy_decompress_none.c.obj (.text:decompress:none:__TI_decompress_none)
                  00002efa    0000000c     tm4c123gh6pm_startup_ccs.obj (.text)
                  00002f06    0000000a     driverlib.lib : uart.obj (.text:UARTCharGet)
                  00002f10    0000000a                   : uart.obj (.text:UARTCharPut)
                  00002f1a    00000002     --HOLE-- [fill = 0]
                  00002f1c    00000008     rtsv7M4_T_le_v4SPD16_eabi.lib : errno.c.obj (.text:__aeabi_errno_addr)
                  00002f24    00000006     driverlib.lib : gpio.obj (.text:GPIOPinRead)
                  00002f2a    00000006                   : gpio.obj (.text:GPIOPinWrite)
                  00002f30    00000006                   : sysctl.obj (.text:SysCtlDelay)
                  00002f36    00000004     rtsv7M4_T_le_v4SPD16_eabi.lib : pre_init.c.obj (.text:_system_pre_init)
                  00002f3a    00000004                                   : exit.c.obj (.text:abort:abort)

.const     0    00002f40    00000200     
                  00002f40    00000101     rtsv7M4_T_le_v4SPD16_eabi.lib : ctype.c.obj (.const:.string:_ctypes_)
                  00003041    00000003     --HOLE-- [fill = 0]
                  00003044    00000090     driverlib.lib : gpio.obj (.const:g_pui32GPIOBaseAddrs)
                  000030d4    0000006c                   : sysctl.obj (.const:g_pui32Xtals)

.cinit     0    00003140    00000050     
                  00003140    00000019     (.cinit..data.load) [load image, compression = lzss]
                  00003159    00000003     --HOLE-- [fill = 0]
                  0000315c    0000000c     (__TI_handler_table)
                  00003168    00000008     (.cinit..bss.load) [load image, compression = zero_init]
                  00003170    00000008     (.cinit..vtable.load) [load image, compression = zero_init]
                  00003178    00000018     (__TI_cinit_table)

.init_array 
*          0    00000000    00000000     UNINITIALIZED

.vtable    0    20000000    0000026c     UNINITIALIZED
                  20000000    0000026c     driverlib.lib : interrupt.obj (.vtable)

.bss       0    20000470    00000104     UNINITIALIZED
                  20000470    00000100     Util.lib : launchpad.obj (.bss:callbackHeap)
                  20000570    00000004              : launchpad.obj (.bss)

.data      0    20000574    0000002c     UNINITIALIZED
                  20000574    00000014     main.obj (.data)
                  20000588    0000000a     main.obj (.data:seg7Coding)
                  20000592    00000001     Util.lib : led.obj (.data)
                  20000593    00000001              : pushbutton.obj (.data)
                  20000594    00000008              : launchpad.obj (.data)
                  2000059c    00000004     rtsv7M4_T_le_v4SPD16_eabi.lib : errno.c.obj (.data)

.stack     0    20000270    00000200     UNINITIALIZED
                  20000270    00000004     rtsv7M4_T_le_v4SPD16_eabi.lib : boot_cortex_m.c.obj (.stack)
                  20000274    000001fc     --HOLE--

__llvm_prf_cnts 
*          0    20000000    00000000     UNINITIALIZED

MODULE SUMMARY

       Module                         code    ro data   rw data
       ------                         ----    -------   -------
    .\
       tm4c123gh6pm_startup_ccs.obj   12      620       0      
       seg7.obj                       508     0         0      
       main.obj                       396     0         30     
    +--+------------------------------+-------+---------+---------+
       Total:                         916     620       30     
                                                               
    C:/Users/vubui/Desktop/ECE266_Workspaces/._GitHub/LabGroup3/Util/Debug/Util.lib
       launchpad.obj                  976     0         268    
       uart.obj                       196     0         0      
       led.obj                        156     0         1      
       pushbutton.obj                 140     0         1      
    +--+------------------------------+-------+---------+---------+
       Total:                         1468    0         270    
                                                               
    C:/ti/TivaWare_C_Series-2.1.4.178/driverlib/ccs/Debug/driverlib.lib
       sysctl.obj                     574     108       0      
       interrupt.obj                  52      0         620    
       gpio.obj                       492     144       0      
       uart.obj                       142     0         0      
       systick.obj                    84      0         0      
    +--+------------------------------+-------+---------+---------+
       Total:                         1344    252       620    
                                                               
    C:\ti\ccs1120\ccs\tools\compiler\ti-cgt-arm_20.2.5.LTS\lib\rtsv7M4_T_le_v4SPD16_eabi.lib
       _printfi.c.obj                 4851    0         0      
       fd_add_t2.asm.obj              438     0         0      
       fd_div_t2.asm.obj              310     0         0      
       s_scalbn.c.obj                 272     0         0      
       fd_cmp_t2.asm.obj              268     0         0      
       ctype.c.obj                    0       257       0      
       fd_mul_t2.asm.obj              252     0         0      
       memcpy_t2.asm.obj              156     0         0      
       ull_div_t2.asm.obj             150     0         0      
       vsnprintf.c.obj                136     0         0      
       memset_t2.asm.obj              122     0         0      
       copy_decompress_lzss.c.obj     104     0         0      
       s_frexp.c.obj                  100     0         0      
       _ltoa.c.obj                    84      0         0      
       atoi.c.obj                     76      0         0      
       fd_toi_t2.asm.obj              72      0         0      
       autoinit.c.obj                 68      0         0      
       boot_cortex_m.c.obj            52      0         0      
       i_tofd_t2.asm.obj              46      0         0      
       copy_zero_init.c.obj           28      0         0      
       memccpy.c.obj                  28      0         0      
       s_copysign.c.obj               26      0         0      
       strchr.c.obj                   22      0         0      
       strlen.c.obj                   20      0         0      
       wcslen.c.obj                   18      0         0      
       copy_decompress_none.c.obj     14      0         0      
       errno.c.obj                    8       0         4      
       exit.c.obj                     4       0         0      
       pre_init.c.obj                 4       0         0      
       div0.asm.obj                   2       0         0      
    +--+------------------------------+-------+---------+---------+
       Total:                         7731    257       4      
                                                               
       Stack:                         0       0         512    
       Linker Generated:              0       77        0      
    +--+------------------------------+-------+---------+---------+
       Grand Total:                   11459   1206      1436   


LINKER GENERATED COPY TABLES

__TI_cinit_table @ 00003178 records: 3, size/record: 8, table size: 24
	.data: load addr=00003140, load size=00000019 bytes, run addr=20000574, run size=0000002c bytes, compression=lzss
	.bss: load addr=00003168, load size=00000008 bytes, run addr=20000470, run size=00000104 bytes, compression=zero_init
	.vtable: load addr=00003170, load size=00000008 bytes, run addr=20000000, run size=0000026c bytes, compression=zero_init


LINKER GENERATED HANDLER TABLE

__TI_handler_table @ 0000315c records: 3, size/record: 4, table size: 12
	index: 0, handler: __TI_zero_init
	index: 1, handler: __TI_decompress_lzss
	index: 2, handler: __TI_decompress_none


GLOBAL SYMBOLS: SORTED ALPHABETICALLY BY Name 

address   name                          
-------   ----                          
00002f3b  C$$EXIT                       
00002d57  GPIODirModeSet                
00001c7f  GPIOPadConfigSet              
00002ac1  GPIOPinConfigure              
00002f25  GPIOPinRead                   
00002ea5  GPIOPinTypeGPIOInput          
00002e0f  GPIOPinTypeGPIOOutput         
00002eb7  GPIOPinTypeUART               
00002f2b  GPIOPinWrite                  
00002c5d  IntRegister                   
00002efb  ResetISR                      
00001ed5  SysCtlClockGet                
000021f1  SysCtlClockSet                
00002f31  SysCtlDelay                   
00002c91  SysCtlPeripheralEnable        
00002e55  SysTickEnable                 
00002e69  SysTickIntEnable              
00002da1  SysTickIntRegister            
00002edd  SysTickPeriodSet              
00002f07  UARTCharGet                   
00002f11  UARTCharPut                   
00002b51  UARTConfigSetExpClk           
00002d81  UARTDisable                   
00002e7d  UARTEnable                    
20000470  __STACK_END                   
00000200  __STACK_SIZE                  
20000470  __STACK_TOP                   
00003178  __TI_CINIT_Base               
00003190  __TI_CINIT_Limit              
0000315c  __TI_Handler_Table_Base       
00003168  __TI_Handler_Table_Limit      
00002b99  __TI_auto_init_nobinit_nopinit
000028ad  __TI_decompress_lzss          
00002eed  __TI_decompress_none          
000029cf  __TI_ltoa                     
ffffffff  __TI_pprof_out_hndl           
0000026d  __TI_printfi                  
ffffffff  __TI_prof_data_size           
ffffffff  __TI_prof_data_start          
00000000  __TI_static_base__            
00002dbd  __TI_zero_init_nomemset       
000026b9  __aeabi_cdcmpeq               
000026b9  __aeabi_cdcmple               
0000273f  __aeabi_cdrcmple              
00002b09  __aeabi_d2iz                  
000016d3  __aeabi_dadd                  
00001b49  __aeabi_ddiv                  
000020f5  __aeabi_dmul                  
000016c9  __aeabi_dsub                  
00002f1d  __aeabi_errno_addr            
00002d29  __aeabi_i2d                   
00000cbb  __aeabi_idiv0                 
00000cbb  __aeabi_ldiv0                 
000027c5  __aeabi_memclr                
000027c5  __aeabi_memclr4               
000027c5  __aeabi_memclr8               
000024f9  __aeabi_memcpy                
000024f9  __aeabi_memcpy4               
000024f9  __aeabi_memcpy8               
000027c7  __aeabi_memset                
000027c7  __aeabi_memset4               
000027c7  __aeabi_memset8               
00002595  __aeabi_uldivmod              
ffffffff  __binit__                     
ffffffff  __c_args__                    
UNDEFED   __mpu_init                    
20000270  __stack                       
20000000  __start___llvm_prf_cnts       
20000000  __stop___llvm_prf_cnts        
00002cc5  _c_int00_noargs               
00002f40  _ctypes_                      
UNDEFED   _system_post_cinit            
00002f37  _system_pre_init              
00002f3b  abort                         
00002a75  atoi                          
ffffffff  binit                         
00001953  checkPushButton               
000018d3  clockUpdate                   
00002df5  copysign                      
00002df5  copysignl                     
2000059c  errno                         
00002915  frexp                         
00002915  frexpl                        
20000000  g_pfnRAMVectors               
00000000  g_pfnVectors                  
00001fe5  ldexp                         
00001fe5  ldexpl                        
0000247f  ledInit                       
0000245d  ledInitForced                 
00002493  ledTurnOnOff                  
00000fc7  lpInit                        
000019a3  main                          
00002dd9  memccpy                       
000024f9  memcpy                        
000027cd  memset                        
00002661  pbInit                        
0000262d  pbInitForced                  
00002675  pbRead                        
00001fe5  scalbn                        
00001fe5  scalbnl                       
00000deb  schdCallback                  
00000e65  schdExecute                   
000012fd  seg7Init                      
00001489  seg7Update                    
00002e3f  strchr                        
00002e91  strlen                        
00000d4f  sysTimeGet                    
00000d55  sysTimeReached                
00000d7b  sysTimeWait                   
00000d9f  sysTimeWaitAbsolute           
00002331  uartGetChar                   
000022e5  uartInit                      
0000231f  uartPutChar                   
00002343  uartPutString                 
00001881  updateDigit                   
0000236f  uprintf                       
00002bdd  vsnprintf                     
00000f69  waitMs                        
00000f99  waitUs                        
00002ec9  wcslen                        


GLOBAL SYMBOLS: SORTED BY Symbol Address 

address   name                          
-------   ----                          
00000000  __TI_static_base__            
00000000  g_pfnVectors                  
00000200  __STACK_SIZE                  
0000026d  __TI_printfi                  
00000cbb  __aeabi_idiv0                 
00000cbb  __aeabi_ldiv0                 
00000d4f  sysTimeGet                    
00000d55  sysTimeReached                
00000d7b  sysTimeWait                   
00000d9f  sysTimeWaitAbsolute           
00000deb  schdCallback                  
00000e65  schdExecute                   
00000f69  waitMs                        
00000f99  waitUs                        
00000fc7  lpInit                        
000012fd  seg7Init                      
00001489  seg7Update                    
000016c9  __aeabi_dsub                  
000016d3  __aeabi_dadd                  
00001881  updateDigit                   
000018d3  clockUpdate                   
00001953  checkPushButton               
000019a3  main                          
00001b49  __aeabi_ddiv                  
00001c7f  GPIOPadConfigSet              
00001ed5  SysCtlClockGet                
00001fe5  ldexp                         
00001fe5  ldexpl                        
00001fe5  scalbn                        
00001fe5  scalbnl                       
000020f5  __aeabi_dmul                  
000021f1  SysCtlClockSet                
000022e5  uartInit                      
0000231f  uartPutChar                   
00002331  uartGetChar                   
00002343  uartPutString                 
0000236f  uprintf                       
0000245d  ledInitForced                 
0000247f  ledInit                       
00002493  ledTurnOnOff                  
000024f9  __aeabi_memcpy                
000024f9  __aeabi_memcpy4               
000024f9  __aeabi_memcpy8               
000024f9  memcpy                        
00002595  __aeabi_uldivmod              
0000262d  pbInitForced                  
00002661  pbInit                        
00002675  pbRead                        
000026b9  __aeabi_cdcmpeq               
000026b9  __aeabi_cdcmple               
0000273f  __aeabi_cdrcmple              
000027c5  __aeabi_memclr                
000027c5  __aeabi_memclr4               
000027c5  __aeabi_memclr8               
000027c7  __aeabi_memset                
000027c7  __aeabi_memset4               
000027c7  __aeabi_memset8               
000027cd  memset                        
000028ad  __TI_decompress_lzss          
00002915  frexp                         
00002915  frexpl                        
000029cf  __TI_ltoa                     
00002a75  atoi                          
00002ac1  GPIOPinConfigure              
00002b09  __aeabi_d2iz                  
00002b51  UARTConfigSetExpClk           
00002b99  __TI_auto_init_nobinit_nopinit
00002bdd  vsnprintf                     
00002c5d  IntRegister                   
00002c91  SysCtlPeripheralEnable        
00002cc5  _c_int00_noargs               
00002d29  __aeabi_i2d                   
00002d57  GPIODirModeSet                
00002d81  UARTDisable                   
00002da1  SysTickIntRegister            
00002dbd  __TI_zero_init_nomemset       
00002dd9  memccpy                       
00002df5  copysign                      
00002df5  copysignl                     
00002e0f  GPIOPinTypeGPIOOutput         
00002e3f  strchr                        
00002e55  SysTickEnable                 
00002e69  SysTickIntEnable              
00002e7d  UARTEnable                    
00002e91  strlen                        
00002ea5  GPIOPinTypeGPIOInput          
00002eb7  GPIOPinTypeUART               
00002ec9  wcslen                        
00002edd  SysTickPeriodSet              
00002eed  __TI_decompress_none          
00002efb  ResetISR                      
00002f07  UARTCharGet                   
00002f11  UARTCharPut                   
00002f1d  __aeabi_errno_addr            
00002f25  GPIOPinRead                   
00002f2b  GPIOPinWrite                  
00002f31  SysCtlDelay                   
00002f37  _system_pre_init              
00002f3b  C$$EXIT                       
00002f3b  abort                         
00002f40  _ctypes_                      
0000315c  __TI_Handler_Table_Base       
00003168  __TI_Handler_Table_Limit      
00003178  __TI_CINIT_Base               
00003190  __TI_CINIT_Limit              
20000000  __start___llvm_prf_cnts       
20000000  __stop___llvm_prf_cnts        
20000000  g_pfnRAMVectors               
20000270  __stack                       
20000470  __STACK_END                   
20000470  __STACK_TOP                   
2000059c  errno                         
ffffffff  __TI_pprof_out_hndl           
ffffffff  __TI_prof_data_size           
ffffffff  __TI_prof_data_start          
ffffffff  __binit__                     
ffffffff  __c_args__                    
ffffffff  binit                         
UNDEFED   __mpu_init                    
UNDEFED   _system_post_cinit            

[120 symbols]
