******************************************************************************
                  TI ARM Linker PC v20.2.5                     
******************************************************************************
>> Linked Fri Jul  8 11:29:01 2022

OUTPUT FILE NAME:   <Lab2.out>
ENTRY POINT SYMBOL: "_c_int00_noargs"  address: 00002cd5


MEMORY CONFIGURATION

         name            origin    length      used     unused   attr    fill
----------------------  --------  ---------  --------  --------  ----  --------
  FLASH                 00000000   00040000  0000319e  0003ce62  R  X
  SRAM                  20000000   00008000  0000059c  00007a64  RW X


SEGMENT ALLOCATION MAP

run origin  load origin   length   init length attrs members
----------  ----------- ---------- ----------- ----- -------
00000000    00000000    000031a0   000031a0    r-x
  00000000    00000000    0000026c   0000026c    r-- .intvecs
  0000026c    0000026c    00002ce2   00002ce2    r-x .text
  00002f50    00002f50    00000200   00000200    r-- .const
  00003150    00003150    00000050   00000050    r-- .cinit
20000000    20000000    000005a0   00000000    rw-
  20000000    20000000    0000026c   00000000    rw- .vtable
  20000270    20000270    00000200   00000000    rw- .stack
  20000470    20000470    00000104   00000000    rw- .bss
  20000574    20000574    0000002c   00000000    rw- .data


SECTION ALLOCATION MAP

 output                                  attributes/
section   page    origin      length       input sections
--------  ----  ----------  ----------   ----------------
.intvecs   0    00000000    0000026c     
                  00000000    0000026c     tm4c123gh6pm_startup_ccs.obj (.intvecs)

.text      0    0000026c    00002ce2     
                  0000026c    00000a4e     rtsv7M4_T_le_v4SPD16_eabi.lib : _printfi.c.obj (.text:__TI_printfi)
                  00000cba    00000002                                   : div0.asm.obj (.text)
                  00000cbc    000003d0     Util.lib : launchpad.obj (.text)
                  0000108c    00000270     rtsv7M4_T_le_v4SPD16_eabi.lib : _printfi.c.obj (.text:_pconv_a)
                  000012fc    000001fc     seg7.obj (.text)
                  000014f8    000001d0     rtsv7M4_T_le_v4SPD16_eabi.lib : _printfi.c.obj (.text:_pconv_g)
                  000016c8    000001b6                                   : fd_add_t2.asm.obj (.text)
                  0000187e    00000002     --HOLE-- [fill = 0]
                  00001880    0000019c     main.obj (.text)
                  00001a1c    0000013c     rtsv7M4_T_le_v4SPD16_eabi.lib : _printfi.c.obj (.text:_pconv_e)
                  00001b58    00000136                                   : fd_div_t2.asm.obj (.text)
                  00001c8e    00000132     driverlib.lib : gpio.obj (.text:GPIOPadConfigSet)
                  00001dc0    00000124     rtsv7M4_T_le_v4SPD16_eabi.lib : _printfi.c.obj (.text:fcvt)
                  00001ee4    00000110     driverlib.lib : sysctl.obj (.text:SysCtlClockGet)
                  00001ff4    00000110     rtsv7M4_T_le_v4SPD16_eabi.lib : s_scalbn.c.obj (.text:scalbn)
                  00002104    000000fc                                   : fd_mul_t2.asm.obj (.text)
                  00002200    000000f4     driverlib.lib : sysctl.obj (.text:SysCtlClockSet)
                  000022f4    000000c4     Util.lib : uart.obj (.text)
                  000023b8    000000b1     rtsv7M4_T_le_v4SPD16_eabi.lib : _printfi.c.obj (.text:_ltostr)
                  00002469    00000003     --HOLE-- [fill = 0]
                  0000246c    0000009c     Util.lib : led.obj (.text)
                  00002508    0000009c     rtsv7M4_T_le_v4SPD16_eabi.lib : memcpy_t2.asm.obj (.text)
                  000025a4    00000096                                   : ull_div_t2.asm.obj (.text)
                  0000263a    00000002     --HOLE-- [fill = 0]
                  0000263c    0000008c     Util.lib : pushbutton.obj (.text)
                  000026c8    00000086     rtsv7M4_T_le_v4SPD16_eabi.lib : fd_cmp_t2.asm.obj (.text:__aeabi_cdcmple)
                  0000274e    00000086                                   : fd_cmp_t2.asm.obj (.text:__aeabi_cdrcmple)
                  000027d4    0000007a                                   : memset_t2.asm.obj (.text)
                  0000284e    0000006e                                   : _printfi.c.obj (.text:_mcpy)
                  000028bc    00000068                                   : copy_decompress_lzss.c.obj (.text:decompress:lzss:__TI_decompress_lzss)
                  00002924    00000064                                   : s_frexp.c.obj (.text:frexp)
                  00002988    00000056                                   : _printfi.c.obj (.text:_pconv_f)
                  000029de    00000054                                   : _ltoa.c.obj (.text:__TI_ltoa)
                  00002a32    00000052                                   : _printfi.c.obj (.text:_ecpy)
                  00002a84    0000004c                                   : atoi.c.obj (.text:atoi)
                  00002ad0    00000048     driverlib.lib : gpio.obj (.text:GPIOPinConfigure)
                  00002b18    00000048     rtsv7M4_T_le_v4SPD16_eabi.lib : fd_toi_t2.asm.obj (.text)
                  00002b60    00000046     driverlib.lib : uart.obj (.text:UARTConfigSetExpClk)
                  00002ba6    00000002     --HOLE-- [fill = 0]
                  00002ba8    00000044     rtsv7M4_T_le_v4SPD16_eabi.lib : autoinit.c.obj (.text:__TI_auto_init_nobinit_nopinit:__TI_auto_init_nobinit_nopinit)
                  00002bec    00000040                                   : vsnprintf.c.obj (.text:vsnprintf)
                  00002c2c    0000003e                                   : _printfi.c.obj (.text:_fcpy)
                  00002c6a    00000002     --HOLE-- [fill = 0]
                  00002c6c    00000034     driverlib.lib : interrupt.obj (.text:IntRegister)
                  00002ca0    00000034                   : sysctl.obj (.text:SysCtlPeripheralEnable)
                  00002cd4    00000034     rtsv7M4_T_le_v4SPD16_eabi.lib : boot_cortex_m.c.obj (.text:_c_int00_noargs:_c_int00_noargs)
                  00002d08    00000030                                   : vsnprintf.c.obj (.text:_outs)
                  00002d38    0000002e                                   : i_tofd_t2.asm.obj (.text)
                  00002d66    0000002a     driverlib.lib : gpio.obj (.text:GPIODirModeSet)
                  00002d90    00000020                   : uart.obj (.text:UARTDisable)
                  00002db0    0000001c                   : systick.obj (.text:SysTickIntRegister)
                  00002dcc    0000001c     rtsv7M4_T_le_v4SPD16_eabi.lib : copy_zero_init.c.obj (.text:decompress:ZI:__TI_zero_init_nomemset:__TI_zero_init_nomemset)
                  00002de8    0000001c                                   : memccpy.c.obj (.text:memccpy)
                  00002e04    0000001a                                   : s_copysign.c.obj (.text:copysign)
                  00002e1e    00000018     driverlib.lib : gpio.obj (.text:GPIOPinTypeGPIOOutput)
                  00002e36    00000018     rtsv7M4_T_le_v4SPD16_eabi.lib : vsnprintf.c.obj (.text:_outc)
                  00002e4e    00000016                                   : strchr.c.obj (.text:strchr)
                  00002e64    00000014     driverlib.lib : systick.obj (.text:SysTickEnable)
                  00002e78    00000014                   : systick.obj (.text:SysTickIntEnable)
                  00002e8c    00000014                   : uart.obj (.text:UARTEnable)
                  00002ea0    00000014     rtsv7M4_T_le_v4SPD16_eabi.lib : strlen.c.obj (.text:strlen)
                  00002eb4    00000012     driverlib.lib : gpio.obj (.text:GPIOPinTypeGPIOInput)
                  00002ec6    00000012                   : gpio.obj (.text:GPIOPinTypeUART)
                  00002ed8    00000012     rtsv7M4_T_le_v4SPD16_eabi.lib : wcslen.c.obj (.text:wcslen)
                  00002eea    00000002     --HOLE-- [fill = 0]
                  00002eec    00000010     driverlib.lib : systick.obj (.text:SysTickPeriodSet)
                  00002efc    0000000e     rtsv7M4_T_le_v4SPD16_eabi.lib : copy_decompress_none.c.obj (.text:decompress:none:__TI_decompress_none)
                  00002f0a    0000000c     tm4c123gh6pm_startup_ccs.obj (.text)
                  00002f16    0000000a     driverlib.lib : uart.obj (.text:UARTCharGet)
                  00002f20    0000000a                   : uart.obj (.text:UARTCharPut)
                  00002f2a    00000002     --HOLE-- [fill = 0]
                  00002f2c    00000008     rtsv7M4_T_le_v4SPD16_eabi.lib : errno.c.obj (.text:__aeabi_errno_addr)
                  00002f34    00000006     driverlib.lib : gpio.obj (.text:GPIOPinRead)
                  00002f3a    00000006                   : gpio.obj (.text:GPIOPinWrite)
                  00002f40    00000006                   : sysctl.obj (.text:SysCtlDelay)
                  00002f46    00000004     rtsv7M4_T_le_v4SPD16_eabi.lib : pre_init.c.obj (.text:_system_pre_init)
                  00002f4a    00000004                                   : exit.c.obj (.text:abort:abort)

.const     0    00002f50    00000200     
                  00002f50    00000101     rtsv7M4_T_le_v4SPD16_eabi.lib : ctype.c.obj (.const:.string:_ctypes_)
                  00003051    00000003     --HOLE-- [fill = 0]
                  00003054    00000090     driverlib.lib : gpio.obj (.const:g_pui32GPIOBaseAddrs)
                  000030e4    0000006c                   : sysctl.obj (.const:g_pui32Xtals)

.cinit     0    00003150    00000050     
                  00003150    00000019     (.cinit..data.load) [load image, compression = lzss]
                  00003169    00000003     --HOLE-- [fill = 0]
                  0000316c    0000000c     (__TI_handler_table)
                  00003178    00000008     (.cinit..bss.load) [load image, compression = zero_init]
                  00003180    00000008     (.cinit..vtable.load) [load image, compression = zero_init]
                  00003188    00000018     (__TI_cinit_table)

.init_array 
*          0    00000000    00000000     UNINITIALIZED

.vtable    0    20000000    0000026c     UNINITIALIZED
                  20000000    0000026c     driverlib.lib : interrupt.obj (.vtable)

.bss       0    20000470    00000104     UNINITIALIZED
                  20000470    00000100     Util.lib : launchpad.obj (.bss:callbackHeap)
                  20000570    00000004              : launchpad.obj (.bss)

.data      0    20000574    0000002c     UNINITIALIZED
                  20000574    00000014     main.obj (.data)
                  20000588    0000000a     main.obj (.data:seg7Coding)
                  20000592    00000001     Util.lib : led.obj (.data)
                  20000593    00000001              : pushbutton.obj (.data)
                  20000594    00000008              : launchpad.obj (.data)
                  2000059c    00000004     rtsv7M4_T_le_v4SPD16_eabi.lib : errno.c.obj (.data)

.stack     0    20000270    00000200     UNINITIALIZED
                  20000270    00000004     rtsv7M4_T_le_v4SPD16_eabi.lib : boot_cortex_m.c.obj (.stack)
                  20000274    000001fc     --HOLE--

__llvm_prf_cnts 
*          0    20000000    00000000     UNINITIALIZED

MODULE SUMMARY

       Module                         code    ro data   rw data
       ------                         ----    -------   -------
    .\
       tm4c123gh6pm_startup_ccs.obj   12      620       0      
       seg7.obj                       508     0         0      
       main.obj                       412     0         30     
    +--+------------------------------+-------+---------+---------+
       Total:                         932     620       30     
                                                               
    C:/Users/vubui/Desktop/ECE266_Workspaces/._GitHub/LabGroup3/Util/Debug/Util.lib
       launchpad.obj                  976     0         268    
       uart.obj                       196     0         0      
       led.obj                        156     0         1      
       pushbutton.obj                 140     0         1      
    +--+------------------------------+-------+---------+---------+
       Total:                         1468    0         270    
                                                               
    C:/ti/TivaWare_C_Series-2.1.4.178/driverlib/ccs/Debug/driverlib.lib
       sysctl.obj                     574     108       0      
       interrupt.obj                  52      0         620    
       gpio.obj                       492     144       0      
       uart.obj                       142     0         0      
       systick.obj                    84      0         0      
    +--+------------------------------+-------+---------+---------+
       Total:                         1344    252       620    
                                                               
    C:\ti\ccs1120\ccs\tools\compiler\ti-cgt-arm_20.2.5.LTS\lib\rtsv7M4_T_le_v4SPD16_eabi.lib
       _printfi.c.obj                 4851    0         0      
       fd_add_t2.asm.obj              438     0         0      
       fd_div_t2.asm.obj              310     0         0      
       s_scalbn.c.obj                 272     0         0      
       fd_cmp_t2.asm.obj              268     0         0      
       ctype.c.obj                    0       257       0      
       fd_mul_t2.asm.obj              252     0         0      
       memcpy_t2.asm.obj              156     0         0      
       ull_div_t2.asm.obj             150     0         0      
       vsnprintf.c.obj                136     0         0      
       memset_t2.asm.obj              122     0         0      
       copy_decompress_lzss.c.obj     104     0         0      
       s_frexp.c.obj                  100     0         0      
       _ltoa.c.obj                    84      0         0      
       atoi.c.obj                     76      0         0      
       fd_toi_t2.asm.obj              72      0         0      
       autoinit.c.obj                 68      0         0      
       boot_cortex_m.c.obj            52      0         0      
       i_tofd_t2.asm.obj              46      0         0      
       copy_zero_init.c.obj           28      0         0      
       memccpy.c.obj                  28      0         0      
       s_copysign.c.obj               26      0         0      
       strchr.c.obj                   22      0         0      
       strlen.c.obj                   20      0         0      
       wcslen.c.obj                   18      0         0      
       copy_decompress_none.c.obj     14      0         0      
       errno.c.obj                    8       0         4      
       exit.c.obj                     4       0         0      
       pre_init.c.obj                 4       0         0      
       div0.asm.obj                   2       0         0      
    +--+------------------------------+-------+---------+---------+
       Total:                         7731    257       4      
                                                               
       Stack:                         0       0         512    
       Linker Generated:              0       77        0      
    +--+------------------------------+-------+---------+---------+
       Grand Total:                   11475   1206      1436   


LINKER GENERATED COPY TABLES

__TI_cinit_table @ 00003188 records: 3, size/record: 8, table size: 24
	.data: load addr=00003150, load size=00000019 bytes, run addr=20000574, run size=0000002c bytes, compression=lzss
	.bss: load addr=00003178, load size=00000008 bytes, run addr=20000470, run size=00000104 bytes, compression=zero_init
	.vtable: load addr=00003180, load size=00000008 bytes, run addr=20000000, run size=0000026c bytes, compression=zero_init


LINKER GENERATED HANDLER TABLE

__TI_handler_table @ 0000316c records: 3, size/record: 4, table size: 12
	index: 0, handler: __TI_zero_init
	index: 1, handler: __TI_decompress_lzss
	index: 2, handler: __TI_decompress_none


GLOBAL SYMBOLS: SORTED ALPHABETICALLY BY Name 

address   name                          
-------   ----                          
00002f4b  C$$EXIT                       
00002d67  GPIODirModeSet                
00001c8f  GPIOPadConfigSet              
00002ad1  GPIOPinConfigure              
00002f35  GPIOPinRead                   
00002eb5  GPIOPinTypeGPIOInput          
00002e1f  GPIOPinTypeGPIOOutput         
00002ec7  GPIOPinTypeUART               
00002f3b  GPIOPinWrite                  
00002c6d  IntRegister                   
00002f0b  ResetISR                      
00001ee5  SysCtlClockGet                
00002201  SysCtlClockSet                
00002f41  SysCtlDelay                   
00002ca1  SysCtlPeripheralEnable        
00002e65  SysTickEnable                 
00002e79  SysTickIntEnable              
00002db1  SysTickIntRegister            
00002eed  SysTickPeriodSet              
00002f17  UARTCharGet                   
00002f21  UARTCharPut                   
00002b61  UARTConfigSetExpClk           
00002d91  UARTDisable                   
00002e8d  UARTEnable                    
20000470  __STACK_END                   
00000200  __STACK_SIZE                  
20000470  __STACK_TOP                   
00003188  __TI_CINIT_Base               
000031a0  __TI_CINIT_Limit              
0000316c  __TI_Handler_Table_Base       
00003178  __TI_Handler_Table_Limit      
00002ba9  __TI_auto_init_nobinit_nopinit
000028bd  __TI_decompress_lzss          
00002efd  __TI_decompress_none          
000029df  __TI_ltoa                     
ffffffff  __TI_pprof_out_hndl           
0000026d  __TI_printfi                  
ffffffff  __TI_prof_data_size           
ffffffff  __TI_prof_data_start          
00000000  __TI_static_base__            
00002dcd  __TI_zero_init_nomemset       
000026c9  __aeabi_cdcmpeq               
000026c9  __aeabi_cdcmple               
0000274f  __aeabi_cdrcmple              
00002b19  __aeabi_d2iz                  
000016d3  __aeabi_dadd                  
00001b59  __aeabi_ddiv                  
00002105  __aeabi_dmul                  
000016c9  __aeabi_dsub                  
00002f2d  __aeabi_errno_addr            
00002d39  __aeabi_i2d                   
00000cbb  __aeabi_idiv0                 
00000cbb  __aeabi_ldiv0                 
000027d5  __aeabi_memclr                
000027d5  __aeabi_memclr4               
000027d5  __aeabi_memclr8               
00002509  __aeabi_memcpy                
00002509  __aeabi_memcpy4               
00002509  __aeabi_memcpy8               
000027d7  __aeabi_memset                
000027d7  __aeabi_memset4               
000027d7  __aeabi_memset8               
000025a5  __aeabi_uldivmod              
ffffffff  __binit__                     
ffffffff  __c_args__                    
UNDEFED   __mpu_init                    
20000270  __stack                       
20000000  __start___llvm_prf_cnts       
20000000  __stop___llvm_prf_cnts        
00002cd5  _c_int00_noargs               
00002f50  _ctypes_                      
UNDEFED   _system_post_cinit            
00002f47  _system_pre_init              
00002f4b  abort                         
00002a85  atoi                          
ffffffff  binit                         
00001953  checkPushButton               
000018d3  clockUpdate                   
00002e05  copysign                      
00002e05  copysignl                     
2000059c  errno                         
00002925  frexp                         
00002925  frexpl                        
20000000  g_pfnRAMVectors               
00000000  g_pfnVectors                  
00001ff5  ldexp                         
00001ff5  ldexpl                        
0000248f  ledInit                       
0000246d  ledInitForced                 
000024a3  ledTurnOnOff                  
00000fc7  lpInit                        
000019ab  main                          
00002de9  memccpy                       
00002509  memcpy                        
000027dd  memset                        
00002671  pbInit                        
0000263d  pbInitForced                  
00002685  pbRead                        
00001ff5  scalbn                        
00001ff5  scalbnl                       
00000deb  schdCallback                  
00000e65  schdExecute                   
000012fd  seg7Init                      
00001489  seg7Update                    
00002e4f  strchr                        
00002ea1  strlen                        
00000d4f  sysTimeGet                    
00000d55  sysTimeReached                
00000d7b  sysTimeWait                   
00000d9f  sysTimeWaitAbsolute           
00002341  uartGetChar                   
000022f5  uartInit                      
0000232f  uartPutChar                   
00002353  uartPutString                 
00001881  updateDigit                   
0000237f  uprintf                       
00002bed  vsnprintf                     
00000f69  waitMs                        
00000f99  waitUs                        
00002ed9  wcslen                        


GLOBAL SYMBOLS: SORTED BY Symbol Address 

address   name                          
-------   ----                          
00000000  __TI_static_base__            
00000000  g_pfnVectors                  
00000200  __STACK_SIZE                  
0000026d  __TI_printfi                  
00000cbb  __aeabi_idiv0                 
00000cbb  __aeabi_ldiv0                 
00000d4f  sysTimeGet                    
00000d55  sysTimeReached                
00000d7b  sysTimeWait                   
00000d9f  sysTimeWaitAbsolute           
00000deb  schdCallback                  
00000e65  schdExecute                   
00000f69  waitMs                        
00000f99  waitUs                        
00000fc7  lpInit                        
000012fd  seg7Init                      
00001489  seg7Update                    
000016c9  __aeabi_dsub                  
000016d3  __aeabi_dadd                  
00001881  updateDigit                   
000018d3  clockUpdate                   
00001953  checkPushButton               
000019ab  main                          
00001b59  __aeabi_ddiv                  
00001c8f  GPIOPadConfigSet              
00001ee5  SysCtlClockGet                
00001ff5  ldexp                         
00001ff5  ldexpl                        
00001ff5  scalbn                        
00001ff5  scalbnl                       
00002105  __aeabi_dmul                  
00002201  SysCtlClockSet                
000022f5  uartInit                      
0000232f  uartPutChar                   
00002341  uartGetChar                   
00002353  uartPutString                 
0000237f  uprintf                       
0000246d  ledInitForced                 
0000248f  ledInit                       
000024a3  ledTurnOnOff                  
00002509  __aeabi_memcpy                
00002509  __aeabi_memcpy4               
00002509  __aeabi_memcpy8               
00002509  memcpy                        
000025a5  __aeabi_uldivmod              
0000263d  pbInitForced                  
00002671  pbInit                        
00002685  pbRead                        
000026c9  __aeabi_cdcmpeq               
000026c9  __aeabi_cdcmple               
0000274f  __aeabi_cdrcmple              
000027d5  __aeabi_memclr                
000027d5  __aeabi_memclr4               
000027d5  __aeabi_memclr8               
000027d7  __aeabi_memset                
000027d7  __aeabi_memset4               
000027d7  __aeabi_memset8               
000027dd  memset                        
000028bd  __TI_decompress_lzss          
00002925  frexp                         
00002925  frexpl                        
000029df  __TI_ltoa                     
00002a85  atoi                          
00002ad1  GPIOPinConfigure              
00002b19  __aeabi_d2iz                  
00002b61  UARTConfigSetExpClk           
00002ba9  __TI_auto_init_nobinit_nopinit
00002bed  vsnprintf                     
00002c6d  IntRegister                   
00002ca1  SysCtlPeripheralEnable        
00002cd5  _c_int00_noargs               
00002d39  __aeabi_i2d                   
00002d67  GPIODirModeSet                
00002d91  UARTDisable                   
00002db1  SysTickIntRegister            
00002dcd  __TI_zero_init_nomemset       
00002de9  memccpy                       
00002e05  copysign                      
00002e05  copysignl                     
00002e1f  GPIOPinTypeGPIOOutput         
00002e4f  strchr                        
00002e65  SysTickEnable                 
00002e79  SysTickIntEnable              
00002e8d  UARTEnable                    
00002ea1  strlen                        
00002eb5  GPIOPinTypeGPIOInput          
00002ec7  GPIOPinTypeUART               
00002ed9  wcslen                        
00002eed  SysTickPeriodSet              
00002efd  __TI_decompress_none          
00002f0b  ResetISR                      
00002f17  UARTCharGet                   
00002f21  UARTCharPut                   
00002f2d  __aeabi_errno_addr            
00002f35  GPIOPinRead                   
00002f3b  GPIOPinWrite                  
00002f41  SysCtlDelay                   
00002f47  _system_pre_init              
00002f4b  C$$EXIT                       
00002f4b  abort                         
00002f50  _ctypes_                      
0000316c  __TI_Handler_Table_Base       
00003178  __TI_Handler_Table_Limit      
00003188  __TI_CINIT_Base               
000031a0  __TI_CINIT_Limit              
20000000  __start___llvm_prf_cnts       
20000000  __stop___llvm_prf_cnts        
20000000  g_pfnRAMVectors               
20000270  __stack                       
20000470  __STACK_END                   
20000470  __STACK_TOP                   
2000059c  errno                         
ffffffff  __TI_pprof_out_hndl           
ffffffff  __TI_prof_data_size           
ffffffff  __TI_prof_data_start          
ffffffff  __binit__                     
ffffffff  __c_args__                    
ffffffff  binit                         
UNDEFED   __mpu_init                    
UNDEFED   _system_post_cinit            

[120 symbols]
