******************************************************************************
                  TI ARM Linker PC v20.2.5                     
******************************************************************************
>> Linked Mon Jul 18 23:33:34 2022

OUTPUT FILE NAME:   <Lab4.out>
ENTRY POINT SYMBOL: "_c_int00_noargs"  address: 00003599


MEMORY CONFIGURATION

         name            origin    length      used     unused   attr    fill
----------------------  --------  ---------  --------  --------  ----  --------
  FLASH                 00000000   00040000  00003c86  0003c37a  R  X
  SRAM                  20000000   00008000  0000093d  000076c3  RW X


SEGMENT ALLOCATION MAP

run origin  load origin   length   init length attrs members
----------  ----------- ---------- ----------- ----- -------
00000000    00000000    00003c88   00003c88    r-x
  00000000    00000000    0000026c   0000026c    r-- .intvecs
  0000026c    0000026c    00003772   00003772    r-x .text
  000039e0    000039e0    00000200   00000200    r-- .const
  00003be0    00003be0    000000a8   000000a8    r-- .cinit
20000000    20000000    00000940   00000000    rw-
  20000000    20000000    0000026c   00000000    rw- .vtable
  2000026c    2000026c    000002cc   00000000    rw- .bss
  20000538    20000538    00000200   00000000    rw- .stack
  20000738    20000738    000001f5   00000000    rw- .data
  20000930    20000930    00000010   00000000    rw- .sysmem


SECTION ALLOCATION MAP

 output                                  attributes/
section   page    origin      length       input sections
--------  ----  ----------  ----------   ----------------
.intvecs   0    00000000    0000026c     
                  00000000    0000026c     tm4c123gh6pm_startup_ccs.obj (.intvecs)

.text      0    0000026c    00003772     
                  0000026c    00000a4e     rtsv7M4_T_le_v4SPD16_eabi.lib : _printfi.c.obj (.text:__TI_printfi)
                  00000cba    00000002                                   : _lock.c.obj (.text:_nop)
                  00000cbc    000003d0     Util.lib : launchpad.obj (.text)
                  0000108c    00000270     rtsv7M4_T_le_v4SPD16_eabi.lib : _printfi.c.obj (.text:_pconv_a)
                  000012fc    000001e4     main.obj (.text)
                  000014e0    000001d0     rtsv7M4_T_le_v4SPD16_eabi.lib : _printfi.c.obj (.text:_pconv_g)
                  000016b0    000001b6                                   : fd_add_t2.asm.obj (.text)
                  00001866    00000002                                   : div0.asm.obj (.text)
                  00001868    0000013c                                   : _printfi.c.obj (.text:_pconv_e)
                  000019a4    00000136                                   : fd_div_t2.asm.obj (.text)
                  00001ada    00000132     driverlib.lib : gpio.obj (.text:GPIOPadConfigSet)
                  00001c0c    00000124     rtsv7M4_T_le_v4SPD16_eabi.lib : _printfi.c.obj (.text:fcvt)
                  00001d30    00000114                                   : fputs.c.obj (.text:fputs)
                  00001e44    00000110     driverlib.lib : sysctl.obj (.text:SysCtlClockGet)
                  00001f54    00000110     rtsv7M4_T_le_v4SPD16_eabi.lib : s_scalbn.c.obj (.text:scalbn)
                  00002064    00000100                                   : memory.c.obj (.text:aligned_alloc)
                  00002164    000000fc                                   : fd_mul_t2.asm.obj (.text)
                  00002260    000000f4     driverlib.lib : sysctl.obj (.text:SysCtlClockSet)
                  00002354    000000e4     rtsv7M4_T_le_v4SPD16_eabi.lib : memory.c.obj (.text:free)
                  00002438    000000dc                                   : setvbuf.c.obj (.text:setvbuf)
                  00002514    000000c4     Util.lib : uart.obj (.text)
                  000025d8    000000b1     rtsv7M4_T_le_v4SPD16_eabi.lib : _printfi.c.obj (.text:_ltostr)
                  00002689    00000003     --HOLE-- [fill = 0]
                  0000268c    0000009c     Util.lib : led.obj (.text)
                  00002728    0000009c     rtsv7M4_T_le_v4SPD16_eabi.lib : memcpy_t2.asm.obj (.text)
                  000027c4    00000096                                   : ull_div_t2.asm.obj (.text)
                  0000285a    00000002     --HOLE-- [fill = 0]
                  0000285c    0000008c     Util.lib : pushbutton.obj (.text)
                  000028e8    00000086     rtsv7M4_T_le_v4SPD16_eabi.lib : fd_cmp_t2.asm.obj (.text:__aeabi_cdcmple)
                  0000296e    00000086                                   : fd_cmp_t2.asm.obj (.text:__aeabi_cdrcmple)
                  000029f4    0000007c                                   : fflush.c.obj (.text:fflush)
                  00002a70    0000007a                                   : memset_t2.asm.obj (.text)
                  00002aea    00000002     --HOLE-- [fill = 0]
                  00002aec    00000074                                   : fclose.c.obj (.text:__TI_closefile)
                  00002b60    00000070                                   : memory.c.obj (.text:split)
                  00002bd0    0000006e                                   : _printfi.c.obj (.text:_mcpy)
                  00002c3e    00000002     --HOLE-- [fill = 0]
                  00002c40    0000006c                                   : hostrename.c.obj (.text:HOSTrename)
                  00002cac    00000068                                   : hostlseek.c.obj (.text:HOSTlseek)
                  00002d14    00000068                                   : copy_decompress_lzss.c.obj (.text:decompress:lzss:__TI_decompress_lzss)
                  00002d7c    00000064                                   : s_frexp.c.obj (.text:frexp)
                  00002de0    00000064                                   : fseek.c.obj (.text:fseek)
                  00002e44    00000062                                   : _io_perm.c.obj (.text:__TI_wrt_ok)
                  00002ea6    00000002     --HOLE-- [fill = 0]
                  00002ea8    00000060                                   : hostopen.c.obj (.text:HOSTopen)
                  00002f08    0000005c                                   : close.c.obj (.text:close)
                  00002f64    00000058                                   : hostread.c.obj (.text:HOSTread)
                  00002fbc    00000058                                   : hostwrite.c.obj (.text:HOSTwrite)
                  00003014    00000056                                   : _printfi.c.obj (.text:_pconv_f)
                  0000306a    00000054                                   : _ltoa.c.obj (.text:__TI_ltoa)
                  000030be    00000052                                   : _printfi.c.obj (.text:_ecpy)
                  00003110    0000004c                                   : fflush.c.obj (.text:__TI_doflush)
                  0000315c    0000004c                                   : atoi.c.obj (.text:atoi)
                  000031a8    00000048     driverlib.lib : gpio.obj (.text:GPIOPinConfigure)
                  000031f0    00000048     rtsv7M4_T_le_v4SPD16_eabi.lib : exit.c.obj (.text:exit)
                  00003238    00000048                                   : fd_toi_t2.asm.obj (.text)
                  00003280    00000046     driverlib.lib : uart.obj (.text:UARTConfigSetExpClk)
                  000032c6    00000002     --HOLE-- [fill = 0]
                  000032c8    00000044     rtsv7M4_T_le_v4SPD16_eabi.lib : hostclose.c.obj (.text:HOSTclose)
                  0000330c    00000044                                   : hostunlink.c.obj (.text:HOSTunlink)
                  00003350    00000044                                   : autoinit.c.obj (.text:__TI_auto_init_nobinit_nopinit:__TI_auto_init_nobinit_nopinit)
                  00003394    00000044                                   : getdevice.c.obj (.text:getdevice)
                  000033d8    00000040                                   : vsnprintf.c.obj (.text:vsnprintf)
                  00003418    0000003e                                   : _printfi.c.obj (.text:_fcpy)
                  00003456    00000002     --HOLE-- [fill = 0]
                  00003458    00000038                                   : trgmsg.c.obj (.text:__TI_writemsg)
                  00003490    00000036                                   : strncpy.c.obj (.text:strncpy)
                  000034c6    00000002     --HOLE-- [fill = 0]
                  000034c8    00000034     driverlib.lib : interrupt.obj (.text:IntRegister)
                  000034fc    00000034                   : sysctl.obj (.text:SysCtlPeripheralEnable)
                  00003530    00000034     rtsv7M4_T_le_v4SPD16_eabi.lib : fopen.c.obj (.text:__TI_cleanup)
                  00003564    00000034                                   : trgmsg.c.obj (.text:__TI_readmsg)
                  00003598    00000034                                   : boot_cortex_m.c.obj (.text:_c_int00_noargs:_c_int00_noargs)
                  000035cc    00000030                                   : vsnprintf.c.obj (.text:_outs)
                  000035fc    00000030                                   : getdevice.c.obj (.text:finddevice)
                  0000362c    0000002e                                   : i_tofd_t2.asm.obj (.text)
                  0000365a    00000002     --HOLE-- [fill = 0]
                  0000365c    0000002c     buzzer_asm.obj (.text)
                  00003688    0000002c     rtsv7M4_T_le_v4SPD16_eabi.lib : unlink.c.obj (.text:unlink)
                  000036b4    0000002a     driverlib.lib : gpio.obj (.text:GPIODirModeSet)
                  000036de    00000002     --HOLE-- [fill = 0]
                  000036e0    00000028     rtsv7M4_T_le_v4SPD16_eabi.lib : memory.c.obj (.text:free_list_insert)
                  00003708    00000028                                   : lseek.c.obj (.text:lseek)
                  00003730    00000028                                   : write.c.obj (.text:write)
                  00003758    00000020     driverlib.lib : uart.obj (.text:UARTDisable)
                  00003778    00000020     rtsv7M4_T_le_v4SPD16_eabi.lib : memchr.c.obj (.text:memchr)
                  00003798    00000020     motion_asm.obj (.text)
                  000037b8    0000001c     driverlib.lib : systick.obj (.text:SysTickIntRegister)
                  000037d4    0000001c     rtsv7M4_T_le_v4SPD16_eabi.lib : assert.c.obj (.text:_abort_msg)
                  000037f0    0000001c     buzzer.obj (.text)
                  0000380c    0000001c     rtsv7M4_T_le_v4SPD16_eabi.lib : memory.c.obj (.text:free_list_remove)
                  00003828    0000001c                                   : memccpy.c.obj (.text:memccpy)
                  00003844    0000001a                                   : s_copysign.c.obj (.text:copysign)
                  0000385e    00000018     driverlib.lib : gpio.obj (.text:GPIOPinTypeGPIOOutput)
                  00003876    00000018     rtsv7M4_T_le_v4SPD16_eabi.lib : vsnprintf.c.obj (.text:_outc)
                  0000388e    00000018                                   : strcmp.c.obj (.text:strcmp)
                  000038a6    00000016                                   : strchr.c.obj (.text:strchr)
                  000038bc    00000014     driverlib.lib : systick.obj (.text:SysTickEnable)
                  000038d0    00000014                   : systick.obj (.text:SysTickIntEnable)
                  000038e4    00000014                   : uart.obj (.text:UARTEnable)
                  000038f8    00000014     rtsv7M4_T_le_v4SPD16_eabi.lib : strcpy.c.obj (.text:strcpy)
                  0000390c    00000014                                   : strlen.c.obj (.text:strlen)
                  00003920    00000012     driverlib.lib : gpio.obj (.text:GPIOPinTypeGPIOInput)
                  00003932    00000012                   : gpio.obj (.text:GPIOPinTypeUART)
                  00003944    00000012     rtsv7M4_T_le_v4SPD16_eabi.lib : wcslen.c.obj (.text:wcslen)
                  00003956    00000002     --HOLE-- [fill = 0]
                  00003958    00000010     driverlib.lib : systick.obj (.text:SysTickPeriodSet)
                  00003968    00000010     motion.obj (.text)
                  00003978    0000000e     rtsv7M4_T_le_v4SPD16_eabi.lib : copy_decompress_none.c.obj (.text:decompress:none:__TI_decompress_none)
                  00003986    0000000c                                   : copy_zero_init.c.obj (.text:decompress:ZI:__TI_zero_init)
                  00003992    0000000c     tm4c123gh6pm_startup_ccs.obj (.text)
                  0000399e    0000000a     driverlib.lib : uart.obj (.text:UARTCharGet)
                  000039a8    0000000a                   : uart.obj (.text:UARTCharPut)
                  000039b2    00000002     --HOLE-- [fill = 0]
                  000039b4    00000008     rtsv7M4_T_le_v4SPD16_eabi.lib : errno.c.obj (.text:__aeabi_errno_addr)
                  000039bc    00000008                                   : memory.c.obj (.text:malloc)
                  000039c4    00000006     driverlib.lib : gpio.obj (.text:GPIOPinRead)
                  000039ca    00000006                   : gpio.obj (.text:GPIOPinWrite)
                  000039d0    00000006                   : sysctl.obj (.text:SysCtlDelay)
                  000039d6    00000004     rtsv7M4_T_le_v4SPD16_eabi.lib : pre_init.c.obj (.text:_system_pre_init)
                  000039da    00000004                                   : exit.c.obj (.text:abort:abort)

.const     0    000039e0    00000200     
                  000039e0    00000101     rtsv7M4_T_le_v4SPD16_eabi.lib : ctype.c.obj (.const:.string:_ctypes_)
                  00003ae1    00000003     --HOLE-- [fill = 0]
                  00003ae4    00000090     driverlib.lib : gpio.obj (.const:g_pui32GPIOBaseAddrs)
                  00003b74    0000006c                   : sysctl.obj (.const:g_pui32Xtals)

.cinit     0    00003be0    000000a8     
                  00003be0    00000070     (.cinit..data.load) [load image, compression = lzss]
                  00003c50    0000000c     (__TI_handler_table)
                  00003c5c    00000004     --HOLE-- [fill = 0]
                  00003c60    00000008     (.cinit..bss.load) [load image, compression = zero_init]
                  00003c68    00000008     (.cinit..vtable.load) [load image, compression = zero_init]
                  00003c70    00000018     (__TI_cinit_table)

.init_array 
*          0    00000000    00000000     UNINITIALIZED

.vtable    0    20000000    0000026c     UNINITIALIZED
                  20000000    0000026c     driverlib.lib : interrupt.obj (.vtable)

.bss       0    2000026c    000002cc     UNINITIALIZED
                  2000026c    00000120     rtsv7M4_T_le_v4SPD16_eabi.lib : trgmsg.c.obj (.bss:_CIOBUF_)
                  2000038c    00000100     Util.lib : launchpad.obj (.bss:callbackHeap)
                  2000048c    000000a0     (.common:__TI_tmpnams)
                  2000052c    00000008     (.common:parmbuf)
                  20000534    00000004              : launchpad.obj (.bss)

.stack     0    20000538    00000200     UNINITIALIZED
                  20000538    00000004     rtsv7M4_T_le_v4SPD16_eabi.lib : boot_cortex_m.c.obj (.stack)
                  2000053c    000001fc     --HOLE--

.data      0    20000738    000001f5     UNINITIALIZED
                  20000738    000000f0     rtsv7M4_T_le_v4SPD16_eabi.lib : defs.c.obj (.data:_ftable)
                  20000828    00000078                                   : host_device.c.obj (.data:_device)
                  200008a0    00000050                                   : host_device.c.obj (.data:_stream)
                  200008f0    00000010                                   : defs.c.obj (.data)
                  20000900    0000000c                                   : exit.c.obj (.data:$O1$$)
                  2000090c    00000008                                   : _lock.c.obj (.data:$O1$$)
                  20000914    00000008                                   : memory.c.obj (.data:$O1$$)
                  2000091c    00000008     Util.lib : launchpad.obj (.data)
                  20000924    00000004     rtsv7M4_T_le_v4SPD16_eabi.lib : errno.c.obj (.data)
                  20000928    00000003     main.obj (.data)
                  2000092b    00000001     Util.lib : led.obj (.data)
                  2000092c    00000001              : pushbutton.obj (.data)

.sysmem    0    20000930    00000010     UNINITIALIZED
                  20000930    00000010     rtsv7M4_T_le_v4SPD16_eabi.lib : memory.c.obj (.sysmem)

__llvm_prf_cnts 
*          0    20000000    00000000     UNINITIALIZED

MODULE SUMMARY

       Module                         code    ro data   rw data
       ------                         ----    -------   -------
    .\
       tm4c123gh6pm_startup_ccs.obj   12      620       0      
       main.obj                       484     0         3      
       buzzer_asm.obj                 44      0         0      
       motion_asm.obj                 32      0         0      
       buzzer.obj                     28      0         0      
       motion.obj                     16      0         0      
    +--+------------------------------+-------+---------+---------+
       Total:                         616     620       3      
                                                               
    C:/Users/vubui/Desktop/ECE266_Workspaces/._GitHub/LabGroup3/Util/Debug/Util.lib
       launchpad.obj                  976     0         268    
       uart.obj                       196     0         0      
       led.obj                        156     0         1      
       pushbutton.obj                 140     0         1      
    +--+------------------------------+-------+---------+---------+
       Total:                         1468    0         270    
                                                               
    C:/ti/TivaWare_C_Series-2.1.4.178/driverlib/ccs/Debug/driverlib.lib
       sysctl.obj                     574     108       0      
       interrupt.obj                  52      0         620    
       gpio.obj                       492     144       0      
       uart.obj                       142     0         0      
       systick.obj                    84      0         0      
    +--+------------------------------+-------+---------+---------+
       Total:                         1344    252       620    
                                                               
    C:\ti\ccs1120\ccs\tools\compiler\ti-cgt-arm_20.2.5.LTS\lib\rtsv7M4_T_le_v4SPD16_eabi.lib
       _printfi.c.obj                 4851    0         0      
       memory.c.obj                   672     0         8      
       fd_add_t2.asm.obj              438     0         0      
       defs.c.obj                     0       0         416    
       trgmsg.c.obj                   108     0         288    
       fd_div_t2.asm.obj              310     0         0      
       fputs.c.obj                    276     0         0      
       s_scalbn.c.obj                 272     0         0      
       fd_cmp_t2.asm.obj              268     0         0      
       ctype.c.obj                    0       257       0      
       fd_mul_t2.asm.obj              252     0         0      
       setvbuf.c.obj                  220     0         0      
       fflush.c.obj                   200     0         0      
       host_device.c.obj              0       0         200    
       memcpy_t2.asm.obj              156     0         0      
       ull_div_t2.asm.obj             150     0         0      
       vsnprintf.c.obj                136     0         0      
       memset_t2.asm.obj              122     0         0      
       fclose.c.obj                   116     0         0      
       getdevice.c.obj                116     0         0      
       hostrename.c.obj               108     0         0      
       copy_decompress_lzss.c.obj     104     0         0      
       hostlseek.c.obj                104     0         0      
       hostopen.c.obj                 96      0         8      
       fseek.c.obj                    100     0         0      
       s_frexp.c.obj                  100     0         0      
       _io_perm.c.obj                 98      0         0      
       close.c.obj                    92      0         0      
       exit.c.obj                     76      0         12     
       hostread.c.obj                 88      0         0      
       hostwrite.c.obj                88      0         0      
       _ltoa.c.obj                    84      0         0      
       atoi.c.obj                     76      0         0      
       fd_toi_t2.asm.obj              72      0         0      
       autoinit.c.obj                 68      0         0      
       hostclose.c.obj                68      0         0      
       hostunlink.c.obj               68      0         0      
       strncpy.c.obj                  54      0         0      
       boot_cortex_m.c.obj            52      0         0      
       fopen.c.obj                    52      0         0      
       i_tofd_t2.asm.obj              46      0         0      
       unlink.c.obj                   44      0         0      
       lseek.c.obj                    40      0         0      
       write.c.obj                    40      0         0      
       memchr.c.obj                   32      0         0      
       assert.c.obj                   28      0         0      
       memccpy.c.obj                  28      0         0      
       s_copysign.c.obj               26      0         0      
       strcmp.c.obj                   24      0         0      
       strchr.c.obj                   22      0         0      
       strcpy.c.obj                   20      0         0      
       strlen.c.obj                   20      0         0      
       wcslen.c.obj                   18      0         0      
       copy_decompress_none.c.obj     14      0         0      
       copy_zero_init.c.obj           12      0         0      
       errno.c.obj                    8       0         4      
       _lock.c.obj                    2       0         8      
       pre_init.c.obj                 4       0         0      
       div0.asm.obj                   2       0         0      
    +--+------------------------------+-------+---------+---------+
       Total:                         10741   257       944    
                                                               
       Heap:                          0       0         16     
       Stack:                         0       0         512    
       Linker Generated:              0       164       0      
    +--+------------------------------+-------+---------+---------+
       Grand Total:                   14169   1293      2365   


LINKER GENERATED COPY TABLES

__TI_cinit_table @ 00003c70 records: 3, size/record: 8, table size: 24
	.data: load addr=00003be0, load size=00000070 bytes, run addr=20000738, run size=000001f5 bytes, compression=lzss
	.bss: load addr=00003c60, load size=00000008 bytes, run addr=2000026c, run size=000002cc bytes, compression=zero_init
	.vtable: load addr=00003c68, load size=00000008 bytes, run addr=20000000, run size=0000026c bytes, compression=zero_init


LINKER GENERATED HANDLER TABLE

__TI_handler_table @ 00003c50 records: 3, size/record: 4, table size: 12
	index: 0, handler: __TI_zero_init
	index: 1, handler: __TI_decompress_lzss
	index: 2, handler: __TI_decompress_none


GLOBAL SYMBOLS: SORTED ALPHABETICALLY BY Name 

address   name                           
-------   ----                           
000039db  C$$EXIT                        
00003487  C$$IO$$                        
000036b5  GPIODirModeSet                 
00001adb  GPIOPadConfigSet               
000031a9  GPIOPinConfigure               
000039c5  GPIOPinRead                    
00003921  GPIOPinTypeGPIOInput           
0000385f  GPIOPinTypeGPIOOutput          
00003933  GPIOPinTypeUART                
000039cb  GPIOPinWrite                   
000032c9  HOSTclose                      
00002cad  HOSTlseek                      
00002ea9  HOSTopen                       
00002f65  HOSTread                       
00002c41  HOSTrename                     
0000330d  HOSTunlink                     
00002fbd  HOSTwrite                      
000034c9  IntRegister                    
00003993  ResetISR                       
00001e45  SysCtlClockGet                 
00002261  SysCtlClockSet                 
000039d1  SysCtlDelay                    
000034fd  SysCtlPeripheralEnable         
000038bd  SysTickEnable                  
000038d1  SysTickIntEnable               
000037b9  SysTickIntRegister             
00003959  SysTickPeriodSet               
0000399f  UARTCharGet                    
000039a9  UARTCharPut                    
00003281  UARTConfigSetExpClk            
00003759  UARTDisable                    
000038e5  UARTEnable                     
2000026c  __CIOBUF_                      
20000738  __STACK_END                    
00000200  __STACK_SIZE                   
20000738  __STACK_TOP                    
00000010  __SYSMEM_SIZE                  
00003c70  __TI_CINIT_Base                
00003c88  __TI_CINIT_Limit               
00003c50  __TI_Handler_Table_Base        
00003c5c  __TI_Handler_Table_Limit       
00003351  __TI_auto_init_nobinit_nopinit 
00003531  __TI_cleanup                   
20000900  __TI_cleanup_ptr               
00002aed  __TI_closefile                 
00002d15  __TI_decompress_lzss           
00003979  __TI_decompress_none           
00003111  __TI_doflush                   
20000904  __TI_dtors_ptr                 
20000908  __TI_enable_exit_profile_output
200008f0  __TI_ft_end                    
0000306b  __TI_ltoa                      
ffffffff  __TI_pprof_out_hndl            
0000026d  __TI_printfi                   
ffffffff  __TI_prof_data_size            
ffffffff  __TI_prof_data_start           
00003565  __TI_readmsg                   
00000000  __TI_static_base__             
2000048c  __TI_tmpnams                   
00003459  __TI_writemsg                  
00002e45  __TI_wrt_ok                    
00003987  __TI_zero_init                 
000028e9  __aeabi_cdcmpeq                
000028e9  __aeabi_cdcmple                
0000296f  __aeabi_cdrcmple               
00003239  __aeabi_d2iz                   
000016bb  __aeabi_dadd                   
000019a5  __aeabi_ddiv                   
00002165  __aeabi_dmul                   
000016b1  __aeabi_dsub                   
000039b5  __aeabi_errno_addr             
0000362d  __aeabi_i2d                    
00001867  __aeabi_idiv0                  
00001867  __aeabi_ldiv0                  
00002a71  __aeabi_memclr                 
00002a71  __aeabi_memclr4                
00002a71  __aeabi_memclr8                
00002729  __aeabi_memcpy                 
00002729  __aeabi_memcpy4                
00002729  __aeabi_memcpy8                
00002a73  __aeabi_memset                 
00002a73  __aeabi_memset4                
00002a73  __aeabi_memset8                
200008fc  __aeabi_stderr                 
200008f4  __aeabi_stdin                  
200008f8  __aeabi_stdout                 
000027c5  __aeabi_uldivmod               
ffffffff  __binit__                      
ffffffff  __c_args__                     
UNDEFED   __mpu_init                     
20000538  __stack                        
20000000  __start___llvm_prf_cnts        
20000000  __stop___llvm_prf_cnts         
000037d5  _abort_msg                     
00003599  _c_int00_noargs                
000039e0  _ctypes_                       
20000828  _device                        
20000738  _ftable                        
2000090c  _lock                          
00000cbb  _nop                           
200008a0  _stream                        
20000930  _sys_memory                    
UNDEFED   _system_post_cinit             
000039d7  _system_pre_init               
20000910  _unlock                        
000039db  abort                          
00002065  aligned_alloc                  
0000315d  atoi                           
ffffffff  binit                          
000037f1  buzzerInit                     
00003675  buzzerOff                      
00003661  buzzerOn                       
000012fd  callbackBuzzerPlay             
0000135b  callbackCheckPushButton        
000013bf  callbackMotionDetect           
00002f09  close                          
00003845  copysign                       
00003845  copysignl                      
20000924  errno                          
000031f1  exit                           
000029f5  fflush                         
000035fd  finddevice                     
00001d31  fputs                          
00002355  free                           
00002d7d  frexp                          
00002d7d  frexpl                         
00002de1  fseek                          
20000000  g_pfnRAMVectors                
00000000  g_pfnVectors                   
00003395  getdevice                      
00001f55  ldexp                          
00001f55  ldexpl                         
000026af  ledInit                        
0000268d  ledInitForced                  
000026c3  ledTurnOnOff                   
00000fc7  lpInit                         
00003709  lseek                          
0000140b  main                           
000039bd  malloc                         
00002065  memalign                       
00003829  memccpy                        
00003779  memchr                         
00002729  memcpy                         
00002a79  memset                         
00003969  motionDetect                   
000037a1  motionInit                     
2000052c  parmbuf                        
00002891  pbInit                         
0000285d  pbInitForced                   
000028a5  pbRead                         
00003689  remove                         
00001f55  scalbn                         
00001f55  scalbnl                        
00000deb  schdCallback                   
00000e65  schdExecute                    
00002439  setvbuf                        
000038a7  strchr                         
0000388f  strcmp                         
000038f9  strcpy                         
0000390d  strlen                         
00003491  strncpy                        
00000d4f  sysTimeGet                     
00000d55  sysTimeReached                 
00000d7b  sysTimeWait                    
00000d9f  sysTimeWaitAbsolute            
00002561  uartGetChar                    
00002515  uartInit                       
0000254f  uartPutChar                    
00002573  uartPutString                  
00003689  unlink                         
0000259f  uprintf                        
000033d9  vsnprintf                      
00000f69  waitMs                         
00000f99  waitUs                         
00003945  wcslen                         
00003731  write                          


GLOBAL SYMBOLS: SORTED BY Symbol Address 

address   name                           
-------   ----                           
00000000  __TI_static_base__             
00000000  g_pfnVectors                   
00000010  __SYSMEM_SIZE                  
00000200  __STACK_SIZE                   
0000026d  __TI_printfi                   
00000cbb  _nop                           
00000d4f  sysTimeGet                     
00000d55  sysTimeReached                 
00000d7b  sysTimeWait                    
00000d9f  sysTimeWaitAbsolute            
00000deb  schdCallback                   
00000e65  schdExecute                    
00000f69  waitMs                         
00000f99  waitUs                         
00000fc7  lpInit                         
000012fd  callbackBuzzerPlay             
0000135b  callbackCheckPushButton        
000013bf  callbackMotionDetect           
0000140b  main                           
000016b1  __aeabi_dsub                   
000016bb  __aeabi_dadd                   
00001867  __aeabi_idiv0                  
00001867  __aeabi_ldiv0                  
000019a5  __aeabi_ddiv                   
00001adb  GPIOPadConfigSet               
00001d31  fputs                          
00001e45  SysCtlClockGet                 
00001f55  ldexp                          
00001f55  ldexpl                         
00001f55  scalbn                         
00001f55  scalbnl                        
00002065  aligned_alloc                  
00002065  memalign                       
00002165  __aeabi_dmul                   
00002261  SysCtlClockSet                 
00002355  free                           
00002439  setvbuf                        
00002515  uartInit                       
0000254f  uartPutChar                    
00002561  uartGetChar                    
00002573  uartPutString                  
0000259f  uprintf                        
0000268d  ledInitForced                  
000026af  ledInit                        
000026c3  ledTurnOnOff                   
00002729  __aeabi_memcpy                 
00002729  __aeabi_memcpy4                
00002729  __aeabi_memcpy8                
00002729  memcpy                         
000027c5  __aeabi_uldivmod               
0000285d  pbInitForced                   
00002891  pbInit                         
000028a5  pbRead                         
000028e9  __aeabi_cdcmpeq                
000028e9  __aeabi_cdcmple                
0000296f  __aeabi_cdrcmple               
000029f5  fflush                         
00002a71  __aeabi_memclr                 
00002a71  __aeabi_memclr4                
00002a71  __aeabi_memclr8                
00002a73  __aeabi_memset                 
00002a73  __aeabi_memset4                
00002a73  __aeabi_memset8                
00002a79  memset                         
00002aed  __TI_closefile                 
00002c41  HOSTrename                     
00002cad  HOSTlseek                      
00002d15  __TI_decompress_lzss           
00002d7d  frexp                          
00002d7d  frexpl                         
00002de1  fseek                          
00002e45  __TI_wrt_ok                    
00002ea9  HOSTopen                       
00002f09  close                          
00002f65  HOSTread                       
00002fbd  HOSTwrite                      
0000306b  __TI_ltoa                      
00003111  __TI_doflush                   
0000315d  atoi                           
000031a9  GPIOPinConfigure               
000031f1  exit                           
00003239  __aeabi_d2iz                   
00003281  UARTConfigSetExpClk            
000032c9  HOSTclose                      
0000330d  HOSTunlink                     
00003351  __TI_auto_init_nobinit_nopinit 
00003395  getdevice                      
000033d9  vsnprintf                      
00003459  __TI_writemsg                  
00003487  C$$IO$$                        
00003491  strncpy                        
000034c9  IntRegister                    
000034fd  SysCtlPeripheralEnable         
00003531  __TI_cleanup                   
00003565  __TI_readmsg                   
00003599  _c_int00_noargs                
000035fd  finddevice                     
0000362d  __aeabi_i2d                    
00003661  buzzerOn                       
00003675  buzzerOff                      
00003689  remove                         
00003689  unlink                         
000036b5  GPIODirModeSet                 
00003709  lseek                          
00003731  write                          
00003759  UARTDisable                    
00003779  memchr                         
000037a1  motionInit                     
000037b9  SysTickIntRegister             
000037d5  _abort_msg                     
000037f1  buzzerInit                     
00003829  memccpy                        
00003845  copysign                       
00003845  copysignl                      
0000385f  GPIOPinTypeGPIOOutput          
0000388f  strcmp                         
000038a7  strchr                         
000038bd  SysTickEnable                  
000038d1  SysTickIntEnable               
000038e5  UARTEnable                     
000038f9  strcpy                         
0000390d  strlen                         
00003921  GPIOPinTypeGPIOInput           
00003933  GPIOPinTypeUART                
00003945  wcslen                         
00003959  SysTickPeriodSet               
00003969  motionDetect                   
00003979  __TI_decompress_none           
00003987  __TI_zero_init                 
00003993  ResetISR                       
0000399f  UARTCharGet                    
000039a9  UARTCharPut                    
000039b5  __aeabi_errno_addr             
000039bd  malloc                         
000039c5  GPIOPinRead                    
000039cb  GPIOPinWrite                   
000039d1  SysCtlDelay                    
000039d7  _system_pre_init               
000039db  C$$EXIT                        
000039db  abort                          
000039e0  _ctypes_                       
00003c50  __TI_Handler_Table_Base        
00003c5c  __TI_Handler_Table_Limit       
00003c70  __TI_CINIT_Base                
00003c88  __TI_CINIT_Limit               
20000000  __start___llvm_prf_cnts        
20000000  __stop___llvm_prf_cnts         
20000000  g_pfnRAMVectors                
2000026c  __CIOBUF_                      
2000048c  __TI_tmpnams                   
2000052c  parmbuf                        
20000538  __stack                        
20000738  __STACK_END                    
20000738  __STACK_TOP                    
20000738  _ftable                        
20000828  _device                        
200008a0  _stream                        
200008f0  __TI_ft_end                    
200008f4  __aeabi_stdin                  
200008f8  __aeabi_stdout                 
200008fc  __aeabi_stderr                 
20000900  __TI_cleanup_ptr               
20000904  __TI_dtors_ptr                 
20000908  __TI_enable_exit_profile_output
2000090c  _lock                          
20000910  _unlock                        
20000924  errno                          
20000930  _sys_memory                    
ffffffff  __TI_pprof_out_hndl            
ffffffff  __TI_prof_data_size            
ffffffff  __TI_prof_data_start           
ffffffff  __binit__                      
ffffffff  __c_args__                     
ffffffff  binit                          
UNDEFED   __mpu_init                     
UNDEFED   _system_post_cinit             

[176 symbols]
