<?xml version="1.0" encoding="ISO-8859-1" ?>
<link_info>
   <banner>TI ARM Linker PC v20.2.5.LTS</banner>
   <copyright>Copyright (c) 1996-2018 Texas Instruments Incorporated</copyright>
   <link_time>0x62d6341e</link_time>
   <link_errors>0x0</link_errors>
   <output_file>Lab4.out</output_file>
   <entry_point>
      <name>_c_int00_noargs</name>
      <address>0x3599</address>
   </entry_point>
   <input_file_list>
      <input_file id="fl-2">
         <path>.\</path>
         <kind>object</kind>
         <file>buzzer.obj</file>
         <name>buzzer.obj</name>
      </input_file>
      <input_file id="fl-3">
         <path>.\</path>
         <kind>object</kind>
         <file>buzzer_asm.obj</file>
         <name>buzzer_asm.obj</name>
      </input_file>
      <input_file id="fl-4">
         <path>.\</path>
         <kind>object</kind>
         <file>main.obj</file>
         <name>main.obj</name>
      </input_file>
      <input_file id="fl-5">
         <path>.\</path>
         <kind>object</kind>
         <file>motion.obj</file>
         <name>motion.obj</name>
      </input_file>
      <input_file id="fl-6">
         <path>.\</path>
         <kind>object</kind>
         <file>motion_asm.obj</file>
         <name>motion_asm.obj</name>
      </input_file>
      <input_file id="fl-7">
         <path>.\</path>
         <kind>object</kind>
         <file>tm4c123gh6pm_startup_ccs.obj</file>
         <name>tm4c123gh6pm_startup_ccs.obj</name>
      </input_file>
      <input_file id="fl-d">
         <kind>object</kind>
         <file>&lt;internal&gt;</file>
         <name>&lt;internal&gt;</name>
      </input_file>
      <input_file id="fl-c3">
         <path>C:\ti\ccs1120\ccs\tools\compiler\ti-cgt-arm_20.2.5.LTS\lib\</path>
         <kind>archive</kind>
         <file>rtsv7M4_T_le_v4SPD16_eabi.lib</file>
         <name>copy_zero_init.c.obj</name>
      </input_file>
      <input_file id="fl-c4">
         <path>C:\ti\ccs1120\ccs\tools\compiler\ti-cgt-arm_20.2.5.LTS\lib\</path>
         <kind>archive</kind>
         <file>rtsv7M4_T_le_v4SPD16_eabi.lib</file>
         <name>copy_decompress_none.c.obj</name>
      </input_file>
      <input_file id="fl-c5">
         <path>C:\ti\ccs1120\ccs\tools\compiler\ti-cgt-arm_20.2.5.LTS\lib\</path>
         <kind>archive</kind>
         <file>rtsv7M4_T_le_v4SPD16_eabi.lib</file>
         <name>copy_decompress_lzss.c.obj</name>
      </input_file>
      <input_file id="fl-c6">
         <path>C:\ti\ccs1120\ccs\tools\compiler\ti-cgt-arm_20.2.5.LTS\lib\</path>
         <kind>archive</kind>
         <file>rtsv7M4_T_le_v4SPD16_eabi.lib</file>
         <name>assert.c.obj</name>
      </input_file>
      <input_file id="fl-c7">
         <path>C:\ti\ccs1120\ccs\tools\compiler\ti-cgt-arm_20.2.5.LTS\lib\</path>
         <kind>archive</kind>
         <file>rtsv7M4_T_le_v4SPD16_eabi.lib</file>
         <name>defs.c.obj</name>
      </input_file>
      <input_file id="fl-c8">
         <path>C:\ti\ccs1120\ccs\tools\compiler\ti-cgt-arm_20.2.5.LTS\lib\</path>
         <kind>archive</kind>
         <file>rtsv7M4_T_le_v4SPD16_eabi.lib</file>
         <name>boot_cortex_m.c.obj</name>
      </input_file>
      <input_file id="fl-c9">
         <path>C:\ti\ccs1120\ccs\tools\compiler\ti-cgt-arm_20.2.5.LTS\lib\</path>
         <kind>archive</kind>
         <file>rtsv7M4_T_le_v4SPD16_eabi.lib</file>
         <name>fflush.c.obj</name>
      </input_file>
      <input_file id="fl-ca">
         <path>C:\ti\ccs1120\ccs\tools\compiler\ti-cgt-arm_20.2.5.LTS\lib\</path>
         <kind>archive</kind>
         <file>rtsv7M4_T_le_v4SPD16_eabi.lib</file>
         <name>fputs.c.obj</name>
      </input_file>
      <input_file id="fl-cb">
         <path>C:\ti\ccs1120\ccs\tools\compiler\ti-cgt-arm_20.2.5.LTS\lib\</path>
         <kind>archive</kind>
         <file>rtsv7M4_T_le_v4SPD16_eabi.lib</file>
         <name>_io_perm.c.obj</name>
      </input_file>
      <input_file id="fl-cc">
         <path>C:\ti\ccs1120\ccs\tools\compiler\ti-cgt-arm_20.2.5.LTS\lib\</path>
         <kind>archive</kind>
         <file>rtsv7M4_T_le_v4SPD16_eabi.lib</file>
         <name>setvbuf.c.obj</name>
      </input_file>
      <input_file id="fl-cd">
         <path>C:\ti\ccs1120\ccs\tools\compiler\ti-cgt-arm_20.2.5.LTS\lib\</path>
         <kind>archive</kind>
         <file>rtsv7M4_T_le_v4SPD16_eabi.lib</file>
         <name>memcpy_t2.asm.obj</name>
      </input_file>
      <input_file id="fl-ce">
         <path>C:\ti\ccs1120\ccs\tools\compiler\ti-cgt-arm_20.2.5.LTS\lib\</path>
         <kind>archive</kind>
         <file>rtsv7M4_T_le_v4SPD16_eabi.lib</file>
         <name>memset_t2.asm.obj</name>
      </input_file>
      <input_file id="fl-cf">
         <path>C:\ti\ccs1120\ccs\tools\compiler\ti-cgt-arm_20.2.5.LTS\lib\</path>
         <kind>archive</kind>
         <file>rtsv7M4_T_le_v4SPD16_eabi.lib</file>
         <name>autoinit.c.obj</name>
      </input_file>
      <input_file id="fl-d0">
         <path>C:\ti\ccs1120\ccs\tools\compiler\ti-cgt-arm_20.2.5.LTS\lib\</path>
         <kind>archive</kind>
         <file>rtsv7M4_T_le_v4SPD16_eabi.lib</file>
         <name>pre_init.c.obj</name>
      </input_file>
      <input_file id="fl-d1">
         <path>C:\ti\ccs1120\ccs\tools\compiler\ti-cgt-arm_20.2.5.LTS\lib\</path>
         <kind>archive</kind>
         <file>rtsv7M4_T_le_v4SPD16_eabi.lib</file>
         <name>cpy_tbl.c.obj</name>
      </input_file>
      <input_file id="fl-d2">
         <path>C:\ti\ccs1120\ccs\tools\compiler\ti-cgt-arm_20.2.5.LTS\lib\</path>
         <kind>archive</kind>
         <file>rtsv7M4_T_le_v4SPD16_eabi.lib</file>
         <name>exit.c.obj</name>
      </input_file>
      <input_file id="fl-d3">
         <path>C:\ti\ccs1120\ccs\tools\compiler\ti-cgt-arm_20.2.5.LTS\lib\</path>
         <kind>archive</kind>
         <file>rtsv7M4_T_le_v4SPD16_eabi.lib</file>
         <name>_lock.c.obj</name>
      </input_file>
      <input_file id="fl-d4">
         <path>C:\ti\ccs1120\ccs\tools\compiler\ti-cgt-arm_20.2.5.LTS\lib\</path>
         <kind>archive</kind>
         <file>rtsv7M4_T_le_v4SPD16_eabi.lib</file>
         <name>args_main.c.obj</name>
      </input_file>
      <input_file id="fl-d5">
         <path>C:\ti\ccs1120\ccs\tools\compiler\ti-cgt-arm_20.2.5.LTS\lib\</path>
         <kind>archive</kind>
         <file>rtsv7M4_T_le_v4SPD16_eabi.lib</file>
         <name>memchr.c.obj</name>
      </input_file>
      <input_file id="fl-d6">
         <path>C:\ti\ccs1120\ccs\tools\compiler\ti-cgt-arm_20.2.5.LTS\lib\</path>
         <kind>archive</kind>
         <file>rtsv7M4_T_le_v4SPD16_eabi.lib</file>
         <name>memory.c.obj</name>
      </input_file>
      <input_file id="fl-d7">
         <path>C:\ti\ccs1120\ccs\tools\compiler\ti-cgt-arm_20.2.5.LTS\lib\</path>
         <kind>archive</kind>
         <file>rtsv7M4_T_le_v4SPD16_eabi.lib</file>
         <name>strlen.c.obj</name>
      </input_file>
      <input_file id="fl-d8">
         <path>C:\ti\ccs1120\ccs\tools\compiler\ti-cgt-arm_20.2.5.LTS\lib\</path>
         <kind>archive</kind>
         <file>rtsv7M4_T_le_v4SPD16_eabi.lib</file>
         <name>write.c.obj</name>
      </input_file>
      <input_file id="fl-d9">
         <path>C:\ti\ccs1120\ccs\tools\compiler\ti-cgt-arm_20.2.5.LTS\lib\</path>
         <kind>archive</kind>
         <file>rtsv7M4_T_le_v4SPD16_eabi.lib</file>
         <name>host_device.c.obj</name>
      </input_file>
      <input_file id="fl-da">
         <path>C:\ti\ccs1120\ccs\tools\compiler\ti-cgt-arm_20.2.5.LTS\lib\</path>
         <kind>archive</kind>
         <file>rtsv7M4_T_le_v4SPD16_eabi.lib</file>
         <name>fopen.c.obj</name>
      </input_file>
      <input_file id="fl-db">
         <path>C:\ti\ccs1120\ccs\tools\compiler\ti-cgt-arm_20.2.5.LTS\lib\</path>
         <kind>archive</kind>
         <file>rtsv7M4_T_le_v4SPD16_eabi.lib</file>
         <name>fseek.c.obj</name>
      </input_file>
      <input_file id="fl-dc">
         <path>C:\ti\ccs1120\ccs\tools\compiler\ti-cgt-arm_20.2.5.LTS\lib\</path>
         <kind>archive</kind>
         <file>rtsv7M4_T_le_v4SPD16_eabi.lib</file>
         <name>hostclose.c.obj</name>
      </input_file>
      <input_file id="fl-dd">
         <path>C:\ti\ccs1120\ccs\tools\compiler\ti-cgt-arm_20.2.5.LTS\lib\</path>
         <kind>archive</kind>
         <file>rtsv7M4_T_le_v4SPD16_eabi.lib</file>
         <name>hostlseek.c.obj</name>
      </input_file>
      <input_file id="fl-de">
         <path>C:\ti\ccs1120\ccs\tools\compiler\ti-cgt-arm_20.2.5.LTS\lib\</path>
         <kind>archive</kind>
         <file>rtsv7M4_T_le_v4SPD16_eabi.lib</file>
         <name>hostopen.c.obj</name>
      </input_file>
      <input_file id="fl-df">
         <path>C:\ti\ccs1120\ccs\tools\compiler\ti-cgt-arm_20.2.5.LTS\lib\</path>
         <kind>archive</kind>
         <file>rtsv7M4_T_le_v4SPD16_eabi.lib</file>
         <name>hostread.c.obj</name>
      </input_file>
      <input_file id="fl-e0">
         <path>C:\ti\ccs1120\ccs\tools\compiler\ti-cgt-arm_20.2.5.LTS\lib\</path>
         <kind>archive</kind>
         <file>rtsv7M4_T_le_v4SPD16_eabi.lib</file>
         <name>hostrename.c.obj</name>
      </input_file>
      <input_file id="fl-e1">
         <path>C:\ti\ccs1120\ccs\tools\compiler\ti-cgt-arm_20.2.5.LTS\lib\</path>
         <kind>archive</kind>
         <file>rtsv7M4_T_le_v4SPD16_eabi.lib</file>
         <name>hostunlink.c.obj</name>
      </input_file>
      <input_file id="fl-e2">
         <path>C:\ti\ccs1120\ccs\tools\compiler\ti-cgt-arm_20.2.5.LTS\lib\</path>
         <kind>archive</kind>
         <file>rtsv7M4_T_le_v4SPD16_eabi.lib</file>
         <name>hostwrite.c.obj</name>
      </input_file>
      <input_file id="fl-e3">
         <path>C:\ti\ccs1120\ccs\tools\compiler\ti-cgt-arm_20.2.5.LTS\lib\</path>
         <kind>archive</kind>
         <file>rtsv7M4_T_le_v4SPD16_eabi.lib</file>
         <name>trgmsg.c.obj</name>
      </input_file>
      <input_file id="fl-e4">
         <path>C:\ti\ccs1120\ccs\tools\compiler\ti-cgt-arm_20.2.5.LTS\lib\</path>
         <kind>archive</kind>
         <file>rtsv7M4_T_le_v4SPD16_eabi.lib</file>
         <name>open.c.obj</name>
      </input_file>
      <input_file id="fl-e5">
         <path>C:\ti\ccs1120\ccs\tools\compiler\ti-cgt-arm_20.2.5.LTS\lib\</path>
         <kind>archive</kind>
         <file>rtsv7M4_T_le_v4SPD16_eabi.lib</file>
         <name>lseek.c.obj</name>
      </input_file>
      <input_file id="fl-e6">
         <path>C:\ti\ccs1120\ccs\tools\compiler\ti-cgt-arm_20.2.5.LTS\lib\</path>
         <kind>archive</kind>
         <file>rtsv7M4_T_le_v4SPD16_eabi.lib</file>
         <name>fclose.c.obj</name>
      </input_file>
      <input_file id="fl-e7">
         <path>C:\ti\ccs1120\ccs\tools\compiler\ti-cgt-arm_20.2.5.LTS\lib\</path>
         <kind>archive</kind>
         <file>rtsv7M4_T_le_v4SPD16_eabi.lib</file>
         <name>getdevice.c.obj</name>
      </input_file>
      <input_file id="fl-e8">
         <path>C:\ti\ccs1120\ccs\tools\compiler\ti-cgt-arm_20.2.5.LTS\lib\</path>
         <kind>archive</kind>
         <file>rtsv7M4_T_le_v4SPD16_eabi.lib</file>
         <name>strchr.c.obj</name>
      </input_file>
      <input_file id="fl-e9">
         <path>C:\ti\ccs1120\ccs\tools\compiler\ti-cgt-arm_20.2.5.LTS\lib\</path>
         <kind>archive</kind>
         <file>rtsv7M4_T_le_v4SPD16_eabi.lib</file>
         <name>strcmp.c.obj</name>
      </input_file>
      <input_file id="fl-ea">
         <path>C:\ti\ccs1120\ccs\tools\compiler\ti-cgt-arm_20.2.5.LTS\lib\</path>
         <kind>archive</kind>
         <file>rtsv7M4_T_le_v4SPD16_eabi.lib</file>
         <name>strcpy.c.obj</name>
      </input_file>
      <input_file id="fl-eb">
         <path>C:\ti\ccs1120\ccs\tools\compiler\ti-cgt-arm_20.2.5.LTS\lib\</path>
         <kind>archive</kind>
         <file>rtsv7M4_T_le_v4SPD16_eabi.lib</file>
         <name>strncpy.c.obj</name>
      </input_file>
      <input_file id="fl-ec">
         <path>C:\ti\ccs1120\ccs\tools\compiler\ti-cgt-arm_20.2.5.LTS\lib\</path>
         <kind>archive</kind>
         <file>rtsv7M4_T_le_v4SPD16_eabi.lib</file>
         <name>remove.c.obj</name>
      </input_file>
      <input_file id="fl-ed">
         <path>C:\ti\ccs1120\ccs\tools\compiler\ti-cgt-arm_20.2.5.LTS\lib\</path>
         <kind>archive</kind>
         <file>rtsv7M4_T_le_v4SPD16_eabi.lib</file>
         <name>close.c.obj</name>
      </input_file>
      <input_file id="fl-ee">
         <path>C:\ti\ccs1120\ccs\tools\compiler\ti-cgt-arm_20.2.5.LTS\lib\</path>
         <kind>archive</kind>
         <file>rtsv7M4_T_le_v4SPD16_eabi.lib</file>
         <name>unlink.c.obj</name>
      </input_file>
      <input_file id="fl-ef">
         <path>C:\Users\vubui\Desktop\ECE266_Workspaces\._GitHub\LabGroup3\Util\Debug\</path>
         <kind>archive</kind>
         <file>Util.lib</file>
         <name>launchpad.obj</name>
      </input_file>
      <input_file id="fl-f0">
         <path>C:\Users\vubui\Desktop\ECE266_Workspaces\._GitHub\LabGroup3\Util\Debug\</path>
         <kind>archive</kind>
         <file>Util.lib</file>
         <name>led.obj</name>
      </input_file>
      <input_file id="fl-f1">
         <path>C:\Users\vubui\Desktop\ECE266_Workspaces\._GitHub\LabGroup3\Util\Debug\</path>
         <kind>archive</kind>
         <file>Util.lib</file>
         <name>pushbutton.obj</name>
      </input_file>
      <input_file id="fl-f2">
         <path>C:\Users\vubui\Desktop\ECE266_Workspaces\._GitHub\LabGroup3\Util\Debug\</path>
         <kind>archive</kind>
         <file>Util.lib</file>
         <name>uart.obj</name>
      </input_file>
      <input_file id="fl-f3">
         <path>C:\ti\TivaWare_C_Series-2.1.4.178\driverlib\ccs\Debug\</path>
         <kind>archive</kind>
         <file>driverlib.lib</file>
         <name>gpio.obj</name>
      </input_file>
      <input_file id="fl-f4">
         <path>C:\ti\TivaWare_C_Series-2.1.4.178\driverlib\ccs\Debug\</path>
         <kind>archive</kind>
         <file>driverlib.lib</file>
         <name>interrupt.obj</name>
      </input_file>
      <input_file id="fl-f5">
         <path>C:\ti\TivaWare_C_Series-2.1.4.178\driverlib\ccs\Debug\</path>
         <kind>archive</kind>
         <file>driverlib.lib</file>
         <name>sysctl.obj</name>
      </input_file>
      <input_file id="fl-f6">
         <path>C:\ti\TivaWare_C_Series-2.1.4.178\driverlib\ccs\Debug\</path>
         <kind>archive</kind>
         <file>driverlib.lib</file>
         <name>systick.obj</name>
      </input_file>
      <input_file id="fl-f7">
         <path>C:\ti\TivaWare_C_Series-2.1.4.178\driverlib\ccs\Debug\</path>
         <kind>archive</kind>
         <file>driverlib.lib</file>
         <name>uart.obj</name>
      </input_file>
      <input_file id="fl-f8">
         <path>C:\ti\TivaWare_C_Series-2.1.4.178\driverlib\ccs\Debug\</path>
         <kind>archive</kind>
         <file>driverlib.lib</file>
         <name>cpu.obj</name>
      </input_file>
      <input_file id="fl-f9">
         <path>C:\ti\ccs1120\ccs\tools\compiler\ti-cgt-arm_20.2.5.LTS\lib\</path>
         <kind>archive</kind>
         <file>rtsv7M4_T_le_v4SPD16_eabi.lib</file>
         <name>vsnprintf.c.obj</name>
      </input_file>
      <input_file id="fl-fa">
         <path>C:\ti\ccs1120\ccs\tools\compiler\ti-cgt-arm_20.2.5.LTS\lib\</path>
         <kind>archive</kind>
         <file>rtsv7M4_T_le_v4SPD16_eabi.lib</file>
         <name>ull_div_t2.asm.obj</name>
      </input_file>
      <input_file id="fl-fb">
         <path>C:\ti\ccs1120\ccs\tools\compiler\ti-cgt-arm_20.2.5.LTS\lib\</path>
         <kind>archive</kind>
         <file>rtsv7M4_T_le_v4SPD16_eabi.lib</file>
         <name>_printfi.c.obj</name>
      </input_file>
      <input_file id="fl-fc">
         <path>C:\ti\ccs1120\ccs\tools\compiler\ti-cgt-arm_20.2.5.LTS\lib\</path>
         <kind>archive</kind>
         <file>rtsv7M4_T_le_v4SPD16_eabi.lib</file>
         <name>s_frexp.c.obj</name>
      </input_file>
      <input_file id="fl-fd">
         <path>C:\ti\ccs1120\ccs\tools\compiler\ti-cgt-arm_20.2.5.LTS\lib\</path>
         <kind>archive</kind>
         <file>rtsv7M4_T_le_v4SPD16_eabi.lib</file>
         <name>s_scalbn.c.obj</name>
      </input_file>
      <input_file id="fl-fe">
         <path>C:\ti\ccs1120\ccs\tools\compiler\ti-cgt-arm_20.2.5.LTS\lib\</path>
         <kind>archive</kind>
         <file>rtsv7M4_T_le_v4SPD16_eabi.lib</file>
         <name>wcslen.c.obj</name>
      </input_file>
      <input_file id="fl-ff">
         <path>C:\ti\ccs1120\ccs\tools\compiler\ti-cgt-arm_20.2.5.LTS\lib\</path>
         <kind>archive</kind>
         <file>rtsv7M4_T_le_v4SPD16_eabi.lib</file>
         <name>div0.asm.obj</name>
      </input_file>
      <input_file id="fl-100">
         <path>C:\ti\ccs1120\ccs\tools\compiler\ti-cgt-arm_20.2.5.LTS\lib\</path>
         <kind>archive</kind>
         <file>rtsv7M4_T_le_v4SPD16_eabi.lib</file>
         <name>fd_add_t2.asm.obj</name>
      </input_file>
      <input_file id="fl-101">
         <path>C:\ti\ccs1120\ccs\tools\compiler\ti-cgt-arm_20.2.5.LTS\lib\</path>
         <kind>archive</kind>
         <file>rtsv7M4_T_le_v4SPD16_eabi.lib</file>
         <name>fd_cmp_t2.asm.obj</name>
      </input_file>
      <input_file id="fl-102">
         <path>C:\ti\ccs1120\ccs\tools\compiler\ti-cgt-arm_20.2.5.LTS\lib\</path>
         <kind>archive</kind>
         <file>rtsv7M4_T_le_v4SPD16_eabi.lib</file>
         <name>fd_div_t2.asm.obj</name>
      </input_file>
      <input_file id="fl-103">
         <path>C:\ti\ccs1120\ccs\tools\compiler\ti-cgt-arm_20.2.5.LTS\lib\</path>
         <kind>archive</kind>
         <file>rtsv7M4_T_le_v4SPD16_eabi.lib</file>
         <name>fd_mul_t2.asm.obj</name>
      </input_file>
      <input_file id="fl-104">
         <path>C:\ti\ccs1120\ccs\tools\compiler\ti-cgt-arm_20.2.5.LTS\lib\</path>
         <kind>archive</kind>
         <file>rtsv7M4_T_le_v4SPD16_eabi.lib</file>
         <name>fd_toi_t2.asm.obj</name>
      </input_file>
      <input_file id="fl-105">
         <path>C:\ti\ccs1120\ccs\tools\compiler\ti-cgt-arm_20.2.5.LTS\lib\</path>
         <kind>archive</kind>
         <file>rtsv7M4_T_le_v4SPD16_eabi.lib</file>
         <name>i_tofd_t2.asm.obj</name>
      </input_file>
      <input_file id="fl-106">
         <path>C:\ti\ccs1120\ccs\tools\compiler\ti-cgt-arm_20.2.5.LTS\lib\</path>
         <kind>archive</kind>
         <file>rtsv7M4_T_le_v4SPD16_eabi.lib</file>
         <name>_ltoa.c.obj</name>
      </input_file>
      <input_file id="fl-107">
         <path>C:\ti\ccs1120\ccs\tools\compiler\ti-cgt-arm_20.2.5.LTS\lib\</path>
         <kind>archive</kind>
         <file>rtsv7M4_T_le_v4SPD16_eabi.lib</file>
         <name>atoi.c.obj</name>
      </input_file>
      <input_file id="fl-108">
         <path>C:\ti\ccs1120\ccs\tools\compiler\ti-cgt-arm_20.2.5.LTS\lib\</path>
         <kind>archive</kind>
         <file>rtsv7M4_T_le_v4SPD16_eabi.lib</file>
         <name>ctype.c.obj</name>
      </input_file>
      <input_file id="fl-109">
         <path>C:\ti\ccs1120\ccs\tools\compiler\ti-cgt-arm_20.2.5.LTS\lib\</path>
         <kind>archive</kind>
         <file>rtsv7M4_T_le_v4SPD16_eabi.lib</file>
         <name>memccpy.c.obj</name>
      </input_file>
      <input_file id="fl-10a">
         <path>C:\ti\ccs1120\ccs\tools\compiler\ti-cgt-arm_20.2.5.LTS\lib\</path>
         <kind>archive</kind>
         <file>rtsv7M4_T_le_v4SPD16_eabi.lib</file>
         <name>errno.c.obj</name>
      </input_file>
      <input_file id="fl-10b">
         <path>C:\ti\ccs1120\ccs\tools\compiler\ti-cgt-arm_20.2.5.LTS\lib\</path>
         <kind>archive</kind>
         <file>rtsv7M4_T_le_v4SPD16_eabi.lib</file>
         <name>s_copysign.c.obj</name>
      </input_file>
   </input_file_list>
   <object_component_list>
      <object_component id="oc-12">
         <name>.intvecs</name>
         <load_address>0x0</load_address>
         <run_address>0x0</run_address>
         <size>0x26c</size>
         <input_file_ref idref="fl-7"/>
      </object_component>
      <object_component id="oc-299">
         <name>.text:__TI_printfi</name>
         <load_address>0x26c</load_address>
         <run_address>0x26c</run_address>
         <size>0xa4e</size>
         <input_file_ref idref="fl-fb"/>
      </object_component>
      <object_component id="oc-2c0">
         <name>.text:_nop</name>
         <load_address>0xcba</load_address>
         <run_address>0xcba</run_address>
         <size>0x2</size>
         <input_file_ref idref="fl-d3"/>
      </object_component>
      <object_component id="oc-e1">
         <name>.text</name>
         <load_address>0xcbc</load_address>
         <run_address>0xcbc</run_address>
         <size>0x3d0</size>
         <input_file_ref idref="fl-ef"/>
      </object_component>
      <object_component id="oc-33c">
         <name>.text:_pconv_a</name>
         <load_address>0x108c</load_address>
         <run_address>0x108c</run_address>
         <size>0x270</size>
         <input_file_ref idref="fl-fb"/>
      </object_component>
      <object_component id="oc-a2">
         <name>.text</name>
         <load_address>0x12fc</load_address>
         <run_address>0x12fc</run_address>
         <size>0x1e4</size>
         <input_file_ref idref="fl-4"/>
      </object_component>
      <object_component id="oc-32a">
         <name>.text:_pconv_g</name>
         <load_address>0x14e0</load_address>
         <run_address>0x14e0</run_address>
         <size>0x1d0</size>
         <input_file_ref idref="fl-fb"/>
      </object_component>
      <object_component id="oc-3d6">
         <name>.text</name>
         <load_address>0x16b0</load_address>
         <run_address>0x16b0</run_address>
         <size>0x1b6</size>
         <input_file_ref idref="fl-100"/>
      </object_component>
      <object_component id="oc-256">
         <name>.text</name>
         <load_address>0x1866</load_address>
         <run_address>0x1866</run_address>
         <size>0x2</size>
         <input_file_ref idref="fl-ff"/>
      </object_component>
      <object_component id="oc-336">
         <name>.text:_pconv_e</name>
         <load_address>0x1868</load_address>
         <run_address>0x1868</run_address>
         <size>0x13c</size>
         <input_file_ref idref="fl-fb"/>
      </object_component>
      <object_component id="oc-3bc">
         <name>.text</name>
         <load_address>0x19a4</load_address>
         <run_address>0x19a4</run_address>
         <size>0x136</size>
         <input_file_ref idref="fl-102"/>
      </object_component>
      <object_component id="oc-1ac">
         <name>.text:GPIOPadConfigSet</name>
         <load_address>0x1ada</load_address>
         <run_address>0x1ada</run_address>
         <size>0x132</size>
         <input_file_ref idref="fl-f3"/>
      </object_component>
      <object_component id="oc-3e8">
         <name>.text:fcvt</name>
         <load_address>0x1c0c</load_address>
         <run_address>0x1c0c</run_address>
         <size>0x124</size>
         <input_file_ref idref="fl-fb"/>
      </object_component>
      <object_component id="oc-153">
         <name>.text:fputs</name>
         <load_address>0x1d30</load_address>
         <run_address>0x1d30</run_address>
         <size>0x114</size>
         <input_file_ref idref="fl-ca"/>
      </object_component>
      <object_component id="oc-17d">
         <name>.text:SysCtlClockGet</name>
         <load_address>0x1e44</load_address>
         <run_address>0x1e44</run_address>
         <size>0x110</size>
         <input_file_ref idref="fl-f5"/>
      </object_component>
      <object_component id="oc-3fc">
         <name>.text:scalbn</name>
         <load_address>0x1f54</load_address>
         <run_address>0x1f54</run_address>
         <size>0x110</size>
         <input_file_ref idref="fl-fd"/>
      </object_component>
      <object_component id="oc-434">
         <name>.text:aligned_alloc</name>
         <load_address>0x2064</load_address>
         <run_address>0x2064</run_address>
         <size>0x100</size>
         <input_file_ref idref="fl-d6"/>
      </object_component>
      <object_component id="oc-3b7">
         <name>.text</name>
         <load_address>0x2164</load_address>
         <run_address>0x2164</run_address>
         <size>0xfc</size>
         <input_file_ref idref="fl-103"/>
      </object_component>
      <object_component id="oc-177">
         <name>.text:SysCtlClockSet</name>
         <load_address>0x2260</load_address>
         <run_address>0x2260</run_address>
         <size>0xf4</size>
         <input_file_ref idref="fl-f5"/>
      </object_component>
      <object_component id="oc-37b">
         <name>.text:free</name>
         <load_address>0x2354</load_address>
         <run_address>0x2354</run_address>
         <size>0xe4</size>
         <input_file_ref idref="fl-d6"/>
      </object_component>
      <object_component id="oc-2e5">
         <name>.text:setvbuf</name>
         <load_address>0x2438</load_address>
         <run_address>0x2438</run_address>
         <size>0xdc</size>
         <input_file_ref idref="fl-cc"/>
      </object_component>
      <object_component id="oc-f9">
         <name>.text</name>
         <load_address>0x2514</load_address>
         <run_address>0x2514</run_address>
         <size>0xc4</size>
         <input_file_ref idref="fl-f2"/>
      </object_component>
      <object_component id="oc-31f">
         <name>.text:_ltostr</name>
         <load_address>0x25d8</load_address>
         <run_address>0x25d8</run_address>
         <size>0xb1</size>
         <input_file_ref idref="fl-fb"/>
      </object_component>
      <object_component id="oc-ed">
         <name>.text</name>
         <load_address>0x268c</load_address>
         <run_address>0x268c</run_address>
         <size>0x9c</size>
         <input_file_ref idref="fl-f0"/>
      </object_component>
      <object_component id="oc-3e">
         <name>.text</name>
         <load_address>0x2728</load_address>
         <run_address>0x2728</run_address>
         <size>0x9c</size>
         <input_file_ref idref="fl-cd"/>
      </object_component>
      <object_component id="oc-171">
         <name>.text</name>
         <load_address>0x27c4</load_address>
         <run_address>0x27c4</run_address>
         <size>0x96</size>
         <input_file_ref idref="fl-fa"/>
      </object_component>
      <object_component id="oc-e7">
         <name>.text</name>
         <load_address>0x285c</load_address>
         <run_address>0x285c</run_address>
         <size>0x8c</size>
         <input_file_ref idref="fl-f1"/>
      </object_component>
      <object_component id="oc-325">
         <name>.text:__aeabi_cdcmple</name>
         <load_address>0x28e8</load_address>
         <run_address>0x28e8</run_address>
         <size>0x86</size>
         <input_file_ref idref="fl-101"/>
      </object_component>
      <object_component id="oc-3c1">
         <name>.text:__aeabi_cdrcmple</name>
         <load_address>0x296e</load_address>
         <run_address>0x296e</run_address>
         <size>0x86</size>
         <input_file_ref idref="fl-101"/>
      </object_component>
      <object_component id="oc-159">
         <name>.text:fflush</name>
         <load_address>0x29f4</load_address>
         <run_address>0x29f4</run_address>
         <size>0x7c</size>
         <input_file_ref idref="fl-c9"/>
      </object_component>
      <object_component id="oc-96">
         <name>.text</name>
         <load_address>0x2a70</load_address>
         <run_address>0x2a70</run_address>
         <size>0x7a</size>
         <input_file_ref idref="fl-ce"/>
      </object_component>
      <object_component id="oc-43b">
         <name>.text:__TI_closefile</name>
         <load_address>0x2aec</load_address>
         <run_address>0x2aec</run_address>
         <size>0x74</size>
         <input_file_ref idref="fl-e6"/>
      </object_component>
      <object_component id="oc-4ad">
         <name>.text:split</name>
         <load_address>0x2b60</load_address>
         <run_address>0x2b60</run_address>
         <size>0x70</size>
         <input_file_ref idref="fl-d6"/>
      </object_component>
      <object_component id="oc-3e1">
         <name>.text:_mcpy</name>
         <load_address>0x2bd0</load_address>
         <run_address>0x2bd0</run_address>
         <size>0x6e</size>
         <input_file_ref idref="fl-fb"/>
      </object_component>
      <object_component id="oc-468">
         <name>.text:HOSTrename</name>
         <load_address>0x2c40</load_address>
         <run_address>0x2c40</run_address>
         <size>0x6c</size>
         <input_file_ref idref="fl-e0"/>
      </object_component>
      <object_component id="oc-45c">
         <name>.text:HOSTlseek</name>
         <load_address>0x2cac</load_address>
         <run_address>0x2cac</run_address>
         <size>0x68</size>
         <input_file_ref idref="fl-dd"/>
      </object_component>
      <object_component id="oc-15">
         <name>.text:decompress:lzss:__TI_decompress_lzss</name>
         <load_address>0x2d14</load_address>
         <run_address>0x2d14</run_address>
         <size>0x68</size>
         <input_file_ref idref="fl-c5"/>
      </object_component>
      <object_component id="oc-3f6">
         <name>.text:frexp</name>
         <load_address>0x2d7c</load_address>
         <run_address>0x2d7c</run_address>
         <size>0x64</size>
         <input_file_ref idref="fl-fc"/>
      </object_component>
      <object_component id="oc-2df">
         <name>.text:fseek</name>
         <load_address>0x2de0</load_address>
         <run_address>0x2de0</run_address>
         <size>0x64</size>
         <input_file_ref idref="fl-db"/>
      </object_component>
      <object_component id="oc-21b">
         <name>.text:__TI_wrt_ok</name>
         <load_address>0x2e44</load_address>
         <run_address>0x2e44</run_address>
         <size>0x62</size>
         <input_file_ref idref="fl-cb"/>
      </object_component>
      <object_component id="oc-444">
         <name>.text:HOSTopen</name>
         <load_address>0x2ea8</load_address>
         <run_address>0x2ea8</run_address>
         <size>0x60</size>
         <input_file_ref idref="fl-de"/>
      </object_component>
      <object_component id="oc-4b4">
         <name>.text:close</name>
         <load_address>0x2f08</load_address>
         <run_address>0x2f08</run_address>
         <size>0x5c</size>
         <input_file_ref idref="fl-ed"/>
      </object_component>
      <object_component id="oc-450">
         <name>.text:HOSTread</name>
         <load_address>0x2f64</load_address>
         <run_address>0x2f64</run_address>
         <size>0x58</size>
         <input_file_ref idref="fl-df"/>
      </object_component>
      <object_component id="oc-456">
         <name>.text:HOSTwrite</name>
         <load_address>0x2fbc</load_address>
         <run_address>0x2fbc</run_address>
         <size>0x58</size>
         <input_file_ref idref="fl-e2"/>
      </object_component>
      <object_component id="oc-330">
         <name>.text:_pconv_f</name>
         <load_address>0x3014</load_address>
         <run_address>0x3014</run_address>
         <size>0x56</size>
         <input_file_ref idref="fl-fb"/>
      </object_component>
      <object_component id="oc-3cb">
         <name>.text:__TI_ltoa</name>
         <load_address>0x306a</load_address>
         <run_address>0x306a</run_address>
         <size>0x54</size>
         <input_file_ref idref="fl-106"/>
      </object_component>
      <object_component id="oc-3db">
         <name>.text:_ecpy</name>
         <load_address>0x30be</load_address>
         <run_address>0x30be</run_address>
         <size>0x52</size>
         <input_file_ref idref="fl-fb"/>
      </object_component>
      <object_component id="oc-22d">
         <name>.text:__TI_doflush</name>
         <load_address>0x3110</load_address>
         <run_address>0x3110</run_address>
         <size>0x4c</size>
         <input_file_ref idref="fl-c9"/>
      </object_component>
      <object_component id="oc-319">
         <name>.text:atoi</name>
         <load_address>0x315c</load_address>
         <run_address>0x315c</run_address>
         <size>0x4c</size>
         <input_file_ref idref="fl-107"/>
      </object_component>
      <object_component id="oc-1c7">
         <name>.text:GPIOPinConfigure</name>
         <load_address>0x31a8</load_address>
         <run_address>0x31a8</run_address>
         <size>0x48</size>
         <input_file_ref idref="fl-f3"/>
      </object_component>
      <object_component id="oc-119">
         <name>.text:exit</name>
         <load_address>0x31f0</load_address>
         <run_address>0x31f0</run_address>
         <size>0x48</size>
         <input_file_ref idref="fl-d2"/>
      </object_component>
      <object_component id="oc-3c6">
         <name>.text</name>
         <load_address>0x3238</load_address>
         <run_address>0x3238</run_address>
         <size>0x48</size>
         <input_file_ref idref="fl-104"/>
      </object_component>
      <object_component id="oc-1d3">
         <name>.text:UARTConfigSetExpClk</name>
         <load_address>0x3280</load_address>
         <run_address>0x3280</run_address>
         <size>0x46</size>
         <input_file_ref idref="fl-f7"/>
      </object_component>
      <object_component id="oc-44a">
         <name>.text:HOSTclose</name>
         <load_address>0x32c8</load_address>
         <run_address>0x32c8</run_address>
         <size>0x44</size>
         <input_file_ref idref="fl-dc"/>
      </object_component>
      <object_component id="oc-462">
         <name>.text:HOSTunlink</name>
         <load_address>0x330c</load_address>
         <run_address>0x330c</run_address>
         <size>0x44</size>
         <input_file_ref idref="fl-e1"/>
      </object_component>
      <object_component id="oc-11f">
         <name>.text:__TI_auto_init_nobinit_nopinit:__TI_auto_init_nobinit_nopinit</name>
         <load_address>0x3350</load_address>
         <run_address>0x3350</run_address>
         <size>0x44</size>
         <input_file_ref idref="fl-cf"/>
      </object_component>
      <object_component id="oc-4fa">
         <name>.text:getdevice</name>
         <load_address>0x3394</load_address>
         <run_address>0x3394</run_address>
         <size>0x44</size>
         <input_file_ref idref="fl-e7"/>
      </object_component>
      <object_component id="oc-1e5">
         <name>.text:vsnprintf</name>
         <load_address>0x33d8</load_address>
         <run_address>0x33d8</run_address>
         <size>0x40</size>
         <input_file_ref idref="fl-f9"/>
      </object_component>
      <object_component id="oc-3ee">
         <name>.text:_fcpy</name>
         <load_address>0x3418</load_address>
         <run_address>0x3418</run_address>
         <size>0x3e</size>
         <input_file_ref idref="fl-fb"/>
      </object_component>
      <object_component id="oc-4c3">
         <name>.text:__TI_writemsg</name>
         <load_address>0x3458</load_address>
         <run_address>0x3458</run_address>
         <size>0x38</size>
         <input_file_ref idref="fl-e3"/>
      </object_component>
      <object_component id="oc-51c">
         <name>.text:strncpy</name>
         <load_address>0x3490</load_address>
         <run_address>0x3490</run_address>
         <size>0x36</size>
         <input_file_ref idref="fl-eb"/>
      </object_component>
      <object_component id="oc-264">
         <name>.text:IntRegister</name>
         <load_address>0x34c8</load_address>
         <run_address>0x34c8</run_address>
         <size>0x34</size>
         <input_file_ref idref="fl-f4"/>
      </object_component>
      <object_component id="oc-1a0">
         <name>.text:SysCtlPeripheralEnable</name>
         <load_address>0x34fc</load_address>
         <run_address>0x34fc</run_address>
         <size>0x34</size>
         <input_file_ref idref="fl-f5"/>
      </object_component>
      <object_component id="oc-387">
         <name>.text:__TI_cleanup</name>
         <load_address>0x3530</load_address>
         <run_address>0x3530</run_address>
         <size>0x34</size>
         <input_file_ref idref="fl-da"/>
      </object_component>
      <object_component id="oc-4c9">
         <name>.text:__TI_readmsg</name>
         <load_address>0x3564</load_address>
         <run_address>0x3564</run_address>
         <size>0x34</size>
         <input_file_ref idref="fl-e3"/>
      </object_component>
      <object_component id="oc-5c">
         <name>.text:_c_int00_noargs:_c_int00_noargs</name>
         <load_address>0x3598</load_address>
         <run_address>0x3598</run_address>
         <size>0x34</size>
         <input_file_ref idref="fl-c8"/>
      </object_component>
      <object_component id="oc-29f">
         <name>.text:_outs</name>
         <load_address>0x35cc</load_address>
         <run_address>0x35cc</run_address>
         <size>0x30</size>
         <input_file_ref idref="fl-f9"/>
      </object_component>
      <object_component id="oc-522">
         <name>.text:finddevice</name>
         <load_address>0x35fc</load_address>
         <run_address>0x35fc</run_address>
         <size>0x30</size>
         <input_file_ref idref="fl-e7"/>
      </object_component>
      <object_component id="oc-3d1">
         <name>.text</name>
         <load_address>0x362c</load_address>
         <run_address>0x362c</run_address>
         <size>0x2e</size>
         <input_file_ref idref="fl-105"/>
      </object_component>
      <object_component id="oc-dc">
         <name>.text</name>
         <load_address>0x365c</load_address>
         <run_address>0x365c</run_address>
         <size>0x2c</size>
         <input_file_ref idref="fl-3"/>
      </object_component>
      <object_component id="oc-4ba">
         <name>.text:unlink</name>
         <load_address>0x3688</load_address>
         <run_address>0x3688</run_address>
         <size>0x2c</size>
         <input_file_ref idref="fl-ee"/>
      </object_component>
      <object_component id="oc-276">
         <name>.text:GPIODirModeSet</name>
         <load_address>0x36b4</load_address>
         <run_address>0x36b4</run_address>
         <size>0x2a</size>
         <input_file_ref idref="fl-f3"/>
      </object_component>
      <object_component id="oc-42d">
         <name>.text:free_list_insert</name>
         <load_address>0x36e0</load_address>
         <run_address>0x36e0</run_address>
         <size>0x28</size>
         <input_file_ref idref="fl-d6"/>
      </object_component>
      <object_component id="oc-373">
         <name>.text:lseek</name>
         <load_address>0x3708</load_address>
         <run_address>0x3708</run_address>
         <size>0x28</size>
         <input_file_ref idref="fl-e5"/>
      </object_component>
      <object_component id="oc-233">
         <name>.text:write</name>
         <load_address>0x3730</load_address>
         <run_address>0x3730</run_address>
         <size>0x28</size>
         <input_file_ref idref="fl-d8"/>
      </object_component>
      <object_component id="oc-289">
         <name>.text:UARTDisable</name>
         <load_address>0x3758</load_address>
         <run_address>0x3758</run_address>
         <size>0x20</size>
         <input_file_ref idref="fl-f7"/>
      </object_component>
      <object_component id="oc-227">
         <name>.text:memchr</name>
         <load_address>0x3778</load_address>
         <run_address>0x3778</run_address>
         <size>0x20</size>
         <input_file_ref idref="fl-d5"/>
      </object_component>
      <object_component id="oc-105">
         <name>.text</name>
         <load_address>0x3798</load_address>
         <run_address>0x3798</run_address>
         <size>0x20</size>
         <input_file_ref idref="fl-6"/>
      </object_component>
      <object_component id="oc-189">
         <name>.text:SysTickIntRegister</name>
         <load_address>0x37b8</load_address>
         <run_address>0x37b8</run_address>
         <size>0x1c</size>
         <input_file_ref idref="fl-f6"/>
      </object_component>
      <object_component id="oc-d6">
         <name>.text:_abort_msg</name>
         <load_address>0x37d4</load_address>
         <run_address>0x37d4</run_address>
         <size>0x1c</size>
         <input_file_ref idref="fl-c6"/>
      </object_component>
      <object_component id="oc-ff">
         <name>.text</name>
         <load_address>0x37f0</load_address>
         <run_address>0x37f0</run_address>
         <size>0x1c</size>
         <input_file_ref idref="fl-2"/>
      </object_component>
      <object_component id="oc-427">
         <name>.text:free_list_remove</name>
         <load_address>0x380c</load_address>
         <run_address>0x380c</run_address>
         <size>0x1c</size>
         <input_file_ref idref="fl-d6"/>
      </object_component>
      <object_component id="oc-342">
         <name>.text:memccpy</name>
         <load_address>0x3828</load_address>
         <run_address>0x3828</run_address>
         <size>0x1c</size>
         <input_file_ref idref="fl-109"/>
      </object_component>
      <object_component id="oc-48a">
         <name>.text:copysign</name>
         <load_address>0x3844</load_address>
         <run_address>0x3844</run_address>
         <size>0x1a</size>
         <input_file_ref idref="fl-10b"/>
      </object_component>
      <object_component id="oc-1bc">
         <name>.text:GPIOPinTypeGPIOOutput</name>
         <load_address>0x385e</load_address>
         <run_address>0x385e</run_address>
         <size>0x18</size>
         <input_file_ref idref="fl-f3"/>
      </object_component>
      <object_component id="oc-2a5">
         <name>.text:_outc</name>
         <load_address>0x3876</load_address>
         <run_address>0x3876</run_address>
         <size>0x18</size>
         <input_file_ref idref="fl-f9"/>
      </object_component>
      <object_component id="oc-539">
         <name>.text:strcmp</name>
         <load_address>0x388e</load_address>
         <run_address>0x388e</run_address>
         <size>0x18</size>
         <input_file_ref idref="fl-e9"/>
      </object_component>
      <object_component id="oc-402">
         <name>.text:strchr</name>
         <load_address>0x38a6</load_address>
         <run_address>0x38a6</run_address>
         <size>0x16</size>
         <input_file_ref idref="fl-e8"/>
      </object_component>
      <object_component id="oc-195">
         <name>.text:SysTickEnable</name>
         <load_address>0x38bc</load_address>
         <run_address>0x38bc</run_address>
         <size>0x14</size>
         <input_file_ref idref="fl-f6"/>
      </object_component>
      <object_component id="oc-18f">
         <name>.text:SysTickIntEnable</name>
         <load_address>0x38d0</load_address>
         <run_address>0x38d0</run_address>
         <size>0x14</size>
         <input_file_ref idref="fl-f6"/>
      </object_component>
      <object_component id="oc-28f">
         <name>.text:UARTEnable</name>
         <load_address>0x38e4</load_address>
         <run_address>0x38e4</run_address>
         <size>0x14</size>
         <input_file_ref idref="fl-f7"/>
      </object_component>
      <object_component id="oc-4dd">
         <name>.text:strcpy</name>
         <load_address>0x38f8</load_address>
         <run_address>0x38f8</run_address>
         <size>0x14</size>
         <input_file_ref idref="fl-ea"/>
      </object_component>
      <object_component id="oc-221">
         <name>.text:strlen</name>
         <load_address>0x390c</load_address>
         <run_address>0x390c</run_address>
         <size>0x14</size>
         <input_file_ref idref="fl-d7"/>
      </object_component>
      <object_component id="oc-1a6">
         <name>.text:GPIOPinTypeGPIOInput</name>
         <load_address>0x3920</load_address>
         <run_address>0x3920</run_address>
         <size>0x12</size>
         <input_file_ref idref="fl-f3"/>
      </object_component>
      <object_component id="oc-1cd">
         <name>.text:GPIOPinTypeUART</name>
         <load_address>0x3932</load_address>
         <run_address>0x3932</run_address>
         <size>0x12</size>
         <input_file_ref idref="fl-f3"/>
      </object_component>
      <object_component id="oc-348">
         <name>.text:wcslen</name>
         <load_address>0x3944</load_address>
         <run_address>0x3944</run_address>
         <size>0x12</size>
         <input_file_ref idref="fl-fe"/>
      </object_component>
      <object_component id="oc-183">
         <name>.text:SysTickPeriodSet</name>
         <load_address>0x3958</load_address>
         <run_address>0x3958</run_address>
         <size>0x10</size>
         <input_file_ref idref="fl-f6"/>
      </object_component>
      <object_component id="oc-f3">
         <name>.text</name>
         <load_address>0x3968</load_address>
         <run_address>0x3968</run_address>
         <size>0x10</size>
         <input_file_ref idref="fl-5"/>
      </object_component>
      <object_component id="oc-1b">
         <name>.text:decompress:none:__TI_decompress_none</name>
         <load_address>0x3978</load_address>
         <run_address>0x3978</run_address>
         <size>0xe</size>
         <input_file_ref idref="fl-c4"/>
      </object_component>
      <object_component id="oc-50">
         <name>.text:decompress:ZI:__TI_zero_init</name>
         <load_address>0x3986</load_address>
         <run_address>0x3986</run_address>
         <size>0xc</size>
         <input_file_ref idref="fl-c3"/>
      </object_component>
      <object_component id="oc-2a">
         <name>.text</name>
         <load_address>0x3992</load_address>
         <run_address>0x3992</run_address>
         <size>0xc</size>
         <input_file_ref idref="fl-7"/>
      </object_component>
      <object_component id="oc-1df">
         <name>.text:UARTCharGet</name>
         <load_address>0x399e</load_address>
         <run_address>0x399e</run_address>
         <size>0xa</size>
         <input_file_ref idref="fl-f7"/>
      </object_component>
      <object_component id="oc-1d9">
         <name>.text:UARTCharPut</name>
         <load_address>0x39a8</load_address>
         <run_address>0x39a8</run_address>
         <size>0xa</size>
         <input_file_ref idref="fl-f7"/>
      </object_component>
      <object_component id="oc-34e">
         <name>.text:__aeabi_errno_addr</name>
         <load_address>0x39b4</load_address>
         <run_address>0x39b4</run_address>
         <size>0x8</size>
         <input_file_ref idref="fl-10a"/>
      </object_component>
      <object_component id="oc-381">
         <name>.text:malloc</name>
         <load_address>0x39bc</load_address>
         <run_address>0x39bc</run_address>
         <size>0x8</size>
         <input_file_ref idref="fl-d6"/>
      </object_component>
      <object_component id="oc-1b2">
         <name>.text:GPIOPinRead</name>
         <load_address>0x39c4</load_address>
         <run_address>0x39c4</run_address>
         <size>0x6</size>
         <input_file_ref idref="fl-f3"/>
      </object_component>
      <object_component id="oc-164">
         <name>.text:GPIOPinWrite</name>
         <load_address>0x39ca</load_address>
         <run_address>0x39ca</run_address>
         <size>0x6</size>
         <input_file_ref idref="fl-f3"/>
      </object_component>
      <object_component id="oc-176">
         <name>.text:SysCtlDelay</name>
         <load_address>0x39d0</load_address>
         <run_address>0x39d0</run_address>
         <size>0x6</size>
         <input_file_ref idref="fl-f5"/>
      </object_component>
      <object_component id="oc-9c">
         <name>.text:_system_pre_init</name>
         <load_address>0x39d6</load_address>
         <run_address>0x39d6</run_address>
         <size>0x4</size>
         <input_file_ref idref="fl-d0"/>
      </object_component>
      <object_component id="oc-113">
         <name>.text:abort:abort</name>
         <load_address>0x39da</load_address>
         <run_address>0x39da</run_address>
         <size>0x4</size>
         <input_file_ref idref="fl-d2"/>
      </object_component>
      <object_component id="oc-3b0">
         <name>.const:.string:_ctypes_</name>
         <load_address>0x39e0</load_address>
         <run_address>0x39e0</run_address>
         <size>0x101</size>
         <input_file_ref idref="fl-108"/>
      </object_component>
      <object_component id="oc-284">
         <name>.const:g_pui32GPIOBaseAddrs</name>
         <load_address>0x3ae4</load_address>
         <run_address>0x3ae4</run_address>
         <size>0x90</size>
         <input_file_ref idref="fl-f3"/>
      </object_component>
      <object_component id="oc-25e">
         <name>.const:g_pui32Xtals</name>
         <load_address>0x3b74</load_address>
         <run_address>0x3b74</run_address>
         <size>0x6c</size>
         <input_file_ref idref="fl-f5"/>
      </object_component>
      <object_component id="oc-574">
         <name>.cinit..data.load</name>
         <load_address>0x3be0</load_address>
         <run_address>0x3be0</run_address>
         <size>0x70</size>
      </object_component>
      <object_component id="oc-571">
         <name>__TI_handler_table</name>
         <load_address>0x3c50</load_address>
         <run_address>0x3c50</run_address>
         <size>0xc</size>
      </object_component>
      <object_component id="oc-575">
         <name>.cinit..bss.load</name>
         <load_address>0x3c60</load_address>
         <run_address>0x3c60</run_address>
         <size>0x8</size>
      </object_component>
      <object_component id="oc-573">
         <name>.cinit..vtable.load</name>
         <load_address>0x3c68</load_address>
         <run_address>0x3c68</run_address>
         <size>0x8</size>
      </object_component>
      <object_component id="oc-572">
         <name>__TI_cinit_table</name>
         <load_address>0x3c70</load_address>
         <run_address>0x3c70</run_address>
         <size>0x18</size>
      </object_component>
      <object_component id="oc-30d">
         <name>.vtable</name>
         <uninitialized>true</uninitialized>
         <run_address>0x20000000</run_address>
         <size>0x26c</size>
         <input_file_ref idref="fl-f4"/>
      </object_component>
      <object_component id="oc-10a">
         <name>.data</name>
         <load_address>0x20000928</load_address>
         <run_address>0x20000928</run_address>
         <size>0x3</size>
         <input_file_ref idref="fl-4"/>
      </object_component>
      <object_component id="oc-15f">
         <name>.data:_ftable</name>
         <load_address>0x20000738</load_address>
         <run_address>0x20000738</run_address>
         <size>0xf0</size>
         <input_file_ref idref="fl-c7"/>
      </object_component>
      <object_component id="oc-23b">
         <name>.data</name>
         <load_address>0x200008f0</load_address>
         <run_address>0x200008f0</run_address>
         <size>0x10</size>
         <input_file_ref idref="fl-c7"/>
      </object_component>
      <object_component id="oc-1fc">
         <name>.data:$O1$$</name>
         <load_address>0x20000900</load_address>
         <run_address>0x20000900</run_address>
         <size>0xc</size>
         <input_file_ref idref="fl-d2"/>
      </object_component>
      <object_component id="oc-1ff">
         <name>.data:$O1$$</name>
         <load_address>0x2000090c</load_address>
         <run_address>0x2000090c</run_address>
         <size>0x8</size>
         <input_file_ref idref="fl-d3"/>
      </object_component>
      <object_component id="oc-4a8">
         <name>.data:$O1$$</name>
         <load_address>0x20000914</load_address>
         <run_address>0x20000914</run_address>
         <size>0x8</size>
         <input_file_ref idref="fl-d6"/>
      </object_component>
      <object_component id="oc-39a">
         <name>.data:_device</name>
         <load_address>0x20000828</load_address>
         <run_address>0x20000828</run_address>
         <size>0x78</size>
         <input_file_ref idref="fl-d9"/>
      </object_component>
      <object_component id="oc-2f2">
         <name>.data:_stream</name>
         <load_address>0x200008a0</load_address>
         <run_address>0x200008a0</run_address>
         <size>0x50</size>
         <input_file_ref idref="fl-d9"/>
      </object_component>
      <object_component id="oc-16b">
         <name>.data</name>
         <load_address>0x2000091c</load_address>
         <run_address>0x2000091c</run_address>
         <size>0x8</size>
         <input_file_ref idref="fl-ef"/>
      </object_component>
      <object_component id="oc-1c2">
         <name>.data</name>
         <load_address>0x2000092b</load_address>
         <run_address>0x2000092b</run_address>
         <size>0x1</size>
         <input_file_ref idref="fl-f0"/>
      </object_component>
      <object_component id="oc-1b8">
         <name>.data</name>
         <load_address>0x2000092c</load_address>
         <run_address>0x2000092c</run_address>
         <size>0x1</size>
         <input_file_ref idref="fl-f1"/>
      </object_component>
      <object_component id="oc-412">
         <name>.data</name>
         <load_address>0x20000924</load_address>
         <run_address>0x20000924</run_address>
         <size>0x4</size>
         <input_file_ref idref="fl-10a"/>
      </object_component>
      <object_component id="oc-504">
         <name>.bss:_CIOBUF_</name>
         <uninitialized>true</uninitialized>
         <run_address>0x2000026c</run_address>
         <size>0x120</size>
         <input_file_ref idref="fl-e3"/>
      </object_component>
      <object_component id="oc-19b">
         <name>.bss</name>
         <uninitialized>true</uninitialized>
         <run_address>0x20000534</run_address>
         <size>0x4</size>
         <input_file_ref idref="fl-ef"/>
      </object_component>
      <object_component id="oc-16e">
         <name>.bss:callbackHeap</name>
         <uninitialized>true</uninitialized>
         <run_address>0x2000038c</run_address>
         <size>0x100</size>
         <input_file_ref idref="fl-ef"/>
      </object_component>
      <object_component id="oc-4c0">
         <name>.common:__TI_tmpnams</name>
         <uninitialized>true</uninitialized>
         <run_address>0x2000048c</run_address>
         <size>0xa0</size>
      </object_component>
      <object_component id="oc-4cf">
         <name>.common:parmbuf</name>
         <uninitialized>true</uninitialized>
         <run_address>0x2000052c</run_address>
         <size>0x8</size>
      </object_component>
      <object_component id="oc-27">
         <name>.sysmem</name>
         <uninitialized>true</uninitialized>
         <run_address>0x20000930</run_address>
         <size>0x10</size>
         <input_file_ref idref="fl-d6"/>
      </object_component>
      <object_component id="oc-578">
         <name>.sysmem</name>
         <uninitialized>true</uninitialized>
         <run_address>0x20000930</run_address>
         <size>0x0</size>
      </object_component>
      <object_component id="oc-24">
         <name>.stack</name>
         <uninitialized>true</uninitialized>
         <run_address>0x20000538</run_address>
         <size>0x4</size>
         <input_file_ref idref="fl-c8"/>
      </object_component>
      <object_component id="oc-577">
         <name>.stack</name>
         <uninitialized>true</uninitialized>
         <run_address>0x20000538</run_address>
         <size>0x0</size>
      </object_component>
      <object_component id="oc-c5">
         <name>.debug_info</name>
         <load_address>0x0</load_address>
         <run_address>0x0</run_address>
         <size>0x2f3</size>
         <input_file_ref idref="fl-2"/>
      </object_component>
      <object_component id="oc-100">
         <name>.debug_info</name>
         <load_address>0x2f3</load_address>
         <run_address>0x2f3</run_address>
         <size>0x153</size>
         <input_file_ref idref="fl-2"/>
      </object_component>
      <object_component id="oc-77">
         <name>.debug_info</name>
         <load_address>0x446</load_address>
         <run_address>0x446</run_address>
         <size>0x26b</size>
         <input_file_ref idref="fl-2"/>
      </object_component>
      <object_component id="oc-39">
         <name>.debug_info</name>
         <load_address>0x6b1</load_address>
         <run_address>0x6b1</run_address>
         <size>0x84</size>
         <input_file_ref idref="fl-2"/>
      </object_component>
      <object_component id="oc-c0">
         <name>.debug_info</name>
         <load_address>0x735</load_address>
         <run_address>0x735</run_address>
         <size>0x2a4</size>
         <input_file_ref idref="fl-2"/>
      </object_component>
      <object_component id="oc-7c">
         <name>.debug_info</name>
         <load_address>0x9d9</load_address>
         <run_address>0x9d9</run_address>
         <size>0xbb</size>
         <input_file_ref idref="fl-2"/>
      </object_component>
      <object_component id="oc-de">
         <name>.debug_info</name>
         <load_address>0xa94</load_address>
         <run_address>0xa94</run_address>
         <size>0x124</size>
         <input_file_ref idref="fl-3"/>
      </object_component>
      <object_component id="oc-10b">
         <name>.debug_info</name>
         <load_address>0xbb8</load_address>
         <run_address>0xbb8</run_address>
         <size>0x12f</size>
         <input_file_ref idref="fl-4"/>
      </object_component>
      <object_component id="oc-a4">
         <name>.debug_info</name>
         <load_address>0xce7</load_address>
         <run_address>0xce7</run_address>
         <size>0x458</size>
         <input_file_ref idref="fl-4"/>
      </object_component>
      <object_component id="oc-1f6">
         <name>.debug_info</name>
         <load_address>0x113f</load_address>
         <run_address>0x113f</run_address>
         <size>0x48</size>
         <input_file_ref idref="fl-4"/>
      </object_component>
      <object_component id="oc-10e">
         <name>.debug_info</name>
         <load_address>0x1187</load_address>
         <run_address>0x1187</run_address>
         <size>0x8b</size>
         <input_file_ref idref="fl-4"/>
      </object_component>
      <object_component id="oc-f6">
         <name>.debug_info</name>
         <load_address>0x1212</load_address>
         <run_address>0x1212</run_address>
         <size>0x134</size>
         <input_file_ref idref="fl-5"/>
      </object_component>
      <object_component id="oc-106">
         <name>.debug_info</name>
         <load_address>0x1346</load_address>
         <run_address>0x1346</run_address>
         <size>0x130</size>
         <input_file_ref idref="fl-6"/>
      </object_component>
      <object_component id="oc-32">
         <name>.debug_info</name>
         <load_address>0x1476</load_address>
         <run_address>0x1476</run_address>
         <size>0x2c3</size>
         <input_file_ref idref="fl-7"/>
      </object_component>
      <object_component id="oc-13">
         <name>.debug_info</name>
         <load_address>0x1739</load_address>
         <run_address>0x1739</run_address>
         <size>0x102</size>
         <input_file_ref idref="fl-7"/>
      </object_component>
      <object_component id="oc-2c">
         <name>.debug_info</name>
         <load_address>0x183b</load_address>
         <run_address>0x183b</run_address>
         <size>0x27e</size>
         <input_file_ref idref="fl-7"/>
      </object_component>
      <object_component id="oc-95">
         <name>.debug_info</name>
         <load_address>0x1ab9</load_address>
         <run_address>0x1ab9</run_address>
         <size>0x2d4</size>
         <input_file_ref idref="fl-c3"/>
      </object_component>
      <object_component id="oc-53">
         <name>.debug_info</name>
         <load_address>0x1d8d</load_address>
         <run_address>0x1d8d</run_address>
         <size>0x1b5</size>
         <input_file_ref idref="fl-c3"/>
      </object_component>
      <object_component id="oc-90">
         <name>.debug_info</name>
         <load_address>0x1f42</load_address>
         <run_address>0x1f42</run_address>
         <size>0x46</size>
         <input_file_ref idref="fl-c3"/>
      </object_component>
      <object_component id="oc-cd">
         <name>.debug_info</name>
         <load_address>0x1f88</load_address>
         <run_address>0x1f88</run_address>
         <size>0x2c</size>
         <input_file_ref idref="fl-c3"/>
      </object_component>
      <object_component id="oc-49">
         <name>.debug_info</name>
         <load_address>0x1fb4</load_address>
         <run_address>0x1fb4</run_address>
         <size>0x2a8</size>
         <input_file_ref idref="fl-c4"/>
      </object_component>
      <object_component id="oc-1d">
         <name>.debug_info</name>
         <load_address>0x225c</load_address>
         <run_address>0x225c</run_address>
         <size>0x1ea</size>
         <input_file_ref idref="fl-c4"/>
      </object_component>
      <object_component id="oc-44">
         <name>.debug_info</name>
         <load_address>0x2446</load_address>
         <run_address>0x2446</run_address>
         <size>0x46</size>
         <input_file_ref idref="fl-c4"/>
      </object_component>
      <object_component id="oc-88">
         <name>.debug_info</name>
         <load_address>0x248c</load_address>
         <run_address>0x248c</run_address>
         <size>0x2c</size>
         <input_file_ref idref="fl-c4"/>
      </object_component>
      <object_component id="oc-86">
         <name>.debug_info</name>
         <load_address>0x24b8</load_address>
         <run_address>0x24b8</run_address>
         <size>0x29e</size>
         <input_file_ref idref="fl-c5"/>
      </object_component>
      <object_component id="oc-18">
         <name>.debug_info</name>
         <load_address>0x2756</load_address>
         <run_address>0x2756</run_address>
         <size>0x250</size>
         <input_file_ref idref="fl-c5"/>
      </object_component>
      <object_component id="oc-34">
         <name>.debug_info</name>
         <load_address>0x29a6</load_address>
         <run_address>0x29a6</run_address>
         <size>0x60</size>
         <input_file_ref idref="fl-c5"/>
      </object_component>
      <object_component id="oc-c6">
         <name>.debug_info</name>
         <load_address>0x2a06</load_address>
         <run_address>0x2a06</run_address>
         <size>0x46</size>
         <input_file_ref idref="fl-c5"/>
      </object_component>
      <object_component id="oc-81">
         <name>.debug_info</name>
         <load_address>0x2a4c</load_address>
         <run_address>0x2a4c</run_address>
         <size>0x39</size>
         <input_file_ref idref="fl-c5"/>
      </object_component>
      <object_component id="oc-163">
         <name>.debug_info</name>
         <load_address>0x2a85</load_address>
         <run_address>0x2a85</run_address>
         <size>0x322</size>
         <input_file_ref idref="fl-c6"/>
      </object_component>
      <object_component id="oc-d9">
         <name>.debug_info</name>
         <load_address>0x2da7</load_address>
         <run_address>0x2da7</run_address>
         <size>0x177</size>
         <input_file_ref idref="fl-c6"/>
      </object_component>
      <object_component id="oc-246">
         <name>.debug_info</name>
         <load_address>0x2f1e</load_address>
         <run_address>0x2f1e</run_address>
         <size>0xb2</size>
         <input_file_ref idref="fl-c6"/>
      </object_component>
      <object_component id="oc-242">
         <name>.debug_info</name>
         <load_address>0x2fd0</load_address>
         <run_address>0x2fd0</run_address>
         <size>0x144</size>
         <input_file_ref idref="fl-c7"/>
      </object_component>
      <object_component id="oc-160">
         <name>.debug_info</name>
         <load_address>0x3114</load_address>
         <run_address>0x3114</run_address>
         <size>0x102</size>
         <input_file_ref idref="fl-c7"/>
      </object_component>
      <object_component id="oc-23c">
         <name>.debug_info</name>
         <load_address>0x3216</load_address>
         <run_address>0x3216</run_address>
         <size>0x18f</size>
         <input_file_ref idref="fl-c7"/>
      </object_component>
      <object_component id="oc-25">
         <name>.debug_info</name>
         <load_address>0x33a5</load_address>
         <run_address>0x33a5</run_address>
         <size>0x10b</size>
         <input_file_ref idref="fl-c8"/>
      </object_component>
      <object_component id="oc-5e">
         <name>.debug_info</name>
         <load_address>0x34b0</load_address>
         <run_address>0x34b0</run_address>
         <size>0x1a9</size>
         <input_file_ref idref="fl-c8"/>
      </object_component>
      <object_component id="oc-23f">
         <name>.debug_info</name>
         <load_address>0x3659</load_address>
         <run_address>0x3659</run_address>
         <size>0x347</size>
         <input_file_ref idref="fl-c9"/>
      </object_component>
      <object_component id="oc-230">
         <name>.debug_info</name>
         <load_address>0x39a0</load_address>
         <run_address>0x39a0</run_address>
         <size>0x18a</size>
         <input_file_ref idref="fl-c9"/>
      </object_component>
      <object_component id="oc-15c">
         <name>.debug_info</name>
         <load_address>0x3b2a</load_address>
         <run_address>0x3b2a</run_address>
         <size>0x1c8</size>
         <input_file_ref idref="fl-c9"/>
      </object_component>
      <object_component id="oc-23a">
         <name>.debug_info</name>
         <load_address>0x3cf2</load_address>
         <run_address>0x3cf2</run_address>
         <size>0x3fc</size>
         <input_file_ref idref="fl-ca"/>
      </object_component>
      <object_component id="oc-156">
         <name>.debug_info</name>
         <load_address>0x40ee</load_address>
         <run_address>0x40ee</run_address>
         <size>0x2e2</size>
         <input_file_ref idref="fl-ca"/>
      </object_component>
      <object_component id="oc-2ec">
         <name>.debug_info</name>
         <load_address>0x43d0</load_address>
         <run_address>0x43d0</run_address>
         <size>0x300</size>
         <input_file_ref idref="fl-cb"/>
      </object_component>
      <object_component id="oc-21c">
         <name>.debug_info</name>
         <load_address>0x46d0</load_address>
         <run_address>0x46d0</run_address>
         <size>0x19c</size>
         <input_file_ref idref="fl-cb"/>
      </object_component>
      <object_component id="oc-38f">
         <name>.debug_info</name>
         <load_address>0x486c</load_address>
         <run_address>0x486c</run_address>
         <size>0xbf</size>
         <input_file_ref idref="fl-cb"/>
      </object_component>
      <object_component id="oc-38e">
         <name>.debug_info</name>
         <load_address>0x492b</load_address>
         <run_address>0x492b</run_address>
         <size>0x374</size>
         <input_file_ref idref="fl-cc"/>
      </object_component>
      <object_component id="oc-2e7">
         <name>.debug_info</name>
         <load_address>0x4c9f</load_address>
         <run_address>0x4c9f</run_address>
         <size>0x20b</size>
         <input_file_ref idref="fl-cc"/>
      </object_component>
      <object_component id="oc-41">
         <name>.debug_info</name>
         <load_address>0x4eaa</load_address>
         <run_address>0x4eaa</run_address>
         <size>0x119</size>
         <input_file_ref idref="fl-cd"/>
      </object_component>
      <object_component id="oc-98">
         <name>.debug_info</name>
         <load_address>0x4fc3</load_address>
         <run_address>0x4fc3</run_address>
         <size>0x147</size>
         <input_file_ref idref="fl-ce"/>
      </object_component>
      <object_component id="oc-206">
         <name>.debug_info</name>
         <load_address>0x510a</load_address>
         <run_address>0x510a</run_address>
         <size>0x4b3</size>
         <input_file_ref idref="fl-cf"/>
      </object_component>
      <object_component id="oc-120">
         <name>.debug_info</name>
         <load_address>0x55bd</load_address>
         <run_address>0x55bd</run_address>
         <size>0x1a6</size>
         <input_file_ref idref="fl-cf"/>
      </object_component>
      <object_component id="oc-2ce">
         <name>.debug_info</name>
         <load_address>0x5763</load_address>
         <run_address>0x5763</run_address>
         <size>0x39</size>
         <input_file_ref idref="fl-cf"/>
      </object_component>
      <object_component id="oc-367">
         <name>.debug_info</name>
         <load_address>0x579c</load_address>
         <run_address>0x579c</run_address>
         <size>0x39</size>
         <input_file_ref idref="fl-cf"/>
      </object_component>
      <object_component id="oc-2d3">
         <name>.debug_info</name>
         <load_address>0x57d5</load_address>
         <run_address>0x57d5</run_address>
         <size>0x39</size>
         <input_file_ref idref="fl-cf"/>
      </object_component>
      <object_component id="oc-2d8">
         <name>.debug_info</name>
         <load_address>0x580e</load_address>
         <run_address>0x580e</run_address>
         <size>0xcd</size>
         <input_file_ref idref="fl-cf"/>
      </object_component>
      <object_component id="oc-9e">
         <name>.debug_info</name>
         <load_address>0x58db</load_address>
         <run_address>0x58db</run_address>
         <size>0x153</size>
         <input_file_ref idref="fl-d0"/>
      </object_component>
      <object_component id="oc-203">
         <name>.debug_info</name>
         <load_address>0x5a2e</load_address>
         <run_address>0x5a2e</run_address>
         <size>0x3ad</size>
         <input_file_ref idref="fl-d2"/>
      </object_component>
      <object_component id="oc-1fd">
         <name>.debug_info</name>
         <load_address>0x5ddb</load_address>
         <run_address>0x5ddb</run_address>
         <size>0x190</size>
         <input_file_ref idref="fl-d2"/>
      </object_component>
      <object_component id="oc-115">
         <name>.debug_info</name>
         <load_address>0x5f6b</load_address>
         <run_address>0x5f6b</run_address>
         <size>0x122</size>
         <input_file_ref idref="fl-d2"/>
      </object_component>
      <object_component id="oc-11d">
         <name>.debug_info</name>
         <load_address>0x608d</load_address>
         <run_address>0x608d</run_address>
         <size>0x184</size>
         <input_file_ref idref="fl-d2"/>
      </object_component>
      <object_component id="oc-2c8">
         <name>.debug_info</name>
         <load_address>0x6211</load_address>
         <run_address>0x6211</run_address>
         <size>0x2c9</size>
         <input_file_ref idref="fl-d3"/>
      </object_component>
      <object_component id="oc-200">
         <name>.debug_info</name>
         <load_address>0x64da</load_address>
         <run_address>0x64da</run_address>
         <size>0x11e</size>
         <input_file_ref idref="fl-d3"/>
      </object_component>
      <object_component id="oc-2c3">
         <name>.debug_info</name>
         <load_address>0x65f8</load_address>
         <run_address>0x65f8</run_address>
         <size>0x12e</size>
         <input_file_ref idref="fl-d3"/>
      </object_component>
      <object_component id="oc-2f0">
         <name>.debug_info</name>
         <load_address>0x6726</load_address>
         <run_address>0x6726</run_address>
         <size>0x2a5</size>
         <input_file_ref idref="fl-d5"/>
      </object_component>
      <object_component id="oc-22b">
         <name>.debug_info</name>
         <load_address>0x69cb</load_address>
         <run_address>0x69cb</run_address>
         <size>0x25d</size>
         <input_file_ref idref="fl-d5"/>
      </object_component>
      <object_component id="oc-72">
         <name>.debug_info</name>
         <load_address>0x6c28</load_address>
         <run_address>0x6c28</run_address>
         <size>0x3b2</size>
         <input_file_ref idref="fl-d6"/>
      </object_component>
      <object_component id="oc-28">
         <name>.debug_info</name>
         <load_address>0x6fda</load_address>
         <run_address>0x6fda</run_address>
         <size>0x10c</size>
         <input_file_ref idref="fl-d6"/>
      </object_component>
      <object_component id="oc-4a9">
         <name>.debug_info</name>
         <load_address>0x70e6</load_address>
         <run_address>0x70e6</run_address>
         <size>0x13f</size>
         <input_file_ref idref="fl-d6"/>
      </object_component>
      <object_component id="oc-382">
         <name>.debug_info</name>
         <load_address>0x7225</load_address>
         <run_address>0x7225</run_address>
         <size>0x168</size>
         <input_file_ref idref="fl-d6"/>
      </object_component>
      <object_component id="oc-428">
         <name>.debug_info</name>
         <load_address>0x738d</load_address>
         <run_address>0x738d</run_address>
         <size>0x18e</size>
         <input_file_ref idref="fl-d6"/>
      </object_component>
      <object_component id="oc-42e">
         <name>.debug_info</name>
         <load_address>0x751b</load_address>
         <run_address>0x751b</run_address>
         <size>0x19f</size>
         <input_file_ref idref="fl-d6"/>
      </object_component>
      <object_component id="oc-37c">
         <name>.debug_info</name>
         <load_address>0x76ba</load_address>
         <run_address>0x76ba</run_address>
         <size>0x203</size>
         <input_file_ref idref="fl-d6"/>
      </object_component>
      <object_component id="oc-4ae">
         <name>.debug_info</name>
         <load_address>0x78bd</load_address>
         <run_address>0x78bd</run_address>
         <size>0x1db</size>
         <input_file_ref idref="fl-d6"/>
      </object_component>
      <object_component id="oc-435">
         <name>.debug_info</name>
         <load_address>0x7a98</load_address>
         <run_address>0x7a98</run_address>
         <size>0x299</size>
         <input_file_ref idref="fl-d6"/>
      </object_component>
      <object_component id="oc-bb">
         <name>.debug_info</name>
         <load_address>0x7d31</load_address>
         <run_address>0x7d31</run_address>
         <size>0xb2</size>
         <input_file_ref idref="fl-d6"/>
      </object_component>
      <object_component id="oc-b6">
         <name>.debug_info</name>
         <load_address>0x7de3</load_address>
         <run_address>0x7de3</run_address>
         <size>0x2c</size>
         <input_file_ref idref="fl-d6"/>
      </object_component>
      <object_component id="oc-2ee">
         <name>.debug_info</name>
         <load_address>0x7e0f</load_address>
         <run_address>0x7e0f</run_address>
         <size>0x28f</size>
         <input_file_ref idref="fl-d7"/>
      </object_component>
      <object_component id="oc-225">
         <name>.debug_info</name>
         <load_address>0x809e</load_address>
         <run_address>0x809e</run_address>
         <size>0x245</size>
         <input_file_ref idref="fl-d7"/>
      </object_component>
      <object_component id="oc-2f6">
         <name>.debug_info</name>
         <load_address>0x82e3</load_address>
         <run_address>0x82e3</run_address>
         <size>0x397</size>
         <input_file_ref idref="fl-d8"/>
      </object_component>
      <object_component id="oc-235">
         <name>.debug_info</name>
         <load_address>0x867a</load_address>
         <run_address>0x867a</run_address>
         <size>0x18f</size>
         <input_file_ref idref="fl-d8"/>
      </object_component>
      <object_component id="oc-3a2">
         <name>.debug_info</name>
         <load_address>0x8809</load_address>
         <run_address>0x8809</run_address>
         <size>0x120</size>
         <input_file_ref idref="fl-d8"/>
      </object_component>
      <object_component id="oc-3a7">
         <name>.debug_info</name>
         <load_address>0x8929</load_address>
         <run_address>0x8929</run_address>
         <size>0x2c</size>
         <input_file_ref idref="fl-d8"/>
      </object_component>
      <object_component id="oc-39f">
         <name>.debug_info</name>
         <load_address>0x8955</load_address>
         <run_address>0x8955</run_address>
         <size>0x337</size>
         <input_file_ref idref="fl-d9"/>
      </object_component>
      <object_component id="oc-39b">
         <name>.debug_info</name>
         <load_address>0x8c8c</load_address>
         <run_address>0x8c8c</run_address>
         <size>0x109</size>
         <input_file_ref idref="fl-d9"/>
      </object_component>
      <object_component id="oc-2f3">
         <name>.debug_info</name>
         <load_address>0x8d95</load_address>
         <run_address>0x8d95</run_address>
         <size>0x109</size>
         <input_file_ref idref="fl-d9"/>
      </object_component>
      <object_component id="oc-388">
         <name>.debug_info</name>
         <load_address>0x8e9e</load_address>
         <run_address>0x8e9e</run_address>
         <size>0x176</size>
         <input_file_ref idref="fl-da"/>
      </object_component>
      <object_component id="oc-37a">
         <name>.debug_info</name>
         <load_address>0x9014</load_address>
         <run_address>0x9014</run_address>
         <size>0x324</size>
         <input_file_ref idref="fl-db"/>
      </object_component>
      <object_component id="oc-2e0">
         <name>.debug_info</name>
         <load_address>0x9338</load_address>
         <run_address>0x9338</run_address>
         <size>0x1ec</size>
         <input_file_ref idref="fl-db"/>
      </object_component>
      <object_component id="oc-4d4">
         <name>.debug_info</name>
         <load_address>0x9524</load_address>
         <run_address>0x9524</run_address>
         <size>0x373</size>
         <input_file_ref idref="fl-dc"/>
      </object_component>
      <object_component id="oc-44b">
         <name>.debug_info</name>
         <load_address>0x9897</load_address>
         <run_address>0x9897</run_address>
         <size>0x1bc</size>
         <input_file_ref idref="fl-dc"/>
      </object_component>
      <object_component id="oc-4da">
         <name>.debug_info</name>
         <load_address>0x9a53</load_address>
         <run_address>0x9a53</run_address>
         <size>0x378</size>
         <input_file_ref idref="fl-dd"/>
      </object_component>
      <object_component id="oc-45e">
         <name>.debug_info</name>
         <load_address>0x9dcb</load_address>
         <run_address>0x9dcb</run_address>
         <size>0x210</size>
         <input_file_ref idref="fl-dd"/>
      </object_component>
      <object_component id="oc-4d0">
         <name>.debug_info</name>
         <load_address>0x9fdb</load_address>
         <run_address>0x9fdb</run_address>
         <size>0x3a3</size>
         <input_file_ref idref="fl-de"/>
      </object_component>
      <object_component id="oc-446">
         <name>.debug_info</name>
         <load_address>0xa37e</load_address>
         <run_address>0xa37e</run_address>
         <size>0x20c</size>
         <input_file_ref idref="fl-de"/>
      </object_component>
      <object_component id="oc-4d6">
         <name>.debug_info</name>
         <load_address>0xa58a</load_address>
         <run_address>0xa58a</run_address>
         <size>0x377</size>
         <input_file_ref idref="fl-df"/>
      </object_component>
      <object_component id="oc-452">
         <name>.debug_info</name>
         <load_address>0xa901</load_address>
         <run_address>0xa901</run_address>
         <size>0x1fb</size>
         <input_file_ref idref="fl-df"/>
      </object_component>
      <object_component id="oc-4e4">
         <name>.debug_info</name>
         <load_address>0xaafc</load_address>
         <run_address>0xaafc</run_address>
         <size>0x3d5</size>
         <input_file_ref idref="fl-e0"/>
[...]
         <object_component_ref idref="oc-3e"/>
      </symbol>
      <symbol id="sm-1ef">
         <name>__aeabi_memcpy4</name>
         <value>0x2729</value>
         <object_component_ref idref="oc-3e"/>
      </symbol>
      <symbol id="sm-1fe">
         <name>__aeabi_memset</name>
         <value>0x2a73</value>
         <object_component_ref idref="oc-96"/>
      </symbol>
      <symbol id="sm-1ff">
         <name>memset</name>
         <value>0x2a79</value>
         <object_component_ref idref="oc-96"/>
      </symbol>
      <symbol id="sm-200">
         <name>__aeabi_memset8</name>
         <value>0x2a73</value>
         <object_component_ref idref="oc-96"/>
      </symbol>
      <symbol id="sm-201">
         <name>__aeabi_memset4</name>
         <value>0x2a73</value>
         <object_component_ref idref="oc-96"/>
      </symbol>
      <symbol id="sm-202">
         <name>__aeabi_memclr8</name>
         <value>0x2a71</value>
         <object_component_ref idref="oc-96"/>
      </symbol>
      <symbol id="sm-203">
         <name>__aeabi_memclr4</name>
         <value>0x2a71</value>
         <object_component_ref idref="oc-96"/>
      </symbol>
      <symbol id="sm-204">
         <name>__aeabi_memclr</name>
         <value>0x2a71</value>
         <object_component_ref idref="oc-96"/>
      </symbol>
      <symbol id="sm-22c">
         <name>__TI_auto_init_nobinit_nopinit</name>
         <value>0x3351</value>
         <object_component_ref idref="oc-11f"/>
      </symbol>
      <symbol id="sm-236">
         <name>_system_pre_init</name>
         <value>0x39d7</value>
         <object_component_ref idref="oc-9c"/>
      </symbol>
      <symbol id="sm-25d">
         <name>C$$EXIT</name>
         <value>0x39db</value>
         <object_component_ref idref="oc-113"/>
      </symbol>
      <symbol id="sm-25e">
         <name>abort</name>
         <value>0x39db</value>
         <object_component_ref idref="oc-113"/>
      </symbol>
      <symbol id="sm-25f">
         <name>__TI_dtors_ptr</name>
         <value>0x20000904</value>
         <object_component_ref idref="oc-1fc"/>
      </symbol>
      <symbol id="sm-260">
         <name>__TI_cleanup_ptr</name>
         <value>0x20000900</value>
         <object_component_ref idref="oc-1fc"/>
      </symbol>
      <symbol id="sm-261">
         <name>__TI_enable_exit_profile_output</name>
         <value>0x20000908</value>
         <object_component_ref idref="oc-1fc"/>
      </symbol>
      <symbol id="sm-262">
         <name>exit</name>
         <value>0x31f1</value>
         <object_component_ref idref="oc-119"/>
      </symbol>
      <symbol id="sm-277">
         <name>_nop</name>
         <value>0xcbb</value>
         <object_component_ref idref="oc-2c0"/>
      </symbol>
      <symbol id="sm-278">
         <name>_lock</name>
         <value>0x2000090c</value>
         <object_component_ref idref="oc-1ff"/>
      </symbol>
      <symbol id="sm-279">
         <name>_unlock</name>
         <value>0x20000910</value>
         <object_component_ref idref="oc-1ff"/>
      </symbol>
      <symbol id="sm-28a">
         <name>memchr</name>
         <value>0x3779</value>
         <object_component_ref idref="oc-227"/>
      </symbol>
      <symbol id="sm-313">
         <name>_sys_memory</name>
         <value>0x20000930</value>
         <object_component_ref idref="oc-27"/>
      </symbol>
      <symbol id="sm-314">
         <name>free</name>
         <value>0x2355</value>
         <object_component_ref idref="oc-37b"/>
      </symbol>
      <symbol id="sm-315">
         <name>memalign</name>
         <value>0x2065</value>
         <object_component_ref idref="oc-434"/>
      </symbol>
      <symbol id="sm-316">
         <name>malloc</name>
         <value>0x39bd</value>
         <object_component_ref idref="oc-381"/>
      </symbol>
      <symbol id="sm-317">
         <name>aligned_alloc</name>
         <value>0x2065</value>
         <object_component_ref idref="oc-434"/>
      </symbol>
      <symbol id="sm-325">
         <name>strlen</name>
         <value>0x390d</value>
         <object_component_ref idref="oc-221"/>
      </symbol>
      <symbol id="sm-33f">
         <name>write</name>
         <value>0x3731</value>
         <object_component_ref idref="oc-233"/>
      </symbol>
      <symbol id="sm-350">
         <name>_stream</name>
         <value>0x200008a0</value>
         <object_component_ref idref="oc-2f2"/>
      </symbol>
      <symbol id="sm-351">
         <name>_device</name>
         <value>0x20000828</value>
         <object_component_ref idref="oc-39a"/>
      </symbol>
      <symbol id="sm-361">
         <name>__TI_cleanup</name>
         <value>0x3531</value>
         <object_component_ref idref="oc-387"/>
      </symbol>
      <symbol id="sm-373">
         <name>fseek</name>
         <value>0x2de1</value>
         <object_component_ref idref="oc-2df"/>
      </symbol>
      <symbol id="sm-384">
         <name>HOSTclose</name>
         <value>0x32c9</value>
         <object_component_ref idref="oc-44a"/>
      </symbol>
      <symbol id="sm-395">
         <name>HOSTlseek</name>
         <value>0x2cad</value>
         <object_component_ref idref="oc-45c"/>
      </symbol>
      <symbol id="sm-3a7">
         <name>parmbuf</name>
         <value>0x2000052c</value>
      </symbol>
      <symbol id="sm-3a8">
         <name>HOSTopen</name>
         <value>0x2ea9</value>
         <object_component_ref idref="oc-444"/>
      </symbol>
      <symbol id="sm-3b9">
         <name>HOSTread</name>
         <value>0x2f65</value>
         <object_component_ref idref="oc-450"/>
      </symbol>
      <symbol id="sm-3ca">
         <name>HOSTrename</name>
         <value>0x2c41</value>
         <object_component_ref idref="oc-468"/>
      </symbol>
      <symbol id="sm-3db">
         <name>HOSTunlink</name>
         <value>0x330d</value>
         <object_component_ref idref="oc-462"/>
      </symbol>
      <symbol id="sm-3ec">
         <name>HOSTwrite</name>
         <value>0x2fbd</value>
         <object_component_ref idref="oc-456"/>
      </symbol>
      <symbol id="sm-410">
         <name>__TI_readmsg</name>
         <value>0x3565</value>
         <object_component_ref idref="oc-4c9"/>
      </symbol>
      <symbol id="sm-411">
         <name>C$$IO$$</name>
         <value>0x3487</value>
         <object_component_ref idref="oc-4c3"/>
      </symbol>
      <symbol id="sm-412">
         <name>__CIOBUF_</name>
         <value>0x2000026c</value>
         <object_component_ref idref="oc-504"/>
      </symbol>
      <symbol id="sm-413">
         <name>__TI_writemsg</name>
         <value>0x3459</value>
         <object_component_ref idref="oc-4c3"/>
      </symbol>
      <symbol id="sm-424">
         <name>lseek</name>
         <value>0x3709</value>
         <object_component_ref idref="oc-373"/>
      </symbol>
      <symbol id="sm-439">
         <name>__TI_closefile</name>
         <value>0x2aed</value>
         <object_component_ref idref="oc-43b"/>
      </symbol>
      <symbol id="sm-461">
         <name>finddevice</name>
         <value>0x35fd</value>
         <object_component_ref idref="oc-522"/>
      </symbol>
      <symbol id="sm-462">
         <name>getdevice</name>
         <value>0x3395</value>
         <object_component_ref idref="oc-4fa"/>
      </symbol>
      <symbol id="sm-472">
         <name>strchr</name>
         <value>0x38a7</value>
         <object_component_ref idref="oc-402"/>
      </symbol>
      <symbol id="sm-481">
         <name>strcmp</name>
         <value>0x388f</value>
         <object_component_ref idref="oc-539"/>
      </symbol>
      <symbol id="sm-48f">
         <name>strcpy</name>
         <value>0x38f9</value>
         <object_component_ref idref="oc-4dd"/>
      </symbol>
      <symbol id="sm-49f">
         <name>strncpy</name>
         <value>0x3491</value>
         <object_component_ref idref="oc-51c"/>
      </symbol>
      <symbol id="sm-4b4">
         <name>close</name>
         <value>0x2f09</value>
         <object_component_ref idref="oc-4b4"/>
      </symbol>
      <symbol id="sm-4c4">
         <name>unlink</name>
         <value>0x3689</value>
         <object_component_ref idref="oc-4ba"/>
      </symbol>
      <symbol id="sm-52b">
         <name>schdExecute</name>
         <value>0xe65</value>
         <object_component_ref idref="oc-e1"/>
      </symbol>
      <symbol id="sm-52c">
         <name>sysTimeWaitAbsolute</name>
         <value>0xd9f</value>
         <object_component_ref idref="oc-e1"/>
      </symbol>
      <symbol id="sm-52d">
         <name>lpInit</name>
         <value>0xfc7</value>
         <object_component_ref idref="oc-e1"/>
      </symbol>
      <symbol id="sm-52e">
         <name>sysTimeGet</name>
         <value>0xd4f</value>
         <object_component_ref idref="oc-e1"/>
      </symbol>
      <symbol id="sm-52f">
         <name>sysTimeReached</name>
         <value>0xd55</value>
         <object_component_ref idref="oc-e1"/>
      </symbol>
      <symbol id="sm-530">
         <name>waitUs</name>
         <value>0xf99</value>
         <object_component_ref idref="oc-e1"/>
      </symbol>
      <symbol id="sm-531">
         <name>sysTimeWait</name>
         <value>0xd7b</value>
         <object_component_ref idref="oc-e1"/>
      </symbol>
      <symbol id="sm-532">
         <name>schdCallback</name>
         <value>0xdeb</value>
         <object_component_ref idref="oc-e1"/>
      </symbol>
      <symbol id="sm-533">
         <name>waitMs</name>
         <value>0xf69</value>
         <object_component_ref idref="oc-e1"/>
      </symbol>
      <symbol id="sm-54e">
         <name>ledInit</name>
         <value>0x26af</value>
         <object_component_ref idref="oc-ed"/>
      </symbol>
      <symbol id="sm-54f">
         <name>ledInitForced</name>
         <value>0x268d</value>
         <object_component_ref idref="oc-ed"/>
      </symbol>
      <symbol id="sm-550">
         <name>ledTurnOnOff</name>
         <value>0x26c3</value>
         <object_component_ref idref="oc-ed"/>
      </symbol>
      <symbol id="sm-56e">
         <name>pbInitForced</name>
         <value>0x285d</value>
         <object_component_ref idref="oc-e7"/>
      </symbol>
      <symbol id="sm-56f">
         <name>pbInit</name>
         <value>0x2891</value>
         <object_component_ref idref="oc-e7"/>
      </symbol>
      <symbol id="sm-570">
         <name>pbRead</name>
         <value>0x28a5</value>
         <object_component_ref idref="oc-e7"/>
      </symbol>
      <symbol id="sm-587">
         <name>uartPutString</name>
         <value>0x2573</value>
         <object_component_ref idref="oc-f9"/>
      </symbol>
      <symbol id="sm-588">
         <name>uprintf</name>
         <value>0x259f</value>
         <object_component_ref idref="oc-f9"/>
      </symbol>
      <symbol id="sm-589">
         <name>uartInit</name>
         <value>0x2515</value>
         <object_component_ref idref="oc-f9"/>
      </symbol>
      <symbol id="sm-58a">
         <name>uartPutChar</name>
         <value>0x254f</value>
         <object_component_ref idref="oc-f9"/>
      </symbol>
      <symbol id="sm-58b">
         <name>uartGetChar</name>
         <value>0x2561</value>
         <object_component_ref idref="oc-f9"/>
      </symbol>
      <symbol id="sm-5e2">
         <name>GPIOPinConfigure</name>
         <value>0x31a9</value>
         <object_component_ref idref="oc-1c7"/>
      </symbol>
      <symbol id="sm-5e3">
         <name>GPIOPinTypeGPIOInput</name>
         <value>0x3921</value>
         <object_component_ref idref="oc-1a6"/>
      </symbol>
      <symbol id="sm-5e4">
         <name>GPIOPinTypeUART</name>
         <value>0x3933</value>
         <object_component_ref idref="oc-1cd"/>
      </symbol>
      <symbol id="sm-5e5">
         <name>GPIOPinTypeGPIOOutput</name>
         <value>0x385f</value>
         <object_component_ref idref="oc-1bc"/>
      </symbol>
      <symbol id="sm-5e6">
         <name>GPIOPinRead</name>
         <value>0x39c5</value>
         <object_component_ref idref="oc-1b2"/>
      </symbol>
      <symbol id="sm-5e7">
         <name>GPIODirModeSet</name>
         <value>0x36b5</value>
         <object_component_ref idref="oc-276"/>
      </symbol>
      <symbol id="sm-5e8">
         <name>GPIOPinWrite</name>
         <value>0x39cb</value>
         <object_component_ref idref="oc-164"/>
      </symbol>
      <symbol id="sm-5e9">
         <name>GPIOPadConfigSet</name>
         <value>0x1adb</value>
         <object_component_ref idref="oc-1ac"/>
      </symbol>
      <symbol id="sm-600">
         <name>IntRegister</name>
         <value>0x34c9</value>
         <object_component_ref idref="oc-264"/>
      </symbol>
      <symbol id="sm-601">
         <name>g_pfnRAMVectors</name>
         <value>0x20000000</value>
         <object_component_ref idref="oc-30d"/>
      </symbol>
      <symbol id="sm-653">
         <name>SysCtlClockSet</name>
         <value>0x2261</value>
         <object_component_ref idref="oc-177"/>
      </symbol>
      <symbol id="sm-654">
         <name>SysCtlDelay</name>
         <value>0x39d1</value>
         <object_component_ref idref="oc-176"/>
      </symbol>
      <symbol id="sm-655">
         <name>SysCtlPeripheralEnable</name>
         <value>0x34fd</value>
         <object_component_ref idref="oc-1a0"/>
      </symbol>
      <symbol id="sm-656">
         <name>SysCtlClockGet</name>
         <value>0x1e45</value>
         <object_component_ref idref="oc-17d"/>
      </symbol>
      <symbol id="sm-683">
         <name>SysTickEnable</name>
         <value>0x38bd</value>
         <object_component_ref idref="oc-195"/>
      </symbol>
      <symbol id="sm-684">
         <name>SysTickIntRegister</name>
         <value>0x37b9</value>
         <object_component_ref idref="oc-189"/>
      </symbol>
      <symbol id="sm-685">
         <name>SysTickIntEnable</name>
         <value>0x38d1</value>
         <object_component_ref idref="oc-18f"/>
      </symbol>
      <symbol id="sm-686">
         <name>SysTickPeriodSet</name>
         <value>0x3959</value>
         <object_component_ref idref="oc-183"/>
      </symbol>
      <symbol id="sm-6b9">
         <name>UARTConfigSetExpClk</name>
         <value>0x3281</value>
         <object_component_ref idref="oc-1d3"/>
      </symbol>
      <symbol id="sm-6ba">
         <name>UARTDisable</name>
         <value>0x3759</value>
         <object_component_ref idref="oc-289"/>
      </symbol>
      <symbol id="sm-6bb">
         <name>UARTCharPut</name>
         <value>0x39a9</value>
         <object_component_ref idref="oc-1d9"/>
      </symbol>
      <symbol id="sm-6bc">
         <name>UARTEnable</name>
         <value>0x38e5</value>
         <object_component_ref idref="oc-28f"/>
      </symbol>
      <symbol id="sm-6bd">
         <name>UARTCharGet</name>
         <value>0x399f</value>
         <object_component_ref idref="oc-1df"/>
      </symbol>
      <symbol id="sm-6e8">
         <name>vsnprintf</name>
         <value>0x33d9</value>
         <object_component_ref idref="oc-1e5"/>
      </symbol>
      <symbol id="sm-6f5">
         <name>__aeabi_uldivmod</name>
         <value>0x27c5</value>
         <object_component_ref idref="oc-171"/>
      </symbol>
      <symbol id="sm-85a">
         <name>__TI_printfi</name>
         <value>0x26d</value>
         <object_component_ref idref="oc-299"/>
      </symbol>
      <symbol id="sm-87a">
         <name>frexpl</name>
         <value>0x2d7d</value>
         <object_component_ref idref="oc-3f6"/>
      </symbol>
      <symbol id="sm-87b">
         <name>frexp</name>
         <value>0x2d7d</value>
         <object_component_ref idref="oc-3f6"/>
      </symbol>
      <symbol id="sm-898">
         <name>scalbn</name>
         <value>0x1f55</value>
         <object_component_ref idref="oc-3fc"/>
      </symbol>
      <symbol id="sm-899">
         <name>scalbnl</name>
         <value>0x1f55</value>
         <object_component_ref idref="oc-3fc"/>
      </symbol>
      <symbol id="sm-89a">
         <name>ldexpl</name>
         <value>0x1f55</value>
         <object_component_ref idref="oc-3fc"/>
      </symbol>
      <symbol id="sm-89b">
         <name>ldexp</name>
         <value>0x1f55</value>
         <object_component_ref idref="oc-3fc"/>
      </symbol>
      <symbol id="sm-8b4">
         <name>wcslen</name>
         <value>0x3945</value>
         <object_component_ref idref="oc-348"/>
      </symbol>
      <symbol id="sm-8be">
         <name>__aeabi_idiv0</name>
         <value>0x1867</value>
         <object_component_ref idref="oc-256"/>
      </symbol>
      <symbol id="sm-8bf">
         <name>__aeabi_ldiv0</name>
         <value>0x1867</value>
         <object_component_ref idref="oc-256"/>
      </symbol>
      <symbol id="sm-8d6">
         <name>__aeabi_dsub</name>
         <value>0x16b1</value>
         <object_component_ref idref="oc-3d6"/>
      </symbol>
      <symbol id="sm-8d7">
         <name>__aeabi_dadd</name>
         <value>0x16bb</value>
         <object_component_ref idref="oc-3d6"/>
      </symbol>
      <symbol id="sm-8f9">
         <name>__aeabi_cdcmpeq</name>
         <value>0x28e9</value>
         <object_component_ref idref="oc-325"/>
      </symbol>
      <symbol id="sm-8fa">
         <name>__aeabi_cdcmple</name>
         <value>0x28e9</value>
         <object_component_ref idref="oc-325"/>
      </symbol>
      <symbol id="sm-8fb">
         <name>__aeabi_cdrcmple</name>
         <value>0x296f</value>
         <object_component_ref idref="oc-3c1"/>
      </symbol>
      <symbol id="sm-90f">
         <name>__aeabi_ddiv</name>
         <value>0x19a5</value>
         <object_component_ref idref="oc-3bc"/>
      </symbol>
      <symbol id="sm-91a">
         <name>__aeabi_dmul</name>
         <value>0x2165</value>
         <object_component_ref idref="oc-3b7"/>
      </symbol>
      <symbol id="sm-924">
         <name>__aeabi_d2iz</name>
         <value>0x3239</value>
         <object_component_ref idref="oc-3c6"/>
      </symbol>
      <symbol id="sm-92e">
         <name>__aeabi_i2d</name>
         <value>0x362d</value>
         <object_component_ref idref="oc-3d1"/>
      </symbol>
      <symbol id="sm-93d">
         <name>__TI_ltoa</name>
         <value>0x306b</value>
         <object_component_ref idref="oc-3cb"/>
      </symbol>
      <symbol id="sm-953">
         <name>atoi</name>
         <value>0x315d</value>
         <object_component_ref idref="oc-319"/>
      </symbol>
      <symbol id="sm-95e">
         <name>_ctypes_</name>
         <value>0x39e0</value>
         <object_component_ref idref="oc-3b0"/>
      </symbol>
      <symbol id="sm-96e">
         <name>memccpy</name>
         <value>0x3829</value>
         <object_component_ref idref="oc-342"/>
      </symbol>
      <symbol id="sm-984">
         <name>__aeabi_errno_addr</name>
         <value>0x39b5</value>
         <object_component_ref idref="oc-34e"/>
      </symbol>
      <symbol id="sm-985">
         <name>errno</name>
         <value>0x20000924</value>
         <object_component_ref idref="oc-412"/>
      </symbol>
      <symbol id="sm-98f">
         <name>copysign</name>
         <value>0x3845</value>
         <object_component_ref idref="oc-48a"/>
      </symbol>
      <symbol id="sm-990">
         <name>copysignl</name>
         <value>0x3845</value>
         <object_component_ref idref="oc-48a"/>
      </symbol>
      <symbol id="sm-991">
         <name>__TI_static_base__</name>
         <value>0x0</value>
      </symbol>
      <symbol id="sm-994">
         <name>__mpu_init</name>
         <value>0x0</value>
      </symbol>
      <symbol id="sm-995">
         <name>_system_post_cinit</name>
         <value>0x0</value>
      </symbol>
      <symbol id="sm-996">
         <name>remove</name>
         <value>0x3689</value>
      </symbol>
   </symbol_table>
   <title>Link successful</title>
</link_info>
