******************************************************************************
                  TI ARM Linker PC v20.2.5                     
******************************************************************************
>> Linked Wed Aug  3 23:35:38 2022

OUTPUT FILE NAME:   <Lab8.out>
ENTRY POINT SYMBOL: "_c_int00_noargs"  address: 00002f35


MEMORY CONFIGURATION

         name            origin    length      used     unused   attr    fill
----------------------  --------  ---------  --------  --------  ----  --------
  FLASH                 00000000   00040000  0000346a  0003cb96  R  X
  SRAM                  20000000   00008000  00000794  0000786c  RW X


SEGMENT ALLOCATION MAP

run origin  load origin   length   init length attrs members
----------  ----------- ---------- ----------- ----- -------
00000000    00000000    00003470   00003470    r-x
  00000000    00000000    0000026c   0000026c    r-- .intvecs
  0000026c    0000026c    00002fae   00002fae    r-x .text
  0000321c    0000321c    00000200   00000200    r-- .const
  00003420    00003420    00000050   00000050    r-- .cinit
20000000    20000000    00000798   00000000    rw-
  20000000    20000000    0000026c   00000000    rw- .vtable
  20000270    20000270    00000400   00000000    rw- .stack
  20000670    20000670    00000108   00000000    rw- .bss
  20000778    20000778    00000020   00000000    rw- .data


SECTION ALLOCATION MAP

 output                                  attributes/
section   page    origin      length       input sections
--------  ----  ----------  ----------   ----------------
.intvecs   0    00000000    0000026c     
                  00000000    0000026c     tm4c123gh6pm_startup_ccs.obj (.intvecs)

.text      0    0000026c    00002fae     
                  0000026c    00000a4e     rtsv7M4_T_le_v4SPD16_eabi.lib : _printfi.c.obj (.text:__TI_printfi)
                  00000cba    00000002                                   : div0.asm.obj (.text)
                  00000cbc    000003d0     Util.lib : launchpad.obj (.text)
                  0000108c    00000270     rtsv7M4_T_le_v4SPD16_eabi.lib : _printfi.c.obj (.text:_pconv_a)
                  000012fc    00000228     main.obj (.text)
                  00001524    000001fc     seg7.obj (.text)
                  00001720    000001d0     rtsv7M4_T_le_v4SPD16_eabi.lib : _printfi.c.obj (.text:_pconv_g)
                  000018f0    000001b6                                   : fd_add_t2.asm.obj (.text)
                  00001aa6    00000002     --HOLE-- [fill = 0]
                  00001aa8    0000013c                                   : _printfi.c.obj (.text:_pconv_e)
                  00001be4    00000136                                   : fd_div_t2.asm.obj (.text)
                  00001d1a    00000132     driverlib.lib : gpio.obj (.text:GPIOPadConfigSet)
                  00001e4c    00000124     rtsv7M4_T_le_v4SPD16_eabi.lib : _printfi.c.obj (.text:fcvt)
                  00001f70    00000110     driverlib.lib : sysctl.obj (.text:SysCtlClockGet)
                  00002080    00000110     rtsv7M4_T_le_v4SPD16_eabi.lib : s_scalbn.c.obj (.text:scalbn)
                  00002190    000000fc                                   : fd_mul_t2.asm.obj (.text)
                  0000228c    000000f4     driverlib.lib : sysctl.obj (.text:SysCtlClockSet)
                  00002380    000000c4     Util.lib : uart.obj (.text)
                  00002444    000000b1     rtsv7M4_T_le_v4SPD16_eabi.lib : _printfi.c.obj (.text:_ltostr)
                  000024f5    00000003     --HOLE-- [fill = 0]
                  000024f8    000000a0     ranger.obj (.text)
                  00002598    0000009c     Util.lib : led.obj (.text)
                  00002634    0000009c     rtsv7M4_T_le_v4SPD16_eabi.lib : memcpy_t2.asm.obj (.text)
                  000026d0    00000096                                   : ull_div_t2.asm.obj (.text)
                  00002766    00000002     --HOLE-- [fill = 0]
                  00002768    0000008c     Util.lib : pushbutton.obj (.text)
                  000027f4    00000086     rtsv7M4_T_le_v4SPD16_eabi.lib : fd_cmp_t2.asm.obj (.text:__aeabi_cdcmple)
                  0000287a    00000086                                   : fd_cmp_t2.asm.obj (.text:__aeabi_cdrcmple)
                  00002900    0000007a                                   : memset_t2.asm.obj (.text)
                  0000297a    00000002     --HOLE-- [fill = 0]
                  0000297c    00000078     ranger_asm.obj (.text)
                  000029f4    0000006e     rtsv7M4_T_le_v4SPD16_eabi.lib : _printfi.c.obj (.text:_mcpy)
                  00002a62    00000068                                   : copy_decompress_lzss.c.obj (.text:decompress:lzss:__TI_decompress_lzss)
                  00002aca    00000002     --HOLE-- [fill = 0]
                  00002acc    00000064                                   : s_frexp.c.obj (.text:frexp)
                  00002b30    00000060     driverlib.lib : timer.obj (.text:TimerConfigure)
                  00002b90    00000056     rtsv7M4_T_le_v4SPD16_eabi.lib : _printfi.c.obj (.text:_pconv_f)
                  00002be6    00000054                                   : _ltoa.c.obj (.text:__TI_ltoa)
                  00002c3a    00000002     --HOLE-- [fill = 0]
                  00002c3c    00000054     sig7digit.obj (.text)
                  00002c90    00000052     rtsv7M4_T_le_v4SPD16_eabi.lib : _printfi.c.obj (.text:_ecpy)
                  00002ce2    00000002     --HOLE-- [fill = 0]
                  00002ce4    0000004c                                   : atoi.c.obj (.text:atoi)
                  00002d30    00000048     driverlib.lib : gpio.obj (.text:GPIOPinConfigure)
                  00002d78    00000048     rtsv7M4_T_le_v4SPD16_eabi.lib : fd_toi_t2.asm.obj (.text)
                  00002dc0    00000046     driverlib.lib : uart.obj (.text:UARTConfigSetExpClk)
                  00002e06    00000002     --HOLE-- [fill = 0]
                  00002e08    00000044     rtsv7M4_T_le_v4SPD16_eabi.lib : autoinit.c.obj (.text:__TI_auto_init_nobinit_nopinit:__TI_auto_init_nobinit_nopinit)
                  00002e4c    00000040                                   : vsnprintf.c.obj (.text:vsnprintf)
                  00002e8c    0000003e                                   : _printfi.c.obj (.text:_fcpy)
                  00002eca    00000002     --HOLE-- [fill = 0]
                  00002ecc    00000034     driverlib.lib : interrupt.obj (.text:IntRegister)
                  00002f00    00000034                   : sysctl.obj (.text:SysCtlPeripheralEnable)
                  00002f34    00000034     rtsv7M4_T_le_v4SPD16_eabi.lib : boot_cortex_m.c.obj (.text:_c_int00_noargs:_c_int00_noargs)
                  00002f68    00000030                                   : vsnprintf.c.obj (.text:_outs)
                  00002f98    0000002e                                   : i_tofd_t2.asm.obj (.text)
                  00002fc6    0000002a     driverlib.lib : gpio.obj (.text:GPIODirModeSet)
                  00002ff0    00000020                   : uart.obj (.text:UARTDisable)
                  00003010    00000020     rtsv7M4_T_le_v4SPD16_eabi.lib : u_tofd_t2.asm.obj (.text)
                  00003030    0000001c     driverlib.lib : systick.obj (.text:SysTickIntRegister)
                  0000304c    0000001c     rtsv7M4_T_le_v4SPD16_eabi.lib : copy_zero_init.c.obj (.text:decompress:ZI:__TI_zero_init_nomemset:__TI_zero_init_nomemset)
                  00003068    0000001c                                   : memccpy.c.obj (.text:memccpy)
                  00003084    0000001a                                   : s_copysign.c.obj (.text:copysign)
                  0000309e    00000018     driverlib.lib : gpio.obj (.text:GPIOPinTypeGPIOOutput)
                  000030b6    00000018     rtsv7M4_T_le_v4SPD16_eabi.lib : vsnprintf.c.obj (.text:_outc)
                  000030ce    00000016     driverlib.lib : timer.obj (.text:TimerControlEvent)
                  000030e4    00000016     rtsv7M4_T_le_v4SPD16_eabi.lib : strchr.c.obj (.text:strchr)
                  000030fa    00000002     --HOLE-- [fill = 0]
                  000030fc    00000014     driverlib.lib : systick.obj (.text:SysTickEnable)
                  00003110    00000014                   : systick.obj (.text:SysTickIntEnable)
                  00003124    00000014                   : uart.obj (.text:UARTEnable)
                  00003138    00000014     rtsv7M4_T_le_v4SPD16_eabi.lib : strlen.c.obj (.text:strlen)
                  0000314c    00000012     driverlib.lib : gpio.obj (.text:GPIOPinTypeGPIOInput)
                  0000315e    00000012                   : gpio.obj (.text:GPIOPinTypeTimer)
                  00003170    00000012                   : gpio.obj (.text:GPIOPinTypeUART)
                  00003182    00000012     rtsv7M4_T_le_v4SPD16_eabi.lib : wcslen.c.obj (.text:wcslen)
                  00003194    00000010     driverlib.lib : systick.obj (.text:SysTickPeriodSet)
                  000031a4    0000000e                   : timer.obj (.text:TimerEnable)
                  000031b2    0000000e     rtsv7M4_T_le_v4SPD16_eabi.lib : copy_decompress_none.c.obj (.text:decompress:none:__TI_decompress_none)
                  000031c0    0000000c     tm4c123gh6pm_startup_ccs.obj (.text)
                  000031cc    0000000a     driverlib.lib : timer.obj (.text:TimerIntStatus)
                  000031d6    0000000a                   : timer.obj (.text:TimerValueGet)
                  000031e0    0000000a                   : uart.obj (.text:UARTCharGet)
                  000031ea    0000000a                   : uart.obj (.text:UARTCharPut)
                  000031f4    00000008     rtsv7M4_T_le_v4SPD16_eabi.lib : errno.c.obj (.text:__aeabi_errno_addr)
                  000031fc    00000006     driverlib.lib : gpio.obj (.text:GPIOPinRead)
                  00003202    00000006                   : gpio.obj (.text:GPIOPinWrite)
                  00003208    00000006                   : sysctl.obj (.text:SysCtlDelay)
                  0000320e    00000004                   : timer.obj (.text:TimerIntClear)
                  00003212    00000004     rtsv7M4_T_le_v4SPD16_eabi.lib : pre_init.c.obj (.text:_system_pre_init)
                  00003216    00000004                                   : exit.c.obj (.text:abort:abort)

.const     0    0000321c    00000200     
                  0000321c    00000101     rtsv7M4_T_le_v4SPD16_eabi.lib : ctype.c.obj (.const:.string:_ctypes_)
                  0000331d    00000003     --HOLE-- [fill = 0]
                  00003320    00000090     driverlib.lib : gpio.obj (.const:g_pui32GPIOBaseAddrs)
                  000033b0    0000006c                   : sysctl.obj (.const:g_pui32Xtals)

.cinit     0    00003420    00000050     
                  00003420    00000016     (.cinit..data.load) [load image, compression = lzss]
                  00003436    00000002     --HOLE-- [fill = 0]
                  00003438    0000000c     (__TI_handler_table)
                  00003444    00000004     --HOLE-- [fill = 0]
                  00003448    00000008     (.cinit..bss.load) [load image, compression = zero_init]
                  00003450    00000008     (.cinit..vtable.load) [load image, compression = zero_init]
                  00003458    00000018     (__TI_cinit_table)

.init_array 
*          0    00000000    00000000     UNINITIALIZED

.vtable    0    20000000    0000026c     UNINITIALIZED
                  20000000    0000026c     driverlib.lib : interrupt.obj (.vtable)

.bss       0    20000670    00000108     UNINITIALIZED
                  20000670    00000100     Util.lib : launchpad.obj (.bss:callbackHeap)
                  20000770    00000004              : launchpad.obj (.bss)
                  20000774    00000004     sig7digit.obj (.bss)

.data      0    20000778    00000020     UNINITIALIZED
                  20000778    0000000a     sig7digit.obj (.data)
                  20000782    00000002     main.obj (.data)
                  20000784    00000008     Util.lib : launchpad.obj (.data)
                  2000078c    00000005     main.obj (.data:seg7Display)
                  20000791    00000001     Util.lib : led.obj (.data)
                  20000792    00000001              : pushbutton.obj (.data)
                  20000793    00000001     --HOLE--
                  20000794    00000004     rtsv7M4_T_le_v4SPD16_eabi.lib : errno.c.obj (.data)

.stack     0    20000270    00000400     UNINITIALIZED
                  20000270    00000004     rtsv7M4_T_le_v4SPD16_eabi.lib : boot_cortex_m.c.obj (.stack)
                  20000274    000003fc     --HOLE--

__llvm_prf_cnts 
*          0    20000000    00000000     UNINITIALIZED

MODULE SUMMARY

       Module                         code    ro data   rw data
       ------                         ----    -------   -------
    .\
       tm4c123gh6pm_startup_ccs.obj   12      620       0      
       main.obj                       552     0         7      
       seg7.obj                       508     0         0      
       ranger.obj                     160     0         0      
       ranger_asm.obj                 120     0         0      
       sig7digit.obj                  84      0         14     
    +--+------------------------------+-------+---------+---------+
       Total:                         1436    620       21     
                                                               
    C:/Users/vubui/Desktop/ECE266_Workspaces/._GitHub/LabGroup3/Util/Debug/Util.lib
       launchpad.obj                  976     0         268    
       uart.obj                       196     0         0      
       led.obj                        156     0         1      
       pushbutton.obj                 140     0         1      
    +--+------------------------------+-------+---------+---------+
       Total:                         1468    0         270    
                                                               
    C:/ti/TivaWare_C_Series-2.1.4.178/driverlib/ccs/Debug/driverlib.lib
       sysctl.obj                     574     108       0      
       interrupt.obj                  52      0         620    
       gpio.obj                       510     144       0      
       timer.obj                      156     0         0      
       uart.obj                       142     0         0      
       systick.obj                    84      0         0      
    +--+------------------------------+-------+---------+---------+
       Total:                         1518    252       620    
                                                               
    C:\ti\ccs1120\ccs\tools\compiler\ti-cgt-arm_20.2.5.LTS\lib\rtsv7M4_T_le_v4SPD16_eabi.lib
       _printfi.c.obj                 4851    0         0      
       fd_add_t2.asm.obj              438     0         0      
       fd_div_t2.asm.obj              310     0         0      
       s_scalbn.c.obj                 272     0         0      
       fd_cmp_t2.asm.obj              268     0         0      
       ctype.c.obj                    0       257       0      
       fd_mul_t2.asm.obj              252     0         0      
       memcpy_t2.asm.obj              156     0         0      
       ull_div_t2.asm.obj             150     0         0      
       vsnprintf.c.obj                136     0         0      
       memset_t2.asm.obj              122     0         0      
       copy_decompress_lzss.c.obj     104     0         0      
       s_frexp.c.obj                  100     0         0      
       _ltoa.c.obj                    84      0         0      
       atoi.c.obj                     76      0         0      
       fd_toi_t2.asm.obj              72      0         0      
       autoinit.c.obj                 68      0         0      
       boot_cortex_m.c.obj            52      0         0      
       i_tofd_t2.asm.obj              46      0         0      
       u_tofd_t2.asm.obj              32      0         0      
       copy_zero_init.c.obj           28      0         0      
       memccpy.c.obj                  28      0         0      
       s_copysign.c.obj               26      0         0      
       strchr.c.obj                   22      0         0      
       strlen.c.obj                   20      0         0      
       wcslen.c.obj                   18      0         0      
       copy_decompress_none.c.obj     14      0         0      
       errno.c.obj                    8       0         4      
       exit.c.obj                     4       0         0      
       pre_init.c.obj                 4       0         0      
       div0.asm.obj                   2       0         0      
    +--+------------------------------+-------+---------+---------+
       Total:                         7763    257       4      
                                                               
       Stack:                         0       0         1024   
       Linker Generated:              0       74        0      
    +--+------------------------------+-------+---------+---------+
       Grand Total:                   12185   1203      1939   


LINKER GENERATED COPY TABLES

__TI_cinit_table @ 00003458 records: 3, size/record: 8, table size: 24
	.data: load addr=00003420, load size=00000016 bytes, run addr=20000778, run size=00000020 bytes, compression=lzss
	.bss: load addr=00003448, load size=00000008 bytes, run addr=20000670, run size=00000108 bytes, compression=zero_init
	.vtable: load addr=00003450, load size=00000008 bytes, run addr=20000000, run size=0000026c bytes, compression=zero_init


LINKER GENERATED HANDLER TABLE

__TI_handler_table @ 00003438 records: 3, size/record: 4, table size: 12
	index: 0, handler: __TI_zero_init
	index: 1, handler: __TI_decompress_lzss
	index: 2, handler: __TI_decompress_none


GLOBAL SYMBOLS: SORTED ALPHABETICALLY BY Name 

address   name                          
-------   ----                          
00003217  C$$EXIT                       
00002fc7  GPIODirModeSet                
00001d1b  GPIOPadConfigSet              
00002d31  GPIOPinConfigure              
000031fd  GPIOPinRead                   
0000314d  GPIOPinTypeGPIOInput          
0000309f  GPIOPinTypeGPIOOutput         
0000315f  GPIOPinTypeTimer              
00003171  GPIOPinTypeUART               
00003203  GPIOPinWrite                  
00002ecd  IntRegister                   
20000783  ModeType                      
000031c1  ResetISR                      
00001f71  SysCtlClockGet                
0000228d  SysCtlClockSet                
00003209  SysCtlDelay                   
00002f01  SysCtlPeripheralEnable        
000030fd  SysTickEnable                 
00003111  SysTickIntEnable              
00003031  SysTickIntRegister            
00003195  SysTickPeriodSet              
00002b31  TimerConfigure                
000030cf  TimerControlEvent             
000031a5  TimerEnable                   
0000320f  TimerIntClear                 
000031cd  TimerIntStatus                
000031d7  TimerValueGet                 
000031e1  UARTCharGet                   
000031eb  UARTCharPut                   
00002dc1  UARTConfigSetExpClk           
00002ff1  UARTDisable                   
00003125  UARTEnable                    
20000670  __STACK_END                   
00000400  __STACK_SIZE                  
20000470  __STACK_TOP                   
00003458  __TI_CINIT_Base               
00003470  __TI_CINIT_Limit              
00003438  __TI_Handler_Table_Base       
00003444  __TI_Handler_Table_Limit      
00002e09  __TI_auto_init_nobinit_nopinit
00002a63  __TI_decompress_lzss          
000031b3  __TI_decompress_none          
00002be7  __TI_ltoa                     
ffffffff  __TI_pprof_out_hndl           
0000026d  __TI_printfi                  
ffffffff  __TI_prof_data_size           
ffffffff  __TI_prof_data_start          
00000000  __TI_static_base__            
0000304d  __TI_zero_init_nomemset       
000027f5  __aeabi_cdcmpeq               
000027f5  __aeabi_cdcmple               
0000287b  __aeabi_cdrcmple              
00002d79  __aeabi_d2iz                  
000018fb  __aeabi_dadd                  
00001be5  __aeabi_ddiv                  
00002191  __aeabi_dmul                  
000018f1  __aeabi_dsub                  
000031f5  __aeabi_errno_addr            
00002f99  __aeabi_i2d                   
00000cbb  __aeabi_idiv0                 
00000cbb  __aeabi_ldiv0                 
00002901  __aeabi_memclr                
00002901  __aeabi_memclr4               
00002901  __aeabi_memclr8               
00002635  __aeabi_memcpy                
00002635  __aeabi_memcpy4               
00002635  __aeabi_memcpy8               
00002903  __aeabi_memset                
00002903  __aeabi_memset4               
00002903  __aeabi_memset8               
00003011  __aeabi_ui2d                  
000026d1  __aeabi_uldivmod              
ffffffff  __binit__                     
ffffffff  __c_args__                    
UNDEFED   __mpu_init                    
20000270  __stack                       
20000000  __start___llvm_prf_cnts       
20000000  __stop___llvm_prf_cnts        
00002f35  _c_int00_noargs               
0000321c  _ctypes_                      
UNDEFED   _system_post_cinit            
00003213  _system_pre_init              
00003217  abort                         
00002ce5  atoi                          
ffffffff  binit                         
0000141b  checkPushButton               
00003085  copysign                      
00003085  copysignl                     
20000794  errno                         
00002acd  frexp                         
00002acd  frexpl                        
20000000  g_pfnRAMVectors               
00000000  g_pfnVectors                  
00002081  ldexp                         
00002081  ldexpl                        
000025bb  ledInit                       
00002599  ledInitForced                 
000025cf  ledTurnOnOff                  
00000fc7  lpInit                        
0000148d  main                          
00003069  memccpy                       
00002635  memcpy                        
00002909  memset                        
0000279d  pbInit                        
00002769  pbInitForced                  
000027b1  pbRead                        
0000147d  rangeUp                       
00002985  rangerDetect                  
000024f9  rangerInit                    
00002081  scalbn                        
00002081  scalbnl                       
00000deb  schdCallback                  
00000e65  schdExecute                   
00002c45  seg7DigitUpdate               
2000078c  seg7Display                   
00001525  seg7Init                      
000016b1  seg7Update                    
00002529  sendStartPulse                
000012fd  stopWatchUpdate               
000030e5  strchr                        
00003139  strlen                        
20000782  sysState                      
00000d4f  sysTimeGet                    
00000d55  sysTimeReached                
00000d7b  sysTimeWait                   
00000d9f  sysTimeWaitAbsolute           
000023cd  uartGetChar                   
00002381  uartInit                      
000023bb  uartPutChar                   
000023df  uartPutString                 
0000240b  uprintf                       
00002e4d  vsnprintf                     
00000f69  waitMs                        
00000f99  waitUs                        
00003183  wcslen                        


GLOBAL SYMBOLS: SORTED BY Symbol Address 

address   name                          
-------   ----                          
00000000  __TI_static_base__            
00000000  g_pfnVectors                  
0000026d  __TI_printfi                  
00000400  __STACK_SIZE                  
00000cbb  __aeabi_idiv0                 
00000cbb  __aeabi_ldiv0                 
00000d4f  sysTimeGet                    
00000d55  sysTimeReached                
00000d7b  sysTimeWait                   
00000d9f  sysTimeWaitAbsolute           
00000deb  schdCallback                  
00000e65  schdExecute                   
00000f69  waitMs                        
00000f99  waitUs                        
00000fc7  lpInit                        
000012fd  stopWatchUpdate               
0000141b  checkPushButton               
0000147d  rangeUp                       
0000148d  main                          
00001525  seg7Init                      
000016b1  seg7Update                    
000018f1  __aeabi_dsub                  
000018fb  __aeabi_dadd                  
00001be5  __aeabi_ddiv                  
00001d1b  GPIOPadConfigSet              
00001f71  SysCtlClockGet                
00002081  ldexp                         
00002081  ldexpl                        
00002081  scalbn                        
00002081  scalbnl                       
00002191  __aeabi_dmul                  
0000228d  SysCtlClockSet                
00002381  uartInit                      
000023bb  uartPutChar                   
000023cd  uartGetChar                   
000023df  uartPutString                 
0000240b  uprintf                       
000024f9  rangerInit                    
00002529  sendStartPulse                
00002599  ledInitForced                 
000025bb  ledInit                       
000025cf  ledTurnOnOff                  
00002635  __aeabi_memcpy                
00002635  __aeabi_memcpy4               
00002635  __aeabi_memcpy8               
00002635  memcpy                        
000026d1  __aeabi_uldivmod              
00002769  pbInitForced                  
0000279d  pbInit                        
000027b1  pbRead                        
000027f5  __aeabi_cdcmpeq               
000027f5  __aeabi_cdcmple               
0000287b  __aeabi_cdrcmple              
00002901  __aeabi_memclr                
00002901  __aeabi_memclr4               
00002901  __aeabi_memclr8               
00002903  __aeabi_memset                
00002903  __aeabi_memset4               
00002903  __aeabi_memset8               
00002909  memset                        
00002985  rangerDetect                  
00002a63  __TI_decompress_lzss          
00002acd  frexp                         
00002acd  frexpl                        
00002b31  TimerConfigure                
00002be7  __TI_ltoa                     
00002c45  seg7DigitUpdate               
00002ce5  atoi                          
00002d31  GPIOPinConfigure              
00002d79  __aeabi_d2iz                  
00002dc1  UARTConfigSetExpClk           
00002e09  __TI_auto_init_nobinit_nopinit
00002e4d  vsnprintf                     
00002ecd  IntRegister                   
00002f01  SysCtlPeripheralEnable        
00002f35  _c_int00_noargs               
00002f99  __aeabi_i2d                   
00002fc7  GPIODirModeSet                
00002ff1  UARTDisable                   
00003011  __aeabi_ui2d                  
00003031  SysTickIntRegister            
0000304d  __TI_zero_init_nomemset       
00003069  memccpy                       
00003085  copysign                      
00003085  copysignl                     
0000309f  GPIOPinTypeGPIOOutput         
000030cf  TimerControlEvent             
000030e5  strchr                        
000030fd  SysTickEnable                 
00003111  SysTickIntEnable              
00003125  UARTEnable                    
00003139  strlen                        
0000314d  GPIOPinTypeGPIOInput          
0000315f  GPIOPinTypeTimer              
00003171  GPIOPinTypeUART               
00003183  wcslen                        
00003195  SysTickPeriodSet              
000031a5  TimerEnable                   
000031b3  __TI_decompress_none          
000031c1  ResetISR                      
000031cd  TimerIntStatus                
000031d7  TimerValueGet                 
000031e1  UARTCharGet                   
000031eb  UARTCharPut                   
000031f5  __aeabi_errno_addr            
000031fd  GPIOPinRead                   
00003203  GPIOPinWrite                  
00003209  SysCtlDelay                   
0000320f  TimerIntClear                 
00003213  _system_pre_init              
00003217  C$$EXIT                       
00003217  abort                         
0000321c  _ctypes_                      
00003438  __TI_Handler_Table_Base       
00003444  __TI_Handler_Table_Limit      
00003458  __TI_CINIT_Base               
00003470  __TI_CINIT_Limit              
20000000  __start___llvm_prf_cnts       
20000000  __stop___llvm_prf_cnts        
20000000  g_pfnRAMVectors               
20000270  __stack                       
20000470  __STACK_TOP                   
20000670  __STACK_END                   
20000782  sysState                      
20000783  ModeType                      
2000078c  seg7Display                   
20000794  errno                         
ffffffff  __TI_pprof_out_hndl           
ffffffff  __TI_prof_data_size           
ffffffff  __TI_prof_data_start          
ffffffff  __binit__                     
ffffffff  __c_args__                    
ffffffff  binit                         
UNDEFED   __mpu_init                    
UNDEFED   _system_post_cinit            

[135 symbols]
