******************************************************************************
                  TI ARM Linker PC v20.2.5                     
******************************************************************************
>> Linked Mon Aug  1 23:15:37 2022

OUTPUT FILE NAME:   <Lab7.out>
ENTRY POINT SYMBOL: "_c_int00_noargs"  address: 00004179


MEMORY CONFIGURATION

         name            origin    length      used     unused   attr    fill
----------------------  --------  ---------  --------  --------  ----  --------
  FLASH                 00000000   00040000  0000489a  0003b766  R  X
  SRAM                  20000000   00008000  000007a8  00007858  RW X


SEGMENT ALLOCATION MAP

run origin  load origin   length   init length attrs members
----------  ----------- ---------- ----------- ----- -------
00000000    00000000    000048a0   000048a0    r-x
  00000000    00000000    0000026c   0000026c    r-- .intvecs
  0000026c    0000026c    0000427e   0000427e    r-x .text
  000044f0    000044f0    00000358   00000358    r-- .const
  00004848    00004848    00000058   00000058    r-- .cinit
20000000    20000000    000007b0   00000000    rw-
  20000000    20000000    0000026c   00000000    rw- .vtable
  20000270    20000270    00000400   00000000    rw- .stack
  20000670    20000670    0000010c   00000000    rw- .bss
  20000780    20000780    00000030   00000000    rw- .data


SECTION ALLOCATION MAP

 output                                  attributes/
section   page    origin      length       input sections
--------  ----  ----------  ----------   ----------------
.intvecs   0    00000000    0000026c     
                  00000000    0000026c     tm4c123gh6pm_startup_ccs.obj (.intvecs)

.text      0    0000026c    0000427e     
                  0000026c    00000a4e     rtsv7M4_T_le_v4SPD16_eabi.lib : _printfi.c.obj (.text:__TI_printfi)
                  00000cba    00000002                                   : div0.asm.obj (.text)
                  00000cbc    00000738                                   : k_rem_pio2.c.obj (.text:__kernel_rem_pio2)
                  000013f4    000005e0                                   : s_sin.c.obj (.text:sin)
                  000019d4    000003d0     Util.lib : launchpad.obj (.text)
                  00001da4    000003b4     main.obj (.text)
                  00002158    00000270     rtsv7M4_T_le_v4SPD16_eabi.lib : _printfi.c.obj (.text:_pconv_a)
                  000023c8    000001d0                                   : _printfi.c.obj (.text:_pconv_g)
                  00002598    000001b6                                   : fd_add_t2.asm.obj (.text)
                  0000274e    00000002     --HOLE-- [fill = 0]
                  00002750    00000174                                   : k_sin.c.obj (.text:__kernel_sin)
                  000028c4    00000170                                   : k_cos.c.obj (.text:__kernel_cos)
                  00002a34    0000013c                                   : _printfi.c.obj (.text:_pconv_e)
                  00002b70    00000136                                   : fd_div_t2.asm.obj (.text)
                  00002ca6    00000132     driverlib.lib : gpio.obj (.text:GPIOPadConfigSet)
                  00002dd8    00000124     rtsv7M4_T_le_v4SPD16_eabi.lib : _printfi.c.obj (.text:fcvt)
                  00002efc    00000110     driverlib.lib : sysctl.obj (.text:SysCtlClockGet)
                  0000300c    00000110     rtsv7M4_T_le_v4SPD16_eabi.lib : s_scalbn.c.obj (.text:scalbn)
                  0000311c    000000fc                                   : fd_mul_t2.asm.obj (.text)
                  00003218    000000f8                                   : s_floor.c.obj (.text:floor)
                  00003310    000000f4     driverlib.lib : sysctl.obj (.text:SysCtlClockSet)
                  00003404    000000c4     Util.lib : uart.obj (.text)
                  000034c8    000000b1     rtsv7M4_T_le_v4SPD16_eabi.lib : _printfi.c.obj (.text:_ltostr)
                  00003579    00000003     --HOLE-- [fill = 0]
                  0000357c    0000009c     Util.lib : led.obj (.text)
                  00003618    0000009c     rtsv7M4_T_le_v4SPD16_eabi.lib : memcpy_t2.asm.obj (.text)
                  000036b4    00000096                                   : ull_div_t2.asm.obj (.text)
                  0000374a    00000002     --HOLE-- [fill = 0]
                  0000374c    00000090     pwmled.obj (.text)
                  000037dc    0000008c     Util.lib : pushbutton.obj (.text)
                  00003868    00000086     rtsv7M4_T_le_v4SPD16_eabi.lib : fd_cmp_t2.asm.obj (.text:__aeabi_cdcmple)
                  000038ee    00000086                                   : fd_cmp_t2.asm.obj (.text:__aeabi_cdrcmple)
                  00003974    0000007a     driverlib.lib : adc.obj (.text:ADCSequenceStepConfigure)
                  000039ee    0000007a     rtsv7M4_T_le_v4SPD16_eabi.lib : memset_t2.asm.obj (.text)
                  00003a68    00000072     pwmled_asm.obj (.text)
                  00003ada    0000006e     rtsv7M4_T_le_v4SPD16_eabi.lib : _printfi.c.obj (.text:_mcpy)
                  00003b48    0000006c     pwmbuzzer.obj (.text)
                  00003bb4    00000068     rtsv7M4_T_le_v4SPD16_eabi.lib : copy_decompress_lzss.c.obj (.text:decompress:lzss:__TI_decompress_lzss)
                  00003c1c    00000064                                   : s_frexp.c.obj (.text:frexp)
                  00003c80    00000060     driverlib.lib : timer.obj (.text:TimerConfigure)
                  00003ce0    00000056     rtsv7M4_T_le_v4SPD16_eabi.lib : _printfi.c.obj (.text:_pconv_f)
                  00003d36    00000054                                   : _ltoa.c.obj (.text:__TI_ltoa)
                  00003d8a    00000052                                   : _printfi.c.obj (.text:_ecpy)
                  00003ddc    00000050     driverlib.lib : adc.obj (.text:ADCSequenceConfigure)
                  00003e2c    0000004c     rtsv7M4_T_le_v4SPD16_eabi.lib : atoi.c.obj (.text:atoi)
                  00003e78    00000048     driverlib.lib : gpio.obj (.text:GPIOPinConfigure)
                  00003ec0    00000048     ras.obj (.text)
                  00003f08    00000048     rtsv7M4_T_le_v4SPD16_eabi.lib : fd_toi_t2.asm.obj (.text)
                  00003f50    00000046     driverlib.lib : uart.obj (.text:UARTConfigSetExpClk)
                  00003f96    00000002     --HOLE-- [fill = 0]
                  00003f98    00000044     rtsv7M4_T_le_v4SPD16_eabi.lib : autoinit.c.obj (.text:__TI_auto_init_nobinit_nopinit:__TI_auto_init_nobinit_nopinit)
                  00003fdc    00000042     ras_asm.obj (.text)
                  0000401e    00000002     --HOLE-- [fill = 0]
                  00004020    00000040     rtsv7M4_T_le_v4SPD16_eabi.lib : vsnprintf.c.obj (.text:vsnprintf)
                  00004060    0000003e                                   : _printfi.c.obj (.text:_fcpy)
                  0000409e    00000002     --HOLE-- [fill = 0]
                  000040a0    00000038     driverlib.lib : sysctl.obj (.text:SysCtlPeripheralReady)
                  000040d8    00000036     pwmbuzzer_asm.obj (.text)
                  0000410e    00000002     --HOLE-- [fill = 0]
                  00004110    00000034     driverlib.lib : interrupt.obj (.text:IntRegister)
                  00004144    00000034                   : sysctl.obj (.text:SysCtlPeripheralEnable)
                  00004178    00000034     rtsv7M4_T_le_v4SPD16_eabi.lib : boot_cortex_m.c.obj (.text:_c_int00_noargs:_c_int00_noargs)
                  000041ac    00000030                                   : vsnprintf.c.obj (.text:_outs)
                  000041dc    0000002e     driverlib.lib : adc.obj (.text:ADCIntStatus)
                  0000420a    0000002e     rtsv7M4_T_le_v4SPD16_eabi.lib : i_tofd_t2.asm.obj (.text)
                  00004238    0000002a     driverlib.lib : gpio.obj (.text:GPIODirModeSet)
                  00004262    00000002     --HOLE-- [fill = 0]
                  00004264    00000020                   : uart.obj (.text:UARTDisable)
                  00004284    00000020     rtsv7M4_T_le_v4SPD16_eabi.lib : u_tofd_t2.asm.obj (.text)
                  000042a4    0000001e     driverlib.lib : adc.obj (.text:ADCSequenceDataGet)
                  000042c2    00000002     --HOLE-- [fill = 0]
                  000042c4    0000001c                   : systick.obj (.text:SysTickIntRegister)
                  000042e0    0000001c     rtsv7M4_T_le_v4SPD16_eabi.lib : copy_zero_init.c.obj (.text:decompress:ZI:__TI_zero_init_nomemset:__TI_zero_init_nomemset)
                  000042fc    0000001c                                   : memccpy.c.obj (.text:memccpy)
                  00004318    0000001a                                   : s_copysign.c.obj (.text:copysign)
                  00004332    00000018     driverlib.lib : adc.obj (.text:ADCProcessorTrigger)
                  0000434a    00000018                   : gpio.obj (.text:GPIOPinTypeGPIOOutput)
                  00004362    00000018                   : timer.obj (.text:TimerControlLevel)
                  0000437a    00000018     rtsv7M4_T_le_v4SPD16_eabi.lib : vsnprintf.c.obj (.text:_outc)
                  00004392    00000016                                   : strchr.c.obj (.text:strchr)
                  000043a8    00000014     driverlib.lib : systick.obj (.text:SysTickEnable)
                  000043bc    00000014                   : systick.obj (.text:SysTickIntEnable)
                  000043d0    00000014                   : uart.obj (.text:UARTEnable)
                  000043e4    00000014     rtsv7M4_T_le_v4SPD16_eabi.lib : strlen.c.obj (.text:strlen)
                  000043f8    00000012     driverlib.lib : gpio.obj (.text:GPIOPinTypeGPIOInput)
                  0000440a    00000012                   : gpio.obj (.text:GPIOPinTypeTimer)
                  0000441c    00000012                   : gpio.obj (.text:GPIOPinTypeUART)
                  0000442e    00000012                   : timer.obj (.text:TimerLoadSet)
                  00004440    00000012                   : timer.obj (.text:TimerMatchSet)
                  00004452    00000012     rtsv7M4_T_le_v4SPD16_eabi.lib : wcslen.c.obj (.text:wcslen)
                  00004464    00000010     driverlib.lib : systick.obj (.text:SysTickPeriodSet)
                  00004474    0000000e                   : adc.obj (.text:ADCSequenceEnable)
                  00004482    0000000e                   : timer.obj (.text:TimerEnable)
                  00004490    0000000e     rtsv7M4_T_le_v4SPD16_eabi.lib : copy_decompress_none.c.obj (.text:decompress:none:__TI_decompress_none)
                  0000449e    0000000c     tm4c123gh6pm_startup_ccs.obj (.text)
                  000044aa    0000000a     driverlib.lib : adc.obj (.text:ADCIntClear)
                  000044b4    0000000a                   : uart.obj (.text:UARTCharGet)
                  000044be    0000000a                   : uart.obj (.text:UARTCharPut)
                  000044c8    00000008     rtsv7M4_T_le_v4SPD16_eabi.lib : errno.c.obj (.text:__aeabi_errno_addr)
                  000044d0    00000006     driverlib.lib : gpio.obj (.text:GPIOPinRead)
                  000044d6    00000006                   : gpio.obj (.text:GPIOPinWrite)
                  000044dc    00000006                   : sysctl.obj (.text:SysCtlDelay)
                  000044e2    00000004     rtsv7M4_T_le_v4SPD16_eabi.lib : pre_init.c.obj (.text:_system_pre_init)
                  000044e6    00000004                                   : exit.c.obj (.text:abort:abort)

.const     0    000044f0    00000358     
                  000044f0    00000158     rtsv7M4_T_le_v4SPD16_eabi.lib : k_rem_pio2.c.obj (.const:$O1$$)
                  00004648    00000101                                   : ctype.c.obj (.const:.string:_ctypes_)
                  00004749    00000003     --HOLE-- [fill = 0]
                  0000474c    00000090     driverlib.lib : gpio.obj (.const:g_pui32GPIOBaseAddrs)
                  000047dc    0000006c                   : sysctl.obj (.const:g_pui32Xtals)

.cinit     0    00004848    00000058     
                  00004848    00000024     (.cinit..data.load) [load image, compression = lzss]
                  0000486c    0000000c     (__TI_handler_table)
                  00004878    00000008     (.cinit..bss.load) [load image, compression = zero_init]
                  00004880    00000008     (.cinit..vtable.load) [load image, compression = zero_init]
                  00004888    00000018     (__TI_cinit_table)

.init_array 
*          0    00000000    00000000     UNINITIALIZED

.vtable    0    20000000    0000026c     UNINITIALIZED
                  20000000    0000026c     driverlib.lib : interrupt.obj (.vtable)

.bss       0    20000670    0000010c     UNINITIALIZED
                  20000670    00000100     Util.lib : launchpad.obj (.bss:callbackHeap)
                  20000770    00000008     main.obj (.bss:count)
                  20000778    00000004     Util.lib : launchpad.obj (.bss)

.data      0    20000780    00000030     UNINITIALIZED
                  20000780    0000001a     main.obj (.data)
                  2000079a    00000001     Util.lib : led.obj (.data)
                  2000079b    00000001              : pushbutton.obj (.data)
                  2000079c    00000008              : launchpad.obj (.data)
                  200007a4    00000008     main.obj (.data:led)
                  200007ac    00000004     rtsv7M4_T_le_v4SPD16_eabi.lib : errno.c.obj (.data)

.stack     0    20000270    00000400     UNINITIALIZED
                  20000270    00000004     rtsv7M4_T_le_v4SPD16_eabi.lib : boot_cortex_m.c.obj (.stack)
                  20000274    000003fc     --HOLE--

__llvm_prf_cnts 
*          0    20000000    00000000     UNINITIALIZED

MODULE SUMMARY

       Module                         code    ro data   rw data
       ------                         ----    -------   -------
    .\
       main.obj                       948     0         42     
       tm4c123gh6pm_startup_ccs.obj   12      620       0      
       pwmled.obj                     144     0         0      
       pwmled_asm.obj                 114     0         0      
       pwmbuzzer.obj                  108     0         0      
       ras.obj                        72      0         0      
       ras_asm.obj                    66      0         0      
       pwmbuzzer_asm.obj              54      0         0      
    +--+------------------------------+-------+---------+---------+
       Total:                         1518    620       42     
                                                               
    C:/Users/vubui/Desktop/ECE266_Workspaces/._GitHub/LabGroup3/Util/Debug/Util.lib
       launchpad.obj                  976     0         268    
       uart.obj                       196     0         0      
       led.obj                        156     0         1      
       pushbutton.obj                 140     0         1      
    +--+------------------------------+-------+---------+---------+
       Total:                         1468    0         270    
                                                               
    C:/ti/TivaWare_C_Series-2.1.4.178/driverlib/ccs/Debug/driverlib.lib
       sysctl.obj                     630     108       0      
       interrupt.obj                  52      0         620    
       gpio.obj                       510     144       0      
       adc.obj                        326     0         0      
       timer.obj                      170     0         0      
       uart.obj                       142     0         0      
       systick.obj                    84      0         0      
    +--+------------------------------+-------+---------+---------+
       Total:                         1914    252       620    
                                                               
    C:\ti\ccs1120\ccs\tools\compiler\ti-cgt-arm_20.2.5.LTS\lib\rtsv7M4_T_le_v4SPD16_eabi.lib
       _printfi.c.obj                 4851    0         0      
       k_rem_pio2.c.obj               1848    344       0      
       s_sin.c.obj                    1504    0         0      
       fd_add_t2.asm.obj              438     0         0      
       k_sin.c.obj                    372     0         0      
       k_cos.c.obj                    368     0         0      
       fd_div_t2.asm.obj              310     0         0      
       s_scalbn.c.obj                 272     0         0      
       fd_cmp_t2.asm.obj              268     0         0      
       ctype.c.obj                    0       257       0      
       fd_mul_t2.asm.obj              252     0         0      
       s_floor.c.obj                  248     0         0      
       memcpy_t2.asm.obj              156     0         0      
       ull_div_t2.asm.obj             150     0         0      
       vsnprintf.c.obj                136     0         0      
       memset_t2.asm.obj              122     0         0      
       copy_decompress_lzss.c.obj     104     0         0      
       s_frexp.c.obj                  100     0         0      
       _ltoa.c.obj                    84      0         0      
       atoi.c.obj                     76      0         0      
       fd_toi_t2.asm.obj              72      0         0      
       autoinit.c.obj                 68      0         0      
       boot_cortex_m.c.obj            52      0         0      
       i_tofd_t2.asm.obj              46      0         0      
       u_tofd_t2.asm.obj              32      0         0      
       copy_zero_init.c.obj           28      0         0      
       memccpy.c.obj                  28      0         0      
       s_copysign.c.obj               26      0         0      
       strchr.c.obj                   22      0         0      
       strlen.c.obj                   20      0         0      
       wcslen.c.obj                   18      0         0      
       copy_decompress_none.c.obj     14      0         0      
       errno.c.obj                    8       0         4      
       exit.c.obj                     4       0         0      
       pre_init.c.obj                 4       0         0      
       div0.asm.obj                   2       0         0      
    +--+------------------------------+-------+---------+---------+
       Total:                         12103   601       4      
                                                               
       Stack:                         0       0         1024   
       Linker Generated:              0       88        0      
    +--+------------------------------+-------+---------+---------+
       Grand Total:                   17003   1561      1960   


LINKER GENERATED COPY TABLES

__TI_cinit_table @ 00004888 records: 3, size/record: 8, table size: 24
	.data: load addr=00004848, load size=00000024 bytes, run addr=20000780, run size=00000030 bytes, compression=lzss
	.bss: load addr=00004878, load size=00000008 bytes, run addr=20000670, run size=0000010c bytes, compression=zero_init
	.vtable: load addr=00004880, load size=00000008 bytes, run addr=20000000, run size=0000026c bytes, compression=zero_init


LINKER GENERATED HANDLER TABLE

__TI_handler_table @ 0000486c records: 3, size/record: 4, table size: 12
	index: 0, handler: __TI_zero_init
	index: 1, handler: __TI_decompress_lzss
	index: 2, handler: __TI_decompress_none


GLOBAL SYMBOLS: SORTED ALPHABETICALLY BY Name 

address   name                          
-------   ----                          
00003ec1  ADCInit                       
000044ab  ADCIntClear                   
000041dd  ADCIntStatus                  
00004333  ADCProcessorTrigger           
00003fdc  ADCRead                       
00003ddd  ADCSequenceConfigure          
000042a5  ADCSequenceDataGet            
00004475  ADCSequenceEnable             
00003975  ADCSequenceStepConfigure      
000044e7  C$$EXIT                       
00004239  GPIODirModeSet                
00002ca7  GPIOPadConfigSet              
00003e79  GPIOPinConfigure              
000044d1  GPIOPinRead                   
000043f9  GPIOPinTypeGPIOInput          
0000434b  GPIOPinTypeGPIOOutput         
0000440b  GPIOPinTypeTimer              
0000441d  GPIOPinTypeUART               
000044d7  GPIOPinWrite                  
00004111  IntRegister                   
20000790  Max_period                    
20000794  Min_period                    
0000449f  ResetISR                      
00002efd  SysCtlClockGet                
00003311  SysCtlClockSet                
000044dd  SysCtlDelay                   
00004145  SysCtlPeripheralEnable        
000040a1  SysCtlPeripheralReady         
000043a9  SysTickEnable                 
000043bd  SysTickIntEnable              
000042c5  SysTickIntRegister            
00004465  SysTickPeriodSet              
00003c81  TimerConfigure                
00004363  TimerControlLevel             
00004483  TimerEnable                   
0000442f  TimerLoadSet                  
00004441  TimerMatchSet                 
000044b5  UARTCharGet                   
000044bf  UARTCharPut                   
00003f51  UARTConfigSetExpClk           
00004265  UARTDisable                   
000043d1  UARTEnable                    
20000670  __STACK_END                   
00000400  __STACK_SIZE                  
20000470  __STACK_TOP                   
00004888  __TI_CINIT_Base               
000048a0  __TI_CINIT_Limit              
0000486c  __TI_Handler_Table_Base       
00004878  __TI_Handler_Table_Limit      
00003f99  __TI_auto_init_nobinit_nopinit
00003bb5  __TI_decompress_lzss          
00004491  __TI_decompress_none          
00003d37  __TI_ltoa                     
ffffffff  __TI_pprof_out_hndl           
0000026d  __TI_printfi                  
ffffffff  __TI_prof_data_size           
ffffffff  __TI_prof_data_start          
00000000  __TI_static_base__            
000042e1  __TI_zero_init_nomemset       
00003869  __aeabi_cdcmpeq               
00003869  __aeabi_cdcmple               
000038ef  __aeabi_cdrcmple              
00003f09  __aeabi_d2iz                  
000025a3  __aeabi_dadd                  
00002b71  __aeabi_ddiv                  
0000311d  __aeabi_dmul                  
00002599  __aeabi_dsub                  
000044c9  __aeabi_errno_addr            
0000420b  __aeabi_i2d                   
00000cbb  __aeabi_idiv0                 
00000cbb  __aeabi_ldiv0                 
000039ef  __aeabi_memclr                
000039ef  __aeabi_memclr4               
000039ef  __aeabi_memclr8               
00003619  __aeabi_memcpy                
00003619  __aeabi_memcpy4               
00003619  __aeabi_memcpy8               
000039f1  __aeabi_memset                
000039f1  __aeabi_memset4               
000039f1  __aeabi_memset8               
00004285  __aeabi_ui2d                  
000036b5  __aeabi_uldivmod              
ffffffff  __binit__                     
ffffffff  __c_args__                    
000028c5  __kernel_cos                  
00000cbd  __kernel_rem_pio2             
00002751  __kernel_sin                  
UNDEFED   __mpu_init                    
20000270  __stack                       
20000000  __start___llvm_prf_cnts       
20000000  __stop___llvm_prf_cnts        
00004179  _c_int00_noargs               
00004648  _ctypes_                      
UNDEFED   _system_post_cinit            
000044e3  _system_pre_init              
000044e7  abort                         
00003e2d  atoi                          
ffffffff  binit                         
00003b49  buzzerPWMInit                 
000040ed  buzzerPWMOn                   
00001f6d  buzzing                       
00001df3  callbackLedPlay               
00001ec7  checkPushButton               
00004319  copysign                      
00004319  copysignl                     
200007ac  errno                         
00003219  floor                         
00003219  floorl                        
00003c1d  frexp                         
00003c1d  frexpl                        
20000000  g_pfnRAMVectors               
00000000  g_pfnVectors                  
0000300d  ldexp                         
0000300d  ldexpl                        
0000359f  ledInit                       
0000357d  ledInitForced                 
0000374d  ledPwmInit                    
00003a81  ledPwmSet                     
000035b3  ledTurnOnOff                  
00001cdf  lpInit                        
000020a1  main                          
000042fd  memccpy                       
00003619  memcpy                        
000039f7  memset                        
00003811  pbInit                        
000037dd  pbInitForced                  
00003825  pbRead                        
0000300d  scalbn                        
0000300d  scalbnl                       
00001b03  schdCallback                  
00001b7d  schdExecute                   
000013f5  sin                           
000013f5  sinl                          
00004393  strchr                        
000043e5  strlen                        
00001a67  sysTimeGet                    
00001a6d  sysTimeReached                
00001a93  sysTimeWait                   
00001ab7  sysTimeWaitAbsolute           
00003451  uartGetChar                   
00003405  uartInit                      
0000343f  uartPutChar                   
00003463  uartPutString                 
0000348f  uprintf                       
00004021  vsnprintf                     
00001c81  waitMs                        
00001cb1  waitUs                        
00004453  wcslen                        


GLOBAL SYMBOLS: SORTED BY Symbol Address 

address   name                          
-------   ----                          
00000000  __TI_static_base__            
00000000  g_pfnVectors                  
0000026d  __TI_printfi                  
00000400  __STACK_SIZE                  
00000cbb  __aeabi_idiv0                 
00000cbb  __aeabi_ldiv0                 
00000cbd  __kernel_rem_pio2             
000013f5  sin                           
000013f5  sinl                          
00001a67  sysTimeGet                    
00001a6d  sysTimeReached                
00001a93  sysTimeWait                   
00001ab7  sysTimeWaitAbsolute           
00001b03  schdCallback                  
00001b7d  schdExecute                   
00001c81  waitMs                        
00001cb1  waitUs                        
00001cdf  lpInit                        
00001df3  callbackLedPlay               
00001ec7  checkPushButton               
00001f6d  buzzing                       
000020a1  main                          
00002599  __aeabi_dsub                  
000025a3  __aeabi_dadd                  
00002751  __kernel_sin                  
000028c5  __kernel_cos                  
00002b71  __aeabi_ddiv                  
00002ca7  GPIOPadConfigSet              
00002efd  SysCtlClockGet                
0000300d  ldexp                         
0000300d  ldexpl                        
0000300d  scalbn                        
0000300d  scalbnl                       
0000311d  __aeabi_dmul                  
00003219  floor                         
00003219  floorl                        
00003311  SysCtlClockSet                
00003405  uartInit                      
0000343f  uartPutChar                   
00003451  uartGetChar                   
00003463  uartPutString                 
0000348f  uprintf                       
0000357d  ledInitForced                 
0000359f  ledInit                       
000035b3  ledTurnOnOff                  
00003619  __aeabi_memcpy                
00003619  __aeabi_memcpy4               
00003619  __aeabi_memcpy8               
00003619  memcpy                        
000036b5  __aeabi_uldivmod              
0000374d  ledPwmInit                    
000037dd  pbInitForced                  
00003811  pbInit                        
00003825  pbRead                        
00003869  __aeabi_cdcmpeq               
00003869  __aeabi_cdcmple               
000038ef  __aeabi_cdrcmple              
00003975  ADCSequenceStepConfigure      
000039ef  __aeabi_memclr                
000039ef  __aeabi_memclr4               
000039ef  __aeabi_memclr8               
000039f1  __aeabi_memset                
000039f1  __aeabi_memset4               
000039f1  __aeabi_memset8               
000039f7  memset                        
00003a81  ledPwmSet                     
00003b49  buzzerPWMInit                 
00003bb5  __TI_decompress_lzss          
00003c1d  frexp                         
00003c1d  frexpl                        
00003c81  TimerConfigure                
00003d37  __TI_ltoa                     
00003ddd  ADCSequenceConfigure          
00003e2d  atoi                          
00003e79  GPIOPinConfigure              
00003ec1  ADCInit                       
00003f09  __aeabi_d2iz                  
00003f51  UARTConfigSetExpClk           
00003f99  __TI_auto_init_nobinit_nopinit
00003fdc  ADCRead                       
00004021  vsnprintf                     
000040a1  SysCtlPeripheralReady         
000040ed  buzzerPWMOn                   
00004111  IntRegister                   
00004145  SysCtlPeripheralEnable        
00004179  _c_int00_noargs               
000041dd  ADCIntStatus                  
0000420b  __aeabi_i2d                   
00004239  GPIODirModeSet                
00004265  UARTDisable                   
00004285  __aeabi_ui2d                  
000042a5  ADCSequenceDataGet            
000042c5  SysTickIntRegister            
000042e1  __TI_zero_init_nomemset       
000042fd  memccpy                       
00004319  copysign                      
00004319  copysignl                     
00004333  ADCProcessorTrigger           
0000434b  GPIOPinTypeGPIOOutput         
00004363  TimerControlLevel             
00004393  strchr                        
000043a9  SysTickEnable                 
000043bd  SysTickIntEnable              
000043d1  UARTEnable                    
000043e5  strlen                        
000043f9  GPIOPinTypeGPIOInput          
0000440b  GPIOPinTypeTimer              
0000441d  GPIOPinTypeUART               
0000442f  TimerLoadSet                  
00004441  TimerMatchSet                 
00004453  wcslen                        
00004465  SysTickPeriodSet              
00004475  ADCSequenceEnable             
00004483  TimerEnable                   
00004491  __TI_decompress_none          
0000449f  ResetISR                      
000044ab  ADCIntClear                   
000044b5  UARTCharGet                   
000044bf  UARTCharPut                   
000044c9  __aeabi_errno_addr            
000044d1  GPIOPinRead                   
000044d7  GPIOPinWrite                  
000044dd  SysCtlDelay                   
000044e3  _system_pre_init              
000044e7  C$$EXIT                       
000044e7  abort                         
00004648  _ctypes_                      
0000486c  __TI_Handler_Table_Base       
00004878  __TI_Handler_Table_Limit      
00004888  __TI_CINIT_Base               
000048a0  __TI_CINIT_Limit              
20000000  __start___llvm_prf_cnts       
20000000  __stop___llvm_prf_cnts        
20000000  g_pfnRAMVectors               
20000270  __stack                       
20000470  __STACK_TOP                   
20000670  __STACK_END                   
20000790  Max_period                    
20000794  Min_period                    
200007ac  errno                         
ffffffff  __TI_pprof_out_hndl           
ffffffff  __TI_prof_data_size           
ffffffff  __TI_prof_data_start          
ffffffff  __binit__                     
ffffffff  __c_args__                    
ffffffff  binit                         
UNDEFED   __mpu_init                    
UNDEFED   _system_post_cinit            

[148 symbols]
