<?xml version="1.0" encoding="ISO-8859-1" ?>
<link_info>
   <banner>TI ARM Linker PC v20.2.5.LTS</banner>
   <copyright>Copyright (c) 1996-2018 Texas Instruments Incorporated</copyright>
   <link_time>0x62e8a4e9</link_time>
   <link_errors>0x0</link_errors>
   <output_file>Lab7.out</output_file>
   <entry_point>
      <name>_c_int00_noargs</name>
      <address>0x4179</address>
   </entry_point>
   <input_file_list>
      <input_file id="fl-2">
         <path>.\</path>
         <kind>object</kind>
         <file>main.obj</file>
         <name>main.obj</name>
      </input_file>
      <input_file id="fl-3">
         <path>.\</path>
         <kind>object</kind>
         <file>pwmbuzzer.obj</file>
         <name>pwmbuzzer.obj</name>
      </input_file>
      <input_file id="fl-4">
         <path>.\</path>
         <kind>object</kind>
         <file>pwmbuzzer_asm.obj</file>
         <name>pwmbuzzer_asm.obj</name>
      </input_file>
      <input_file id="fl-5">
         <path>.\</path>
         <kind>object</kind>
         <file>pwmbuzzer_asm_direct.obj</file>
         <name>pwmbuzzer_asm_direct.obj</name>
      </input_file>
      <input_file id="fl-6">
         <path>.\</path>
         <kind>object</kind>
         <file>pwmled.obj</file>
         <name>pwmled.obj</name>
      </input_file>
      <input_file id="fl-7">
         <path>.\</path>
         <kind>object</kind>
         <file>pwmled_asm.obj</file>
         <name>pwmled_asm.obj</name>
      </input_file>
      <input_file id="fl-8">
         <path>.\</path>
         <kind>object</kind>
         <file>ras.obj</file>
         <name>ras.obj</name>
      </input_file>
      <input_file id="fl-9">
         <path>.\</path>
         <kind>object</kind>
         <file>ras_asm.obj</file>
         <name>ras_asm.obj</name>
      </input_file>
      <input_file id="fl-a">
         <path>.\</path>
         <kind>object</kind>
         <file>tm4c123gh6pm_startup_ccs.obj</file>
         <name>tm4c123gh6pm_startup_ccs.obj</name>
      </input_file>
      <input_file id="fl-10">
         <kind>object</kind>
         <file>&lt;internal&gt;</file>
         <name>&lt;internal&gt;</name>
      </input_file>
      <input_file id="fl-c6">
         <path>C:\ti\ccs1120\ccs\tools\compiler\ti-cgt-arm_20.2.5.LTS\lib\</path>
         <kind>archive</kind>
         <file>rtsv7M4_T_le_v4SPD16_eabi.lib</file>
         <name>s_sin.c.obj</name>
      </input_file>
      <input_file id="fl-c7">
         <path>C:\ti\ccs1120\ccs\tools\compiler\ti-cgt-arm_20.2.5.LTS\lib\</path>
         <kind>archive</kind>
         <file>rtsv7M4_T_le_v4SPD16_eabi.lib</file>
         <name>fd_add_t2.asm.obj</name>
      </input_file>
      <input_file id="fl-c8">
         <path>C:\ti\ccs1120\ccs\tools\compiler\ti-cgt-arm_20.2.5.LTS\lib\</path>
         <kind>archive</kind>
         <file>rtsv7M4_T_le_v4SPD16_eabi.lib</file>
         <name>fd_cmp_t2.asm.obj</name>
      </input_file>
      <input_file id="fl-c9">
         <path>C:\ti\ccs1120\ccs\tools\compiler\ti-cgt-arm_20.2.5.LTS\lib\</path>
         <kind>archive</kind>
         <file>rtsv7M4_T_le_v4SPD16_eabi.lib</file>
         <name>fd_div_t2.asm.obj</name>
      </input_file>
      <input_file id="fl-ca">
         <path>C:\ti\ccs1120\ccs\tools\compiler\ti-cgt-arm_20.2.5.LTS\lib\</path>
         <kind>archive</kind>
         <file>rtsv7M4_T_le_v4SPD16_eabi.lib</file>
         <name>fd_mul_t2.asm.obj</name>
      </input_file>
      <input_file id="fl-cb">
         <path>C:\ti\ccs1120\ccs\tools\compiler\ti-cgt-arm_20.2.5.LTS\lib\</path>
         <kind>archive</kind>
         <file>rtsv7M4_T_le_v4SPD16_eabi.lib</file>
         <name>fd_toi_t2.asm.obj</name>
      </input_file>
      <input_file id="fl-cc">
         <path>C:\ti\ccs1120\ccs\tools\compiler\ti-cgt-arm_20.2.5.LTS\lib\</path>
         <kind>archive</kind>
         <file>rtsv7M4_T_le_v4SPD16_eabi.lib</file>
         <name>i_tofd_t2.asm.obj</name>
      </input_file>
      <input_file id="fl-cd">
         <path>C:\ti\ccs1120\ccs\tools\compiler\ti-cgt-arm_20.2.5.LTS\lib\</path>
         <kind>archive</kind>
         <file>rtsv7M4_T_le_v4SPD16_eabi.lib</file>
         <name>u_tofd_t2.asm.obj</name>
      </input_file>
      <input_file id="fl-ce">
         <path>C:\ti\ccs1120\ccs\tools\compiler\ti-cgt-arm_20.2.5.LTS\lib\</path>
         <kind>archive</kind>
         <file>rtsv7M4_T_le_v4SPD16_eabi.lib</file>
         <name>copy_zero_init.c.obj</name>
      </input_file>
      <input_file id="fl-cf">
         <path>C:\ti\ccs1120\ccs\tools\compiler\ti-cgt-arm_20.2.5.LTS\lib\</path>
         <kind>archive</kind>
         <file>rtsv7M4_T_le_v4SPD16_eabi.lib</file>
         <name>copy_decompress_none.c.obj</name>
      </input_file>
      <input_file id="fl-d0">
         <path>C:\ti\ccs1120\ccs\tools\compiler\ti-cgt-arm_20.2.5.LTS\lib\</path>
         <kind>archive</kind>
         <file>rtsv7M4_T_le_v4SPD16_eabi.lib</file>
         <name>copy_decompress_lzss.c.obj</name>
      </input_file>
      <input_file id="fl-d1">
         <path>C:\ti\ccs1120\ccs\tools\compiler\ti-cgt-arm_20.2.5.LTS\lib\</path>
         <kind>archive</kind>
         <file>rtsv7M4_T_le_v4SPD16_eabi.lib</file>
         <name>k_rem_pio2.c.obj</name>
      </input_file>
      <input_file id="fl-d2">
         <path>C:\ti\ccs1120\ccs\tools\compiler\ti-cgt-arm_20.2.5.LTS\lib\</path>
         <kind>archive</kind>
         <file>rtsv7M4_T_le_v4SPD16_eabi.lib</file>
         <name>boot_cortex_m.c.obj</name>
      </input_file>
      <input_file id="fl-d3">
         <path>C:\ti\ccs1120\ccs\tools\compiler\ti-cgt-arm_20.2.5.LTS\lib\</path>
         <kind>archive</kind>
         <file>rtsv7M4_T_le_v4SPD16_eabi.lib</file>
         <name>k_cos.c.obj</name>
      </input_file>
      <input_file id="fl-d4">
         <path>C:\ti\ccs1120\ccs\tools\compiler\ti-cgt-arm_20.2.5.LTS\lib\</path>
         <kind>archive</kind>
         <file>rtsv7M4_T_le_v4SPD16_eabi.lib</file>
         <name>k_sin.c.obj</name>
      </input_file>
      <input_file id="fl-d5">
         <path>C:\ti\ccs1120\ccs\tools\compiler\ti-cgt-arm_20.2.5.LTS\lib\</path>
         <kind>archive</kind>
         <file>rtsv7M4_T_le_v4SPD16_eabi.lib</file>
         <name>s_floor.c.obj</name>
      </input_file>
      <input_file id="fl-d6">
         <path>C:\ti\ccs1120\ccs\tools\compiler\ti-cgt-arm_20.2.5.LTS\lib\</path>
         <kind>archive</kind>
         <file>rtsv7M4_T_le_v4SPD16_eabi.lib</file>
         <name>s_scalbn.c.obj</name>
      </input_file>
      <input_file id="fl-d7">
         <path>C:\ti\ccs1120\ccs\tools\compiler\ti-cgt-arm_20.2.5.LTS\lib\</path>
         <kind>archive</kind>
         <file>rtsv7M4_T_le_v4SPD16_eabi.lib</file>
         <name>memcpy_t2.asm.obj</name>
      </input_file>
      <input_file id="fl-d8">
         <path>C:\ti\ccs1120\ccs\tools\compiler\ti-cgt-arm_20.2.5.LTS\lib\</path>
         <kind>archive</kind>
         <file>rtsv7M4_T_le_v4SPD16_eabi.lib</file>
         <name>memset_t2.asm.obj</name>
      </input_file>
      <input_file id="fl-d9">
         <path>C:\ti\ccs1120\ccs\tools\compiler\ti-cgt-arm_20.2.5.LTS\lib\</path>
         <kind>archive</kind>
         <file>rtsv7M4_T_le_v4SPD16_eabi.lib</file>
         <name>autoinit.c.obj</name>
      </input_file>
      <input_file id="fl-da">
         <path>C:\ti\ccs1120\ccs\tools\compiler\ti-cgt-arm_20.2.5.LTS\lib\</path>
         <kind>archive</kind>
         <file>rtsv7M4_T_le_v4SPD16_eabi.lib</file>
         <name>pre_init.c.obj</name>
      </input_file>
      <input_file id="fl-db">
         <path>C:\ti\ccs1120\ccs\tools\compiler\ti-cgt-arm_20.2.5.LTS\lib\</path>
         <kind>archive</kind>
         <file>rtsv7M4_T_le_v4SPD16_eabi.lib</file>
         <name>cpy_tbl.c.obj</name>
      </input_file>
      <input_file id="fl-dc">
         <path>C:\ti\ccs1120\ccs\tools\compiler\ti-cgt-arm_20.2.5.LTS\lib\</path>
         <kind>archive</kind>
         <file>rtsv7M4_T_le_v4SPD16_eabi.lib</file>
         <name>exit.c.obj</name>
      </input_file>
      <input_file id="fl-dd">
         <path>C:\ti\ccs1120\ccs\tools\compiler\ti-cgt-arm_20.2.5.LTS\lib\</path>
         <kind>archive</kind>
         <file>rtsv7M4_T_le_v4SPD16_eabi.lib</file>
         <name>_lock.c.obj</name>
      </input_file>
      <input_file id="fl-de">
         <path>C:\ti\ccs1120\ccs\tools\compiler\ti-cgt-arm_20.2.5.LTS\lib\</path>
         <kind>archive</kind>
         <file>rtsv7M4_T_le_v4SPD16_eabi.lib</file>
         <name>args_main.c.obj</name>
      </input_file>
      <input_file id="fl-df">
         <path>C:\ti\ccs1120\ccs\tools\compiler\ti-cgt-arm_20.2.5.LTS\lib\</path>
         <kind>archive</kind>
         <file>rtsv7M4_T_le_v4SPD16_eabi.lib</file>
         <name>errno.c.obj</name>
      </input_file>
      <input_file id="fl-e0">
         <path>C:\ti\ccs1120\ccs\tools\compiler\ti-cgt-arm_20.2.5.LTS\lib\</path>
         <kind>archive</kind>
         <file>rtsv7M4_T_le_v4SPD16_eabi.lib</file>
         <name>s_copysign.c.obj</name>
      </input_file>
      <input_file id="fl-e1">
         <path>C:\Users\vubui\Desktop\ECE266_Workspaces\._GitHub\LabGroup3\Util\Debug\</path>
         <kind>archive</kind>
         <file>Util.lib</file>
         <name>launchpad.obj</name>
      </input_file>
      <input_file id="fl-e2">
         <path>C:\Users\vubui\Desktop\ECE266_Workspaces\._GitHub\LabGroup3\Util\Debug\</path>
         <kind>archive</kind>
         <file>Util.lib</file>
         <name>led.obj</name>
      </input_file>
      <input_file id="fl-e3">
         <path>C:\Users\vubui\Desktop\ECE266_Workspaces\._GitHub\LabGroup3\Util\Debug\</path>
         <kind>archive</kind>
         <file>Util.lib</file>
         <name>pushbutton.obj</name>
      </input_file>
      <input_file id="fl-e4">
         <path>C:\Users\vubui\Desktop\ECE266_Workspaces\._GitHub\LabGroup3\Util\Debug\</path>
         <kind>archive</kind>
         <file>Util.lib</file>
         <name>uart.obj</name>
      </input_file>
      <input_file id="fl-e5">
         <path>C:\ti\TivaWare_C_Series-2.1.4.178\driverlib\ccs\Debug\</path>
         <kind>archive</kind>
         <file>driverlib.lib</file>
         <name>adc.obj</name>
      </input_file>
      <input_file id="fl-e6">
         <path>C:\ti\TivaWare_C_Series-2.1.4.178\driverlib\ccs\Debug\</path>
         <kind>archive</kind>
         <file>driverlib.lib</file>
         <name>gpio.obj</name>
      </input_file>
      <input_file id="fl-e7">
         <path>C:\ti\TivaWare_C_Series-2.1.4.178\driverlib\ccs\Debug\</path>
         <kind>archive</kind>
         <file>driverlib.lib</file>
         <name>interrupt.obj</name>
      </input_file>
      <input_file id="fl-e8">
         <path>C:\ti\TivaWare_C_Series-2.1.4.178\driverlib\ccs\Debug\</path>
         <kind>archive</kind>
         <file>driverlib.lib</file>
         <name>sysctl.obj</name>
      </input_file>
      <input_file id="fl-e9">
         <path>C:\ti\TivaWare_C_Series-2.1.4.178\driverlib\ccs\Debug\</path>
         <kind>archive</kind>
         <file>driverlib.lib</file>
         <name>systick.obj</name>
      </input_file>
      <input_file id="fl-ea">
         <path>C:\ti\TivaWare_C_Series-2.1.4.178\driverlib\ccs\Debug\</path>
         <kind>archive</kind>
         <file>driverlib.lib</file>
         <name>timer.obj</name>
      </input_file>
      <input_file id="fl-eb">
         <path>C:\ti\TivaWare_C_Series-2.1.4.178\driverlib\ccs\Debug\</path>
         <kind>archive</kind>
         <file>driverlib.lib</file>
         <name>uart.obj</name>
      </input_file>
      <input_file id="fl-ec">
         <path>C:\ti\TivaWare_C_Series-2.1.4.178\driverlib\ccs\Debug\</path>
         <kind>archive</kind>
         <file>driverlib.lib</file>
         <name>cpu.obj</name>
      </input_file>
      <input_file id="fl-ed">
         <path>C:\ti\ccs1120\ccs\tools\compiler\ti-cgt-arm_20.2.5.LTS\lib\</path>
         <kind>archive</kind>
         <file>rtsv7M4_T_le_v4SPD16_eabi.lib</file>
         <name>vsnprintf.c.obj</name>
      </input_file>
      <input_file id="fl-ee">
         <path>C:\ti\ccs1120\ccs\tools\compiler\ti-cgt-arm_20.2.5.LTS\lib\</path>
         <kind>archive</kind>
         <file>rtsv7M4_T_le_v4SPD16_eabi.lib</file>
         <name>ull_div_t2.asm.obj</name>
      </input_file>
      <input_file id="fl-ef">
         <path>C:\ti\ccs1120\ccs\tools\compiler\ti-cgt-arm_20.2.5.LTS\lib\</path>
         <kind>archive</kind>
         <file>rtsv7M4_T_le_v4SPD16_eabi.lib</file>
         <name>_printfi.c.obj</name>
      </input_file>
      <input_file id="fl-f0">
         <path>C:\ti\ccs1120\ccs\tools\compiler\ti-cgt-arm_20.2.5.LTS\lib\</path>
         <kind>archive</kind>
         <file>rtsv7M4_T_le_v4SPD16_eabi.lib</file>
         <name>s_frexp.c.obj</name>
      </input_file>
      <input_file id="fl-f1">
         <path>C:\ti\ccs1120\ccs\tools\compiler\ti-cgt-arm_20.2.5.LTS\lib\</path>
         <kind>archive</kind>
         <file>rtsv7M4_T_le_v4SPD16_eabi.lib</file>
         <name>wcslen.c.obj</name>
      </input_file>
      <input_file id="fl-f2">
         <path>C:\ti\ccs1120\ccs\tools\compiler\ti-cgt-arm_20.2.5.LTS\lib\</path>
         <kind>archive</kind>
         <file>rtsv7M4_T_le_v4SPD16_eabi.lib</file>
         <name>div0.asm.obj</name>
      </input_file>
      <input_file id="fl-f3">
         <path>C:\ti\ccs1120\ccs\tools\compiler\ti-cgt-arm_20.2.5.LTS\lib\</path>
         <kind>archive</kind>
         <file>rtsv7M4_T_le_v4SPD16_eabi.lib</file>
         <name>_ltoa.c.obj</name>
      </input_file>
      <input_file id="fl-f4">
         <path>C:\ti\ccs1120\ccs\tools\compiler\ti-cgt-arm_20.2.5.LTS\lib\</path>
         <kind>archive</kind>
         <file>rtsv7M4_T_le_v4SPD16_eabi.lib</file>
         <name>atoi.c.obj</name>
      </input_file>
      <input_file id="fl-f5">
         <path>C:\ti\ccs1120\ccs\tools\compiler\ti-cgt-arm_20.2.5.LTS\lib\</path>
         <kind>archive</kind>
         <file>rtsv7M4_T_le_v4SPD16_eabi.lib</file>
         <name>ctype.c.obj</name>
      </input_file>
      <input_file id="fl-f6">
         <path>C:\ti\ccs1120\ccs\tools\compiler\ti-cgt-arm_20.2.5.LTS\lib\</path>
         <kind>archive</kind>
         <file>rtsv7M4_T_le_v4SPD16_eabi.lib</file>
         <name>memccpy.c.obj</name>
      </input_file>
      <input_file id="fl-f7">
         <path>C:\ti\ccs1120\ccs\tools\compiler\ti-cgt-arm_20.2.5.LTS\lib\</path>
         <kind>archive</kind>
         <file>rtsv7M4_T_le_v4SPD16_eabi.lib</file>
         <name>strchr.c.obj</name>
      </input_file>
      <input_file id="fl-f8">
         <path>C:\ti\ccs1120\ccs\tools\compiler\ti-cgt-arm_20.2.5.LTS\lib\</path>
         <kind>archive</kind>
         <file>rtsv7M4_T_le_v4SPD16_eabi.lib</file>
         <name>strlen.c.obj</name>
      </input_file>
   </input_file_list>
   <object_component_list>
      <object_component id="oc-12">
         <name>.intvecs</name>
         <load_address>0x0</load_address>
         <run_address>0x0</run_address>
         <size>0x26c</size>
         <input_file_ref idref="fl-a"/>
      </object_component>
      <object_component id="oc-320">
         <name>.text:__TI_printfi</name>
         <load_address>0x26c</load_address>
         <run_address>0x26c</run_address>
         <size>0xa4e</size>
         <input_file_ref idref="fl-ef"/>
      </object_component>
      <object_component id="oc-2cf">
         <name>.text</name>
         <load_address>0xcba</load_address>
         <run_address>0xcba</run_address>
         <size>0x2</size>
         <input_file_ref idref="fl-f2"/>
      </object_component>
      <object_component id="oc-181">
         <name>.text:__kernel_rem_pio2</name>
         <load_address>0xcbc</load_address>
         <run_address>0xcbc</run_address>
         <size>0x738</size>
         <input_file_ref idref="fl-d1"/>
      </object_component>
      <object_component id="oc-d7">
         <name>.text:sin</name>
         <load_address>0x13f4</load_address>
         <run_address>0x13f4</run_address>
         <size>0x5e0</size>
         <input_file_ref idref="fl-c6"/>
      </object_component>
      <object_component id="oc-ec">
         <name>.text</name>
         <load_address>0x19d4</load_address>
         <run_address>0x19d4</run_address>
         <size>0x3d0</size>
         <input_file_ref idref="fl-e1"/>
      </object_component>
      <object_component id="oc-9b">
         <name>.text</name>
         <load_address>0x1da4</load_address>
         <run_address>0x1da4</run_address>
         <size>0x3b4</size>
         <input_file_ref idref="fl-2"/>
      </object_component>
      <object_component id="oc-3d1">
         <name>.text:_pconv_a</name>
         <load_address>0x2158</load_address>
         <run_address>0x2158</run_address>
         <size>0x270</size>
         <input_file_ref idref="fl-ef"/>
      </object_component>
      <object_component id="oc-3bf">
         <name>.text:_pconv_g</name>
         <load_address>0x23c8</load_address>
         <run_address>0x23c8</run_address>
         <size>0x1d0</size>
         <input_file_ref idref="fl-ef"/>
      </object_component>
      <object_component id="oc-fd">
         <name>.text</name>
         <load_address>0x2598</load_address>
         <run_address>0x2598</run_address>
         <size>0x1b6</size>
         <input_file_ref idref="fl-c7"/>
      </object_component>
      <object_component id="oc-17b">
         <name>.text:__kernel_sin</name>
         <load_address>0x2750</load_address>
         <run_address>0x2750</run_address>
         <size>0x174</size>
         <input_file_ref idref="fl-d4"/>
      </object_component>
      <object_component id="oc-187">
         <name>.text:__kernel_cos</name>
         <load_address>0x28c4</load_address>
         <run_address>0x28c4</run_address>
         <size>0x170</size>
         <input_file_ref idref="fl-d3"/>
      </object_component>
      <object_component id="oc-3cb">
         <name>.text:_pconv_e</name>
         <load_address>0x2a34</load_address>
         <run_address>0x2a34</run_address>
         <size>0x13c</size>
         <input_file_ref idref="fl-ef"/>
      </object_component>
      <object_component id="oc-cd">
         <name>.text</name>
         <load_address>0x2b70</load_address>
         <run_address>0x2b70</run_address>
         <size>0x136</size>
         <input_file_ref idref="fl-c9"/>
      </object_component>
      <object_component id="oc-202">
         <name>.text:GPIOPadConfigSet</name>
         <load_address>0x2ca6</load_address>
         <run_address>0x2ca6</run_address>
         <size>0x132</size>
         <input_file_ref idref="fl-e6"/>
      </object_component>
      <object_component id="oc-42b">
         <name>.text:fcvt</name>
         <load_address>0x2dd8</load_address>
         <run_address>0x2dd8</run_address>
         <size>0x124</size>
         <input_file_ref idref="fl-ef"/>
      </object_component>
      <object_component id="oc-1cd">
         <name>.text:SysCtlClockGet</name>
         <load_address>0x2efc</load_address>
         <run_address>0x2efc</run_address>
         <size>0x110</size>
         <input_file_ref idref="fl-e8"/>
      </object_component>
      <object_component id="oc-29d">
         <name>.text:scalbn</name>
         <load_address>0x300c</load_address>
         <run_address>0x300c</run_address>
         <size>0x110</size>
         <input_file_ref idref="fl-d6"/>
      </object_component>
      <object_component id="oc-d2">
         <name>.text</name>
         <load_address>0x311c</load_address>
         <run_address>0x311c</run_address>
         <size>0xfc</size>
         <input_file_ref idref="fl-ca"/>
      </object_component>
      <object_component id="oc-2a3">
         <name>.text:floor</name>
         <load_address>0x3218</load_address>
         <run_address>0x3218</run_address>
         <size>0xf8</size>
         <input_file_ref idref="fl-d5"/>
      </object_component>
      <object_component id="oc-1c7">
         <name>.text:SysCtlClockSet</name>
         <load_address>0x3310</load_address>
         <run_address>0x3310</run_address>
         <size>0xf4</size>
         <input_file_ref idref="fl-e8"/>
      </object_component>
      <object_component id="oc-111">
         <name>.text</name>
         <load_address>0x3404</load_address>
         <run_address>0x3404</run_address>
         <size>0xc4</size>
         <input_file_ref idref="fl-e4"/>
      </object_component>
      <object_component id="oc-3b9">
         <name>.text:_ltostr</name>
         <load_address>0x34c8</load_address>
         <run_address>0x34c8</run_address>
         <size>0xb1</size>
         <input_file_ref idref="fl-ef"/>
      </object_component>
      <object_component id="oc-1eb">
         <name>.text</name>
         <load_address>0x357c</load_address>
         <run_address>0x357c</run_address>
         <size>0x9c</size>
         <input_file_ref idref="fl-e2"/>
      </object_component>
      <object_component id="oc-3b">
         <name>.text</name>
         <load_address>0x3618</load_address>
         <run_address>0x3618</run_address>
         <size>0x9c</size>
         <input_file_ref idref="fl-d7"/>
      </object_component>
      <object_component id="oc-1c1">
         <name>.text</name>
         <load_address>0x36b4</load_address>
         <run_address>0x36b4</run_address>
         <size>0x96</size>
         <input_file_ref idref="fl-ee"/>
      </object_component>
      <object_component id="oc-120">
         <name>.text</name>
         <load_address>0x374c</load_address>
         <run_address>0x374c</run_address>
         <size>0x90</size>
         <input_file_ref idref="fl-6"/>
      </object_component>
      <object_component id="oc-f2">
         <name>.text</name>
         <load_address>0x37dc</load_address>
         <run_address>0x37dc</run_address>
         <size>0x8c</size>
         <input_file_ref idref="fl-e3"/>
      </object_component>
      <object_component id="oc-f8">
         <name>.text:__aeabi_cdcmple</name>
         <load_address>0x3868</load_address>
         <run_address>0x3868</run_address>
         <size>0x86</size>
         <input_file_ref idref="fl-c8"/>
      </object_component>
      <object_component id="oc-102">
         <name>.text:__aeabi_cdrcmple</name>
         <load_address>0x38ee</load_address>
         <run_address>0x38ee</run_address>
         <size>0x86</size>
         <input_file_ref idref="fl-c8"/>
      </object_component>
      <object_component id="oc-26d">
         <name>.text:ADCSequenceStepConfigure</name>
         <load_address>0x3974</load_address>
         <run_address>0x3974</run_address>
         <size>0x7a</size>
         <input_file_ref idref="fl-e5"/>
      </object_component>
      <object_component id="oc-8f">
         <name>.text</name>
         <load_address>0x39ee</load_address>
         <run_address>0x39ee</run_address>
         <size>0x7a</size>
         <input_file_ref idref="fl-d8"/>
      </object_component>
      <object_component id="oc-e7">
         <name>.text</name>
         <load_address>0x3a68</load_address>
         <run_address>0x3a68</run_address>
         <size>0x72</size>
         <input_file_ref idref="fl-7"/>
      </object_component>
      <object_component id="oc-424">
         <name>.text:_mcpy</name>
         <load_address>0x3ada</load_address>
         <run_address>0x3ada</run_address>
         <size>0x6e</size>
         <input_file_ref idref="fl-ef"/>
      </object_component>
      <object_component id="oc-12c">
         <name>.text</name>
         <load_address>0x3b48</load_address>
         <run_address>0x3b48</run_address>
         <size>0x6c</size>
         <input_file_ref idref="fl-3"/>
      </object_component>
      <object_component id="oc-15">
         <name>.text:decompress:lzss:__TI_decompress_lzss</name>
         <load_address>0x3bb4</load_address>
         <run_address>0x3bb4</run_address>
         <size>0x68</size>
         <input_file_ref idref="fl-d0"/>
      </object_component>
      <object_component id="oc-439">
         <name>.text:frexp</name>
         <load_address>0x3c1c</load_address>
         <run_address>0x3c1c</run_address>
         <size>0x64</size>
         <input_file_ref idref="fl-f0"/>
      </object_component>
      <object_component id="oc-24e">
         <name>.text:TimerConfigure</name>
         <load_address>0x3c80</load_address>
         <run_address>0x3c80</run_address>
         <size>0x60</size>
         <input_file_ref idref="fl-ea"/>
      </object_component>
      <object_component id="oc-3c5">
         <name>.text:_pconv_f</name>
         <load_address>0x3ce0</load_address>
         <run_address>0x3ce0</run_address>
         <size>0x56</size>
         <input_file_ref idref="fl-ef"/>
      </object_component>
      <object_component id="oc-418">
         <name>.text:__TI_ltoa</name>
         <load_address>0x3d36</load_address>
         <run_address>0x3d36</run_address>
         <size>0x54</size>
         <input_file_ref idref="fl-f3"/>
      </object_component>
      <object_component id="oc-41e">
         <name>.text:_ecpy</name>
         <load_address>0x3d8a</load_address>
         <run_address>0x3d8a</run_address>
         <size>0x52</size>
         <input_file_ref idref="fl-ef"/>
      </object_component>
      <object_component id="oc-267">
         <name>.text:ADCSequenceConfigure</name>
         <load_address>0x3ddc</load_address>
         <run_address>0x3ddc</run_address>
         <size>0x50</size>
         <input_file_ref idref="fl-e5"/>
      </object_component>
      <object_component id="oc-3b3">
         <name>.text:atoi</name>
         <load_address>0x3e2c</load_address>
         <run_address>0x3e2c</run_address>
         <size>0x4c</size>
         <input_file_ref idref="fl-f4"/>
      </object_component>
      <object_component id="oc-217">
         <name>.text:GPIOPinConfigure</name>
         <load_address>0x3e78</load_address>
         <run_address>0x3e78</run_address>
         <size>0x48</size>
         <input_file_ref idref="fl-e6"/>
      </object_component>
      <object_component id="oc-126">
         <name>.text</name>
         <load_address>0x3ec0</load_address>
         <run_address>0x3ec0</run_address>
         <size>0x48</size>
         <input_file_ref idref="fl-8"/>
      </object_component>
      <object_component id="oc-e2">
         <name>.text</name>
         <load_address>0x3f08</load_address>
         <run_address>0x3f08</run_address>
         <size>0x48</size>
         <input_file_ref idref="fl-cb"/>
      </object_component>
      <object_component id="oc-223">
         <name>.text:UARTConfigSetExpClk</name>
         <load_address>0x3f50</load_address>
         <run_address>0x3f50</run_address>
         <size>0x46</size>
         <input_file_ref idref="fl-eb"/>
      </object_component>
      <object_component id="oc-13f">
         <name>.text:__TI_auto_init_nobinit_nopinit:__TI_auto_init_nobinit_nopinit</name>
         <load_address>0x3f98</load_address>
         <run_address>0x3f98</run_address>
         <size>0x44</size>
         <input_file_ref idref="fl-d9"/>
      </object_component>
      <object_component id="oc-dd">
         <name>.text</name>
         <load_address>0x3fdc</load_address>
         <run_address>0x3fdc</run_address>
         <size>0x42</size>
         <input_file_ref idref="fl-9"/>
      </object_component>
      <object_component id="oc-235">
         <name>.text:vsnprintf</name>
         <load_address>0x4020</load_address>
         <run_address>0x4020</run_address>
         <size>0x40</size>
         <input_file_ref idref="fl-ed"/>
      </object_component>
      <object_component id="oc-431">
         <name>.text:_fcpy</name>
         <load_address>0x4060</load_address>
         <run_address>0x4060</run_address>
         <size>0x3e</size>
         <input_file_ref idref="fl-ef"/>
      </object_component>
      <object_component id="oc-261">
         <name>.text:SysCtlPeripheralReady</name>
         <load_address>0x40a0</load_address>
         <run_address>0x40a0</run_address>
         <size>0x38</size>
         <input_file_ref idref="fl-e8"/>
      </object_component>
      <object_component id="oc-10c">
         <name>.text</name>
         <load_address>0x40d8</load_address>
         <run_address>0x40d8</run_address>
         <size>0x36</size>
         <input_file_ref idref="fl-4"/>
      </object_component>
      <object_component id="oc-2dd">
         <name>.text:IntRegister</name>
         <load_address>0x4110</load_address>
         <run_address>0x4110</run_address>
         <size>0x34</size>
         <input_file_ref idref="fl-e7"/>
      </object_component>
      <object_component id="oc-1f6">
         <name>.text:SysCtlPeripheralEnable</name>
         <load_address>0x4144</load_address>
         <run_address>0x4144</run_address>
         <size>0x34</size>
         <input_file_ref idref="fl-e8"/>
      </object_component>
      <object_component id="oc-59">
         <name>.text:_c_int00_noargs:_c_int00_noargs</name>
         <load_address>0x4178</load_address>
         <run_address>0x4178</run_address>
         <size>0x34</size>
         <input_file_ref idref="fl-d2"/>
      </object_component>
      <object_component id="oc-326">
         <name>.text:_outs</name>
         <load_address>0x41ac</load_address>
         <run_address>0x41ac</run_address>
         <size>0x30</size>
         <input_file_ref idref="fl-ed"/>
      </object_component>
      <object_component id="oc-19a">
         <name>.text:ADCIntStatus</name>
         <load_address>0x41dc</load_address>
         <run_address>0x41dc</run_address>
         <size>0x2e</size>
         <input_file_ref idref="fl-e5"/>
      </object_component>
      <object_component id="oc-c8">
         <name>.text</name>
         <load_address>0x420a</load_address>
         <run_address>0x420a</run_address>
         <size>0x2e</size>
         <input_file_ref idref="fl-cc"/>
      </object_component>
      <object_component id="oc-2ff">
         <name>.text:GPIODirModeSet</name>
         <load_address>0x4238</load_address>
         <run_address>0x4238</run_address>
         <size>0x2a</size>
         <input_file_ref idref="fl-e6"/>
      </object_component>
      <object_component id="oc-310">
         <name>.text:UARTDisable</name>
         <load_address>0x4264</load_address>
         <run_address>0x4264</run_address>
         <size>0x20</size>
         <input_file_ref idref="fl-eb"/>
      </object_component>
      <object_component id="oc-107">
         <name>.text</name>
         <load_address>0x4284</load_address>
         <run_address>0x4284</run_address>
         <size>0x20</size>
         <input_file_ref idref="fl-cd"/>
      </object_component>
      <object_component id="oc-1a0">
         <name>.text:ADCSequenceDataGet</name>
         <load_address>0x42a4</load_address>
         <run_address>0x42a4</run_address>
         <size>0x1e</size>
         <input_file_ref idref="fl-e5"/>
      </object_component>
      <object_component id="oc-1d9">
         <name>.text:SysTickIntRegister</name>
         <load_address>0x42c4</load_address>
         <run_address>0x42c4</run_address>
         <size>0x1c</size>
         <input_file_ref idref="fl-e9"/>
      </object_component>
      <object_component id="oc-47">
         <name>.text:decompress:ZI:__TI_zero_init_nomemset:__TI_zero_init_nomemset</name>
         <load_address>0x42e0</load_address>
         <run_address>0x42e0</run_address>
         <size>0x1c</size>
         <input_file_ref idref="fl-ce"/>
      </object_component>
      <object_component id="oc-3d7">
         <name>.text:memccpy</name>
         <load_address>0x42fc</load_address>
         <run_address>0x42fc</run_address>
         <size>0x1c</size>
         <input_file_ref idref="fl-f6"/>
      </object_component>
      <object_component id="oc-376">
         <name>.text:copysign</name>
         <load_address>0x4318</load_address>
         <run_address>0x4318</run_address>
         <size>0x1a</size>
         <input_file_ref idref="fl-e0"/>
      </object_component>
      <object_component id="oc-194">
         <name>.text:ADCProcessorTrigger</name>
         <load_address>0x4332</load_address>
         <run_address>0x4332</run_address>
         <size>0x18</size>
         <input_file_ref idref="fl-e5"/>
      </object_component>
      <object_component id="oc-2e6">
         <name>.text:GPIOPinTypeGPIOOutput</name>
         <load_address>0x434a</load_address>
         <run_address>0x434a</run_address>
         <size>0x18</size>
         <input_file_ref idref="fl-e6"/>
      </object_component>
      <object_component id="oc-254">
         <name>.text:TimerControlLevel</name>
         <load_address>0x4362</load_address>
         <run_address>0x4362</run_address>
         <size>0x18</size>
         <input_file_ref idref="fl-ea"/>
      </object_component>
      <object_component id="oc-32c">
         <name>.text:_outc</name>
         <load_address>0x437a</load_address>
         <run_address>0x437a</run_address>
         <size>0x18</size>
         <input_file_ref idref="fl-ed"/>
      </object_component>
      <object_component id="oc-43f">
         <name>.text:strchr</name>
         <load_address>0x4392</load_address>
         <run_address>0x4392</run_address>
         <size>0x16</size>
         <input_file_ref idref="fl-f7"/>
      </object_component>
      <object_component id="oc-1e5">
         <name>.text:SysTickEnable</name>
         <load_address>0x43a8</load_address>
         <run_address>0x43a8</run_address>
         <size>0x14</size>
         <input_file_ref idref="fl-e9"/>
      </object_component>
      <object_component id="oc-1df">
         <name>.text:SysTickIntEnable</name>
         <load_address>0x43bc</load_address>
         <run_address>0x43bc</run_address>
         <size>0x14</size>
         <input_file_ref idref="fl-e9"/>
      </object_component>
      <object_component id="oc-316">
         <name>.text:UARTEnable</name>
         <load_address>0x43d0</load_address>
         <run_address>0x43d0</run_address>
         <size>0x14</size>
         <input_file_ref idref="fl-eb"/>
      </object_component>
      <object_component id="oc-3ad">
         <name>.text:strlen</name>
         <load_address>0x43e4</load_address>
         <run_address>0x43e4</run_address>
         <size>0x14</size>
         <input_file_ref idref="fl-f8"/>
      </object_component>
      <object_component id="oc-1fc">
         <name>.text:GPIOPinTypeGPIOInput</name>
         <load_address>0x43f8</load_address>
         <run_address>0x43f8</run_address>
         <size>0x12</size>
         <input_file_ref idref="fl-e6"/>
      </object_component>
      <object_component id="oc-248">
         <name>.text:GPIOPinTypeTimer</name>
         <load_address>0x440a</load_address>
         <run_address>0x440a</run_address>
         <size>0x12</size>
         <input_file_ref idref="fl-e6"/>
      </object_component>
      <object_component id="oc-21d">
         <name>.text:GPIOPinTypeUART</name>
         <load_address>0x441c</load_address>
         <run_address>0x441c</run_address>
         <size>0x12</size>
         <input_file_ref idref="fl-e6"/>
      </object_component>
      <object_component id="oc-1ae">
         <name>.text:TimerLoadSet</name>
         <load_address>0x442e</load_address>
         <run_address>0x442e</run_address>
         <size>0x12</size>
         <input_file_ref idref="fl-ea"/>
      </object_component>
      <object_component id="oc-1b4">
         <name>.text:TimerMatchSet</name>
         <load_address>0x4440</load_address>
         <run_address>0x4440</run_address>
         <size>0x12</size>
         <input_file_ref idref="fl-ea"/>
      </object_component>
      <object_component id="oc-3dd">
         <name>.text:wcslen</name>
         <load_address>0x4452</load_address>
         <run_address>0x4452</run_address>
         <size>0x12</size>
         <input_file_ref idref="fl-f1"/>
      </object_component>
      <object_component id="oc-1d3">
         <name>.text:SysTickPeriodSet</name>
         <load_address>0x4464</load_address>
         <run_address>0x4464</run_address>
         <size>0x10</size>
         <input_file_ref idref="fl-e9"/>
      </object_component>
      <object_component id="oc-273">
         <name>.text:ADCSequenceEnable</name>
         <load_address>0x4474</load_address>
         <run_address>0x4474</run_address>
         <size>0xe</size>
         <input_file_ref idref="fl-e5"/>
      </object_component>
      <object_component id="oc-25a">
         <name>.text:TimerEnable</name>
         <load_address>0x4482</load_address>
         <run_address>0x4482</run_address>
         <size>0xe</size>
         <input_file_ref idref="fl-ea"/>
      </object_component>
      <object_component id="oc-1b">
         <name>.text:decompress:none:__TI_decompress_none</name>
         <load_address>0x4490</load_address>
         <run_address>0x4490</run_address>
         <size>0xe</size>
         <input_file_ref idref="fl-cf"/>
      </object_component>
      <object_component id="oc-27">
         <name>.text</name>
         <load_address>0x449e</load_address>
         <run_address>0x449e</run_address>
         <size>0xc</size>
         <input_file_ref idref="fl-a"/>
      </object_component>
      <object_component id="oc-1a6">
         <name>.text:ADCIntClear</name>
         <load_address>0x44aa</load_address>
         <run_address>0x44aa</run_address>
         <size>0xa</size>
         <input_file_ref idref="fl-e5"/>
      </object_component>
      <object_component id="oc-22f">
         <name>.text:UARTCharGet</name>
         <load_address>0x44b4</load_address>
         <run_address>0x44b4</run_address>
         <size>0xa</size>
         <input_file_ref idref="fl-eb"/>
      </object_component>
      <object_component id="oc-229">
         <name>.text:UARTCharPut</name>
         <load_address>0x44be</load_address>
         <run_address>0x44be</run_address>
         <size>0xa</size>
         <input_file_ref idref="fl-eb"/>
      </object_component>
      <object_component id="oc-370">
         <name>.text:__aeabi_errno_addr</name>
         <load_address>0x44c8</load_address>
         <run_address>0x44c8</run_address>
         <size>0x8</size>
         <input_file_ref idref="fl-df"/>
      </object_component>
      <object_component id="oc-208">
         <name>.text:GPIOPinRead</name>
         <load_address>0x44d0</load_address>
         <run_address>0x44d0</run_address>
         <size>0x6</size>
         <input_file_ref idref="fl-e6"/>
      </object_component>
      <object_component id="oc-2ec">
         <name>.text:GPIOPinWrite</name>
         <load_address>0x44d6</load_address>
         <run_address>0x44d6</run_address>
         <size>0x6</size>
         <input_file_ref idref="fl-e6"/>
      </object_component>
      <object_component id="oc-1c6">
         <name>.text:SysCtlDelay</name>
         <load_address>0x44dc</load_address>
         <run_address>0x44dc</run_address>
         <size>0x6</size>
         <input_file_ref idref="fl-e8"/>
      </object_component>
      <object_component id="oc-95">
         <name>.text:_system_pre_init</name>
         <load_address>0x44e2</load_address>
         <run_address>0x44e2</run_address>
         <size>0x4</size>
         <input_file_ref idref="fl-da"/>
      </object_component>
      <object_component id="oc-133">
         <name>.text:abort:abort</name>
         <load_address>0x44e6</load_address>
         <run_address>0x44e6</run_address>
         <size>0x4</size>
         <input_file_ref idref="fl-dc"/>
      </object_component>
      <object_component id="oc-2a9">
         <name>.const:$O1$$</name>
         <load_address>0x44f0</load_address>
         <run_address>0x44f0</run_address>
         <size>0x158</size>
         <input_file_ref idref="fl-d1"/>
      </object_component>
      <object_component id="oc-412">
         <name>.const:.string:_ctypes_</name>
         <load_address>0x4648</load_address>
         <run_address>0x4648</run_address>
         <size>0x101</size>
         <input_file_ref idref="fl-f5"/>
      </object_component>
      <object_component id="oc-30b">
         <name>.const:g_pui32GPIOBaseAddrs</name>
         <load_address>0x474c</load_address>
         <run_address>0x474c</run_address>
         <size>0x90</size>
         <input_file_ref idref="fl-e6"/>
      </object_component>
      <object_component id="oc-2d7">
         <name>.const:g_pui32Xtals</name>
         <load_address>0x47dc</load_address>
         <run_address>0x47dc</run_address>
         <size>0x6c</size>
         <input_file_ref idref="fl-e8"/>
      </object_component>
      <object_component id="oc-4b2">
         <name>.cinit..data.load</name>
         <load_address>0x4848</load_address>
         <run_address>0x4848</run_address>
         <size>0x24</size>
      </object_component>
      <object_component id="oc-4af">
         <name>__TI_handler_table</name>
         <load_address>0x486c</load_address>
         <run_address>0x486c</run_address>
         <size>0xc</size>
      </object_component>
      <object_component id="oc-4b3">
         <name>.cinit..bss.load</name>
         <load_address>0x4878</load_address>
         <run_address>0x4878</run_address>
         <size>0x8</size>
      </object_component>
      <object_component id="oc-4b1">
         <name>.cinit..vtable.load</name>
         <load_address>0x4880</load_address>
         <run_address>0x4880</run_address>
         <size>0x8</size>
      </object_component>
      <object_component id="oc-4b0">
         <name>__TI_cinit_table</name>
         <load_address>0x4888</load_address>
         <run_address>0x4888</run_address>
         <size>0x18</size>
      </object_component>
      <object_component id="oc-39b">
         <name>.vtable</name>
         <uninitialized>true</uninitialized>
         <run_address>0x20000000</run_address>
         <size>0x26c</size>
         <input_file_ref idref="fl-e7"/>
      </object_component>
      <object_component id="oc-11d">
         <name>.data</name>
         <load_address>0x20000780</load_address>
         <run_address>0x20000780</run_address>
         <size>0x1a</size>
         <input_file_ref idref="fl-2"/>
      </object_component>
      <object_component id="oc-11a">
         <name>.data:led</name>
         <load_address>0x200007a4</load_address>
         <run_address>0x200007a4</run_address>
         <size>0x8</size>
         <input_file_ref idref="fl-2"/>
      </object_component>
      <object_component id="oc-402">
         <name>.data</name>
         <load_address>0x200007ac</load_address>
         <run_address>0x200007ac</run_address>
         <size>0x4</size>
         <input_file_ref idref="fl-df"/>
      </object_component>
      <object_component id="oc-1bb">
         <name>.data</name>
         <load_address>0x2000079c</load_address>
         <run_address>0x2000079c</run_address>
         <size>0x8</size>
         <input_file_ref idref="fl-e1"/>
      </object_component>
      <object_component id="oc-2f2">
         <name>.data</name>
         <load_address>0x2000079a</load_address>
         <run_address>0x2000079a</run_address>
         <size>0x1</size>
         <input_file_ref idref="fl-e2"/>
      </object_component>
      <object_component id="oc-20e">
         <name>.data</name>
         <load_address>0x2000079b</load_address>
         <run_address>0x2000079b</run_address>
         <size>0x1</size>
         <input_file_ref idref="fl-e3"/>
      </object_component>
      <object_component id="oc-117">
         <name>.bss:count</name>
         <uninitialized>true</uninitialized>
         <run_address>0x20000770</run_address>
         <size>0x8</size>
         <input_file_ref idref="fl-2"/>
      </object_component>
      <object_component id="oc-1f1">
         <name>.bss</name>
         <uninitialized>true</uninitialized>
         <run_address>0x20000778</run_address>
         <size>0x4</size>
         <input_file_ref idref="fl-e1"/>
      </object_component>
      <object_component id="oc-1be">
         <name>.bss:callbackHeap</name>
         <uninitialized>true</uninitialized>
         <run_address>0x20000670</run_address>
         <size>0x100</size>
         <input_file_ref idref="fl-e1"/>
      </object_component>
      <object_component id="oc-24">
         <name>.stack</name>
         <uninitialized>true</uninitialized>
         <run_address>0x20000270</run_address>
         <size>0x4</size>
         <input_file_ref idref="fl-d2"/>
      </object_component>
      <object_component id="oc-4b5">
         <name>.stack</name>
         <uninitialized>true</uninitialized>
         <run_address>0x20000270</run_address>
         <size>0x0</size>
      </object_component>
      <object_component id="oc-b7">
         <name>.debug_info</name>
         <load_address>0x0</load_address>
         <run_address>0x0</run_address>
         <size>0x439</size>
         <input_file_ref idref="fl-2"/>
      </object_component>
      <object_component id="oc-11e">
         <name>.debug_info</name>
         <load_address>0x439</load_address>
         <run_address>0x439</run_address>
         <size>0x159</size>
         <input_file_ref idref="fl-2"/>
      </object_component>
      <object_component id="oc-118">
         <name>.debug_info</name>
         <load_address>0x592</load_address>
         <run_address>0x592</run_address>
         <size>0xdf</size>
         <input_file_ref idref="fl-2"/>
      </object_component>
      <object_component id="oc-11b">
         <name>.debug_info</name>
         <load_address>0x671</load_address>
         <run_address>0x671</run_address>
         <size>0xdb</size>
         <input_file_ref idref="fl-2"/>
      </object_component>
      <object_component id="oc-9c">
         <name>.debug_info</name>
         <load_address>0x74c</load_address>
         <run_address>0x74c</run_address>
         <size>0x7f3</size>
         <input_file_ref idref="fl-2"/>
      </object_component>
      <object_component id="oc-173">
         <name>.debug_info</name>
         <load_address>0xf3f</load_address>
         <run_address>0xf3f</run_address>
         <size>0x87</size>
         <input_file_ref idref="fl-2"/>
      </object_component>
      <object_component id="oc-70">
         <name>.debug_info</name>
         <load_address>0xfc6</load_address>
         <run_address>0xfc6</run_address>
         <size>0x26b</size>
         <input_file_ref idref="fl-2"/>
      </object_component>
      <object_component id="oc-b2">
         <name>.debug_info</name>
         <load_address>0x1231</load_address>
         <run_address>0x1231</run_address>
         <size>0x8b</size>
         <input_file_ref idref="fl-2"/>
      </object_component>
      <object_component id="oc-ad">
         <name>.debug_info</name>
         <load_address>0x12bc</load_address>
         <run_address>0x12bc</run_address>
         <size>0x2a4</size>
         <input_file_ref idref="fl-2"/>
      </object_component>
      <object_component id="oc-75">
         <name>.debug_info</name>
         <load_address>0x1560</load_address>
         <run_address>0x1560</run_address>
         <size>0xbb</size>
         <input_file_ref idref="fl-2"/>
      </object_component>
      <object_component id="oc-12f">
         <name>.debug_info</name>
         <load_address>0x161b</load_address>
         <run_address>0x161b</run_address>
         <size>0x1f7</size>
         <input_file_ref idref="fl-3"/>
      </object_component>
      <object_component id="oc-10d">
         <name>.debug_info</name>
         <load_address>0x1812</load_address>
         <run_address>0x1812</run_address>
         <size>0x126</size>
         <input_file_ref idref="fl-4"/>
      </object_component>
      <object_component id="oc-123">
         <name>.debug_info</name>
         <load_address>0x1938</load_address>
         <run_address>0x1938</run_address>
         <size>0x22e</size>
         <input_file_ref idref="fl-6"/>
      </object_component>
      <object_component id="oc-e9">
         <name>.debug_info</name>
         <load_address>0x1b66</load_address>
         <run_address>0x1b66</run_address>
         <size>0x16e</size>
         <input_file_ref idref="fl-7"/>
      </object_component>
      <object_component id="oc-127">
         <name>.debug_info</name>
         <load_address>0x1cd4</load_address>
         <run_address>0x1cd4</run_address>
         <size>0x1b5</size>
         <input_file_ref idref="fl-8"/>
      </object_component>
      <object_component id="oc-de">
         <name>.debug_info</name>
         <load_address>0x1e89</load_address>
         <run_address>0x1e89</run_address>
         <size>0x145</size>
         <input_file_ref idref="fl-9"/>
      </object_component>
      <object_component id="oc-2f">
         <name>.debug_info</name>
         <load_address>0x1fce</load_address>
         <run_address>0x1fce</run_address>
         <size>0x2c3</size>
         <input_file_ref idref="fl-a"/>
      </object_component>
      <object_component id="oc-13">
         <name>.debug_info</name>
         <load_address>0x2291</load_address>
         <run_address>0x2291</run_address>
         <size>0x102</size>
         <input_file_ref idref="fl-a"/>
      </object_component>
      <object_component id="oc-28">
         <name>.debug_info</name>
         <load_address>0x2393</load_address>
         <run_address>0x2393</run_address>
         <size>0x27e</size>
         <input_file_ref idref="fl-a"/>
      </object_component>
      <object_component id="oc-36">
         <name>.debug_info</name>
         <load_address>0x2611</load_address>
         <run_address>0x2611</run_address>
         <size>0x84</size>
         <input_file_ref idref="fl-a"/>
      </object_component>
      <object_component id="oc-18e">
         <name>.debug_info</name>
         <load_address>0x2695</load_address>
         <run_address>0x2695</run_address>
         <size>0x361</size>
         <input_file_ref idref="fl-c6"/>
      </object_component>
      <object_component id="oc-d9">
         <name>.debug_info</name>
         <load_address>0x29f6</load_address>
         <run_address>0x29f6</run_address>
         <size>0x7ae</size>
         <input_file_ref idref="fl-c6"/>
      </object_component>
      <object_component id="oc-2b8">
         <name>.debug_info</name>
         <load_address>0x31a4</load_address>
         <run_address>0x31a4</run_address>
         <size>0x46</size>
         <input_file_ref idref="fl-c6"/>
      </object_component>
      <object_component id="oc-18f">
         <name>.debug_info</name>
         <load_address>0x31ea</load_address>
         <run_address>0x31ea</run_address>
         <size>0x39</size>
         <input_file_ref idref="fl-c6"/>
      </object_component>
      <object_component id="oc-fe">
         <name>.debug_info</name>
         <load_address>0x3223</load_address>
         <run_address>0x3223</run_address>
         <size>0x14c</size>
         <input_file_ref idref="fl-c7"/>
      </object_component>
      <object_component id="oc-fa">
         <name>.debug_info</name>
         <load_address>0x336f</load_address>
         <run_address>0x336f</run_address>
         <size>0x128</size>
         <input_file_ref idref="fl-c8"/>
      </object_component>
      <object_component id="oc-104">
         <name>.debug_info</name>
         <load_address>0x3497</load_address>
         <run_address>0x3497</run_address>
         <size>0x12a</size>
         <input_file_ref idref="fl-c8"/>
      </object_component>
      <object_component id="oc-d0">
         <name>.debug_info</name>
         <load_address>0x35c1</load_address>
         <run_address>0x35c1</run_address>
         <size>0x13a</size>
         <input_file_ref idref="fl-c9"/>
      </object_component>
      <object_component id="oc-d3">
         <name>.debug_info</name>
         <load_address>0x36fb</load_address>
         <run_address>0x36fb</run_address>
         <size>0x13a</size>
         <input_file_ref idref="fl-ca"/>
      </object_component>
      <object_component id="oc-e4">
         <name>.debug_info</name>
         <load_address>0x3835</load_address>
         <run_address>0x3835</run_address>
         <size>0x12e</size>
         <input_file_ref idref="fl-cb"/>
      </object_component>
      <object_component id="oc-ca">
         <name>.debug_info</name>
         <load_address>0x3963</load_address>
         <run_address>0x3963</run_address>
         <size>0x12c</size>
         <input_file_ref idref="fl-cc"/>
      </object_component>
      <object_component id="oc-108">
         <name>.debug_info</name>
         <load_address>0x3a8f</load_address>
         <run_address>0x3a8f</run_address>
         <size>0x12e</size>
         <input_file_ref idref="fl-cd"/>
      </object_component>
      <object_component id="oc-8e">
         <name>.debug_info</name>
         <load_address>0x3bbd</load_address>
         <run_address>0x3bbd</run_address>
         <size>0x2d4</size>
         <input_file_ref idref="fl-ce"/>
      </object_component>
      <object_component id="oc-48">
         <name>.debug_info</name>
         <load_address>0x3e91</load_address>
         <run_address>0x3e91</run_address>
         <size>0x1d2</size>
         <input_file_ref idref="fl-ce"/>
      </object_component>
      <object_component id="oc-89">
         <name>.debug_info</name>
         <load_address>0x4063</load_address>
         <run_address>0x4063</run_address>
         <size>0x46</size>
         <input_file_ref idref="fl-ce"/>
      </object_component>
      <object_component id="oc-bf">
         <name>.debug_info</name>
         <load_address>0x40a9</load_address>
         <run_address>0x40a9</run_address>
         <size>0x2c</size>
         <input_file_ref idref="fl-ce"/>
      </object_component>
      <object_component id="oc-46">
         <name>.debug_info</name>
         <load_address>0x40d5</load_address>
         <run_address>0x40d5</run_address>
         <size>0x2a8</size>
         <input_file_ref idref="fl-cf"/>
      </object_component>
      <object_component id="oc-1e">
         <name>.debug_info</name>
         <load_address>0x437d</load_address>
         <run_address>0x437d</run_address>
         <size>0x1ea</size>
         <input_file_ref idref="fl-cf"/>
      </object_component>
      <object_component id="oc-41">
         <name>.debug_info</name>
         <load_address>0x4567</load_address>
         <run_address>0x4567</run_address>
         <size>0x46</size>
         <input_file_ref idref="fl-cf"/>
      </object_component>
      <object_component id="oc-81">
         <name>.debug_info</name>
         <load_address>0x45ad</load_address>
         <run_address>0x45ad</run_address>
         <size>0x2c</size>
         <input_file_ref idref="fl-cf"/>
      </object_component>
      <object_component id="oc-7f">
         <name>.debug_info</name>
         <load_address>0x45d9</load_address>
         <run_address>0x45d9</run_address>
         <size>0x29e</size>
         <input_file_ref idref="fl-d0"/>
      </object_component>
      <object_component id="oc-16">
         <name>.debug_info</name>
         <load_address>0x4877</load_address>
         <run_address>0x4877</run_address>
         <size>0x250</size>
         <input_file_ref idref="fl-d0"/>
      </object_component>
      <object_component id="oc-31">
         <name>.debug_info</name>
         <load_address>0x4ac7</load_address>
         <run_address>0x4ac7</run_address>
         <size>0x60</size>
         <input_file_ref idref="fl-d0"/>
      </object_component>
      <object_component id="oc-b8">
         <name>.debug_info</name>
         <load_address>0x4b27</load_address>
         <run_address>0x4b27</run_address>
         <size>0x46</size>
         <input_file_ref idref="fl-d0"/>
      </object_component>
      <object_component id="oc-7a">
         <name>.debug_info</name>
         <load_address>0x4b6d</load_address>
         <run_address>0x4b6d</run_address>
         <size>0x39</size>
         <input_file_ref idref="fl-d0"/>
      </object_component>
      <object_component id="oc-2ad">
         <name>.debug_info</name>
         <load_address>0x4ba6</load_address>
         <run_address>0x4ba6</run_address>
         <size>0x3aa</size>
         <input_file_ref idref="fl-d1"/>
      </object_component>
      <object_component id="oc-2aa">
         <name>.debug_info</name>
         <load_address>0x4f50</load_address>
         <run_address>0x4f50</run_address>
         <size>0x13a</size>
         <input_file_ref idref="fl-d1"/>
      </object_component>
      <object_component id="oc-182">
         <name>.debug_info</name>
         <load_address>0x508a</load_address>
         <run_address>0x508a</run_address>
         <size>0x72f</size>
         <input_file_ref idref="fl-d1"/>
      </object_component>
      <object_component id="oc-384">
         <name>.debug_info</name>
         <load_address>0x57b9</load_address>
         <run_address>0x57b9</run_address>
         <size>0x39</size>
         <input_file_ref idref="fl-d1"/>
      </object_component>
      <object_component id="oc-2af">
         <name>.debug_info</name>
         <load_address>0x57f2</load_address>
         <run_address>0x57f2</run_address>
         <size>0x2c</size>
         <input_file_ref idref="fl-d1"/>
      </object_component>
      <object_component id="oc-25">
         <name>.debug_info</name>
         <load_address>0x581e</load_address>
         <run_address>0x581e</run_address>
         <size>0x10b</size>
         <input_file_ref idref="fl-d2"/>
      </object_component>
      <object_component id="oc-5c">
         <name>.debug_info</name>
         <load_address>0x5929</load_address>
         <run_address>0x5929</run_address>
         <size>0x1a9</size>
         <input_file_ref idref="fl-d2"/>
      </object_component>
      <object_component id="oc-2b5">
         <name>.debug_info</name>
         <load_address>0x5ad2</load_address>
         <run_address>0x5ad2</run_address>
         <size>0x288</size>
         <input_file_ref idref="fl-d3"/>
      </object_component>
      <object_component id="oc-189">
         <name>.debug_info</name>
         <load_address>0x5d5a</load_address>
         <run_address>0x5d5a</run_address>
         <size>0x327</size>
         <input_file_ref idref="fl-d3"/>
      </object_component>
      <object_component id="oc-29c">
         <name>.debug_info</name>
         <load_address>0x6081</load_address>
         <run_address>0x6081</run_address>
         <size>0x28d</size>
         <input_file_ref idref="fl-d4"/>
      </object_component>
      <object_component id="oc-17c">
         <name>.debug_info</name>
         <load_address>0x630e</load_address>
         <run_address>0x630e</run_address>
         <size>0x380</size>
         <input_file_ref idref="fl-d4"/>
      </object_component>
      <object_component id="oc-37f">
         <name>.debug_info</name>
         <load_address>0x668e</load_address>
         <run_address>0x668e</run_address>
         <size>0x28a</size>
         <input_file_ref idref="fl-d5"/>
      </object_component>
      <object_component id="oc-2a6">
         <name>.debug_info</name>
         <load_address>0x6918</load_address>
         <run_address>0x6918</run_address>
         <size>0x22a</size>
         <input_file_ref idref="fl-d5"/>
      </object_component>
      <object_component id="oc-37d">
         <name>.debug_info</name>
         <load_address>0x6b42</load_address>
         <run_address>0x6b42</run_address>
         <size>0x2f8</size>
         <input_file_ref idref="fl-d6"/>
      </object_component>
      <object_component id="oc-29e">
         <name>.debug_info</name>
         <load_address>0x6e3a</load_address>
         <run_address>0x6e3a</run_address>
         <size>0x225</size>
         <input_file_ref idref="fl-d6"/>
      </object_component>
      <object_component id="oc-3c">
         <name>.debug_info</name>
         <load_address>0x705f</load_address>
         <run_address>0x705f</run_address>
         <size>0x119</size>
         <input_file_ref idref="fl-d7"/>
      </object_component>
      <object_component id="oc-90">
         <name>.debug_info</name>
         <load_address>0x7178</load_address>
         <run_address>0x7178</run_address>
         <size>0x147</size>
         <input_file_ref idref="fl-d8"/>
      </object_component>
      <object_component id="oc-286">
         <name>.debug_info</name>
         <load_address>0x72bf</load_address>
         <run_address>0x72bf</run_address>
         <size>0x4b3</size>
         <input_file_ref idref="fl-d9"/>
      </object_component>
      <object_component id="oc-140">
         <name>.debug_info</name>
         <load_address>0x7772</load_address>
         <run_address>0x7772</run_address>
         <size>0x1a6</size>
         <input_file_ref idref="fl-d9"/>
      </object_component>
      <object_component id="oc-35d">
         <name>.debug_info</name>
         <load_address>0x7918</load_address>
         <run_address>0x7918</run_address>
         <size>0x39</size>
         <input_file_ref idref="fl-d9"/>
      </object_component>
      <object_component id="oc-3f6">
         <name>.debug_info</name>
         <load_address>0x7951</load_address>
         <run_address>0x7951</run_address>
         <size>0x39</size>
         <input_file_ref idref="fl-d9"/>
      </object_component>
      <object_component id="oc-362">
         <name>.debug_info</name>
         <load_address>0x798a</load_address>
         <run_address>0x798a</run_address>
         <size>0x39</size>
         <input_file_ref idref="fl-d9"/>
      </object_component>
      <object_component id="oc-367">
         <name>.debug_info</name>
         <load_address>0x79c3</load_address>
         <run_address>0x79c3</run_address>
         <size>0xcd</size>
         <input_file_ref idref="fl-d9"/>
      </object_component>
      <object_component id="oc-99">
         <name>.debug_info</name>
         <load_address>0x7a90</load_address>
         <run_address>0x7a90</run_address>
         <size>0x153</size>
         <input_file_ref idref="fl-da"/>
      </object_component>
      <object_component id="oc-137">
         <name>.debug_info</name>
         <load_address>0x7be3</load_address>
         <run_address>0x7be3</run_address>
         <size>0x122</size>
         <input_file_ref idref="fl-dc"/>
      </object_component>
      <object_component id="oc-406">
         <name>.debug_info</name>
         <load_address>0x7d05</load_address>
         <run_address>0x7d05</run_address>
         <size>0x289</size>
         <input_file_ref idref="fl-df"/>
      </object_component>
      <object_component id="oc-403">
         <name>.debug_info</name>
         <load_address>0x7f8e</load_address>
         <run_address>0x7f8e</run_address>
         <size>0x10e</size>
         <input_file_ref idref="fl-df"/>
      </object_component>
      <object_component id="oc-374">
         <name>.debug_info</name>
         <load_address>0x809c</load_address>
         <run_address>0x809c</run_address>
         <size>0x14e</size>
         <input_file_ref idref="fl-df"/>
      </object_component>
      <object_component id="oc-377">
         <name>.debug_info</name>
         <load_address>0x81ea</load_address>
         <run_address>0x81ea</run_address>
         <size>0x161</size>
         <input_file_ref idref="fl-e0"/>
      </object_component>
      <object_component id="oc-1f5">
         <name>.debug_info</name>
         <load_address>0x834b</load_address>
         <run_address>0x834b</run_address>
         <size>0x44a</size>
         <input_file_ref idref="fl-e1"/>
      </object_component>
      <object_component id="oc-1f2">
         <name>.debug_info</name>
         <load_address>0x8795</load_address>
         <run_address>0x8795</run_address>
         <size>0xec</size>
         <input_file_ref idref="fl-e1"/>
      </object_component>
      <object_component id="oc-1bc">
         <name>.debug_info</name>
         <load_address>0x8881</load_address>
         <run_address>0x8881</run_address>
         <size>0x118</size>
         <input_file_ref idref="fl-e1"/>
      </object_component>
      <object_component id="oc-1bf">
         <name>.debug_info</name>
         <load_address>0x8999</load_address>
         <run_address>0x8999</run_address>
         <size>0xf2</size>
         <input_file_ref idref="fl-e1"/>
      </object_component>
      <object_component id="oc-ef">
         <name>.debug_info</name>
         <load_address>0x8a8b</load_address>
         <run_address>0x8a8b</run_address>
         <size>0x9e3</size>
         <input_file_ref idref="fl-e1"/>
      </object_component>
      <object_component id="oc-2fa">
         <name>.debug_info</name>
         <load_address>0x946e</load_address>
         <run_address>0x946e</run_address>
         <size>0x51</size>
         <input_file_ref idref="fl-e1"/>
      </object_component>
      <object_component id="oc-340">
         <name>.debug_info</name>
         <load_address>0x94bf</load_address>
         <run_address>0x94bf</run_address>
         <size>0xcc</size>
         <input_file_ref idref="fl-e1"/>
      </object_component>
      <object_component id="oc-23d">
         <name>.debug_info</name>
         <load_address>0x958b</load_address>
         <run_address>0x958b</run_address>
         <size>0x2c</size>
         <input_file_ref idref="fl-e1"/>
      </object_component>
      <object_component id="oc-2f3">
         <name>.debug_info</name>
         <load_address>0x95b7</load_address>
         <run_address>0x95b7</run_address>
         <size>0xea</size>
         <input_file_ref idref="fl-e2"/>
      </object_component>
      <object_component id="oc-1ed">
         <name>.debug_info</name>
         <load_address>0x96a1</load_address>
         <run_address>0x96a1</run_address>
         <size>0x2ba</size>
         <input_file_ref idref="fl-e2"/>
      </object_component>
      <object_component id="oc-20f">
         <name>.debug_info</name>
         <load_address>0x995b</load_address>
         <run_address>0x995b</run_address>
         <size>0xf1</size>
         <input_file_ref idref="fl-e3"/>
      </object_component>
      <object_component id="oc-f4">
         <name>.debug_info</name>
         <load_address>0x9a4c</load_address>
         <run_address>0x9a4c</run_address>
         <size>0x252</size>
         <input_file_ref idref="fl-e3"/>
      </object_component>
      <object_component id="oc-23c">
         <name>.debug_info</name>
         <load_address>0x9c9e</load_address>
         <run_address>0x9c9e</run_address>
         <size>0x447</size>
         <input_file_ref idref="fl-e4"/>
      </object_component>
      <object_component id="oc-115">
         <name>.debug_info</name>
         <load_address>0xa0e5</load_address>
         <run_address>0xa0e5</run_address>
         <size>0x3ef</size>
         <input_file_ref idref="fl-e4"/>
      </object_component>
      <object_component id="oc-2c3">
         <name>.debug_info</name>
         <load_address>0xa4d4</load_address>
         <run_address>0xa4d4</run_address>
         <size>0x24d</size>
         <input_file_ref idref="fl-e5"/>
      </object_component>
      <object_component id="oc-271">
         <name>.debug_info</name>
         <load_address>0xa721</load_address>
         <run_address>0xa721</run_address>
         <size>0x333</size>
         <input_file_ref idref="fl-e5"/>
      </object_component>
      <object_component id="oc-276">
         <name>.debug_info</name>
         <load_address>0xaa54</load_address>
         <run_address>0xaa54</run_address>
         <size>0x2a0</size>
         <input_file_ref idref="fl-e5"/>
      </object_component>
      <object_component id="oc-1a3">
         <name>.debug_info</name>
         <load_address>0xacf4</load_address>
         <run_address>0xacf4</run_address>
         <size>0x2ff</size>
         <input_file_ref idref="fl-e5"/>
      </object_component>
      <object_component id="oc-26a">
         <name>.debug_info</name>
         <load_address>0xaff3</load_address>
         <run_address>0xaff3</run_address>
         <size>0x326</size>
         <input_file_ref idref="fl-e5"/>
      </object_component>
      <object_component id="oc-197">
         <name>.debug_info</name>
         <load_address>0xb319</load_address>
         <run_address>0xb319</run_address>
         <size>0x2a4</size>
         <input_file_ref idref="fl-e5"/>
      </object_component>
      <object_component id="oc-19d">
         <name>.debug_info</name>
         <load_address>0xb5bd</load_address>
         <run_address>0xb5bd</run_address>
         <size>0x2e7</size>
         <input_file_ref idref="fl-e5"/>
      </object_component>
      <object_component id="oc-1a9">
         <name>.debug_info</name>
         <load_address>0xb8a4</load_address>
         <run_address>0xb8a4</run_address>
         <size>0x294</size>
         <input_file_ref idref="fl-e5"/>
      </object_component>
      <object_component id="oc-2be">
         <name>.debug_info</name>
         <load_address>0xbb38</load_address>
         <run_address>0xbb38</run_address>
         <size>0x18b</size>
         <input_file_ref idref="fl-e5"/>
      </object_component>
      <object_component id="oc-307">
         <name>.debug_info</name>
         <load_address>0xbcc3</load_address>
         <run_address>0xbcc3</run_address>
         <size>0x240</size>
         <input_file_ref idref="fl-e6"/>
      </object_component>
      <object_component id="oc-30c">
         <name>.debug_info</name>
         <load_address>0xbf03</load_address>
         <run_address>0xbf03</run_address>
         <size>0x15b</size>
         <input_file_ref idref="fl-e6"/>
      </object_component>
      <object_component id="oc-2ee">
         <name>.debug_info</name>
         <load_address>0xc05e</load_address>
         <run_address>0xc05e</run_address>
         <size>0x2a3</size>
         <input_file_ref idref="fl-e6"/>
      </object_component>
      <object_component id="oc-301">
         <name>.debug_info</name>
         <load_address>0xc301</load_address>
         <run_address>0xc301</run_address>
         <size>0x2b3</size>
         <input_file_ref idref="fl-e6"/>
      </object_component>
      <object_component id="oc-204">
         <name>.debug_info</name>
         <load_address>0xc5b4</load_address>
         <run_address>0xc5b4</run_address>
         <size>0x316</size>
         <input_file_ref idref="fl-e6"/>
      </object_component>
      <object_component id="oc-21f">
         <name>.debug_info</name>
         <load_address>0xc8ca</load_address>
         <run_address>0xc8ca</run_address>
         <size>0x27b</size>
         <input_file_ref idref="fl-e6"/>
      </object_component>
      <object_component id="oc-24a">
         <name>.debug_info</name>
         <load_address>0xcb45</load_address>
         <run_address>0xcb45</run_address>
         <size>0x27d</size>
         <input_file_ref idref="fl-e6"/>
      </object_component>
      <object_component id="oc-2e9">
         <name>.debug_info</name>
         <load_address>0xcdc2</load_address>
         <run_address>0xcdc2</run_address>
         <size>0x2b7</size>
         <input_file_ref idref="fl-e6"/>
      </object_component>
      <object_component id="oc-1ff">
         <name>.debug_info</name>
         <load_address>0xd079</load_address>
         <run_address>0xd079</run_address>
         <size>0x285</size>
         <input_file_ref idref="fl-e6"/>
      </object_component>
      <object_component id="oc-20b">
         <name>.debug_info</name>
         <load_address>0xd2fe</load_address>
         <run_address>0xd2fe</run_address>
         <size>0x27b</size>
         <input_file_ref idref="fl-e6"/>
      </object_component>
      <object_component id="oc-219">
         <name>.debug_info</name>
         <load_address>0xd579</load_address>
         <run_address>0xd579</run_address>
         <size>0x280</size>
         <input_file_ref idref="fl-e6"/>
      </object_component>
      <object_component id="oc-39f">
         <name>.debug_info</name>
         <load_address>0xd7f9</load_address>
         <run_address>0xd7f9</run_address>
         <size>0x20e</size>
         <input_file_ref idref="fl-e7"/>
      </object_component>
      <object_component id="oc-39c">
         <name>.debug_info</name>
         <load_address>0xda07</load_address>
         <run_address>0xda07</run_address>
         <size>0x157</size>
         <input_file_ref idref="fl-e7"/>
      </object_component>
      <object_component id="oc-2de">
         <name>.debug_info</name>
         <load_address>0xdb5e</load_address>
         <run_address>0xdb5e</run_address>
         <size>0x2c1</size>
         <input_file_ref idref="fl-e7"/>
      </object_component>
      <object_component id="oc-2d6">
         <name>.debug_info</name>
         <load_address>0xde1f</load_address>
         <run_address>0xde1f</run_address>
         <size>0x298</size>
         <input_file_ref idref="fl-e8"/>
      </object_component>
      <object_component id="oc-2d8">
         <name>.debug_info</name>
         <load_address>0xe0b7</load_address>
         <run_address>0xe0b7</run_address>
         <size>0x14d</size>
         <input_file_ref idref="fl-e8"/>
      </object_component>
      <object_component id="oc-262">
         <name>.debug_info</name>
         <load_address>0xe204</load_address>
         <run_address>0xe204</run_address>
         <size>0x27f</size>
         <input_file_ref idref="fl-e8"/>
      </object_component>
      <object_component id="oc-1f7">
         <name>.debug_info</name>
         <load_address>0xe483</load_address>
         <run_address>0xe483</run_address>
         <size>0x27d</size>
         <input_file_ref idref="fl-e8"/>
      </object_component>
      <object_component id="oc-1c9">
         <name>.debug_info</name>
         <load_address>0xe700</load_address>
         <run_address>0xe700</run_address>
         <size>0x2db</size>
         <input_file_ref idref="fl-e8"/>
      </object_component>
      <object_component id="oc-1cf">
         <name>.debug_info</name>
         <load_address>0xe9db</load_address>
         <run_address>0xe9db</run_address>
         <size>0x2b5</size>
         <input_file_ref idref="fl-e8"/>
      </object_component>
      <object_component id="oc-392">
         <name>.debug_info</name>
         <load_address>0xec90</load_address>
         <run_address>0xec90</run_address>
         <size>0x5f</size>
         <input_file_ref idref="fl-e8"/>
      </object_component>
      <object_component id="oc-2dc">
         <name>.debug_info</name>
         <load_address>0xecef</load_address>
         <run_address>0xecef</run_address>
         <size>0x19d</size>
         <input_file_ref idref="fl-e9"/>
      </object_component>
      <object_component id="oc-1d4">
         <name>.debug_info</name>
         <load_address>0xee8c</load_address>
         <run_address>0xee8c</run_address>
         <size>0x261</size>
         <input_file_ref idref="fl-e9"/>
      </object_component>
      <object_component id="oc-1dc">
         <name>.debug_info</name>
         <load_address>0xf0ed</load_address>
         <run_address>0xf0ed</run_address>
         <size>0x277</size>
         <input_file_ref idref="fl-e9"/>
      </object_component>
      <object_component id="oc-1e1">
         <name>.debug_info</name>
         <load_address>0xf364</load_address>
         <run_address>0xf364</run_address>
         <size>0x227</size>
         <input_file_ref idref="fl-e9"/>
      </object_component>
      <object_component id="oc-1e8">
         <name>.debug_info</name>
         <load_address>0xf58b</load_address>
         <run_address>0xf58b</run_address>
         <size>0x221</size>
         <input_file_ref idref="fl-e9"/>
      </object_component>
      <object_component id="oc-2c9">
         <name>.debug_info</name>
         <load_address>0xf7ac</load_address>
         <run_address>0xf7ac</run_address>
         <size>0x223</size>
         <input_file_ref idref="fl-ea"/>
      </object_component>
      <object_component id="oc-1b6">
         <name>.debug_info</name>
         <load_address>0xf9cf</load_address>
         <run_address>0xf9cf</run_address>
         <size>0x2bc</size>
         <input_file_ref idref="fl-ea"/>
      </object_component>
      <object_component id="oc-1af">
         <name>.debug_info</name>
         <load_address>0xfc8b</load_address>
         <run_address>0xfc8b</run_address>
         <size>0x2ba</size>
         <input_file_ref idref="fl-ea"/>
      </object_component>
      <object_component id="oc-25b">
         <name>.debug_info</name>
         <load_address>0xff45</load_address>
         <run_address>0xff45</run_address>
         <size>0x27f</size>
         <input_file_ref idref="fl-ea"/>
      </object_component>
      <object_component id="oc-255">
         <name>.debug_info</name>
         <load_address>0x101c4</load_address>
         <run_address>0x101c4</run_address>
         <size>0x2bc</size>
         <input_file_ref idref="fl-ea"/>
      </object_component>
      <object_component id="oc-24f">
         <name>.debug_info</name>
         <load_address>0x10480</load_address>
         <run_address>0x10480</run_address>
         <size>0x28c</size>
         <input_file_ref idref="fl-ea"/>
      </object_component>
      <object_component id="oc-31d">
         <name>.debug_info</name>
         <load_address>0x1070c</load_address>
         <run_address>0x1070c</run_address>
         <size>0x227</size>
         <input_file_ref idref="fl-eb"/>
      </object_component>
      <object_component id="oc-317">
         <name>.debug_info</name>
         <load_address>0x10933</load_address>
         <run_address>0x10933</run_address>
         <size>0x247</size>
         <input_file_ref idref="fl-eb"/>
      </object_component>
      <object_component id="oc-311">
         <name>.debug_info</name>
         <load_address>0x10b7a</load_address>
         <run_address>0x10b7a</run_address>
         <size>0x249</size>
         <input_file_ref idref="fl-eb"/>
      </object_component>
      <object_component id="oc-224">
         <name>.debug_info</name>
         <load_address>0x10dc3</load_address>
         <run_address>0x10dc3</run_address>
         <size>0x326</size>
         <input_file_ref idref="fl-eb"/>
      </object_component>
      <object_component id="oc-22a">
         <name>.debug_info</name>
         <load_address>0x110e9</load_address>
         <run_address>0x110e9</run_address>
         <size>0x273</size>
         <input_file_ref idref="fl-eb"/>
      </object_component>
      <object_component id="oc-230">
         <name>.debug_info</name>
         <load_address>0x1135c</load_address>
         <run_address>0x1135c</run_address>
         <size>0x24d</size>
         <input_file_ref idref="fl-eb"/>
      </object_component>
      <object_component id="oc-333">
         <name>.debug_info</name>
         <load_address>0x115a9</load_address>
         <run_address>0x115a9</run_address>
         <size>0x340</size>
         <input_file_ref idref="fl-ed"/>
      </object_component>
      <object_component id="oc-236">
         <name>.debug_info</name>
         <load_address>0x118e9</load_address>
         <run_address>0x118e9</run_address>
         <size>0x208</size>
         <input_file_ref idref="fl-ed"/>
      </object_component>
      <object_component id="oc-328">
         <name>.debug_info</name>
         <load_address>0x11af1</load_address>
         <run_address>0x11af1</run_address>
         <size>0x1c6</size>
         <input_file_ref idref="fl-ed"/>
      </object_component>
      <object_component id="oc-32d">
         <name>.debug_info</name>
         <load_address>0x11cb7</load_address>
         <run_address>0x11cb7</run_address>
         <size>0x179</size>
         <input_file_ref idref="fl-ed"/>
      </object_component>
[...]
      </symbol>
      <symbol id="sm-9a">
         <name>buzzing</name>
         <value>0x1f6d</value>
         <object_component_ref idref="oc-9b"/>
      </symbol>
      <symbol id="sm-ab">
         <name>buzzerPWMInit</name>
         <value>0x3b49</value>
         <object_component_ref idref="oc-12c"/>
      </symbol>
      <symbol id="sm-ba">
         <name>buzzerPWMOn</name>
         <value>0x40ed</value>
         <object_component_ref idref="oc-10c"/>
      </symbol>
      <symbol id="sm-d0">
         <name>ledPwmInit</name>
         <value>0x374d</value>
         <object_component_ref idref="oc-120"/>
      </symbol>
      <symbol id="sm-e0">
         <name>ledPwmSet</name>
         <value>0x3a81</value>
         <object_component_ref idref="oc-e7"/>
      </symbol>
      <symbol id="sm-ee">
         <name>ADCInit</name>
         <value>0x3ec1</value>
         <object_component_ref idref="oc-126"/>
      </symbol>
      <symbol id="sm-fb">
         <name>ADCRead</name>
         <value>0x3fdc</value>
         <object_component_ref idref="oc-dd"/>
      </symbol>
      <symbol id="sm-11c">
         <name>ResetISR</name>
         <value>0x449f</value>
         <object_component_ref idref="oc-27"/>
      </symbol>
      <symbol id="sm-11d">
         <name>g_pfnVectors</name>
         <value>0x0</value>
         <object_component_ref idref="oc-12"/>
      </symbol>
      <symbol id="sm-177">
         <name>sin</name>
         <value>0x13f5</value>
         <object_component_ref idref="oc-d7"/>
      </symbol>
      <symbol id="sm-178">
         <name>sinl</name>
         <value>0x13f5</value>
         <object_component_ref idref="oc-d7"/>
      </symbol>
      <symbol id="sm-18f">
         <name>__aeabi_dsub</name>
         <value>0x2599</value>
         <object_component_ref idref="oc-fd"/>
      </symbol>
      <symbol id="sm-190">
         <name>__aeabi_dadd</name>
         <value>0x25a3</value>
         <object_component_ref idref="oc-fd"/>
      </symbol>
      <symbol id="sm-1b2">
         <name>__aeabi_cdcmpeq</name>
         <value>0x3869</value>
         <object_component_ref idref="oc-f8"/>
      </symbol>
      <symbol id="sm-1b3">
         <name>__aeabi_cdcmple</name>
         <value>0x3869</value>
         <object_component_ref idref="oc-f8"/>
      </symbol>
      <symbol id="sm-1b4">
         <name>__aeabi_cdrcmple</name>
         <value>0x38ef</value>
         <object_component_ref idref="oc-102"/>
      </symbol>
      <symbol id="sm-1c8">
         <name>__aeabi_ddiv</name>
         <value>0x2b71</value>
         <object_component_ref idref="oc-cd"/>
      </symbol>
      <symbol id="sm-1d3">
         <name>__aeabi_dmul</name>
         <value>0x311d</value>
         <object_component_ref idref="oc-d2"/>
      </symbol>
      <symbol id="sm-1dd">
         <name>__aeabi_d2iz</name>
         <value>0x3f09</value>
         <object_component_ref idref="oc-e2"/>
      </symbol>
      <symbol id="sm-1e7">
         <name>__aeabi_i2d</name>
         <value>0x420b</value>
         <object_component_ref idref="oc-c8"/>
      </symbol>
      <symbol id="sm-1f1">
         <name>__aeabi_ui2d</name>
         <value>0x4285</value>
         <object_component_ref idref="oc-107"/>
      </symbol>
      <symbol id="sm-20a">
         <name>__TI_zero_init_nomemset</name>
         <value>0x42e1</value>
         <object_component_ref idref="oc-47"/>
      </symbol>
      <symbol id="sm-221">
         <name>__TI_decompress_none</name>
         <value>0x4491</value>
         <object_component_ref idref="oc-1b"/>
      </symbol>
      <symbol id="sm-244">
         <name>__TI_decompress_lzss</name>
         <value>0x3bb5</value>
         <object_component_ref idref="oc-15"/>
      </symbol>
      <symbol id="sm-2b4">
         <name>__kernel_rem_pio2</name>
         <value>0xcbd</value>
         <object_component_ref idref="oc-181"/>
      </symbol>
      <symbol id="sm-2c7">
         <name>__stack</name>
         <value>0x20000270</value>
         <object_component_ref idref="oc-24"/>
      </symbol>
      <symbol id="sm-2c8">
         <name>_c_int00_noargs</name>
         <value>0x4179</value>
         <object_component_ref idref="oc-59"/>
      </symbol>
      <symbol id="sm-2de">
         <name>__kernel_cos</name>
         <value>0x28c5</value>
         <object_component_ref idref="oc-187"/>
      </symbol>
      <symbol id="sm-2f5">
         <name>__kernel_sin</name>
         <value>0x2751</value>
         <object_component_ref idref="oc-17b"/>
      </symbol>
      <symbol id="sm-312">
         <name>floorl</name>
         <value>0x3219</value>
         <object_component_ref idref="oc-2a3"/>
      </symbol>
      <symbol id="sm-313">
         <name>floor</name>
         <value>0x3219</value>
         <object_component_ref idref="oc-2a3"/>
      </symbol>
      <symbol id="sm-330">
         <name>scalbn</name>
         <value>0x300d</value>
         <object_component_ref idref="oc-29d"/>
      </symbol>
      <symbol id="sm-331">
         <name>scalbnl</name>
         <value>0x300d</value>
         <object_component_ref idref="oc-29d"/>
      </symbol>
      <symbol id="sm-332">
         <name>ldexpl</name>
         <value>0x300d</value>
         <object_component_ref idref="oc-29d"/>
      </symbol>
      <symbol id="sm-333">
         <name>ldexp</name>
         <value>0x300d</value>
         <object_component_ref idref="oc-29d"/>
      </symbol>
      <symbol id="sm-34e">
         <name>memcpy</name>
         <value>0x3619</value>
         <object_component_ref idref="oc-3b"/>
      </symbol>
      <symbol id="sm-34f">
         <name>__aeabi_memcpy</name>
         <value>0x3619</value>
         <object_component_ref idref="oc-3b"/>
      </symbol>
      <symbol id="sm-350">
         <name>__aeabi_memcpy8</name>
         <value>0x3619</value>
         <object_component_ref idref="oc-3b"/>
      </symbol>
      <symbol id="sm-351">
         <name>__aeabi_memcpy4</name>
         <value>0x3619</value>
         <object_component_ref idref="oc-3b"/>
      </symbol>
      <symbol id="sm-360">
         <name>__aeabi_memset</name>
         <value>0x39f1</value>
         <object_component_ref idref="oc-8f"/>
      </symbol>
      <symbol id="sm-361">
         <name>memset</name>
         <value>0x39f7</value>
         <object_component_ref idref="oc-8f"/>
      </symbol>
      <symbol id="sm-362">
         <name>__aeabi_memset8</name>
         <value>0x39f1</value>
         <object_component_ref idref="oc-8f"/>
      </symbol>
      <symbol id="sm-363">
         <name>__aeabi_memset4</name>
         <value>0x39f1</value>
         <object_component_ref idref="oc-8f"/>
      </symbol>
      <symbol id="sm-364">
         <name>__aeabi_memclr8</name>
         <value>0x39ef</value>
         <object_component_ref idref="oc-8f"/>
      </symbol>
      <symbol id="sm-365">
         <name>__aeabi_memclr4</name>
         <value>0x39ef</value>
         <object_component_ref idref="oc-8f"/>
      </symbol>
      <symbol id="sm-366">
         <name>__aeabi_memclr</name>
         <value>0x39ef</value>
         <object_component_ref idref="oc-8f"/>
      </symbol>
      <symbol id="sm-38e">
         <name>__TI_auto_init_nobinit_nopinit</name>
         <value>0x3f99</value>
         <object_component_ref idref="oc-13f"/>
      </symbol>
      <symbol id="sm-398">
         <name>_system_pre_init</name>
         <value>0x44e3</value>
         <object_component_ref idref="oc-95"/>
      </symbol>
      <symbol id="sm-3a4">
         <name>C$$EXIT</name>
         <value>0x44e7</value>
         <object_component_ref idref="oc-133"/>
      </symbol>
      <symbol id="sm-3a5">
         <name>abort</name>
         <value>0x44e7</value>
         <object_component_ref idref="oc-133"/>
      </symbol>
      <symbol id="sm-3bd">
         <name>__aeabi_errno_addr</name>
         <value>0x44c9</value>
         <object_component_ref idref="oc-370"/>
      </symbol>
      <symbol id="sm-3be">
         <name>errno</name>
         <value>0x200007ac</value>
         <object_component_ref idref="oc-402"/>
      </symbol>
      <symbol id="sm-3c8">
         <name>copysign</name>
         <value>0x4319</value>
         <object_component_ref idref="oc-376"/>
      </symbol>
      <symbol id="sm-3c9">
         <name>copysignl</name>
         <value>0x4319</value>
         <object_component_ref idref="oc-376"/>
      </symbol>
      <symbol id="sm-430">
         <name>schdExecute</name>
         <value>0x1b7d</value>
         <object_component_ref idref="oc-ec"/>
      </symbol>
      <symbol id="sm-431">
         <name>sysTimeWaitAbsolute</name>
         <value>0x1ab7</value>
         <object_component_ref idref="oc-ec"/>
      </symbol>
      <symbol id="sm-432">
         <name>lpInit</name>
         <value>0x1cdf</value>
         <object_component_ref idref="oc-ec"/>
      </symbol>
      <symbol id="sm-433">
         <name>sysTimeGet</name>
         <value>0x1a67</value>
         <object_component_ref idref="oc-ec"/>
      </symbol>
      <symbol id="sm-434">
         <name>sysTimeReached</name>
         <value>0x1a6d</value>
         <object_component_ref idref="oc-ec"/>
      </symbol>
      <symbol id="sm-435">
         <name>waitUs</name>
         <value>0x1cb1</value>
         <object_component_ref idref="oc-ec"/>
      </symbol>
      <symbol id="sm-436">
         <name>sysTimeWait</name>
         <value>0x1a93</value>
         <object_component_ref idref="oc-ec"/>
      </symbol>
      <symbol id="sm-437">
         <name>schdCallback</name>
         <value>0x1b03</value>
         <object_component_ref idref="oc-ec"/>
      </symbol>
      <symbol id="sm-438">
         <name>waitMs</name>
         <value>0x1c81</value>
         <object_component_ref idref="oc-ec"/>
      </symbol>
      <symbol id="sm-453">
         <name>ledInit</name>
         <value>0x359f</value>
         <object_component_ref idref="oc-1eb"/>
      </symbol>
      <symbol id="sm-454">
         <name>ledInitForced</name>
         <value>0x357d</value>
         <object_component_ref idref="oc-1eb"/>
      </symbol>
      <symbol id="sm-455">
         <name>ledTurnOnOff</name>
         <value>0x35b3</value>
         <object_component_ref idref="oc-1eb"/>
      </symbol>
      <symbol id="sm-473">
         <name>pbInitForced</name>
         <value>0x37dd</value>
         <object_component_ref idref="oc-f2"/>
      </symbol>
      <symbol id="sm-474">
         <name>pbInit</name>
         <value>0x3811</value>
         <object_component_ref idref="oc-f2"/>
      </symbol>
      <symbol id="sm-475">
         <name>pbRead</name>
         <value>0x3825</value>
         <object_component_ref idref="oc-f2"/>
      </symbol>
      <symbol id="sm-48c">
         <name>uartPutString</name>
         <value>0x3463</value>
         <object_component_ref idref="oc-111"/>
      </symbol>
      <symbol id="sm-48d">
         <name>uprintf</name>
         <value>0x348f</value>
         <object_component_ref idref="oc-111"/>
      </symbol>
      <symbol id="sm-48e">
         <name>uartInit</name>
         <value>0x3405</value>
         <object_component_ref idref="oc-111"/>
      </symbol>
      <symbol id="sm-48f">
         <name>uartPutChar</name>
         <value>0x343f</value>
         <object_component_ref idref="oc-111"/>
      </symbol>
      <symbol id="sm-490">
         <name>uartGetChar</name>
         <value>0x3451</value>
         <object_component_ref idref="oc-111"/>
      </symbol>
      <symbol id="sm-4db">
         <name>ADCProcessorTrigger</name>
         <value>0x4333</value>
         <object_component_ref idref="oc-194"/>
      </symbol>
      <symbol id="sm-4dc">
         <name>ADCSequenceEnable</name>
         <value>0x4475</value>
         <object_component_ref idref="oc-273"/>
      </symbol>
      <symbol id="sm-4dd">
         <name>ADCSequenceConfigure</name>
         <value>0x3ddd</value>
         <object_component_ref idref="oc-267"/>
      </symbol>
      <symbol id="sm-4de">
         <name>ADCSequenceStepConfigure</name>
         <value>0x3975</value>
         <object_component_ref idref="oc-26d"/>
      </symbol>
      <symbol id="sm-4df">
         <name>ADCIntClear</name>
         <value>0x44ab</value>
         <object_component_ref idref="oc-1a6"/>
      </symbol>
      <symbol id="sm-4e0">
         <name>ADCIntStatus</name>
         <value>0x41dd</value>
         <object_component_ref idref="oc-19a"/>
      </symbol>
      <symbol id="sm-4e1">
         <name>ADCSequenceDataGet</name>
         <value>0x42a5</value>
         <object_component_ref idref="oc-1a0"/>
      </symbol>
      <symbol id="sm-53b">
         <name>GPIOPinConfigure</name>
         <value>0x3e79</value>
         <object_component_ref idref="oc-217"/>
      </symbol>
      <symbol id="sm-53c">
         <name>GPIOPinTypeGPIOInput</name>
         <value>0x43f9</value>
         <object_component_ref idref="oc-1fc"/>
      </symbol>
      <symbol id="sm-53d">
         <name>GPIOPinTypeUART</name>
         <value>0x441d</value>
         <object_component_ref idref="oc-21d"/>
      </symbol>
      <symbol id="sm-53e">
         <name>GPIOPinTypeGPIOOutput</name>
         <value>0x434b</value>
         <object_component_ref idref="oc-2e6"/>
      </symbol>
      <symbol id="sm-53f">
         <name>GPIOPinRead</name>
         <value>0x44d1</value>
         <object_component_ref idref="oc-208"/>
      </symbol>
      <symbol id="sm-540">
         <name>GPIODirModeSet</name>
         <value>0x4239</value>
         <object_component_ref idref="oc-2ff"/>
      </symbol>
      <symbol id="sm-541">
         <name>GPIOPinWrite</name>
         <value>0x44d7</value>
         <object_component_ref idref="oc-2ec"/>
      </symbol>
      <symbol id="sm-542">
         <name>GPIOPadConfigSet</name>
         <value>0x2ca7</value>
         <object_component_ref idref="oc-202"/>
      </symbol>
      <symbol id="sm-543">
         <name>GPIOPinTypeTimer</name>
         <value>0x440b</value>
         <object_component_ref idref="oc-248"/>
      </symbol>
      <symbol id="sm-55a">
         <name>IntRegister</name>
         <value>0x4111</value>
         <object_component_ref idref="oc-2dd"/>
      </symbol>
      <symbol id="sm-55b">
         <name>g_pfnRAMVectors</name>
         <value>0x20000000</value>
         <object_component_ref idref="oc-39b"/>
      </symbol>
      <symbol id="sm-5b8">
         <name>SysCtlClockSet</name>
         <value>0x3311</value>
         <object_component_ref idref="oc-1c7"/>
      </symbol>
      <symbol id="sm-5b9">
         <name>SysCtlDelay</name>
         <value>0x44dd</value>
         <object_component_ref idref="oc-1c6"/>
      </symbol>
      <symbol id="sm-5ba">
         <name>SysCtlPeripheralEnable</name>
         <value>0x4145</value>
         <object_component_ref idref="oc-1f6"/>
      </symbol>
      <symbol id="sm-5bb">
         <name>SysCtlClockGet</name>
         <value>0x2efd</value>
         <object_component_ref idref="oc-1cd"/>
      </symbol>
      <symbol id="sm-5bc">
         <name>SysCtlPeripheralReady</name>
         <value>0x40a1</value>
         <object_component_ref idref="oc-261"/>
      </symbol>
      <symbol id="sm-5e9">
         <name>SysTickEnable</name>
         <value>0x43a9</value>
         <object_component_ref idref="oc-1e5"/>
      </symbol>
      <symbol id="sm-5ea">
         <name>SysTickIntRegister</name>
         <value>0x42c5</value>
         <object_component_ref idref="oc-1d9"/>
      </symbol>
      <symbol id="sm-5eb">
         <name>SysTickIntEnable</name>
         <value>0x43bd</value>
         <object_component_ref idref="oc-1df"/>
      </symbol>
      <symbol id="sm-5ec">
         <name>SysTickPeriodSet</name>
         <value>0x4465</value>
         <object_component_ref idref="oc-1d3"/>
      </symbol>
      <symbol id="sm-620">
         <name>TimerMatchSet</name>
         <value>0x4441</value>
         <object_component_ref idref="oc-1b4"/>
      </symbol>
      <symbol id="sm-621">
         <name>TimerLoadSet</name>
         <value>0x442f</value>
         <object_component_ref idref="oc-1ae"/>
      </symbol>
      <symbol id="sm-622">
         <name>TimerControlLevel</name>
         <value>0x4363</value>
         <object_component_ref idref="oc-254"/>
      </symbol>
      <symbol id="sm-623">
         <name>TimerEnable</name>
         <value>0x4483</value>
         <object_component_ref idref="oc-25a"/>
      </symbol>
      <symbol id="sm-624">
         <name>TimerConfigure</name>
         <value>0x3c81</value>
         <object_component_ref idref="oc-24e"/>
      </symbol>
      <symbol id="sm-657">
         <name>UARTConfigSetExpClk</name>
         <value>0x3f51</value>
         <object_component_ref idref="oc-223"/>
      </symbol>
      <symbol id="sm-658">
         <name>UARTDisable</name>
         <value>0x4265</value>
         <object_component_ref idref="oc-310"/>
      </symbol>
      <symbol id="sm-659">
         <name>UARTCharPut</name>
         <value>0x44bf</value>
         <object_component_ref idref="oc-229"/>
      </symbol>
      <symbol id="sm-65a">
         <name>UARTEnable</name>
         <value>0x43d1</value>
         <object_component_ref idref="oc-316"/>
      </symbol>
      <symbol id="sm-65b">
         <name>UARTCharGet</name>
         <value>0x44b5</value>
         <object_component_ref idref="oc-22f"/>
      </symbol>
      <symbol id="sm-68b">
         <name>vsnprintf</name>
         <value>0x4021</value>
         <object_component_ref idref="oc-235"/>
      </symbol>
      <symbol id="sm-698">
         <name>__aeabi_uldivmod</name>
         <value>0x36b5</value>
         <object_component_ref idref="oc-1c1"/>
      </symbol>
      <symbol id="sm-7fd">
         <name>__TI_printfi</name>
         <value>0x26d</value>
         <object_component_ref idref="oc-320"/>
      </symbol>
      <symbol id="sm-813">
         <name>frexpl</name>
         <value>0x3c1d</value>
         <object_component_ref idref="oc-439"/>
      </symbol>
      <symbol id="sm-814">
         <name>frexp</name>
         <value>0x3c1d</value>
         <object_component_ref idref="oc-439"/>
      </symbol>
      <symbol id="sm-82d">
         <name>wcslen</name>
         <value>0x4453</value>
         <object_component_ref idref="oc-3dd"/>
      </symbol>
      <symbol id="sm-837">
         <name>__aeabi_idiv0</name>
         <value>0xcbb</value>
         <object_component_ref idref="oc-2cf"/>
      </symbol>
      <symbol id="sm-838">
         <name>__aeabi_ldiv0</name>
         <value>0xcbb</value>
         <object_component_ref idref="oc-2cf"/>
      </symbol>
      <symbol id="sm-847">
         <name>__TI_ltoa</name>
         <value>0x3d37</value>
         <object_component_ref idref="oc-418"/>
      </symbol>
      <symbol id="sm-85d">
         <name>atoi</name>
         <value>0x3e2d</value>
         <object_component_ref idref="oc-3b3"/>
      </symbol>
      <symbol id="sm-868">
         <name>_ctypes_</name>
         <value>0x4648</value>
         <object_component_ref idref="oc-412"/>
      </symbol>
      <symbol id="sm-878">
         <name>memccpy</name>
         <value>0x42fd</value>
         <object_component_ref idref="oc-3d7"/>
      </symbol>
      <symbol id="sm-888">
         <name>strchr</name>
         <value>0x4393</value>
         <object_component_ref idref="oc-43f"/>
      </symbol>
      <symbol id="sm-896">
         <name>strlen</name>
         <value>0x43e5</value>
         <object_component_ref idref="oc-3ad"/>
      </symbol>
      <symbol id="sm-897">
         <name>__TI_static_base__</name>
         <value>0x0</value>
      </symbol>
      <symbol id="sm-89a">
         <name>__mpu_init</name>
         <value>0x0</value>
      </symbol>
      <symbol id="sm-89b">
         <name>_system_post_cinit</name>
         <value>0x0</value>
      </symbol>
   </symbol_table>
   <title>Link successful</title>
</link_info>
