******************************************************************************
                  TI ARM Linker PC v20.2.5                     
******************************************************************************
>> Linked Wed Jul 27 22:54:46 2022

OUTPUT FILE NAME:   <Lab6.out>
ENTRY POINT SYMBOL: "_c_int00_noargs"  address: 000042a9


MEMORY CONFIGURATION

         name            origin    length      used     unused   attr    fill
----------------------  --------  ---------  --------  --------  ----  --------
  FLASH                 00000000   00040000  000049be  0003b642  R  X
  SRAM                  20000000   00008000  0000134c  00006cb4  RW X


SEGMENT ALLOCATION MAP

run origin  load origin   length   init length attrs members
----------  ----------- ---------- ----------- ----- -------
00000000    00000000    000049c0   000049c0    r-x
  00000000    00000000    0000026c   0000026c    r-- .intvecs
  0000026c    0000026c    0000442a   0000442a    r-x .text
  00004698    00004698    00000270   00000270    r-- .const
  00004908    00004908    000000b8   000000b8    r-- .cinit
20000000    20000000    00001350   00000000    rw-
  20000000    20000000    0000026c   00000000    rw- .vtable
  20000270    20000270    00000800   00000000    rw- .sysmem
  20000a70    20000a70    00000400   00000000    rw- .stack
  20000e70    20000e70    000002d8   00000000    rw- .bss
  20001148    20001148    00000208   00000000    rw- .data


SECTION ALLOCATION MAP

 output                                  attributes/
section   page    origin      length       input sections
--------  ----  ----------  ----------   ----------------
.intvecs   0    00000000    0000026c     
                  00000000    0000026c     tm4c123gh6pm_startup_ccs.obj (.intvecs)

.text      0    0000026c    0000442a     
                  0000026c    00000a4e     rtsv7M4_T_le_v4SPD16_eabi.lib : _printfi.c.obj (.text:__TI_printfi)
                  00000cba    00000002     driverlib.lib : interrupt.obj (.text:_IntDefaultHandler)
                  00000cbc    00000a48     main.obj (.text)
                  00001704    000003d0     Util.lib : launchpad.obj (.text)
                  00001ad4    00000270     rtsv7M4_T_le_v4SPD16_eabi.lib : _printfi.c.obj (.text:_pconv_a)
                  00001d44    000001fc     seg7.obj (.text)
                  00001f40    000001d0     rtsv7M4_T_le_v4SPD16_eabi.lib : _printfi.c.obj (.text:_pconv_g)
                  00002110    000001b6                                   : fd_add_t2.asm.obj (.text)
                  000022c6    00000002                                   : _lock.c.obj (.text:_nop)
                  000022c8    0000013c                                   : _printfi.c.obj (.text:_pconv_e)
                  00002404    00000136                                   : fd_div_t2.asm.obj (.text)
                  0000253a    00000132     driverlib.lib : gpio.obj (.text:GPIOPadConfigSet)
                  0000266c    00000124     rtsv7M4_T_le_v4SPD16_eabi.lib : _printfi.c.obj (.text:fcvt)
                  00002790    00000114                                   : fputs.c.obj (.text:fputs)
                  000028a4    00000110     driverlib.lib : sysctl.obj (.text:SysCtlClockGet)
                  000029b4    00000110     rtsv7M4_T_le_v4SPD16_eabi.lib : s_scalbn.c.obj (.text:scalbn)
                  00002ac4    00000100                                   : memory.c.obj (.text:aligned_alloc)
                  00002bc4    000000fc                                   : fd_mul_t2.asm.obj (.text)
                  00002cc0    000000f4     driverlib.lib : sysctl.obj (.text:SysCtlClockSet)
                  00002db4    000000e4     rtsv7M4_T_le_v4SPD16_eabi.lib : memory.c.obj (.text:free)
                  00002e98    000000dc                                   : setvbuf.c.obj (.text:setvbuf)
                  00002f74    000000c4     Util.lib : uart.obj (.text)
                  00003038    000000b1     rtsv7M4_T_le_v4SPD16_eabi.lib : _printfi.c.obj (.text:_ltostr)
                  000030e9    00000001     --HOLE-- [fill = 0]
                  000030ea    00000002                                   : div0.asm.obj (.text)
                  000030ec    0000009c     Util.lib : led.obj (.text)
                  00003188    0000009c     rtsv7M4_T_le_v4SPD16_eabi.lib : memcpy_t2.asm.obj (.text)
                  00003224    00000096                                   : ull_div_t2.asm.obj (.text)
                  000032ba    00000002     --HOLE-- [fill = 0]
                  000032bc    0000008c     Util.lib : pushbutton.obj (.text)
                  00003348    0000008c     rtsv7M4_T_le_v4SPD16_eabi.lib : fputc.c.obj (.text:fputc)
                  000033d4    00000086                                   : fd_cmp_t2.asm.obj (.text:__aeabi_cdcmple)
                  0000345a    00000086                                   : fd_cmp_t2.asm.obj (.text:__aeabi_cdrcmple)
                  000034e0    0000007a                                   : memset_t2.asm.obj (.text)
                  0000355a    00000002     --HOLE-- [fill = 0]
                  0000355c    00000074                                   : fclose.c.obj (.text:__TI_closefile)
                  000035d0    00000070                                   : memory.c.obj (.text:split)
                  00003640    0000006e                                   : _printfi.c.obj (.text:_mcpy)
                  000036ae    00000002     --HOLE-- [fill = 0]
                  000036b0    0000006c                                   : hostrename.c.obj (.text:HOSTrename)
                  0000371c    00000068                                   : hostlseek.c.obj (.text:HOSTlseek)
                  00003784    00000068     driverlib.lib : interrupt.obj (.text:IntDisable)
                  000037ec    00000068                   : interrupt.obj (.text:IntEnable)
                  00003854    00000068     rtsv7M4_T_le_v4SPD16_eabi.lib : copy_decompress_lzss.c.obj (.text:decompress:lzss:__TI_decompress_lzss)
                  000038bc    00000068                                   : printf.c.obj (.text:printf)
                  00003924    00000064                                   : s_frexp.c.obj (.text:frexp)
                  00003988    00000064                                   : fseek.c.obj (.text:fseek)
                  000039ec    00000062                                   : _io_perm.c.obj (.text:__TI_wrt_ok)
                  00003a4e    00000002     --HOLE-- [fill = 0]
                  00003a50    00000060                                   : hostopen.c.obj (.text:HOSTopen)
                  00003ab0    0000005c                                   : close.c.obj (.text:close)
                  00003b0c    00000058                                   : hostread.c.obj (.text:HOSTread)
                  00003b64    00000058                                   : hostwrite.c.obj (.text:HOSTwrite)
                  00003bbc    00000056                                   : _printfi.c.obj (.text:_pconv_f)
                  00003c12    00000054                                   : _ltoa.c.obj (.text:__TI_ltoa)
                  00003c66    00000002     --HOLE-- [fill = 0]
                  00003c68    00000054     sig7digit.obj (.text)
                  00003cbc    00000052     rtsv7M4_T_le_v4SPD16_eabi.lib : _printfi.c.obj (.text:_ecpy)
                  00003d0e    0000004c                                   : fflush.c.obj (.text:__TI_doflush)
                  00003d5a    00000002     --HOLE-- [fill = 0]
                  00003d5c    0000004c                                   : atoi.c.obj (.text:atoi)
                  00003da8    0000004a     sw-increment.obj (.text)
                  00003df2    00000002     --HOLE-- [fill = 0]
                  00003df4    00000048     driverlib.lib : gpio.obj (.text:GPIOPinConfigure)
                  00003e3c    00000048     rtsv7M4_T_le_v4SPD16_eabi.lib : exit.c.obj (.text:exit)
                  00003e84    00000048     ras.obj (.text)
                  00003ecc    00000048     rtsv7M4_T_le_v4SPD16_eabi.lib : fd_toi_t2.asm.obj (.text)
                  00003f14    00000046     driverlib.lib : uart.obj (.text:UARTConfigSetExpClk)
                  00003f5a    00000002     --HOLE-- [fill = 0]
                  00003f5c    00000044     rtsv7M4_T_le_v4SPD16_eabi.lib : hostclose.c.obj (.text:HOSTclose)
                  00003fa0    00000044                                   : hostunlink.c.obj (.text:HOSTunlink)
                  00003fe4    00000044                                   : autoinit.c.obj (.text:__TI_auto_init_nobinit_nopinit:__TI_auto_init_nobinit_nopinit)
                  00004028    00000044                                   : getdevice.c.obj (.text:getdevice)
                  0000406c    00000042     ras_asm.obj (.text)
                  000040ae    00000002     --HOLE-- [fill = 0]
                  000040b0    00000040     rtsv7M4_T_le_v4SPD16_eabi.lib : vsnprintf.c.obj (.text:vsnprintf)
                  000040f0    0000003e                                   : _printfi.c.obj (.text:_fcpy)
                  0000412e    00000002     --HOLE-- [fill = 0]
                  00004130    00000038     driverlib.lib : sysctl.obj (.text:SysCtlPeripheralReady)
                  00004168    00000038     rtsv7M4_T_le_v4SPD16_eabi.lib : trgmsg.c.obj (.text:__TI_writemsg)
                  000041a0    00000036                                   : strncpy.c.obj (.text:strncpy)
                  000041d6    00000002     --HOLE-- [fill = 0]
                  000041d8    00000034     driverlib.lib : interrupt.obj (.text:IntRegister)
                  0000420c    00000034                   : sysctl.obj (.text:SysCtlPeripheralEnable)
                  00004240    00000034     rtsv7M4_T_le_v4SPD16_eabi.lib : fopen.c.obj (.text:__TI_cleanup)
                  00004274    00000034                                   : trgmsg.c.obj (.text:__TI_readmsg)
                  000042a8    00000034                                   : boot_cortex_m.c.obj (.text:_c_int00_noargs:_c_int00_noargs)
                  000042dc    00000030                                   : vsnprintf.c.obj (.text:_outs)
                  0000430c    00000030                                   : getdevice.c.obj (.text:finddevice)
                  0000433c    0000002e                                   : i_tofd_t2.asm.obj (.text)
                  0000436a    00000002     --HOLE-- [fill = 0]
                  0000436c    0000002c                                   : unlink.c.obj (.text:unlink)
                  00004398    0000002a     driverlib.lib : gpio.obj (.text:GPIODirModeSet)
                  000043c2    00000002     --HOLE-- [fill = 0]
                  000043c4    00000028     rtsv7M4_T_le_v4SPD16_eabi.lib : memory.c.obj (.text:free_list_insert)
                  000043ec    00000028                                   : lseek.c.obj (.text:lseek)
                  00004414    00000028                                   : write.c.obj (.text:write)
                  0000443c    00000020     driverlib.lib : uart.obj (.text:UARTDisable)
                  0000445c    00000020     rtsv7M4_T_le_v4SPD16_eabi.lib : memchr.c.obj (.text:memchr)
                  0000447c    00000020                                   : u_tofd_t2.asm.obj (.text)
                  0000449c    0000001c     driverlib.lib : systick.obj (.text:SysTickIntRegister)
                  000044b8    0000001c     rtsv7M4_T_le_v4SPD16_eabi.lib : memory.c.obj (.text:free_list_remove)
                  000044d4    0000001c                                   : memccpy.c.obj (.text:memccpy)
                  000044f0    0000001a                                   : s_copysign.c.obj (.text:copysign)
                  0000450a    00000018     driverlib.lib : gpio.obj (.text:GPIOPinTypeGPIOOutput)
                  00004522    00000018     rtsv7M4_T_le_v4SPD16_eabi.lib : vsnprintf.c.obj (.text:_outc)
                  0000453a    00000018                                   : strcmp.c.obj (.text:strcmp)
                  00004552    00000016                                   : strchr.c.obj (.text:strchr)
                  00004568    00000014     driverlib.lib : interrupt.obj (.text:IntUnregister)
                  0000457c    00000014                   : systick.obj (.text:SysTickEnable)
                  00004590    00000014                   : systick.obj (.text:SysTickIntEnable)
                  000045a4    00000014                   : uart.obj (.text:UARTEnable)
                  000045b8    00000014     rtsv7M4_T_le_v4SPD16_eabi.lib : strcpy.c.obj (.text:strcpy)
                  000045cc    00000014                                   : strlen.c.obj (.text:strlen)
                  000045e0    00000012     driverlib.lib : gpio.obj (.text:GPIOPinTypeGPIOInput)
                  000045f2    00000012                   : gpio.obj (.text:GPIOPinTypeUART)
                  00004604    00000012     rtsv7M4_T_le_v4SPD16_eabi.lib : wcslen.c.obj (.text:wcslen)
                  00004616    00000002     --HOLE-- [fill = 0]
                  00004618    00000010     driverlib.lib : systick.obj (.text:SysTickPeriodSet)
                  00004628    0000000e     rtsv7M4_T_le_v4SPD16_eabi.lib : copy_decompress_none.c.obj (.text:decompress:none:__TI_decompress_none)
                  00004636    0000000c                                   : copy_zero_init.c.obj (.text:decompress:ZI:__TI_zero_init)
                  00004642    0000000c     tm4c123gh6pm_startup_ccs.obj (.text)
                  0000464e    0000000a     driverlib.lib : uart.obj (.text:UARTCharGet)
                  00004658    0000000a                   : uart.obj (.text:UARTCharPut)
                  00004662    00000002     --HOLE-- [fill = 0]
                  00004664    00000008     rtsv7M4_T_le_v4SPD16_eabi.lib : errno.c.obj (.text:__aeabi_errno_addr)
                  0000466c    00000008                                   : memory.c.obj (.text:malloc)
                  00004674    00000006     driverlib.lib : gpio.obj (.text:GPIOPinRead)
                  0000467a    00000006                   : gpio.obj (.text:GPIOPinWrite)
                  00004680    00000006                   : sysctl.obj (.text:SysCtlDelay)
                  00004686    00000004     rtsv7M4_T_le_v4SPD16_eabi.lib : printf.c.obj (.text:_outc)
                  0000468a    00000004                                   : printf.c.obj (.text:_outs)
                  0000468e    00000004                                   : pre_init.c.obj (.text:_system_pre_init)
                  00004692    00000004                                   : exit.c.obj (.text:abort:abort)

.const     0    00004698    00000270     
                  00004698    00000101     rtsv7M4_T_le_v4SPD16_eabi.lib : ctype.c.obj (.const:.string:_ctypes_)
                  00004799    00000003     --HOLE-- [fill = 0]
                  0000479c    00000090     driverlib.lib : gpio.obj (.const:g_pui32GPIOBaseAddrs)
                  0000482c    00000070                   : interrupt.obj (.const)
                  0000489c    0000006c                   : sysctl.obj (.const:g_pui32Xtals)

.cinit     0    00004908    000000b8     
                  00004908    0000007e     (.cinit..data.load) [load image, compression = lzss]
                  00004986    00000002     --HOLE-- [fill = 0]
                  00004988    0000000c     (__TI_handler_table)
                  00004994    00000004     --HOLE-- [fill = 0]
                  00004998    00000008     (.cinit..bss.load) [load image, compression = zero_init]
                  000049a0    00000008     (.cinit..vtable.load) [load image, compression = zero_init]
                  000049a8    00000018     (__TI_cinit_table)

.init_array 
*          0    00000000    00000000     UNINITIALIZED

.vtable    0    20000000    0000026c     UNINITIALIZED
                  20000000    0000026c     driverlib.lib : interrupt.obj (.vtable)

.sysmem    0    20000270    00000800     UNINITIALIZED
                  20000270    00000010     rtsv7M4_T_le_v4SPD16_eabi.lib : memory.c.obj (.sysmem)
                  20000280    000007f0     --HOLE--

.stack     0    20000a70    00000400     UNINITIALIZED
                  20000a70    00000004     rtsv7M4_T_le_v4SPD16_eabi.lib : boot_cortex_m.c.obj (.stack)
                  20000a74    000003fc     --HOLE--

.bss       0    20000e70    000002d8     UNINITIALIZED
                  20000e70    00000120     rtsv7M4_T_le_v4SPD16_eabi.lib : trgmsg.c.obj (.bss:_CIOBUF_)
                  20000f90    00000100     Util.lib : launchpad.obj (.bss:callbackHeap)
                  20001090    000000a0     (.common:__TI_tmpnams)
                  20001130    00000008     main.obj (.bss:g_pui8OversampleFactor)
                  20001138    00000008     (.common:parmbuf)
                  20001140    00000004     Util.lib : launchpad.obj (.bss)
                  20001144    00000004     sig7digit.obj (.bss)

.data      0    20001148    00000208     UNINITIALIZED
                  20001148    000000f0     rtsv7M4_T_le_v4SPD16_eabi.lib : defs.c.obj (.data:_ftable)
                  20001238    00000078                                   : host_device.c.obj (.data:_device)
                  200012b0    00000050                                   : host_device.c.obj (.data:_stream)
                  20001300    00000010                                   : defs.c.obj (.data)
                  20001310    0000000c                                   : exit.c.obj (.data:$O1$$)
                  2000131c    0000000a     sig7digit.obj (.data)
                  20001326    00000001     Util.lib : led.obj (.data)
                  20001327    00000001              : pushbutton.obj (.data)
                  20001328    00000008     rtsv7M4_T_le_v4SPD16_eabi.lib : _lock.c.obj (.data:$O1$$)
                  20001330    00000008                                   : memory.c.obj (.data:$O1$$)
                  20001338    00000008     Util.lib : launchpad.obj (.data)
                  20001340    00000005     main.obj (.data)
                  20001345    00000005     main.obj (.data:seg7Display)
                  2000134a    00000002     --HOLE--
                  2000134c    00000004     rtsv7M4_T_le_v4SPD16_eabi.lib : errno.c.obj (.data)

__llvm_prf_cnts 
*          0    20000000    00000000     UNINITIALIZED

MODULE SUMMARY

       Module                         code    ro data   rw data
       ------                         ----    -------   -------
    .\
       main.obj                       2632    0         18     
       tm4c123gh6pm_startup_ccs.obj   12      620       0      
       seg7.obj                       508     0         0      
       sig7digit.obj                  84      0         14     
       sw-increment.obj               74      0         0      
       ras.obj                        72      0         0      
       ras_asm.obj                    66      0         0      
    +--+------------------------------+-------+---------+---------+
       Total:                         3448    620       32     
                                                               
    C:/Users/vubui/Desktop/ECE266_Workspaces/._GitHub/LabGroup3/Util/Debug/Util.lib
       launchpad.obj                  976     0         268    
       uart.obj                       196     0         0      
       led.obj                        156     0         1      
       pushbutton.obj                 140     0         1      
    +--+------------------------------+-------+---------+---------+
       Total:                         1468    0         270    
                                                               
    C:/ti/TivaWare_C_Series-2.1.4.178/driverlib/ccs/Debug/driverlib.lib
       interrupt.obj                  282     112       620    
       sysctl.obj                     630     108       0      
       gpio.obj                       492     144       0      
       uart.obj                       142     0         0      
       systick.obj                    84      0         0      
    +--+------------------------------+-------+---------+---------+
       Total:                         1630    364       620    
                                                               
    C:\ti\ccs1120\ccs\tools\compiler\ti-cgt-arm_20.2.5.LTS\lib\rtsv7M4_T_le_v4SPD16_eabi.lib
       _printfi.c.obj                 4851    0         0      
       memory.c.obj                   672     0         8      
       fd_add_t2.asm.obj              438     0         0      
       defs.c.obj                     0       0         416    
       trgmsg.c.obj                   108     0         288    
       fd_div_t2.asm.obj              310     0         0      
       fputs.c.obj                    276     0         0      
       s_scalbn.c.obj                 272     0         0      
       fd_cmp_t2.asm.obj              268     0         0      
       ctype.c.obj                    0       257       0      
       fd_mul_t2.asm.obj              252     0         0      
       setvbuf.c.obj                  220     0         0      
       host_device.c.obj              0       0         200    
       memcpy_t2.asm.obj              156     0         0      
       ull_div_t2.asm.obj             150     0         0      
       fputc.c.obj                    140     0         0      
       vsnprintf.c.obj                136     0         0      
       memset_t2.asm.obj              122     0         0      
       fclose.c.obj                   116     0         0      
       getdevice.c.obj                116     0         0      
       printf.c.obj                   112     0         0      
       hostrename.c.obj               108     0         0      
       copy_decompress_lzss.c.obj     104     0         0      
       hostlseek.c.obj                104     0         0      
       hostopen.c.obj                 96      0         8      
       fseek.c.obj                    100     0         0      
       s_frexp.c.obj                  100     0         0      
       _io_perm.c.obj                 98      0         0      
       close.c.obj                    92      0         0      
       exit.c.obj                     76      0         12     
       hostread.c.obj                 88      0         0      
       hostwrite.c.obj                88      0         0      
       _ltoa.c.obj                    84      0         0      
       atoi.c.obj                     76      0         0      
       fflush.c.obj                   76      0         0      
       fd_toi_t2.asm.obj              72      0         0      
       autoinit.c.obj                 68      0         0      
       hostclose.c.obj                68      0         0      
       hostunlink.c.obj               68      0         0      
       strncpy.c.obj                  54      0         0      
       boot_cortex_m.c.obj            52      0         0      
       fopen.c.obj                    52      0         0      
       i_tofd_t2.asm.obj              46      0         0      
       unlink.c.obj                   44      0         0      
       lseek.c.obj                    40      0         0      
       write.c.obj                    40      0         0      
       memchr.c.obj                   32      0         0      
       u_tofd_t2.asm.obj              32      0         0      
       memccpy.c.obj                  28      0         0      
       s_copysign.c.obj               26      0         0      
       strcmp.c.obj                   24      0         0      
       strchr.c.obj                   22      0         0      
       strcpy.c.obj                   20      0         0      
       strlen.c.obj                   20      0         0      
       wcslen.c.obj                   18      0         0      
       copy_decompress_none.c.obj     14      0         0      
       copy_zero_init.c.obj           12      0         0      
       errno.c.obj                    8       0         4      
       _lock.c.obj                    2       0         8      
       pre_init.c.obj                 4       0         0      
       div0.asm.obj                   2       0         0      
    +--+------------------------------+-------+---------+---------+
       Total:                         10873   257       944    
                                                               
       Heap:                          0       0         2048   
       Stack:                         0       0         1024   
       Linker Generated:              0       178       0      
    +--+------------------------------+-------+---------+---------+
       Grand Total:                   17419   1419      4938   


LINKER GENERATED COPY TABLES

__TI_cinit_table @ 000049a8 records: 3, size/record: 8, table size: 24
	.data: load addr=00004908, load size=0000007e bytes, run addr=20001148, run size=00000208 bytes, compression=lzss
	.bss: load addr=00004998, load size=00000008 bytes, run addr=20000e70, run size=000002d8 bytes, compression=zero_init
	.vtable: load addr=000049a0, load size=00000008 bytes, run addr=20000000, run size=0000026c bytes, compression=zero_init


LINKER GENERATED HANDLER TABLE

__TI_handler_table @ 00004988 records: 3, size/record: 4, table size: 12
	index: 0, handler: __TI_zero_init
	index: 1, handler: __TI_decompress_lzss
	index: 2, handler: __TI_decompress_none


GLOBAL SYMBOLS: SORTED ALPHABETICALLY BY Name 

address   name                              
-------   ----                              
0000146d  ADCBusy                           
000014b5  ADCClockConfigGet                 
0000148b  ADCClockConfigSet                 
00001287  ADCComparatorConfigure            
00001361  ADCComparatorIntClear             
0000130d  ADCComparatorIntDisable           
0000132b  ADCComparatorIntEnable            
0000134d  ADCComparatorIntStatus            
000012a3  ADCComparatorRegionSet            
000012c7  ADCComparatorReset                
00001255  ADCHardwareOversampleConfigure    
00003e85  ADCInit                           
00000df7  ADCIntClear                       
000013d5  ADCIntClearEx                     
00000d5d  ADCIntDisable                     
00001373  ADCIntDisableEx                   
00000d79  ADCIntEnable                      
0000138b  ADCIntEnableEx                    
00000d17  ADCIntRegister                    
00000d9f  ADCIntStatus                      
000013a3  ADCIntStatusEx                    
00000d3f  ADCIntUnregister                  
00001427  ADCPhaseDelayGet                  
00001415  ADCPhaseDelaySet                  
00001069  ADCProcessorTrigger               
0000406c  ADCRead                           
00001403  ADCReferenceGet                   
000013e7  ADCReferenceSet                   
00000e41  ADCSequenceConfigure              
00001451  ADCSequenceDMADisable             
00001435  ADCSequenceDMAEnable              
00001027  ADCSequenceDataGet                
00000e27  ADCSequenceDisable                
00000e0d  ADCSequenceEnable                 
00000fcb  ADCSequenceOverflow               
00000fe3  ADCSequenceOverflowClear          
00000edd  ADCSequenceStepConfigure          
00000ff9  ADCSequenceUnderflow              
00001011  ADCSequenceUnderflowClear         
0000108d  ADCSoftwareOversampleConfigure    
000011c1  ADCSoftwareOversampleDataGet      
000010df  ADCSoftwareOversampleStepConfigure
00004693  C$$EXIT                           
00004197  C$$IO$$                           
00004399  GPIODirModeSet                    
0000253b  GPIOPadConfigSet                  
00003df5  GPIOPinConfigure                  
00004675  GPIOPinRead                       
000045e1  GPIOPinTypeGPIOInput              
0000450b  GPIOPinTypeGPIOOutput             
000045f3  GPIOPinTypeUART                   
0000467b  GPIOPinWrite                      
00003f5d  HOSTclose                         
0000371d  HOSTlseek                         
00003a51  HOSTopen                          
00003b0d  HOSTread                          
000036b1  HOSTrename                        
00003fa1  HOSTunlink                        
00003b65  HOSTwrite                         
00003785  IntDisable                        
000037ed  IntEnable                         
000041d9  IntRegister                       
00004569  IntUnregister                     
00004643  ResetISR                          
000028a5  SysCtlClockGet                    
00002cc1  SysCtlClockSet                    
00004681  SysCtlDelay                       
0000420d  SysCtlPeripheralEnable            
00004131  SysCtlPeripheralReady             
0000457d  SysTickEnable                     
00004591  SysTickIntEnable                  
0000449d  SysTickIntRegister                
00004619  SysTickPeriodSet                  
0000464f  UARTCharGet                       
00004659  UARTCharPut                       
00003f15  UARTConfigSetExpClk               
0000443d  UARTDisable                       
000045a5  UARTEnable                        
20000e70  __CIOBUF_                         
20000e70  __STACK_END                       
00000400  __STACK_SIZE                      
20000c70  __STACK_TOP                       
00000800  __SYSMEM_SIZE                     
000049a8  __TI_CINIT_Base                   
000049c0  __TI_CINIT_Limit                  
00004988  __TI_Handler_Table_Base           
00004994  __TI_Handler_Table_Limit          
00003fe5  __TI_auto_init_nobinit_nopinit    
00004241  __TI_cleanup                      
20001310  __TI_cleanup_ptr                  
0000355d  __TI_closefile                    
00003855  __TI_decompress_lzss              
00004629  __TI_decompress_none              
00003d0f  __TI_doflush                      
20001314  __TI_dtors_ptr                    
20001318  __TI_enable_exit_profile_output   
20001300  __TI_ft_end                       
00003c13  __TI_ltoa                         
ffffffff  __TI_pprof_out_hndl               
0000026d  __TI_printfi                      
ffffffff  __TI_prof_data_size               
ffffffff  __TI_prof_data_start              
00004275  __TI_readmsg                      
00000000  __TI_static_base__                
20001090  __TI_tmpnams                      
00004169  __TI_writemsg                     
000039ed  __TI_wrt_ok                       
00004637  __TI_zero_init                    
000033d5  __aeabi_cdcmpeq                   
000033d5  __aeabi_cdcmple                   
0000345b  __aeabi_cdrcmple                  
00003ecd  __aeabi_d2iz                      
0000211b  __aeabi_dadd                      
00002405  __aeabi_ddiv                      
00002bc5  __aeabi_dmul                      
00002111  __aeabi_dsub                      
00004665  __aeabi_errno_addr                
0000433d  __aeabi_i2d                       
000030eb  __aeabi_idiv0                     
000030eb  __aeabi_ldiv0                     
000034e1  __aeabi_memclr                    
000034e1  __aeabi_memclr4                   
000034e1  __aeabi_memclr8                   
00003189  __aeabi_memcpy                    
00003189  __aeabi_memcpy4                   
00003189  __aeabi_memcpy8                   
000034e3  __aeabi_memset                    
000034e3  __aeabi_memset4                   
000034e3  __aeabi_memset8                   
2000130c  __aeabi_stderr                    
20001304  __aeabi_stdin                     
20001308  __aeabi_stdout                    
0000447d  __aeabi_ui2d                      
00003225  __aeabi_uldivmod                  
ffffffff  __binit__                         
ffffffff  __c_args__                        
UNDEFED   __mpu_init                        
20000a70  __stack                           
20000000  __start___llvm_prf_cnts           
20000000  __stop___llvm_prf_cnts            
000042a9  _c_int00_noargs                   
00004698  _ctypes_                          
20001238  _device                           
20001148  _ftable                           
20001328  _lock                             
000022c7  _nop                              
200012b0  _stream                           
20000270  _sys_memory                       
UNDEFED   _system_post_cinit                
0000468f  _system_pre_init                  
2000132c  _unlock                           
00004693  abort                             
00002ac5  aligned_alloc                     
00003d5d  atoi                              
ffffffff  binit                             
000014f7  checkPushButton                   
00003ab1  close                             
000044f1  copysign                          
000044f1  copysignl                         
2000134c  errno                             
00003e3d  exit                              
0000430d  finddevice                        
00003349  fputc                             
00002791  fputs                             
00002db5  free                              
00003925  frexp                             
00003925  frexpl                            
00003989  fseek                             
20000000  g_pfnRAMVectors                   
00000000  g_pfnVectors                      
00004029  getdevice                         
000029b5  ldexp                             
000029b5  ldexpl                            
0000310f  ledInit                           
000030ed  ledInitForced                     
00003123  ledTurnOnOff                      
00001a0f  lpInit                            
000043ed  lseek                             
00001639  main                              
0000466d  malloc                            
00002ac5  memalign                          
000044d5  memccpy                           
0000445d  memchr                            
00003189  memcpy                            
000034e9  memset                            
20001138  parmbuf                           
000032f1  pbInit                            
000032bd  pbInitForced                      
00003305  pbRead                            
000038bd  printf                            
00003349  putc                              
0000436d  remove                            
00001581  rotary                            
000029b5  scalbn                            
000029b5  scalbnl                           
00001833  schdCallback                      
000018ad  schdExecute                       
00003c71  seg7DigitUpdate                   
20001345  seg7Display                       
00001d45  seg7Init                          
00001ed1  seg7Update                        
00002e99  setvbuf                           
00003da9  stopWatchIncrement                
00001537  stopWatchUpdate                   
00004553  strchr                            
0000453b  strcmp                            
000045b9  strcpy                            
000045cd  strlen                            
000041a1  strncpy                           
20001344  sysState                          
00001797  sysTimeGet                        
0000179d  sysTimeReached                    
000017c3  sysTimeWait                       
000017e7  sysTimeWaitAbsolute               
00002fc1  uartGetChar                       
00002f75  uartInit                          
00002faf  uartPutChar                       
00002fd3  uartPutString                     
0000436d  unlink                            
00002fff  uprintf                           
000040b1  vsnprintf                         
000019b1  waitMs                            
000019e1  waitUs                            
00004605  wcslen                            
00004415  write                             


GLOBAL SYMBOLS: SORTED BY Symbol Address 

address   name                              
-------   ----                              
00000000  __TI_static_base__                
00000000  g_pfnVectors                      
0000026d  __TI_printfi                      
00000400  __STACK_SIZE                      
00000800  __SYSMEM_SIZE                     
00000d17  ADCIntRegister                    
00000d3f  ADCIntUnregister                  
00000d5d  ADCIntDisable                     
00000d79  ADCIntEnable                      
00000d9f  ADCIntStatus                      
00000df7  ADCIntClear                       
00000e0d  ADCSequenceEnable                 
00000e27  ADCSequenceDisable                
00000e41  ADCSequenceConfigure              
00000edd  ADCSequenceStepConfigure          
00000fcb  ADCSequenceOverflow               
00000fe3  ADCSequenceOverflowClear          
00000ff9  ADCSequenceUnderflow              
00001011  ADCSequenceUnderflowClear         
00001027  ADCSequenceDataGet                
00001069  ADCProcessorTrigger               
0000108d  ADCSoftwareOversampleConfigure    
000010df  ADCSoftwareOversampleStepConfigure
000011c1  ADCSoftwareOversampleDataGet      
00001255  ADCHardwareOversampleConfigure    
00001287  ADCComparatorConfigure            
000012a3  ADCComparatorRegionSet            
000012c7  ADCComparatorReset                
0000130d  ADCComparatorIntDisable           
0000132b  ADCComparatorIntEnable            
0000134d  ADCComparatorIntStatus            
00001361  ADCComparatorIntClear             
00001373  ADCIntDisableEx                   
0000138b  ADCIntEnableEx                    
000013a3  ADCIntStatusEx                    
000013d5  ADCIntClearEx                     
000013e7  ADCReferenceSet                   
00001403  ADCReferenceGet                   
00001415  ADCPhaseDelaySet                  
00001427  ADCPhaseDelayGet                  
00001435  ADCSequenceDMAEnable              
00001451  ADCSequenceDMADisable             
0000146d  ADCBusy                           
0000148b  ADCClockConfigSet                 
000014b5  ADCClockConfigGet                 
000014f7  checkPushButton                   
00001537  stopWatchUpdate                   
00001581  rotary                            
00001639  main                              
00001797  sysTimeGet                        
0000179d  sysTimeReached                    
000017c3  sysTimeWait                       
000017e7  sysTimeWaitAbsolute               
00001833  schdCallback                      
000018ad  schdExecute                       
000019b1  waitMs                            
000019e1  waitUs                            
00001a0f  lpInit                            
00001d45  seg7Init                          
00001ed1  seg7Update                        
00002111  __aeabi_dsub                      
0000211b  __aeabi_dadd                      
000022c7  _nop                              
00002405  __aeabi_ddiv                      
0000253b  GPIOPadConfigSet                  
00002791  fputs                             
000028a5  SysCtlClockGet                    
000029b5  ldexp                             
000029b5  ldexpl                            
000029b5  scalbn                            
000029b5  scalbnl                           
00002ac5  aligned_alloc                     
00002ac5  memalign                          
00002bc5  __aeabi_dmul                      
00002cc1  SysCtlClockSet                    
00002db5  free                              
00002e99  setvbuf                           
00002f75  uartInit                          
00002faf  uartPutChar                       
00002fc1  uartGetChar                       
00002fd3  uartPutString                     
00002fff  uprintf                           
000030eb  __aeabi_idiv0                     
000030eb  __aeabi_ldiv0                     
000030ed  ledInitForced                     
0000310f  ledInit                           
00003123  ledTurnOnOff                      
00003189  __aeabi_memcpy                    
00003189  __aeabi_memcpy4                   
00003189  __aeabi_memcpy8                   
00003189  memcpy                            
00003225  __aeabi_uldivmod                  
000032bd  pbInitForced                      
000032f1  pbInit                            
00003305  pbRead                            
00003349  fputc                             
00003349  putc                              
000033d5  __aeabi_cdcmpeq                   
000033d5  __aeabi_cdcmple                   
0000345b  __aeabi_cdrcmple                  
000034e1  __aeabi_memclr                    
000034e1  __aeabi_memclr4                   
000034e1  __aeabi_memclr8                   
000034e3  __aeabi_memset                    
000034e3  __aeabi_memset4                   
000034e3  __aeabi_memset8                   
000034e9  memset                            
0000355d  __TI_closefile                    
000036b1  HOSTrename                        
0000371d  HOSTlseek                         
00003785  IntDisable                        
000037ed  IntEnable                         
00003855  __TI_decompress_lzss              
000038bd  printf                            
00003925  frexp                             
00003925  frexpl                            
00003989  fseek                             
000039ed  __TI_wrt_ok                       
00003a51  HOSTopen                          
00003ab1  close                             
00003b0d  HOSTread                          
00003b65  HOSTwrite                         
00003c13  __TI_ltoa                         
00003c71  seg7DigitUpdate                   
00003d0f  __TI_doflush                      
00003d5d  atoi                              
00003da9  stopWatchIncrement                
00003df5  GPIOPinConfigure                  
00003e3d  exit                              
00003e85  ADCInit                           
00003ecd  __aeabi_d2iz                      
00003f15  UARTConfigSetExpClk               
00003f5d  HOSTclose                         
00003fa1  HOSTunlink                        
00003fe5  __TI_auto_init_nobinit_nopinit    
00004029  getdevice                         
0000406c  ADCRead                           
000040b1  vsnprintf                         
00004131  SysCtlPeripheralReady             
00004169  __TI_writemsg                     
00004197  C$$IO$$                           
000041a1  strncpy                           
000041d9  IntRegister                       
0000420d  SysCtlPeripheralEnable            
00004241  __TI_cleanup                      
00004275  __TI_readmsg                      
000042a9  _c_int00_noargs                   
0000430d  finddevice                        
0000433d  __aeabi_i2d                       
0000436d  remove                            
0000436d  unlink                            
00004399  GPIODirModeSet                    
000043ed  lseek                             
00004415  write                             
0000443d  UARTDisable                       
0000445d  memchr                            
0000447d  __aeabi_ui2d                      
0000449d  SysTickIntRegister                
000044d5  memccpy                           
000044f1  copysign                          
000044f1  copysignl                         
0000450b  GPIOPinTypeGPIOOutput             
0000453b  strcmp                            
00004553  strchr                            
00004569  IntUnregister                     
0000457d  SysTickEnable                     
00004591  SysTickIntEnable                  
000045a5  UARTEnable                        
000045b9  strcpy                            
000045cd  strlen                            
000045e1  GPIOPinTypeGPIOInput              
000045f3  GPIOPinTypeUART                   
00004605  wcslen                            
00004619  SysTickPeriodSet                  
00004629  __TI_decompress_none              
00004637  __TI_zero_init                    
00004643  ResetISR                          
0000464f  UARTCharGet                       
00004659  UARTCharPut                       
00004665  __aeabi_errno_addr                
0000466d  malloc                            
00004675  GPIOPinRead                       
0000467b  GPIOPinWrite                      
00004681  SysCtlDelay                       
0000468f  _system_pre_init                  
00004693  C$$EXIT                           
00004693  abort                             
00004698  _ctypes_                          
00004988  __TI_Handler_Table_Base           
00004994  __TI_Handler_Table_Limit          
000049a8  __TI_CINIT_Base                   
000049c0  __TI_CINIT_Limit                  
20000000  __start___llvm_prf_cnts           
20000000  __stop___llvm_prf_cnts            
20000000  g_pfnRAMVectors                   
20000270  _sys_memory                       
20000a70  __stack                           
20000c70  __STACK_TOP                       
20000e70  __CIOBUF_                         
20000e70  __STACK_END                       
20001090  __TI_tmpnams                      
20001138  parmbuf                           
20001148  _ftable                           
20001238  _device                           
200012b0  _stream                           
20001300  __TI_ft_end                       
20001304  __aeabi_stdin                     
20001308  __aeabi_stdout                    
2000130c  __aeabi_stderr                    
20001310  __TI_cleanup_ptr                  
20001314  __TI_dtors_ptr                    
20001318  __TI_enable_exit_profile_output   
20001328  _lock                             
2000132c  _unlock                           
20001344  sysState                          
20001345  seg7Display                       
2000134c  errno                             
ffffffff  __TI_pprof_out_hndl               
ffffffff  __TI_prof_data_size               
ffffffff  __TI_prof_data_start              
ffffffff  __binit__                         
ffffffff  __c_args__                        
ffffffff  binit                             
UNDEFED   __mpu_init                        
UNDEFED   _system_post_cinit                

[225 symbols]
